-- Found ament_cmake: 1.3.11 (/opt/ros/humble/share/ament_cmake/cmake)
-- Found rclcpp: 16.0.11 (/opt/ros/humble/share/rclcpp/cmake)
-- Found rosidl_generator_c: 3.1.6 (/opt/ros/humble/share/rosidl_generator_c/cmake)
-- Found rosidl_adapter: 3.1.6 (/opt/ros/humble/share/rosidl_adapter/cmake)
-- Found rosidl_generator_cpp: 3.1.6 (/opt/ros/humble/share/rosidl_generator_cpp/cmake)
-- Using all available rosidl_typesupport_c: rosidl_typesupport_fastrtps_c;rosidl_typesupport_introspection_c
-- Using all available rosidl_typesupport_cpp: rosidl_typesupport_fastrtps_cpp;rosidl_typesupport_introspection_cpp
-- Found rmw_implementation_cmake: 6.1.2 (/opt/ros/humble/share/rmw_implementation_cmake/cmake)
-- Found rmw_cyclonedds_cpp: 1.3.4 (/opt/ros/humble/share/rmw_cyclonedds_cpp/cmake)
-- Using RMW implementation 'rmw_cyclonedds_cpp' as default
-- Configuring incomplete, errors occurred!
[31mCMake Error at CMakeLists.txt:12 (find_package):
  By not providing "Findarm_msgs.cmake" in CMAKE_MODULE_PATH this project has
  asked CMake to find a package configuration file provided by "arm_msgs",
  but CMake did not find one.

  Could not find a package configuration file provided by "arm_msgs" with any
  of the following names:

    arm_msgsConfig.cmake
    arm_msgs-config.cmake

  Add the installation prefix of "arm_msgs" to CMAKE_PREFIX_PATH or set
  "arm_msgs_DIR" to a directory containing one of the above files.  If
  "arm_msgs" provides a separate development package or SDK, be sure it has
  been installed.

[0m
gmake: *** [Makefile:226: cmake_check_build_system] Error 1
