[0.095s] Invoking command in '/home/albert/ag_arm_ws/src/build/arm_cpp': CMAKE_PREFIX_PATH=${CMAKE_PREFIX_PATH}:/home/albert/ws_moveit2/install/moveit_configs_utils:/home/albert/ws_moveit2/install/launch_param_builder:/home/albert/umov_ws/install/arduino_py_examples:/home/albert/udem2_ws/install/actions_py:/home/albert/udem2_ws/install/lifecycle_py:/home/albert/udem2_ws/install/executors_py:/home/albert/udem2_ws/install/components_py:/home/albert/udem_ws/install/turtlesim_catcher:/home/albert/udem_ws/install/my_py_pkg:/home/albert/udem_ws/install/lifecycle_py:/home/albert/bcdc_ws/install/agbot_teleop:/home/albert/bcdc_ws/install/agbot_py:/home/albert/arduinobot_ws/install/arduinobot_py_examples:/opt/ros/humble /home/albert/.local/bin/cmake --build /home/albert/ag_arm_ws/src/build/arm_cpp -- -j8 -l8
[0.593s] -- Found ament_cmake: 1.3.11 (/opt/ros/humble/share/ament_cmake/cmake)
[0.594s] -- Found rclcpp: 16.0.11 (/opt/ros/humble/share/rclcpp/cmake)
[0.594s] -- Found rosidl_generator_c: 3.1.6 (/opt/ros/humble/share/rosidl_generator_c/cmake)
[0.594s] -- Found rosidl_adapter: 3.1.6 (/opt/ros/humble/share/rosidl_adapter/cmake)
[0.595s] -- Found rosidl_generator_cpp: 3.1.6 (/opt/ros/humble/share/rosidl_generator_cpp/cmake)
[0.596s] -- Using all available rosidl_typesupport_c: rosidl_typesupport_fastrtps_c;rosidl_typesupport_introspection_c
[0.596s] -- Using all available rosidl_typesupport_cpp: rosidl_typesupport_fastrtps_cpp;rosidl_typesupport_introspection_cpp
[0.677s] -- Found rmw_implementation_cmake: 6.1.2 (/opt/ros/humble/share/rmw_implementation_cmake/cmake)
[0.689s] -- Found rmw_cyclonedds_cpp: 1.3.4 (/opt/ros/humble/share/rmw_cyclonedds_cpp/cmake)
[0.737s] -- Using RMW implementation 'rmw_cyclonedds_cpp' as default
[0.917s] -- Configuring incomplete, errors occurred!
[0.919s] [31mCMake Error at CMakeLists.txt:12 (find_package):
[0.919s]   By not providing "Findarm_msgs.cmake" in CMAKE_MODULE_PATH this project has
[0.919s]   asked CMake to find a package configuration file provided by "arm_msgs",
[0.919s]   but CMake did not find one.
[0.920s] 
[0.920s]   Could not find a package configuration file provided by "arm_msgs" with any
[0.920s]   of the following names:
[0.920s] 
[0.920s]     arm_msgsConfig.cmake
[0.920s]     arm_msgs-config.cmake
[0.920s] 
[0.920s]   Add the installation prefix of "arm_msgs" to CMAKE_PREFIX_PATH or set
[0.920s]   "arm_msgs_DIR" to a directory containing one of the above files.  If
[0.920s]   "arm_msgs" provides a separate development package or SDK, be sure it has
[0.921s]   been installed.
[0.921s] 
[0.921s] [0m
[0.925s] gmake: *** [Makefile:226: cmake_check_build_system] Error 1
[0.926s] Invoked command in '/home/albert/ag_arm_ws/src/build/arm_cpp' returned '2': CMAKE_PREFIX_PATH=${CMAKE_PREFIX_PATH}:/home/albert/ws_moveit2/install/moveit_configs_utils:/home/albert/ws_moveit2/install/launch_param_builder:/home/albert/umov_ws/install/arduino_py_examples:/home/albert/udem2_ws/install/actions_py:/home/albert/udem2_ws/install/lifecycle_py:/home/albert/udem2_ws/install/executors_py:/home/albert/udem2_ws/install/components_py:/home/albert/udem_ws/install/turtlesim_catcher:/home/albert/udem_ws/install/my_py_pkg:/home/albert/udem_ws/install/lifecycle_py:/home/albert/bcdc_ws/install/agbot_teleop:/home/albert/bcdc_ws/install/agbot_py:/home/albert/arduinobot_ws/install/arduinobot_py_examples:/opt/ros/humble /home/albert/.local/bin/cmake --build /home/albert/ag_arm_ws/src/build/arm_cpp -- -j8 -l8
