[0.085s] Invoking command in '/home/albert/ag_arm_ws/build/arm_description': CMAKE_PREFIX_PATH=${CMAKE_PREFIX_PATH}:/home/albert/udem2_ws/install/actions_py:/home/albert/udem2_ws/install/lifecycle_py:/home/albert/udem2_ws/install/executors_py:/home/albert/udem2_ws/install/components_py:/home/albert/bcdc_ws/install/agbot_teleop:/home/albert/bcdc_ws/install/agbot_py:/home/albert/ws_moveit2/install/moveit_configs_utils:/home/albert/ws_moveit2/install/launch_param_builder:/home/albert/umov_ws/install/arduino_py_examples:/home/albert/arduinobot_ws/install/arduinobot_py_examples:/home/albert/udem_ws/install/turtlesim_catcher:/home/albert/udem_ws/install/my_py_pkg:/home/albert/udem_ws/install/lifecycle_py:/opt/ros/humble /home/albert/.local/bin/cmake --build /home/albert/ag_arm_ws/build/arm_description -- -j8 -l8
[0.113s] -- Found ament_cmake: 1.3.11 (/opt/ros/humble/share/ament_cmake/cmake)
[0.548s] -- Found ament_lint_auto: 0.12.11 (/opt/ros/humble/share/ament_lint_auto/cmake)
[0.660s] -- Added test 'flake8' to check Python code syntax and style conventions
[0.662s] -- Added test 'lint_cmake' to check CMake code style
[0.663s] -- Added test 'pep257' to check Python code against some of the docstring style conventions in PEP 257
[0.669s] -- Added test 'xmllint' to check XML markup files
[0.670s] -- Configuring done (0.6s)
[0.674s] -- Generating done (0.0s)
[0.676s] -- Build files have been written to: /home/albert/ag_arm_ws/build/arm_description
[0.694s] Invoked command in '/home/albert/ag_arm_ws/build/arm_description' returned '0': CMAKE_PREFIX_PATH=${CMAKE_PREFIX_PATH}:/home/albert/udem2_ws/install/actions_py:/home/albert/udem2_ws/install/lifecycle_py:/home/albert/udem2_ws/install/executors_py:/home/albert/udem2_ws/install/components_py:/home/albert/bcdc_ws/install/agbot_teleop:/home/albert/bcdc_ws/install/agbot_py:/home/albert/ws_moveit2/install/moveit_configs_utils:/home/albert/ws_moveit2/install/launch_param_builder:/home/albert/umov_ws/install/arduino_py_examples:/home/albert/arduinobot_ws/install/arduinobot_py_examples:/home/albert/udem_ws/install/turtlesim_catcher:/home/albert/udem_ws/install/my_py_pkg:/home/albert/udem_ws/install/lifecycle_py:/opt/ros/humble /home/albert/.local/bin/cmake --build /home/albert/ag_arm_ws/build/arm_description -- -j8 -l8
[0.696s] Invoking command in '/home/albert/ag_arm_ws/build/arm_description': CMAKE_PREFIX_PATH=${CMAKE_PREFIX_PATH}:/home/albert/udem2_ws/install/actions_py:/home/albert/udem2_ws/install/lifecycle_py:/home/albert/udem2_ws/install/executors_py:/home/albert/udem2_ws/install/components_py:/home/albert/bcdc_ws/install/agbot_teleop:/home/albert/bcdc_ws/install/agbot_py:/home/albert/ws_moveit2/install/moveit_configs_utils:/home/albert/ws_moveit2/install/launch_param_builder:/home/albert/umov_ws/install/arduino_py_examples:/home/albert/arduinobot_ws/install/arduinobot_py_examples:/home/albert/udem_ws/install/turtlesim_catcher:/home/albert/udem_ws/install/my_py_pkg:/home/albert/udem_ws/install/lifecycle_py:/opt/ros/humble /home/albert/.local/bin/cmake --install /home/albert/ag_arm_ws/build/arm_description
[0.701s] -- Install configuration: ""
[0.701s] -- Up-to-date: /home/albert/ag_arm_ws/install/arm_description/share/arm_description/launch
[0.701s] -- Up-to-date: /home/albert/ag_arm_ws/install/arm_description/share/arm_description/launch/arm_display.launch.py
[0.701s] -- Up-to-date: /home/albert/ag_arm_ws/install/arm_description/share/arm_description/launch/arm_gazebo.launch.py
[0.702s] -- Up-to-date: /home/albert/ag_arm_ws/install/arm_description/share/arm_description/meshes
[0.702s] -- Up-to-date: /home/albert/ag_arm_ws/install/arm_description/share/arm_description/meshes/right_finger.STL
[0.702s] -- Up-to-date: /home/albert/ag_arm_ws/install/arm_description/share/arm_description/meshes/triangular_link.STL
[0.702s] -- Up-to-date: /home/albert/ag_arm_ws/install/arm_description/share/arm_description/meshes/round_plate.STL
[0.702s] -- Up-to-date: /home/albert/ag_arm_ws/install/arm_description/share/arm_description/meshes/left_finger.STL
[0.702s] -- Up-to-date: /home/albert/ag_arm_ws/install/arm_description/share/arm_description/meshes/vertical_drive_arm.STL
[0.702s] -- Up-to-date: /home/albert/ag_arm_ws/install/arm_description/share/arm_description/meshes/astra.jpg
[0.702s] -- Up-to-date: /home/albert/ag_arm_ws/install/arm_description/share/arm_description/meshes/claw_support.STL
[0.702s] -- Up-to-date: /home/albert/ag_arm_ws/install/arm_description/share/arm_description/meshes/link.STL
[0.703s] -- Up-to-date: /home/albert/ag_arm_ws/install/arm_description/share/arm_description/meshes/r200.jpg
[0.703s] -- Up-to-date: /home/albert/ag_arm_ws/install/arm_description/share/arm_description/meshes/horizontal_arm.STL
[0.703s] -- Up-to-date: /home/albert/ag_arm_ws/install/arm_description/share/arm_description/meshes/r200.dae
[0.703s] -- Up-to-date: /home/albert/ag_arm_ws/install/arm_description/share/arm_description/meshes/astra.dae
[0.703s] -- Up-to-date: /home/albert/ag_arm_ws/install/arm_description/share/arm_description/meshes/basement.STL
[0.703s] -- Up-to-date: /home/albert/ag_arm_ws/install/arm_description/share/arm_description/meshes/forward_drive_arm.STL
[0.704s] -- Up-to-date: /home/albert/ag_arm_ws/install/arm_description/share/arm_description/meshes/right_tire.stl
[0.704s] -- Up-to-date: /home/albert/ag_arm_ws/install/arm_description/share/arm_description/meshes/lidar.stl
[0.704s] -- Up-to-date: /home/albert/ag_arm_ws/install/arm_description/share/arm_description/meshes/servo_plate.STL
[0.704s] -- Up-to-date: /home/albert/ag_arm_ws/install/arm_description/share/arm_description/meshes/plate.STL
[0.704s] -- Up-to-date: /home/albert/ag_arm_ws/install/arm_description/share/arm_description/meshes/base_plate.STL
[0.704s] -- Up-to-date: /home/albert/ag_arm_ws/install/arm_description/share/arm_description/meshes/left_tire copy.stl
[0.704s] -- Up-to-date: /home/albert/ag_arm_ws/install/arm_description/share/arm_description/meshes/left_tire.stl
[0.705s] -- Up-to-date: /home/albert/ag_arm_ws/install/arm_description/share/arm_description/meshes/right_tire copy.stl
[0.705s] -- Up-to-date: /home/albert/ag_arm_ws/install/arm_description/share/arm_description/meshes/pi_camera.STL
[0.705s] -- Up-to-date: /home/albert/ag_arm_ws/install/arm_description/share/arm_description/models
[0.705s] -- Up-to-date: /home/albert/ag_arm_ws/install/arm_description/share/arm_description/models/ground_plane
[0.705s] -- Up-to-date: /home/albert/ag_arm_ws/install/arm_description/share/arm_description/models/ground_plane/model-1_2.sdf
[0.705s] -- Up-to-date: /home/albert/ag_arm_ws/install/arm_description/share/arm_description/models/ground_plane/model-1_3.sdf
[0.705s] -- Up-to-date: /home/albert/ag_arm_ws/install/arm_description/share/arm_description/models/ground_plane/model.config
[0.705s] -- Up-to-date: /home/albert/ag_arm_ws/install/arm_description/share/arm_description/models/ground_plane/model.sdf
[0.706s] -- Up-to-date: /home/albert/ag_arm_ws/install/arm_description/share/arm_description/models/ground_plane/model-1_4.sdf
[0.706s] -- Up-to-date: /home/albert/ag_arm_ws/install/arm_description/share/arm_description/models/basic_agbot_description
[0.707s] -- Up-to-date: /home/albert/ag_arm_ws/install/arm_description/share/arm_description/models/basic_agbot_description/agbot.sdf
[0.707s] -- Up-to-date: /home/albert/ag_arm_ws/install/arm_description/share/arm_description/models/basic_agbot_description/agbot_model.config
[0.707s] -- Up-to-date: /home/albert/ag_arm_ws/install/arm_description/share/arm_description/models/sun
[0.708s] -- Up-to-date: /home/albert/ag_arm_ws/install/arm_description/share/arm_description/models/sun/model-1_2.sdf
[0.708s] -- Up-to-date: /home/albert/ag_arm_ws/install/arm_description/share/arm_description/models/sun/model-1_3.sdf
[0.708s] -- Up-to-date: /home/albert/ag_arm_ws/install/arm_description/share/arm_description/models/sun/model.config
[0.708s] -- Up-to-date: /home/albert/ag_arm_ws/install/arm_description/share/arm_description/models/sun/model.sdf
[0.708s] -- Up-to-date: /home/albert/ag_arm_ws/install/arm_description/share/arm_description/models/sun/model-1_4.sdf
[0.709s] -- Up-to-date: /home/albert/ag_arm_ws/install/arm_description/share/arm_description/rviz
[0.709s] -- Up-to-date: /home/albert/ag_arm_ws/install/arm_description/share/arm_description/rviz/arm_config.rviz
[0.709s] -- Up-to-date: /home/albert/ag_arm_ws/install/arm_description/share/arm_description/urdf
[0.709s] -- Up-to-date: /home/albert/ag_arm_ws/install/arm_description/share/arm_description/urdf/arm_gazebo.xacro
[0.709s] -- Up-to-date: /home/albert/ag_arm_ws/install/arm_description/share/arm_description/urdf/arm_common_properties.xacro
[0.710s] -- Up-to-date: /home/albert/ag_arm_ws/install/arm_description/share/arm_description/urdf/arm.urdf
[0.710s] -- Up-to-date: /home/albert/ag_arm_ws/install/arm_description/share/arm_description/urdf/arm_ros2_control.xacro
[0.710s] -- Up-to-date: /home/albert/ag_arm_ws/install/arm_description/share/arm_description/urdf/arm.xacro
[0.711s] -- Up-to-date: /home/albert/ag_arm_ws/install/arm_description/share/arm_description/worlds
[0.711s] -- Up-to-date: /home/albert/ag_arm_ws/install/arm_description/share/arm_description/worlds/test_world.world
[0.711s] -- Up-to-date: /home/albert/ag_arm_ws/install/arm_description/share/arm_description/worlds/smalltown.world
[0.711s] -- Up-to-date: /home/albert/ag_arm_ws/install/arm_description/share/arm_description/worlds/turtlebot3_world.world
[0.711s] -- Up-to-date: /home/albert/ag_arm_ws/install/arm_description/share/arm_description/worlds/new_world.world
[0.712s] -- Up-to-date: /home/albert/ag_arm_ws/install/arm_description/share/arm_description/worlds/house.world
[0.712s] -- Up-to-date: /home/albert/ag_arm_ws/install/arm_description/share/arm_description/worlds/new_world-old.world
[0.712s] -- Up-to-date: /home/albert/ag_arm_ws/install/arm_description/share/arm_description/worlds/empty_world.world
[0.712s] -- Up-to-date: /home/albert/ag_arm_ws/install/arm_description/share/ament_index/resource_index/package_run_dependencies/arm_description
[0.712s] -- Up-to-date: /home/albert/ag_arm_ws/install/arm_description/share/ament_index/resource_index/parent_prefix_path/arm_description
[0.713s] -- Up-to-date: /home/albert/ag_arm_ws/install/arm_description/share/arm_description/environment/ament_prefix_path.sh
[0.713s] -- Installing: /home/albert/ag_arm_ws/install/arm_description/share/arm_description/environment/ament_prefix_path.dsv
[0.713s] -- Up-to-date: /home/albert/ag_arm_ws/install/arm_description/share/arm_description/environment/path.sh
[0.713s] -- Installing: /home/albert/ag_arm_ws/install/arm_description/share/arm_description/environment/path.dsv
[0.713s] -- Up-to-date: /home/albert/ag_arm_ws/install/arm_description/share/arm_description/local_setup.bash
[0.713s] -- Up-to-date: /home/albert/ag_arm_ws/install/arm_description/share/arm_description/local_setup.sh
[0.714s] -- Up-to-date: /home/albert/ag_arm_ws/install/arm_description/share/arm_description/local_setup.zsh
[0.714s] -- Installing: /home/albert/ag_arm_ws/install/arm_description/share/arm_description/local_setup.dsv
[0.715s] -- Installing: /home/albert/ag_arm_ws/install/arm_description/share/arm_description/package.dsv
[0.715s] -- Up-to-date: /home/albert/ag_arm_ws/install/arm_description/share/ament_index/resource_index/packages/arm_description
[0.715s] -- Up-to-date: /home/albert/ag_arm_ws/install/arm_description/share/arm_description/cmake/arm_descriptionConfig.cmake
[0.716s] -- Up-to-date: /home/albert/ag_arm_ws/install/arm_description/share/arm_description/cmake/arm_descriptionConfig-version.cmake
[0.716s] -- Up-to-date: /home/albert/ag_arm_ws/install/arm_description/share/arm_description/package.xml
[0.716s] Invoked command in '/home/albert/ag_arm_ws/build/arm_description' returned '0': CMAKE_PREFIX_PATH=${CMAKE_PREFIX_PATH}:/home/albert/udem2_ws/install/actions_py:/home/albert/udem2_ws/install/lifecycle_py:/home/albert/udem2_ws/install/executors_py:/home/albert/udem2_ws/install/components_py:/home/albert/bcdc_ws/install/agbot_teleop:/home/albert/bcdc_ws/install/agbot_py:/home/albert/ws_moveit2/install/moveit_configs_utils:/home/albert/ws_moveit2/install/launch_param_builder:/home/albert/umov_ws/install/arduino_py_examples:/home/albert/arduinobot_ws/install/arduinobot_py_examples:/home/albert/udem_ws/install/turtlesim_catcher:/home/albert/udem_ws/install/my_py_pkg:/home/albert/udem_ws/install/lifecycle_py:/opt/ros/humble /home/albert/.local/bin/cmake --install /home/albert/ag_arm_ws/build/arm_description
