[0.056s] Invoking command in '/home/albert/ag_arm_ws/build/arm_controller': CMAKE_PREFIX_PATH=${CMAKE_PREFIX_PATH}:/home/albert/ag_arm_ws/install/arm_py:/home/albert/ws_moveit2/install/moveit_configs_utils:/home/albert/ws_moveit2/install/launch_param_builder:/home/albert/umov_ws/install/arduino_py_examples:/home/albert/udem2_ws/install/actions_py:/home/albert/udem2_ws/install/lifecycle_py:/home/albert/udem2_ws/install/executors_py:/home/albert/udem2_ws/install/components_py:/home/albert/udem_ws/install/turtlesim_catcher:/home/albert/udem_ws/install/my_py_pkg:/home/albert/udem_ws/install/lifecycle_py:/home/albert/bcdc_ws/install/agbot_teleop:/home/albert/bcdc_ws/install/agbot_py:/home/albert/arduinobot_ws/install/arduinobot_py_examples:/opt/ros/humble /home/albert/.local/bin/cmake /home/albert/ag_arm_ws/src/arm_controller -DCMAKE_INSTALL_PREFIX=/home/albert/ag_arm_ws/install/arm_controller
[0.169s] -- The C compiler identification is GNU 11.4.0
[0.280s] -- The CXX compiler identification is GNU 11.4.0
[0.301s] -- Detecting C compiler ABI info
[0.451s] -- Detecting C compiler ABI info - done
[0.490s] -- Check for working C compiler: /usr/bin/cc - skipped
[0.490s] -- Detecting C compile features
[0.490s] -- Detecting C compile features - done
[0.496s] -- Detecting CXX compiler ABI info
[0.633s] -- Detecting CXX compiler ABI info - done
[0.679s] -- Check for working CXX compiler: /usr/bin/c++ - skipped
[0.679s] -- Detecting CXX compile features
[0.679s] -- Detecting CXX compile features - done
[0.697s] -- Found ament_cmake: 1.3.11 (/opt/ros/humble/share/ament_cmake/cmake)
[1.041s] -- Found Python3: /usr/bin/python3 (found version "3.10.12") found components: Interpreter
[1.565s] -- Found trajectory_msgs: 4.2.4 (/opt/ros/humble/share/trajectory_msgs/cmake)
[1.917s] -- Found rosidl_generator_c: 3.1.6 (/opt/ros/humble/share/rosidl_generator_c/cmake)
[1.971s] -- Found rosidl_adapter: 3.1.6 (/opt/ros/humble/share/rosidl_adapter/cmake)
[2.045s] -- Found rosidl_generator_cpp: 3.1.6 (/opt/ros/humble/share/rosidl_generator_cpp/cmake)
[2.178s] -- Using all available rosidl_typesupport_c: rosidl_typesupport_fastrtps_c;rosidl_typesupport_introspection_c
[2.383s] -- Using all available rosidl_typesupport_cpp: rosidl_typesupport_fastrtps_cpp;rosidl_typesupport_introspection_cpp
[2.890s] -- Found sensor_msgs: 4.2.4 (/opt/ros/humble/share/sensor_msgs/cmake)
[3.023s] -- Found rclcpp: 16.0.11 (/opt/ros/humble/share/rclcpp/cmake)
[3.386s] -- Found rmw_implementation_cmake: 6.1.2 (/opt/ros/humble/share/rmw_implementation_cmake/cmake)
[3.451s] -- Found rmw_cyclonedds_cpp: 1.3.4 (/opt/ros/humble/share/rmw_cyclonedds_cpp/cmake)
[3.707s] -- Using RMW implementation 'rmw_cyclonedds_cpp' as default
[3.812s] -- Performing Test CMAKE_HAVE_LIBC_PTHREAD
[3.971s] -- Performing Test CMAKE_HAVE_LIBC_PTHREAD - Success
[3.972s] -- Found Threads: TRUE
[4.220s] -- Found rclpy: 3.3.15 (/opt/ros/humble/share/rclpy/cmake)
[4.243s] -- Found ament_lint_auto: 0.12.11 (/opt/ros/humble/share/ament_lint_auto/cmake)
[4.548s] -- Added test 'flake8' to check Python code syntax and style conventions
[4.555s] -- Added test 'lint_cmake' to check CMake code style
[4.560s] -- Added test 'pep257' to check Python code against some of the docstring style conventions in PEP 257
[4.567s] -- Added test 'xmllint' to check XML markup files
[4.578s] -- Configuring done (4.5s)
[4.586s] -- Generating done (0.0s)
[4.590s] -- Build files have been written to: /home/albert/ag_arm_ws/build/arm_controller
[4.604s] Invoked command in '/home/albert/ag_arm_ws/build/arm_controller' returned '0': CMAKE_PREFIX_PATH=${CMAKE_PREFIX_PATH}:/home/albert/ag_arm_ws/install/arm_py:/home/albert/ws_moveit2/install/moveit_configs_utils:/home/albert/ws_moveit2/install/launch_param_builder:/home/albert/umov_ws/install/arduino_py_examples:/home/albert/udem2_ws/install/actions_py:/home/albert/udem2_ws/install/lifecycle_py:/home/albert/udem2_ws/install/executors_py:/home/albert/udem2_ws/install/components_py:/home/albert/udem_ws/install/turtlesim_catcher:/home/albert/udem_ws/install/my_py_pkg:/home/albert/udem_ws/install/lifecycle_py:/home/albert/bcdc_ws/install/agbot_teleop:/home/albert/bcdc_ws/install/agbot_py:/home/albert/arduinobot_ws/install/arduinobot_py_examples:/opt/ros/humble /home/albert/.local/bin/cmake /home/albert/ag_arm_ws/src/arm_controller -DCMAKE_INSTALL_PREFIX=/home/albert/ag_arm_ws/install/arm_controller
[4.607s] Invoking command in '/home/albert/ag_arm_ws/build/arm_controller': CMAKE_PREFIX_PATH=${CMAKE_PREFIX_PATH}:/home/albert/ag_arm_ws/install/arm_py:/home/albert/ws_moveit2/install/moveit_configs_utils:/home/albert/ws_moveit2/install/launch_param_builder:/home/albert/umov_ws/install/arduino_py_examples:/home/albert/udem2_ws/install/actions_py:/home/albert/udem2_ws/install/lifecycle_py:/home/albert/udem2_ws/install/executors_py:/home/albert/udem2_ws/install/components_py:/home/albert/udem_ws/install/turtlesim_catcher:/home/albert/udem_ws/install/my_py_pkg:/home/albert/udem_ws/install/lifecycle_py:/home/albert/bcdc_ws/install/agbot_teleop:/home/albert/bcdc_ws/install/agbot_py:/home/albert/arduinobot_ws/install/arduinobot_py_examples:/opt/ros/humble /home/albert/.local/bin/cmake --build /home/albert/ag_arm_ws/build/arm_controller -- -j8 -l8
[4.647s] Invoked command in '/home/albert/ag_arm_ws/build/arm_controller' returned '0': CMAKE_PREFIX_PATH=${CMAKE_PREFIX_PATH}:/home/albert/ag_arm_ws/install/arm_py:/home/albert/ws_moveit2/install/moveit_configs_utils:/home/albert/ws_moveit2/install/launch_param_builder:/home/albert/umov_ws/install/arduino_py_examples:/home/albert/udem2_ws/install/actions_py:/home/albert/udem2_ws/install/lifecycle_py:/home/albert/udem2_ws/install/executors_py:/home/albert/udem2_ws/install/components_py:/home/albert/udem_ws/install/turtlesim_catcher:/home/albert/udem_ws/install/my_py_pkg:/home/albert/udem_ws/install/lifecycle_py:/home/albert/bcdc_ws/install/agbot_teleop:/home/albert/bcdc_ws/install/agbot_py:/home/albert/arduinobot_ws/install/arduinobot_py_examples:/opt/ros/humble /home/albert/.local/bin/cmake --build /home/albert/ag_arm_ws/build/arm_controller -- -j8 -l8
[4.650s] Invoking command in '/home/albert/ag_arm_ws/build/arm_controller': CMAKE_PREFIX_PATH=${CMAKE_PREFIX_PATH}:/home/albert/ag_arm_ws/install/arm_py:/home/albert/ws_moveit2/install/moveit_configs_utils:/home/albert/ws_moveit2/install/launch_param_builder:/home/albert/umov_ws/install/arduino_py_examples:/home/albert/udem2_ws/install/actions_py:/home/albert/udem2_ws/install/lifecycle_py:/home/albert/udem2_ws/install/executors_py:/home/albert/udem2_ws/install/components_py:/home/albert/udem_ws/install/turtlesim_catcher:/home/albert/udem_ws/install/my_py_pkg:/home/albert/udem_ws/install/lifecycle_py:/home/albert/bcdc_ws/install/agbot_teleop:/home/albert/bcdc_ws/install/agbot_py:/home/albert/arduinobot_ws/install/arduinobot_py_examples:/opt/ros/humble /home/albert/.local/bin/cmake --install /home/albert/ag_arm_ws/build/arm_controller
[4.656s] -- Install configuration: ""
[4.656s] -- Installing: /home/albert/ag_arm_ws/install/arm_controller/share/arm_controller/config
[4.656s] -- Installing: /home/albert/ag_arm_ws/install/arm_controller/share/arm_controller/config/arm_controllers.yaml
[4.657s] -- Installing: /home/albert/ag_arm_ws/install/arm_controller/share/arm_controller/launch
[4.657s] -- Installing: /home/albert/ag_arm_ws/install/arm_controller/share/arm_controller/launch/controller.launch.py
[4.657s] -- Installing: /home/albert/ag_arm_ws/install/arm_controller/share/ament_index/resource_index/package_run_dependencies/arm_controller
[4.657s] -- Installing: /home/albert/ag_arm_ws/install/arm_controller/share/ament_index/resource_index/parent_prefix_path/arm_controller
[4.658s] -- Installing: /home/albert/ag_arm_ws/install/arm_controller/share/arm_controller/environment/ament_prefix_path.sh
[4.658s] -- Installing: /home/albert/ag_arm_ws/install/arm_controller/share/arm_controller/environment/ament_prefix_path.dsv
[4.658s] -- Installing: /home/albert/ag_arm_ws/install/arm_controller/share/arm_controller/environment/path.sh
[4.659s] -- Installing: /home/albert/ag_arm_ws/install/arm_controller/share/arm_controller/environment/path.dsv
[4.659s] -- Installing: /home/albert/ag_arm_ws/install/arm_controller/share/arm_controller/local_setup.bash
[4.659s] -- Installing: /home/albert/ag_arm_ws/install/arm_controller/share/arm_controller/local_setup.sh
[4.659s] -- Installing: /home/albert/ag_arm_ws/install/arm_controller/share/arm_controller/local_setup.zsh
[4.660s] -- Installing: /home/albert/ag_arm_ws/install/arm_controller/share/arm_controller/local_setup.dsv
[4.660s] -- Installing: /home/albert/ag_arm_ws/install/arm_controller/share/arm_controller/package.dsv
[4.660s] -- Installing: /home/albert/ag_arm_ws/install/arm_controller/share/ament_index/resource_index/packages/arm_controller
[4.660s] -- Installing: /home/albert/ag_arm_ws/install/arm_controller/share/arm_controller/cmake/arm_controllerConfig.cmake
[4.661s] -- Installing: /home/albert/ag_arm_ws/install/arm_controller/share/arm_controller/cmake/arm_controllerConfig-version.cmake
[4.661s] -- Installing: /home/albert/ag_arm_ws/install/arm_controller/share/arm_controller/package.xml
[4.663s] Invoked command in '/home/albert/ag_arm_ws/build/arm_controller' returned '0': CMAKE_PREFIX_PATH=${CMAKE_PREFIX_PATH}:/home/albert/ag_arm_ws/install/arm_py:/home/albert/ws_moveit2/install/moveit_configs_utils:/home/albert/ws_moveit2/install/launch_param_builder:/home/albert/umov_ws/install/arduino_py_examples:/home/albert/udem2_ws/install/actions_py:/home/albert/udem2_ws/install/lifecycle_py:/home/albert/udem2_ws/install/executors_py:/home/albert/udem2_ws/install/components_py:/home/albert/udem_ws/install/turtlesim_catcher:/home/albert/udem_ws/install/my_py_pkg:/home/albert/udem_ws/install/lifecycle_py:/home/albert/bcdc_ws/install/agbot_teleop:/home/albert/bcdc_ws/install/agbot_py:/home/albert/arduinobot_ws/install/arduinobot_py_examples:/opt/ros/humble /home/albert/.local/bin/cmake --install /home/albert/ag_arm_ws/build/arm_controller
