[6.156s] Invoking command in '/home/albert/ag_arm_ws/src/arm_py': PYTHONPATH=/home/albert/ag_arm_ws/build/arm_py/prefix_override:/usr/lib/python3/dist-packages/colcon_core/task/python/colcon_distutils_commands:/home/albert/ag_arm_ws/install/arm_py/lib/python3.10/site-packages:${PYTHONPATH} /usr/bin/python3 -W ignore:setup.py install is deprecated -W ignore:easy_install command is deprecated setup.py egg_info --egg-base ../../build/arm_py build --build-base /home/albert/ag_arm_ws/build/arm_py/build install --record /home/albert/ag_arm_ws/build/arm_py/install.log --single-version-externally-managed install_data
[8.201s] running egg_info
[8.206s] writing ../../build/arm_py/arm_py.egg-info/PKG-INFO
[8.206s] writing dependency_links to ../../build/arm_py/arm_py.egg-info/dependency_links.txt
[8.208s] writing entry points to ../../build/arm_py/arm_py.egg-info/entry_points.txt
[8.209s] writing requirements to ../../build/arm_py/arm_py.egg-info/requires.txt
[8.210s] writing top-level names to ../../build/arm_py/arm_py.egg-info/top_level.txt
[8.219s] reading manifest file '../../build/arm_py/arm_py.egg-info/SOURCES.txt'
[8.226s] writing manifest file '../../build/arm_py/arm_py.egg-info/SOURCES.txt'
[8.227s] running build
[8.227s] running build_py
[8.232s] running install
[8.233s] running install_lib
[8.237s] running install_data
[8.237s] running install_egg_info
[8.245s] removing '/home/albert/ag_arm_ws/install/arm_py/lib/python3.10/site-packages/arm_py-0.0.0-py3.10.egg-info' (and everything under it)
[8.246s] Copying ../../build/arm_py/arm_py.egg-info to /home/albert/ag_arm_ws/install/arm_py/lib/python3.10/site-packages/arm_py-0.0.0-py3.10.egg-info
[8.251s] running install_scripts
[8.374s] writing list of installed files to '/home/albert/ag_arm_ws/build/arm_py/install.log'
[8.497s] Invoked command in '/home/albert/ag_arm_ws/src/arm_py' returned '0': PYTHONPATH=/home/albert/ag_arm_ws/build/arm_py/prefix_override:/usr/lib/python3/dist-packages/colcon_core/task/python/colcon_distutils_commands:/home/albert/ag_arm_ws/install/arm_py/lib/python3.10/site-packages:${PYTHONPATH} /usr/bin/python3 -W ignore:setup.py install is deprecated -W ignore:easy_install command is deprecated setup.py egg_info --egg-base ../../build/arm_py build --build-base /home/albert/ag_arm_ws/build/arm_py/build install --record /home/albert/ag_arm_ws/build/arm_py/install.log --single-version-externally-managed install_data
