[2.263s] Invoking command in '/home/albert/ag_arm_ws/build/arm_remote': CMAKE_PREFIX_PATH=${CMAKE_PREFIX_PATH}:/home/albert/ws_moveit2/install/moveit_configs_utils:/home/albert/ws_moveit2/install/launch_param_builder:/home/albert/umov_ws/install/arduino_py_examples:/home/albert/udem2_ws/install/actions_py:/home/albert/udem2_ws/install/lifecycle_py:/home/albert/udem2_ws/install/executors_py:/home/albert/udem2_ws/install/components_py:/home/albert/udem_ws/install/turtlesim_catcher:/home/albert/udem_ws/install/my_py_pkg:/home/albert/udem_ws/install/lifecycle_py:/home/albert/bcdc_ws/install/agbot_teleop:/home/albert/bcdc_ws/install/agbot_py:/home/albert/arduinobot_ws/install/arduinobot_py_examples:/opt/ros/humble /home/albert/.local/bin/cmake --build /home/albert/ag_arm_ws/build/arm_remote -- -j8 -l8
[2.792s] Invoked command in '/home/albert/ag_arm_ws/build/arm_remote' returned '0': CMAKE_PREFIX_PATH=${CMAKE_PREFIX_PATH}:/home/albert/ws_moveit2/install/moveit_configs_utils:/home/albert/ws_moveit2/install/launch_param_builder:/home/albert/umov_ws/install/arduino_py_examples:/home/albert/udem2_ws/install/actions_py:/home/albert/udem2_ws/install/lifecycle_py:/home/albert/udem2_ws/install/executors_py:/home/albert/udem2_ws/install/components_py:/home/albert/udem_ws/install/turtlesim_catcher:/home/albert/udem_ws/install/my_py_pkg:/home/albert/udem_ws/install/lifecycle_py:/home/albert/bcdc_ws/install/agbot_teleop:/home/albert/bcdc_ws/install/agbot_py:/home/albert/arduinobot_ws/install/arduinobot_py_examples:/opt/ros/humble /home/albert/.local/bin/cmake --build /home/albert/ag_arm_ws/build/arm_remote -- -j8 -l8
[2.799s] Invoking command in '/home/albert/ag_arm_ws/build/arm_remote': CMAKE_PREFIX_PATH=${CMAKE_PREFIX_PATH}:/home/albert/ws_moveit2/install/moveit_configs_utils:/home/albert/ws_moveit2/install/launch_param_builder:/home/albert/umov_ws/install/arduino_py_examples:/home/albert/udem2_ws/install/actions_py:/home/albert/udem2_ws/install/lifecycle_py:/home/albert/udem2_ws/install/executors_py:/home/albert/udem2_ws/install/components_py:/home/albert/udem_ws/install/turtlesim_catcher:/home/albert/udem_ws/install/my_py_pkg:/home/albert/udem_ws/install/lifecycle_py:/home/albert/bcdc_ws/install/agbot_teleop:/home/albert/bcdc_ws/install/agbot_py:/home/albert/arduinobot_ws/install/arduinobot_py_examples:/opt/ros/humble /home/albert/.local/bin/cmake --install /home/albert/ag_arm_ws/build/arm_remote
[2.818s] -- Install configuration: ""
[2.818s] -- Up-to-date: /home/albert/ag_arm_ws/install/arm_remote/share/ament_index/resource_index/package_run_dependencies/arm_remote
[2.819s] -- Up-to-date: /home/albert/ag_arm_ws/install/arm_remote/share/ament_index/resource_index/parent_prefix_path/arm_remote
[2.820s] -- Up-to-date: /home/albert/ag_arm_ws/install/arm_remote/share/arm_remote/environment/ament_prefix_path.sh
[2.821s] -- Up-to-date: /home/albert/ag_arm_ws/install/arm_remote/share/arm_remote/environment/ament_prefix_path.dsv
[2.829s] -- Up-to-date: /home/albert/ag_arm_ws/install/arm_remote/share/arm_remote/environment/path.sh
[2.829s] -- Up-to-date: /home/albert/ag_arm_ws/install/arm_remote/share/arm_remote/environment/path.dsv
[2.829s] -- Up-to-date: /home/albert/ag_arm_ws/install/arm_remote/share/arm_remote/local_setup.bash
[2.830s] -- Up-to-date: /home/albert/ag_arm_ws/install/arm_remote/share/arm_remote/local_setup.sh
[2.830s] -- Up-to-date: /home/albert/ag_arm_ws/install/arm_remote/share/arm_remote/local_setup.zsh
[2.831s] -- Up-to-date: /home/albert/ag_arm_ws/install/arm_remote/share/arm_remote/local_setup.dsv
[2.836s] -- Installing: /home/albert/ag_arm_ws/install/arm_remote/share/arm_remote/package.dsv
[2.842s] -- Up-to-date: /home/albert/ag_arm_ws/install/arm_remote/share/ament_index/resource_index/packages/arm_remote
[2.842s] -- Up-to-date: /home/albert/ag_arm_ws/install/arm_remote/share/arm_remote/cmake/arm_remoteConfig.cmake
[2.842s] -- Up-to-date: /home/albert/ag_arm_ws/install/arm_remote/share/arm_remote/cmake/arm_remoteConfig-version.cmake
[2.847s] -- Up-to-date: /home/albert/ag_arm_ws/install/arm_remote/share/arm_remote/package.xml
[2.849s] Invoked command in '/home/albert/ag_arm_ws/build/arm_remote' returned '0': CMAKE_PREFIX_PATH=${CMAKE_PREFIX_PATH}:/home/albert/ws_moveit2/install/moveit_configs_utils:/home/albert/ws_moveit2/install/launch_param_builder:/home/albert/umov_ws/install/arduino_py_examples:/home/albert/udem2_ws/install/actions_py:/home/albert/udem2_ws/install/lifecycle_py:/home/albert/udem2_ws/install/executors_py:/home/albert/udem2_ws/install/components_py:/home/albert/udem_ws/install/turtlesim_catcher:/home/albert/udem_ws/install/my_py_pkg:/home/albert/udem_ws/install/lifecycle_py:/home/albert/bcdc_ws/install/agbot_teleop:/home/albert/bcdc_ws/install/agbot_py:/home/albert/arduinobot_ws/install/arduinobot_py_examples:/opt/ros/humble /home/albert/.local/bin/cmake --install /home/albert/ag_arm_ws/build/arm_remote
