[0.112s] Invoking command in '/home/albert/ag_arm_ws/src/build/arm_bringup': CMAKE_PREFIX_PATH=${CMAKE_PREFIX_PATH}:/home/albert/ws_moveit2/install/moveit_configs_utils:/home/albert/ws_moveit2/install/launch_param_builder:/home/albert/umov_ws/install/arduino_py_examples:/home/albert/udem2_ws/install/actions_py:/home/albert/udem2_ws/install/lifecycle_py:/home/albert/udem2_ws/install/executors_py:/home/albert/udem2_ws/install/components_py:/home/albert/udem_ws/install/turtlesim_catcher:/home/albert/udem_ws/install/my_py_pkg:/home/albert/udem_ws/install/lifecycle_py:/home/albert/bcdc_ws/install/agbot_teleop:/home/albert/bcdc_ws/install/agbot_py:/home/albert/arduinobot_ws/install/arduinobot_py_examples:/opt/ros/humble /home/albert/.local/bin/cmake --build /home/albert/ag_arm_ws/src/build/arm_bringup -- -j8 -l8
[0.918s] Invoked command in '/home/albert/ag_arm_ws/src/build/arm_bringup' returned '0': CMAKE_PREFIX_PATH=${CMAKE_PREFIX_PATH}:/home/albert/ws_moveit2/install/moveit_configs_utils:/home/albert/ws_moveit2/install/launch_param_builder:/home/albert/umov_ws/install/arduino_py_examples:/home/albert/udem2_ws/install/actions_py:/home/albert/udem2_ws/install/lifecycle_py:/home/albert/udem2_ws/install/executors_py:/home/albert/udem2_ws/install/components_py:/home/albert/udem_ws/install/turtlesim_catcher:/home/albert/udem_ws/install/my_py_pkg:/home/albert/udem_ws/install/lifecycle_py:/home/albert/bcdc_ws/install/agbot_teleop:/home/albert/bcdc_ws/install/agbot_py:/home/albert/arduinobot_ws/install/arduinobot_py_examples:/opt/ros/humble /home/albert/.local/bin/cmake --build /home/albert/ag_arm_ws/src/build/arm_bringup -- -j8 -l8
[0.923s] Invoking command in '/home/albert/ag_arm_ws/src/build/arm_bringup': CMAKE_PREFIX_PATH=${CMAKE_PREFIX_PATH}:/home/albert/ws_moveit2/install/moveit_configs_utils:/home/albert/ws_moveit2/install/launch_param_builder:/home/albert/umov_ws/install/arduino_py_examples:/home/albert/udem2_ws/install/actions_py:/home/albert/udem2_ws/install/lifecycle_py:/home/albert/udem2_ws/install/executors_py:/home/albert/udem2_ws/install/components_py:/home/albert/udem_ws/install/turtlesim_catcher:/home/albert/udem_ws/install/my_py_pkg:/home/albert/udem_ws/install/lifecycle_py:/home/albert/bcdc_ws/install/agbot_teleop:/home/albert/bcdc_ws/install/agbot_py:/home/albert/arduinobot_ws/install/arduinobot_py_examples:/opt/ros/humble /home/albert/.local/bin/cmake --install /home/albert/ag_arm_ws/src/build/arm_bringup
[0.961s] -- Install configuration: ""
[0.961s] -- Up-to-date: /home/albert/ag_arm_ws/src/install/arm_bringup/share/ament_index/resource_index/package_run_dependencies/arm_bringup
[0.962s] -- Up-to-date: /home/albert/ag_arm_ws/src/install/arm_bringup/share/ament_index/resource_index/parent_prefix_path/arm_bringup
[0.962s] -- Up-to-date: /home/albert/ag_arm_ws/src/install/arm_bringup/share/arm_bringup/environment/ament_prefix_path.sh
[0.962s] -- Up-to-date: /home/albert/ag_arm_ws/src/install/arm_bringup/share/arm_bringup/environment/ament_prefix_path.dsv
[0.963s] -- Up-to-date: /home/albert/ag_arm_ws/src/install/arm_bringup/share/arm_bringup/environment/path.sh
[0.964s] -- Up-to-date: /home/albert/ag_arm_ws/src/install/arm_bringup/share/arm_bringup/environment/path.dsv
[0.964s] -- Up-to-date: /home/albert/ag_arm_ws/src/install/arm_bringup/share/arm_bringup/local_setup.bash
[0.965s] -- Up-to-date: /home/albert/ag_arm_ws/src/install/arm_bringup/share/arm_bringup/local_setup.sh
[0.965s] -- Up-to-date: /home/albert/ag_arm_ws/src/install/arm_bringup/share/arm_bringup/local_setup.zsh
[0.966s] -- Up-to-date: /home/albert/ag_arm_ws/src/install/arm_bringup/share/arm_bringup/local_setup.dsv
[0.966s] -- Installing: /home/albert/ag_arm_ws/src/install/arm_bringup/share/arm_bringup/package.dsv
[0.969s] -- Up-to-date: /home/albert/ag_arm_ws/src/install/arm_bringup/share/ament_index/resource_index/packages/arm_bringup
[0.969s] -- Up-to-date: /home/albert/ag_arm_ws/src/install/arm_bringup/share/arm_bringup/cmake/arm_bringupConfig.cmake
[0.970s] -- Up-to-date: /home/albert/ag_arm_ws/src/install/arm_bringup/share/arm_bringup/cmake/arm_bringupConfig-version.cmake
[0.971s] -- Up-to-date: /home/albert/ag_arm_ws/src/install/arm_bringup/share/arm_bringup/package.xml
[1.011s] Invoked command in '/home/albert/ag_arm_ws/src/build/arm_bringup' returned '0': CMAKE_PREFIX_PATH=${CMAKE_PREFIX_PATH}:/home/albert/ws_moveit2/install/moveit_configs_utils:/home/albert/ws_moveit2/install/launch_param_builder:/home/albert/umov_ws/install/arduino_py_examples:/home/albert/udem2_ws/install/actions_py:/home/albert/udem2_ws/install/lifecycle_py:/home/albert/udem2_ws/install/executors_py:/home/albert/udem2_ws/install/components_py:/home/albert/udem_ws/install/turtlesim_catcher:/home/albert/udem_ws/install/my_py_pkg:/home/albert/udem_ws/install/lifecycle_py:/home/albert/bcdc_ws/install/agbot_teleop:/home/albert/bcdc_ws/install/agbot_py:/home/albert/arduinobot_ws/install/arduinobot_py_examples:/opt/ros/humble /home/albert/.local/bin/cmake --install /home/albert/ag_arm_ws/src/build/arm_bringup
