[0.425s] Invoking command in '/home/albert/ag_arm_ws/build/arm_msgs': CMAKE_PREFIX_PATH=${CMAKE_PREFIX_PATH}:/home/albert/ws_moveit2/install/moveit_configs_utils:/home/albert/ws_moveit2/install/launch_param_builder:/home/albert/umov_ws/install/arduino_py_examples:/home/albert/udem2_ws/install/actions_py:/home/albert/udem2_ws/install/lifecycle_py:/home/albert/udem2_ws/install/executors_py:/home/albert/udem2_ws/install/components_py:/home/albert/udem_ws/install/turtlesim_catcher:/home/albert/udem_ws/install/my_py_pkg:/home/albert/udem_ws/install/lifecycle_py:/home/albert/bcdc_ws/install/agbot_teleop:/home/albert/bcdc_ws/install/agbot_py:/home/albert/arduinobot_ws/install/arduinobot_py_examples:/opt/ros/humble /home/albert/.local/bin/cmake --build /home/albert/ag_arm_ws/build/arm_msgs -- -j8 -l8
[2.675s] [ 10%] Built target arm_msgs__rosidl_generator_c
[2.677s] [ 12%] Built target arm_msgs__cpp
[2.678s] [ 12%] Built target ament_cmake_python_copy_arm_msgs
[2.678s] [ 23%] Built target arm_msgs__rosidl_typesupport_introspection_c
[2.679s] [ 34%] Built target arm_msgs__rosidl_typesupport_introspection_cpp
[2.679s] [ 44%] Built target arm_msgs__rosidl_typesupport_c
[2.680s] [ 55%] Built target arm_msgs__rosidl_typesupport_cpp
[2.680s] [ 65%] Built target arm_msgs__rosidl_typesupport_fastrtps_cpp
[2.680s] [ 76%] Built target arm_msgs__rosidl_typesupport_fastrtps_c
[2.681s] [ 76%] Built target arm_msgs
[2.681s] [ 78%] Built target arm_msgs__py
[2.681s] [ 87%] Built target arm_msgs__rosidl_generator_py
[2.681s] [ 91%] Built target arm_msgs__rosidl_typesupport_fastrtps_c__pyext
[2.683s] [ 95%] Built target arm_msgs__rosidl_typesupport_introspection_c__pyext
[2.683s] [100%] Built target arm_msgs__rosidl_typesupport_c__pyext
[2.683s] running egg_info
[2.684s] writing arm_msgs.egg-info/PKG-INFO
[2.686s] writing dependency_links to arm_msgs.egg-info/dependency_links.txt
[2.692s] writing top-level names to arm_msgs.egg-info/top_level.txt
[2.698s] reading manifest file 'arm_msgs.egg-info/SOURCES.txt'
[2.700s] writing manifest file 'arm_msgs.egg-info/SOURCES.txt'
[2.760s] [100%] Built target ament_cmake_python_build_arm_msgs_egg
[3.011s] Invoked command in '/home/albert/ag_arm_ws/build/arm_msgs' returned '0': CMAKE_PREFIX_PATH=${CMAKE_PREFIX_PATH}:/home/albert/ws_moveit2/install/moveit_configs_utils:/home/albert/ws_moveit2/install/launch_param_builder:/home/albert/umov_ws/install/arduino_py_examples:/home/albert/udem2_ws/install/actions_py:/home/albert/udem2_ws/install/lifecycle_py:/home/albert/udem2_ws/install/executors_py:/home/albert/udem2_ws/install/components_py:/home/albert/udem_ws/install/turtlesim_catcher:/home/albert/udem_ws/install/my_py_pkg:/home/albert/udem_ws/install/lifecycle_py:/home/albert/bcdc_ws/install/agbot_teleop:/home/albert/bcdc_ws/install/agbot_py:/home/albert/arduinobot_ws/install/arduinobot_py_examples:/opt/ros/humble /home/albert/.local/bin/cmake --build /home/albert/ag_arm_ws/build/arm_msgs -- -j8 -l8
[3.019s] Invoking command in '/home/albert/ag_arm_ws/build/arm_msgs': CMAKE_PREFIX_PATH=${CMAKE_PREFIX_PATH}:/home/albert/ws_moveit2/install/moveit_configs_utils:/home/albert/ws_moveit2/install/launch_param_builder:/home/albert/umov_ws/install/arduino_py_examples:/home/albert/udem2_ws/install/actions_py:/home/albert/udem2_ws/install/lifecycle_py:/home/albert/udem2_ws/install/executors_py:/home/albert/udem2_ws/install/components_py:/home/albert/udem_ws/install/turtlesim_catcher:/home/albert/udem_ws/install/my_py_pkg:/home/albert/udem_ws/install/lifecycle_py:/home/albert/bcdc_ws/install/agbot_teleop:/home/albert/bcdc_ws/install/agbot_py:/home/albert/arduinobot_ws/install/arduinobot_py_examples:/opt/ros/humble /home/albert/.local/bin/cmake --install /home/albert/ag_arm_ws/build/arm_msgs
[3.216s] -- Install configuration: ""
[3.223s] -- Up-to-date: /home/albert/ag_arm_ws/install/arm_msgs/share/ament_index/resource_index/rosidl_interfaces/arm_msgs
[3.223s] -- Up-to-date: /home/albert/ag_arm_ws/install/arm_msgs/include/arm_msgs/arm_msgs
[3.223s] -- Up-to-date: /home/albert/ag_arm_ws/install/arm_msgs/include/arm_msgs/arm_msgs/msg
[3.224s] -- Up-to-date: /home/albert/ag_arm_ws/install/arm_msgs/include/arm_msgs/arm_msgs/msg/rosidl_generator_c__visibility_control.h
[3.224s] -- Up-to-date: /home/albert/ag_arm_ws/install/arm_msgs/include/arm_msgs/arm_msgs/action
[3.224s] -- Up-to-date: /home/albert/ag_arm_ws/install/arm_msgs/include/arm_msgs/arm_msgs/action/arm_task.h
[3.224s] -- Up-to-date: /home/albert/ag_arm_ws/install/arm_msgs/include/arm_msgs/arm_msgs/action/detail
[3.224s] -- Up-to-date: /home/albert/ag_arm_ws/install/arm_msgs/include/arm_msgs/arm_msgs/action/detail/arm_task__type_support.h
[3.225s] -- Up-to-date: /home/albert/ag_arm_ws/install/arm_msgs/include/arm_msgs/arm_msgs/action/detail/arm_task__functions.h
[3.225s] -- Up-to-date: /home/albert/ag_arm_ws/install/arm_msgs/include/arm_msgs/arm_msgs/action/detail/arm_task__struct.h
[3.225s] -- Up-to-date: /home/albert/ag_arm_ws/install/arm_msgs/include/arm_msgs/arm_msgs/action/detail/arm_task__functions.c
[3.229s] -- Up-to-date: /home/albert/ag_arm_ws/install/arm_msgs/include/arm_msgs/arm_msgs/srv
[3.230s] -- Up-to-date: /home/albert/ag_arm_ws/install/arm_msgs/include/arm_msgs/arm_msgs/srv/quaternion_to_euler.h
[3.232s] -- Up-to-date: /home/albert/ag_arm_ws/install/arm_msgs/include/arm_msgs/arm_msgs/srv/detail
[3.233s] -- Up-to-date: /home/albert/ag_arm_ws/install/arm_msgs/include/arm_msgs/arm_msgs/srv/detail/euler_to_quaternion__functions.c
[3.235s] -- Up-to-date: /home/albert/ag_arm_ws/install/arm_msgs/include/arm_msgs/arm_msgs/srv/detail/euler_to_quaternion__struct.h
[3.236s] -- Up-to-date: /home/albert/ag_arm_ws/install/arm_msgs/include/arm_msgs/arm_msgs/srv/detail/quaternion_to_euler__functions.c
[3.237s] -- Up-to-date: /home/albert/ag_arm_ws/install/arm_msgs/include/arm_msgs/arm_msgs/srv/detail/euler_to_quaternion__functions.h
[3.238s] -- Up-to-date: /home/albert/ag_arm_ws/install/arm_msgs/include/arm_msgs/arm_msgs/srv/detail/quaternion_to_euler__functions.h
[3.238s] -- Up-to-date: /home/albert/ag_arm_ws/install/arm_msgs/include/arm_msgs/arm_msgs/srv/detail/quaternion_to_euler__type_support.h
[3.239s] -- Up-to-date: /home/albert/ag_arm_ws/install/arm_msgs/include/arm_msgs/arm_msgs/srv/detail/euler_to_quaternion__type_support.h
[3.240s] -- Up-to-date: /home/albert/ag_arm_ws/install/arm_msgs/include/arm_msgs/arm_msgs/srv/detail/quaternion_to_euler__struct.h
[3.242s] -- Up-to-date: /home/albert/ag_arm_ws/install/arm_msgs/include/arm_msgs/arm_msgs/srv/euler_to_quaternion.h
[3.242s] -- Up-to-date: /home/albert/ag_arm_ws/install/arm_msgs/share/arm_msgs/environment/library_path.sh
[3.246s] -- Up-to-date: /home/albert/ag_arm_ws/install/arm_msgs/share/arm_msgs/environment/library_path.dsv
[3.249s] -- Up-to-date: /home/albert/ag_arm_ws/install/arm_msgs/lib/libarm_msgs__rosidl_generator_c.so
[3.249s] -- Up-to-date: /home/albert/ag_arm_ws/install/arm_msgs/include/arm_msgs/arm_msgs
[3.252s] -- Up-to-date: /home/albert/ag_arm_ws/install/arm_msgs/include/arm_msgs/arm_msgs/msg
[3.254s] -- Up-to-date: /home/albert/ag_arm_ws/install/arm_msgs/include/arm_msgs/arm_msgs/msg/rosidl_typesupport_fastrtps_c__visibility_control.h
[3.255s] -- Up-to-date: /home/albert/ag_arm_ws/install/arm_msgs/include/arm_msgs/arm_msgs/action
[3.255s] -- Up-to-date: /home/albert/ag_arm_ws/install/arm_msgs/include/arm_msgs/arm_msgs/action/detail
[3.255s] -- Up-to-date: /home/albert/ag_arm_ws/install/arm_msgs/include/arm_msgs/arm_msgs/action/detail/arm_task__rosidl_typesupport_fastrtps_c.h
[3.256s] -- Up-to-date: /home/albert/ag_arm_ws/install/arm_msgs/include/arm_msgs/arm_msgs/srv
[3.256s] -- Up-to-date: /home/albert/ag_arm_ws/install/arm_msgs/include/arm_msgs/arm_msgs/srv/detail
[3.256s] -- Up-to-date: /home/albert/ag_arm_ws/install/arm_msgs/include/arm_msgs/arm_msgs/srv/detail/euler_to_quaternion__rosidl_typesupport_fastrtps_c.h
[3.257s] -- Up-to-date: /home/albert/ag_arm_ws/install/arm_msgs/include/arm_msgs/arm_msgs/srv/detail/quaternion_to_euler__rosidl_typesupport_fastrtps_c.h
[3.257s] -- Up-to-date: /home/albert/ag_arm_ws/install/arm_msgs/lib/libarm_msgs__rosidl_typesupport_fastrtps_c.so
[3.257s] -- Up-to-date: /home/albert/ag_arm_ws/install/arm_msgs/include/arm_msgs/arm_msgs
[3.259s] -- Up-to-date: /home/albert/ag_arm_ws/install/arm_msgs/include/arm_msgs/arm_msgs/msg
[3.263s] -- Up-to-date: /home/albert/ag_arm_ws/install/arm_msgs/include/arm_msgs/arm_msgs/msg/rosidl_generator_cpp__visibility_control.hpp
[3.263s] -- Up-to-date: /home/albert/ag_arm_ws/install/arm_msgs/include/arm_msgs/arm_msgs/action
[3.264s] -- Up-to-date: /home/albert/ag_arm_ws/install/arm_msgs/include/arm_msgs/arm_msgs/action/arm_task.hpp
[3.265s] -- Up-to-date: /home/albert/ag_arm_ws/install/arm_msgs/include/arm_msgs/arm_msgs/action/detail
[3.270s] -- Up-to-date: /home/albert/ag_arm_ws/install/arm_msgs/include/arm_msgs/arm_msgs/action/detail/arm_task__struct.hpp
[3.271s] -- Up-to-date: /home/albert/ag_arm_ws/install/arm_msgs/include/arm_msgs/arm_msgs/action/detail/arm_task__builder.hpp
[3.271s] -- Up-to-date: /home/albert/ag_arm_ws/install/arm_msgs/include/arm_msgs/arm_msgs/action/detail/arm_task__traits.hpp
[3.271s] -- Up-to-date: /home/albert/ag_arm_ws/install/arm_msgs/include/arm_msgs/arm_msgs/action/detail/arm_task__type_support.hpp
[3.272s] -- Up-to-date: /home/albert/ag_arm_ws/install/arm_msgs/include/arm_msgs/arm_msgs/srv
[3.272s] -- Up-to-date: /home/albert/ag_arm_ws/install/arm_msgs/include/arm_msgs/arm_msgs/srv/euler_to_quaternion.hpp
[3.272s] -- Up-to-date: /home/albert/ag_arm_ws/install/arm_msgs/include/arm_msgs/arm_msgs/srv/detail
[3.272s] -- Up-to-date: /home/albert/ag_arm_ws/install/arm_msgs/include/arm_msgs/arm_msgs/srv/detail/quaternion_to_euler__struct.hpp
[3.273s] -- Up-to-date: /home/albert/ag_arm_ws/install/arm_msgs/include/arm_msgs/arm_msgs/srv/detail/quaternion_to_euler__builder.hpp
[3.273s] -- Up-to-date: /home/albert/ag_arm_ws/install/arm_msgs/include/arm_msgs/arm_msgs/srv/detail/euler_to_quaternion__traits.hpp
[3.273s] -- Up-to-date: /home/albert/ag_arm_ws/install/arm_msgs/include/arm_msgs/arm_msgs/srv/detail/euler_to_quaternion__type_support.hpp
[3.279s] -- Up-to-date: /home/albert/ag_arm_ws/install/arm_msgs/include/arm_msgs/arm_msgs/srv/detail/quaternion_to_euler__traits.hpp
[3.280s] -- Up-to-date: /home/albert/ag_arm_ws/install/arm_msgs/include/arm_msgs/arm_msgs/srv/detail/euler_to_quaternion__builder.hpp
[3.280s] -- Up-to-date: /home/albert/ag_arm_ws/install/arm_msgs/include/arm_msgs/arm_msgs/srv/detail/euler_to_quaternion__struct.hpp
[3.281s] -- Up-to-date: /home/albert/ag_arm_ws/install/arm_msgs/include/arm_msgs/arm_msgs/srv/detail/quaternion_to_euler__type_support.hpp
[3.285s] -- Up-to-date: /home/albert/ag_arm_ws/install/arm_msgs/include/arm_msgs/arm_msgs/srv/quaternion_to_euler.hpp
[3.285s] -- Up-to-date: /home/albert/ag_arm_ws/install/arm_msgs/include/arm_msgs/arm_msgs
[3.285s] -- Up-to-date: /home/albert/ag_arm_ws/install/arm_msgs/include/arm_msgs/arm_msgs/msg
[3.286s] -- Up-to-date: /home/albert/ag_arm_ws/install/arm_msgs/include/arm_msgs/arm_msgs/msg/rosidl_typesupport_fastrtps_cpp__visibility_control.h
[3.286s] -- Up-to-date: /home/albert/ag_arm_ws/install/arm_msgs/include/arm_msgs/arm_msgs/action
[3.286s] -- Up-to-date: /home/albert/ag_arm_ws/install/arm_msgs/include/arm_msgs/arm_msgs/action/detail
[3.287s] -- Up-to-date: /home/albert/ag_arm_ws/install/arm_msgs/include/arm_msgs/arm_msgs/action/detail/arm_task__rosidl_typesupport_fastrtps_cpp.hpp
[3.287s] -- Up-to-date: /home/albert/ag_arm_ws/install/arm_msgs/include/arm_msgs/arm_msgs/action/detail/dds_fastrtps
[3.287s] -- Up-to-date: /home/albert/ag_arm_ws/install/arm_msgs/include/arm_msgs/arm_msgs/srv
[3.288s] -- Up-to-date: /home/albert/ag_arm_ws/install/arm_msgs/include/arm_msgs/arm_msgs/srv/detail
[3.288s] -- Up-to-date: /home/albert/ag_arm_ws/install/arm_msgs/include/arm_msgs/arm_msgs/srv/detail/euler_to_quaternion__rosidl_typesupport_fastrtps_cpp.hpp
[3.288s] -- Up-to-date: /home/albert/ag_arm_ws/install/arm_msgs/include/arm_msgs/arm_msgs/srv/detail/quaternion_to_euler__rosidl_typesupport_fastrtps_cpp.hpp
[3.288s] -- Up-to-date: /home/albert/ag_arm_ws/install/arm_msgs/include/arm_msgs/arm_msgs/srv/detail/dds_fastrtps
[3.290s] -- Up-to-date: /home/albert/ag_arm_ws/install/arm_msgs/lib/libarm_msgs__rosidl_typesupport_fastrtps_cpp.so
[3.292s] -- Up-to-date: /home/albert/ag_arm_ws/install/arm_msgs/include/arm_msgs/arm_msgs
[3.293s] -- Up-to-date: /home/albert/ag_arm_ws/install/arm_msgs/include/arm_msgs/arm_msgs/msg
[3.293s] -- Up-to-date: /home/albert/ag_arm_ws/install/arm_msgs/include/arm_msgs/arm_msgs/msg/rosidl_typesupport_introspection_c__visibility_control.h
[3.293s] -- Up-to-date: /home/albert/ag_arm_ws/install/arm_msgs/include/arm_msgs/arm_msgs/action
[3.298s] -- Up-to-date: /home/albert/ag_arm_ws/install/arm_msgs/include/arm_msgs/arm_msgs/action/detail
[3.298s] -- Up-to-date: /home/albert/ag_arm_ws/install/arm_msgs/include/arm_msgs/arm_msgs/action/detail/arm_task__type_support.c
[3.299s] -- Up-to-date: /home/albert/ag_arm_ws/install/arm_msgs/include/arm_msgs/arm_msgs/action/detail/arm_task__rosidl_typesupport_introspection_c.h
[3.299s] -- Up-to-date: /home/albert/ag_arm_ws/install/arm_msgs/include/arm_msgs/arm_msgs/srv
[3.299s] -- Up-to-date: /home/albert/ag_arm_ws/install/arm_msgs/include/arm_msgs/arm_msgs/srv/detail
[3.300s] -- Up-to-date: /home/albert/ag_arm_ws/install/arm_msgs/include/arm_msgs/arm_msgs/srv/detail/euler_to_quaternion__type_support.c
[3.300s] -- Up-to-date: /home/albert/ag_arm_ws/install/arm_msgs/include/arm_msgs/arm_msgs/srv/detail/quaternion_to_euler__type_support.c
[3.300s] -- Up-to-date: /home/albert/ag_arm_ws/install/arm_msgs/include/arm_msgs/arm_msgs/srv/detail/quaternion_to_euler__rosidl_typesupport_introspection_c.h
[3.300s] -- Up-to-date: /home/albert/ag_arm_ws/install/arm_msgs/include/arm_msgs/arm_msgs/srv/detail/euler_to_quaternion__rosidl_typesupport_introspection_c.h
[3.301s] -- Up-to-date: /home/albert/ag_arm_ws/install/arm_msgs/lib/libarm_msgs__rosidl_typesupport_introspection_c.so
[3.301s] -- Up-to-date: /home/albert/ag_arm_ws/install/arm_msgs/lib/libarm_msgs__rosidl_typesupport_c.so
[3.301s] -- Up-to-date: /home/albert/ag_arm_ws/install/arm_msgs/include/arm_msgs/arm_msgs
[3.305s] -- Up-to-date: /home/albert/ag_arm_ws/install/arm_msgs/include/arm_msgs/arm_msgs/action
[3.306s] -- Up-to-date: /home/albert/ag_arm_ws/install/arm_msgs/include/arm_msgs/arm_msgs/action/detail
[3.306s] -- Up-to-date: /home/albert/ag_arm_ws/install/arm_msgs/include/arm_msgs/arm_msgs/action/detail/arm_task__rosidl_typesupport_introspection_cpp.hpp
[3.306s] -- Up-to-date: /home/albert/ag_arm_ws/install/arm_msgs/include/arm_msgs/arm_msgs/action/detail/arm_task__type_support.cpp
[3.307s] -- Up-to-date: /home/albert/ag_arm_ws/install/arm_msgs/include/arm_msgs/arm_msgs/srv
[3.308s] -- Up-to-date: /home/albert/ag_arm_ws/install/arm_msgs/include/arm_msgs/arm_msgs/srv/detail
[3.314s] -- Up-to-date: /home/albert/ag_arm_ws/install/arm_msgs/include/arm_msgs/arm_msgs/srv/detail/euler_to_quaternion__rosidl_typesupport_introspection_cpp.hpp
[3.315s] -- Up-to-date: /home/albert/ag_arm_ws/install/arm_msgs/include/arm_msgs/arm_msgs/srv/detail/euler_to_quaternion__type_support.cpp
[3.315s] -- Up-to-date: /home/albert/ag_arm_ws/install/arm_msgs/include/arm_msgs/arm_msgs/srv/detail/quaternion_to_euler__type_support.cpp
[3.316s] -- Up-to-date: /home/albert/ag_arm_ws/install/arm_msgs/include/arm_msgs/arm_msgs/srv/detail/quaternion_to_euler__rosidl_typesupport_introspection_cpp.hpp
[3.316s] -- Up-to-date: /home/albert/ag_arm_ws/install/arm_msgs/lib/libarm_msgs__rosidl_typesupport_introspection_cpp.so
[3.316s] -- Up-to-date: /home/albert/ag_arm_ws/install/arm_msgs/lib/libarm_msgs__rosidl_typesupport_cpp.so
[3.316s] -- Up-to-date: /home/albert/ag_arm_ws/install/arm_msgs/share/arm_msgs/environment/pythonpath.sh
[3.317s] -- Up-to-date: /home/albert/ag_arm_ws/install/arm_msgs/share/arm_msgs/environment/pythonpath.dsv
[3.317s] -- Up-to-date: /home/albert/ag_arm_ws/install/arm_msgs/local/lib/python3.10/dist-packages/arm_msgs-0.0.0-py3.10.egg-info
[3.320s] -- Installing: /home/albert/ag_arm_ws/install/arm_msgs/local/lib/python3.10/dist-packages/arm_msgs-0.0.0-py3.10.egg-info/SOURCES.txt
[3.320s] -- Installing: /home/albert/ag_arm_ws/install/arm_msgs/local/lib/python3.10/dist-packages/arm_msgs-0.0.0-py3.10.egg-info/top_level.txt
[3.321s] -- Installing: /home/albert/ag_arm_ws/install/arm_msgs/local/lib/python3.10/dist-packages/arm_msgs-0.0.0-py3.10.egg-info/PKG-INFO
[3.322s] -- Installing: /home/albert/ag_arm_ws/install/arm_msgs/local/lib/python3.10/dist-packages/arm_msgs-0.0.0-py3.10.egg-info/dependency_links.txt
[3.322s] -- Up-to-date: /home/albert/ag_arm_ws/install/arm_msgs/local/lib/python3.10/dist-packages/arm_msgs
[3.323s] -- Up-to-date: /home/albert/ag_arm_ws/install/arm_msgs/local/lib/python3.10/dist-packages/arm_msgs/__init__.py
[3.331s] -- Up-to-date: /home/albert/ag_arm_ws/install/arm_msgs/local/lib/python3.10/dist-packages/arm_msgs/arm_msgs_s__rosidl_typesupport_c.cpython-310-x86_64-linux-gnu.so
[3.331s] -- Up-to-date: /home/albert/ag_arm_ws/install/arm_msgs/local/lib/python3.10/dist-packages/arm_msgs/_arm_msgs_s.ep.rosidl_typesupport_fastrtps_c.c
[3.332s] -- Up-to-date: /home/albert/ag_arm_ws/install/arm_msgs/local/lib/python3.10/dist-packages/arm_msgs/_arm_msgs_s.ep.rosidl_typesupport_introspection_c.c
[3.332s] -- Up-to-date: /home/albert/ag_arm_ws/install/arm_msgs/local/lib/python3.10/dist-packages/arm_msgs/action
[3.332s] -- Up-to-date: /home/albert/ag_arm_ws/install/arm_msgs/local/lib/python3.10/dist-packages/arm_msgs/action/__init__.py
[3.332s] -- Up-to-date: /home/albert/ag_arm_ws/install/arm_msgs/local/lib/python3.10/dist-packages/arm_msgs/action/_arm_task_s.c
[3.333s] -- Up-to-date: /home/albert/ag_arm_ws/install/arm_msgs/local/lib/python3.10/dist-packages/arm_msgs/action/_arm_task.py
[3.333s] -- Up-to-date: /home/albert/ag_arm_ws/install/arm_msgs/local/lib/python3.10/dist-packages/arm_msgs/_arm_msgs_s.ep.rosidl_typesupport_c.c
[3.333s] -- Up-to-date: /home/albert/ag_arm_ws/install/arm_msgs/local/lib/python3.10/dist-packages/arm_msgs/arm_msgs_s__rosidl_typesupport_fastrtps_c.cpython-310-x86_64-linux-gnu.so
[3.333s] -- Up-to-date: /home/albert/ag_arm_ws/install/arm_msgs/local/lib/python3.10/dist-packages/arm_msgs/arm_msgs_s__rosidl_typesupport_introspection_c.cpython-310-x86_64-linux-gnu.so
[3.333s] -- Up-to-date: /home/albert/ag_arm_ws/install/arm_msgs/local/lib/python3.10/dist-packages/arm_msgs/libarm_msgs__rosidl_generator_py.so
[3.338s] -- Up-to-date: /home/albert/ag_arm_ws/install/arm_msgs/local/lib/python3.10/dist-packages/arm_msgs/srv
[3.338s] -- Up-to-date: /home/albert/ag_arm_ws/install/arm_msgs/local/lib/python3.10/dist-packages/arm_msgs/srv/_quaternion_to_euler_s.c
[3.339s] -- Up-to-date: /home/albert/ag_arm_ws/install/arm_msgs/local/lib/python3.10/dist-packages/arm_msgs/srv/_euler_to_quaternion.py
[3.339s] -- Up-to-date: /home/albert/ag_arm_ws/install/arm_msgs/local/lib/python3.10/dist-packages/arm_msgs/srv/__init__.py
[3.339s] -- Up-to-date: /home/albert/ag_arm_ws/install/arm_msgs/local/lib/python3.10/dist-packages/arm_msgs/srv/_quaternion_to_euler.py
[3.340s] -- Up-to-date: /home/albert/ag_arm_ws/install/arm_msgs/local/lib/python3.10/dist-packages/arm_msgs/srv/_euler_to_quaternion_s.c
[3.392s] Listing '/home/albert/ag_arm_ws/install/arm_msgs/local/lib/python3.10/dist-packages/arm_msgs'...
[3.393s] Listing '/home/albert/ag_arm_ws/install/arm_msgs/local/lib/python3.10/dist-packages/arm_msgs/action'...
[3.393s] Listing '/home/albert/ag_arm_ws/install/arm_msgs/local/lib/python3.10/dist-packages/arm_msgs/srv'...
[3.407s] -- Up-to-date: /home/albert/ag_arm_ws/install/arm_msgs/local/lib/python3.10/dist-packages/arm_msgs/arm_msgs_s__rosidl_typesupport_fastrtps_c.cpython-310-x86_64-linux-gnu.so
[3.410s] -- Up-to-date: /home/albert/ag_arm_ws/install/arm_msgs/local/lib/python3.10/dist-packages/arm_msgs/arm_msgs_s__rosidl_typesupport_introspection_c.cpython-310-x86_64-linux-gnu.so
[3.411s] -- Up-to-date: /home/albert/ag_arm_ws/install/arm_msgs/local/lib/python3.10/dist-packages/arm_msgs/arm_msgs_s__rosidl_typesupport_c.cpython-310-x86_64-linux-gnu.so
[3.414s] -- Up-to-date: /home/albert/ag_arm_ws/install/arm_msgs/lib/libarm_msgs__rosidl_generator_py.so
[3.414s] -- Up-to-date: /home/albert/ag_arm_ws/install/arm_msgs/share/arm_msgs/srv/EulerToQuaternion.idl
[3.414s] -- Up-to-date: /home/albert/ag_arm_ws/install/arm_msgs/share/arm_msgs/srv/QuaternionToEuler.idl
[3.420s] -- Up-to-date: /home/albert/ag_arm_ws/install/arm_msgs/share/arm_msgs/action/ArmTask.idl
[3.420s] -- Up-to-date: /home/albert/ag_arm_ws/install/arm_msgs/share/arm_msgs/srv/EulerToQuaternion.srv
[3.420s] -- Up-to-date: /home/albert/ag_arm_ws/install/arm_msgs/share/arm_msgs/srv/EulerToQuaternion_Request.msg
[3.420s] -- Up-to-date: /home/albert/ag_arm_ws/install/arm_msgs/share/arm_msgs/srv/EulerToQuaternion_Response.msg
[3.421s] -- Up-to-date: /home/albert/ag_arm_ws/install/arm_msgs/share/arm_msgs/srv/QuaternionToEuler.srv
[3.421s] -- Up-to-date: /home/albert/ag_arm_ws/install/arm_msgs/share/arm_msgs/srv/QuaternionToEuler_Request.msg
[3.421s] -- Up-to-date: /home/albert/ag_arm_ws/install/arm_msgs/share/arm_msgs/srv/QuaternionToEuler_Response.msg
[3.421s] -- Up-to-date: /home/albert/ag_arm_ws/install/arm_msgs/share/arm_msgs/action/ArmTask.action
[3.422s] -- Up-to-date: /home/albert/ag_arm_ws/install/arm_msgs/share/ament_index/resource_index/package_run_dependencies/arm_msgs
[3.422s] -- Up-to-date: /home/albert/ag_arm_ws/install/arm_msgs/share/ament_index/resource_index/parent_prefix_path/arm_msgs
[3.426s] -- Up-to-date: /home/albert/ag_arm_ws/install/arm_msgs/share/arm_msgs/environment/ament_prefix_path.sh
[3.426s] -- Up-to-date: /home/albert/ag_arm_ws/install/arm_msgs/share/arm_msgs/environment/ament_prefix_path.dsv
[3.427s] -- Up-to-date: /home/albert/ag_arm_ws/install/arm_msgs/share/arm_msgs/environment/path.sh
[3.427s] -- Up-to-date: /home/albert/ag_arm_ws/install/arm_msgs/share/arm_msgs/environment/path.dsv
[3.428s] -- Up-to-date: /home/albert/ag_arm_ws/install/arm_msgs/share/arm_msgs/local_setup.bash
[3.428s] -- Up-to-date: /home/albert/ag_arm_ws/install/arm_msgs/share/arm_msgs/local_setup.sh
[3.428s] -- Up-to-date: /home/albert/ag_arm_ws/install/arm_msgs/share/arm_msgs/local_setup.zsh
[3.428s] -- Up-to-date: /home/albert/ag_arm_ws/install/arm_msgs/share/arm_msgs/local_setup.dsv
[3.429s] -- Installing: /home/albert/ag_arm_ws/install/arm_msgs/share/arm_msgs/package.dsv
[3.429s] -- Up-to-date: /home/albert/ag_arm_ws/install/arm_msgs/share/ament_index/resource_index/packages/arm_msgs
[3.429s] -- Up-to-date: /home/albert/ag_arm_ws/install/arm_msgs/share/arm_msgs/cmake/export_arm_msgs__rosidl_generator_cExport.cmake
[3.430s] -- Up-to-date: /home/albert/ag_arm_ws/install/arm_msgs/share/arm_msgs/cmake/export_arm_msgs__rosidl_generator_cExport-noconfig.cmake
[3.434s] -- Up-to-date: /home/albert/ag_arm_ws/install/arm_msgs/share/arm_msgs/cmake/export_arm_msgs__rosidl_typesupport_fastrtps_cExport.cmake
[3.435s] -- Up-to-date: /home/albert/ag_arm_ws/install/arm_msgs/share/arm_msgs/cmake/export_arm_msgs__rosidl_typesupport_fastrtps_cExport-noconfig.cmake
[3.435s] -- Up-to-date: /home/albert/ag_arm_ws/install/arm_msgs/share/arm_msgs/cmake/export_arm_msgs__rosidl_generator_cppExport.cmake
[3.435s] -- Up-to-date: /home/albert/ag_arm_ws/install/arm_msgs/share/arm_msgs/cmake/export_arm_msgs__rosidl_typesupport_fastrtps_cppExport.cmake
[3.441s] -- Up-to-date: /home/albert/ag_arm_ws/install/arm_msgs/share/arm_msgs/cmake/export_arm_msgs__rosidl_typesupport_fastrtps_cppExport-noconfig.cmake
[3.441s] -- Up-to-date: /home/albert/ag_arm_ws/install/arm_msgs/share/arm_msgs/cmake/arm_msgs__rosidl_typesupport_introspection_cExport.cmake
[3.441s] -- Up-to-date: /home/albert/ag_arm_ws/install/arm_msgs/share/arm_msgs/cmake/arm_msgs__rosidl_typesupport_introspection_cExport-noconfig.cmake
[3.442s] -- Up-to-date: /home/albert/ag_arm_ws/install/arm_msgs/share/arm_msgs/cmake/arm_msgs__rosidl_typesupport_cExport.cmake
[3.443s] -- Up-to-date: /home/albert/ag_arm_ws/install/arm_msgs/share/arm_msgs/cmake/arm_msgs__rosidl_typesupport_cExport-noconfig.cmake
[3.444s] -- Up-to-date: /home/albert/ag_arm_ws/install/arm_msgs/share/arm_msgs/cmake/arm_msgs__rosidl_typesupport_introspection_cppExport.cmake
[3.445s] -- Up-to-date: /home/albert/ag_arm_ws/install/arm_msgs/share/arm_msgs/cmake/arm_msgs__rosidl_typesupport_introspection_cppExport-noconfig.cmake
[3.445s] -- Up-to-date: /home/albert/ag_arm_ws/install/arm_msgs/share/arm_msgs/cmake/arm_msgs__rosidl_typesupport_cppExport.cmake
[3.445s] -- Up-to-date: /home/albert/ag_arm_ws/install/arm_msgs/share/arm_msgs/cmake/arm_msgs__rosidl_typesupport_cppExport-noconfig.cmake
[3.446s] -- Up-to-date: /home/albert/ag_arm_ws/install/arm_msgs/share/arm_msgs/cmake/export_arm_msgs__rosidl_generator_pyExport.cmake
[3.446s] -- Up-to-date: /home/albert/ag_arm_ws/install/arm_msgs/share/arm_msgs/cmake/export_arm_msgs__rosidl_generator_pyExport-noconfig.cmake
[3.446s] -- Up-to-date: /home/albert/ag_arm_ws/install/arm_msgs/share/arm_msgs/cmake/rosidl_cmake-extras.cmake
[3.447s] -- Up-to-date: /home/albert/ag_arm_ws/install/arm_msgs/share/arm_msgs/cmake/ament_cmake_export_dependencies-extras.cmake
[3.447s] -- Up-to-date: /home/albert/ag_arm_ws/install/arm_msgs/share/arm_msgs/cmake/ament_cmake_export_include_directories-extras.cmake
[3.447s] -- Up-to-date: /home/albert/ag_arm_ws/install/arm_msgs/share/arm_msgs/cmake/ament_cmake_export_libraries-extras.cmake
[3.452s] -- Up-to-date: /home/albert/ag_arm_ws/install/arm_msgs/share/arm_msgs/cmake/ament_cmake_export_targets-extras.cmake
[3.452s] -- Up-to-date: /home/albert/ag_arm_ws/install/arm_msgs/share/arm_msgs/cmake/rosidl_cmake_export_typesupport_targets-extras.cmake
[3.454s] -- Up-to-date: /home/albert/ag_arm_ws/install/arm_msgs/share/arm_msgs/cmake/rosidl_cmake_export_typesupport_libraries-extras.cmake
[3.456s] -- Up-to-date: /home/albert/ag_arm_ws/install/arm_msgs/share/arm_msgs/cmake/arm_msgsConfig.cmake
[3.457s] -- Up-to-date: /home/albert/ag_arm_ws/install/arm_msgs/share/arm_msgs/cmake/arm_msgsConfig-version.cmake
[3.464s] -- Up-to-date: /home/albert/ag_arm_ws/install/arm_msgs/share/arm_msgs/package.xml
[3.524s] Invoked command in '/home/albert/ag_arm_ws/build/arm_msgs' returned '0': CMAKE_PREFIX_PATH=${CMAKE_PREFIX_PATH}:/home/albert/ws_moveit2/install/moveit_configs_utils:/home/albert/ws_moveit2/install/launch_param_builder:/home/albert/umov_ws/install/arduino_py_examples:/home/albert/udem2_ws/install/actions_py:/home/albert/udem2_ws/install/lifecycle_py:/home/albert/udem2_ws/install/executors_py:/home/albert/udem2_ws/install/components_py:/home/albert/udem_ws/install/turtlesim_catcher:/home/albert/udem_ws/install/my_py_pkg:/home/albert/udem_ws/install/lifecycle_py:/home/albert/bcdc_ws/install/agbot_teleop:/home/albert/bcdc_ws/install/agbot_py:/home/albert/arduinobot_ws/install/arduinobot_py_examples:/opt/ros/humble /home/albert/.local/bin/cmake --install /home/albert/ag_arm_ws/build/arm_msgs
