[0.166s] Invoking command in '/home/albert/ag_arm_ws/src/build/arm_msgs': CMAKE_PREFIX_PATH=${CMAKE_PREFIX_PATH}:/home/albert/ws_moveit2/install/moveit_configs_utils:/home/albert/ws_moveit2/install/launch_param_builder:/home/albert/umov_ws/install/arduino_py_examples:/home/albert/udem2_ws/install/actions_py:/home/albert/udem2_ws/install/lifecycle_py:/home/albert/udem2_ws/install/executors_py:/home/albert/udem2_ws/install/components_py:/home/albert/udem_ws/install/turtlesim_catcher:/home/albert/udem_ws/install/my_py_pkg:/home/albert/udem_ws/install/lifecycle_py:/home/albert/bcdc_ws/install/agbot_teleop:/home/albert/bcdc_ws/install/agbot_py:/home/albert/arduinobot_ws/install/arduinobot_py_examples:/opt/ros/humble /home/albert/.local/bin/cmake --build /home/albert/ag_arm_ws/src/build/arm_msgs -- -j8 -l8
[0.256s] [ 10%] Built target arm_msgs__cpp
[0.256s] [ 12%] Built target arm_msgs__rosidl_generator_c
[0.270s] [ 12%] Built target ament_cmake_python_copy_arm_msgs
[0.314s] [ 23%] Built target arm_msgs__rosidl_typesupport_fastrtps_cpp
[0.314s] [ 34%] Built target arm_msgs__rosidl_typesupport_c
[0.319s] [ 44%] Built target arm_msgs__rosidl_typesupport_introspection_c
[0.321s] [ 55%] Built target arm_msgs__rosidl_typesupport_fastrtps_c
[0.324s] [ 65%] Built target arm_msgs__rosidl_typesupport_introspection_cpp
[0.333s] [ 76%] Built target arm_msgs__rosidl_typesupport_cpp
[0.364s] [ 76%] Built target arm_msgs
[0.396s] [ 78%] Built target arm_msgs__py
[0.433s] [ 87%] Built target arm_msgs__rosidl_generator_py
[0.477s] [ 95%] Built target arm_msgs__rosidl_typesupport_c__pyext
[0.477s] [ 95%] Built target arm_msgs__rosidl_typesupport_introspection_c__pyext
[0.477s] [100%] Built target arm_msgs__rosidl_typesupport_fastrtps_c__pyext
[0.993s] running egg_info
[0.994s] writing arm_msgs.egg-info/PKG-INFO
[0.994s] writing dependency_links to arm_msgs.egg-info/dependency_links.txt
[0.995s] writing top-level names to arm_msgs.egg-info/top_level.txt
[1.001s] reading manifest file 'arm_msgs.egg-info/SOURCES.txt'
[1.001s] writing manifest file 'arm_msgs.egg-info/SOURCES.txt'
[1.075s] [100%] Built target ament_cmake_python_build_arm_msgs_egg
[1.215s] Invoked command in '/home/albert/ag_arm_ws/src/build/arm_msgs' returned '0': CMAKE_PREFIX_PATH=${CMAKE_PREFIX_PATH}:/home/albert/ws_moveit2/install/moveit_configs_utils:/home/albert/ws_moveit2/install/launch_param_builder:/home/albert/umov_ws/install/arduino_py_examples:/home/albert/udem2_ws/install/actions_py:/home/albert/udem2_ws/install/lifecycle_py:/home/albert/udem2_ws/install/executors_py:/home/albert/udem2_ws/install/components_py:/home/albert/udem_ws/install/turtlesim_catcher:/home/albert/udem_ws/install/my_py_pkg:/home/albert/udem_ws/install/lifecycle_py:/home/albert/bcdc_ws/install/agbot_teleop:/home/albert/bcdc_ws/install/agbot_py:/home/albert/arduinobot_ws/install/arduinobot_py_examples:/opt/ros/humble /home/albert/.local/bin/cmake --build /home/albert/ag_arm_ws/src/build/arm_msgs -- -j8 -l8
[1.216s] Invoking command in '/home/albert/ag_arm_ws/src/build/arm_msgs': CMAKE_PREFIX_PATH=${CMAKE_PREFIX_PATH}:/home/albert/ws_moveit2/install/moveit_configs_utils:/home/albert/ws_moveit2/install/launch_param_builder:/home/albert/umov_ws/install/arduino_py_examples:/home/albert/udem2_ws/install/actions_py:/home/albert/udem2_ws/install/lifecycle_py:/home/albert/udem2_ws/install/executors_py:/home/albert/udem2_ws/install/components_py:/home/albert/udem_ws/install/turtlesim_catcher:/home/albert/udem_ws/install/my_py_pkg:/home/albert/udem_ws/install/lifecycle_py:/home/albert/bcdc_ws/install/agbot_teleop:/home/albert/bcdc_ws/install/agbot_py:/home/albert/arduinobot_ws/install/arduinobot_py_examples:/opt/ros/humble /home/albert/.local/bin/cmake --install /home/albert/ag_arm_ws/src/build/arm_msgs
[1.228s] -- Install configuration: ""
[1.228s] -- Up-to-date: /home/albert/ag_arm_ws/src/install/arm_msgs/share/ament_index/resource_index/rosidl_interfaces/arm_msgs
[1.228s] -- Up-to-date: /home/albert/ag_arm_ws/src/install/arm_msgs/include/arm_msgs/arm_msgs
[1.228s] -- Up-to-date: /home/albert/ag_arm_ws/src/install/arm_msgs/include/arm_msgs/arm_msgs/msg
[1.228s] -- Up-to-date: /home/albert/ag_arm_ws/src/install/arm_msgs/include/arm_msgs/arm_msgs/msg/rosidl_generator_c__visibility_control.h
[1.229s] -- Up-to-date: /home/albert/ag_arm_ws/src/install/arm_msgs/include/arm_msgs/arm_msgs/action
[1.229s] -- Up-to-date: /home/albert/ag_arm_ws/src/install/arm_msgs/include/arm_msgs/arm_msgs/action/arm_task.h
[1.229s] -- Up-to-date: /home/albert/ag_arm_ws/src/install/arm_msgs/include/arm_msgs/arm_msgs/action/detail
[1.229s] -- Up-to-date: /home/albert/ag_arm_ws/src/install/arm_msgs/include/arm_msgs/arm_msgs/action/detail/arm_task__type_support.h
[1.229s] -- Up-to-date: /home/albert/ag_arm_ws/src/install/arm_msgs/include/arm_msgs/arm_msgs/action/detail/arm_task__functions.h
[1.229s] -- Up-to-date: /home/albert/ag_arm_ws/src/install/arm_msgs/include/arm_msgs/arm_msgs/action/detail/arm_task__struct.h
[1.230s] -- Up-to-date: /home/albert/ag_arm_ws/src/install/arm_msgs/include/arm_msgs/arm_msgs/action/detail/arm_task__functions.c
[1.230s] -- Up-to-date: /home/albert/ag_arm_ws/src/install/arm_msgs/include/arm_msgs/arm_msgs/srv
[1.230s] -- Up-to-date: /home/albert/ag_arm_ws/src/install/arm_msgs/include/arm_msgs/arm_msgs/srv/quaternion_to_euler.h
[1.230s] -- Up-to-date: /home/albert/ag_arm_ws/src/install/arm_msgs/include/arm_msgs/arm_msgs/srv/detail
[1.230s] -- Up-to-date: /home/albert/ag_arm_ws/src/install/arm_msgs/include/arm_msgs/arm_msgs/srv/detail/euler_to_quaternion__functions.c
[1.230s] -- Up-to-date: /home/albert/ag_arm_ws/src/install/arm_msgs/include/arm_msgs/arm_msgs/srv/detail/euler_to_quaternion__struct.h
[1.230s] -- Up-to-date: /home/albert/ag_arm_ws/src/install/arm_msgs/include/arm_msgs/arm_msgs/srv/detail/quaternion_to_euler__functions.c
[1.231s] -- Up-to-date: /home/albert/ag_arm_ws/src/install/arm_msgs/include/arm_msgs/arm_msgs/srv/detail/euler_to_quaternion__functions.h
[1.231s] -- Up-to-date: /home/albert/ag_arm_ws/src/install/arm_msgs/include/arm_msgs/arm_msgs/srv/detail/quaternion_to_euler__functions.h
[1.231s] -- Up-to-date: /home/albert/ag_arm_ws/src/install/arm_msgs/include/arm_msgs/arm_msgs/srv/detail/quaternion_to_euler__type_support.h
[1.231s] -- Up-to-date: /home/albert/ag_arm_ws/src/install/arm_msgs/include/arm_msgs/arm_msgs/srv/detail/euler_to_quaternion__type_support.h
[1.232s] -- Up-to-date: /home/albert/ag_arm_ws/src/install/arm_msgs/include/arm_msgs/arm_msgs/srv/detail/quaternion_to_euler__struct.h
[1.232s] -- Up-to-date: /home/albert/ag_arm_ws/src/install/arm_msgs/include/arm_msgs/arm_msgs/srv/euler_to_quaternion.h
[1.232s] -- Up-to-date: /home/albert/ag_arm_ws/src/install/arm_msgs/share/arm_msgs/environment/library_path.sh
[1.232s] -- Up-to-date: /home/albert/ag_arm_ws/src/install/arm_msgs/share/arm_msgs/environment/library_path.dsv
[1.232s] -- Up-to-date: /home/albert/ag_arm_ws/src/install/arm_msgs/lib/libarm_msgs__rosidl_generator_c.so
[1.232s] -- Up-to-date: /home/albert/ag_arm_ws/src/install/arm_msgs/include/arm_msgs/arm_msgs
[1.233s] -- Up-to-date: /home/albert/ag_arm_ws/src/install/arm_msgs/include/arm_msgs/arm_msgs/msg
[1.233s] -- Up-to-date: /home/albert/ag_arm_ws/src/install/arm_msgs/include/arm_msgs/arm_msgs/msg/rosidl_typesupport_fastrtps_c__visibility_control.h
[1.233s] -- Up-to-date: /home/albert/ag_arm_ws/src/install/arm_msgs/include/arm_msgs/arm_msgs/action
[1.233s] -- Up-to-date: /home/albert/ag_arm_ws/src/install/arm_msgs/include/arm_msgs/arm_msgs/action/detail
[1.233s] -- Up-to-date: /home/albert/ag_arm_ws/src/install/arm_msgs/include/arm_msgs/arm_msgs/action/detail/arm_task__rosidl_typesupport_fastrtps_c.h
[1.233s] -- Up-to-date: /home/albert/ag_arm_ws/src/install/arm_msgs/include/arm_msgs/arm_msgs/srv
[1.233s] -- Up-to-date: /home/albert/ag_arm_ws/src/install/arm_msgs/include/arm_msgs/arm_msgs/srv/detail
[1.234s] -- Up-to-date: /home/albert/ag_arm_ws/src/install/arm_msgs/include/arm_msgs/arm_msgs/srv/detail/euler_to_quaternion__rosidl_typesupport_fastrtps_c.h
[1.234s] -- Up-to-date: /home/albert/ag_arm_ws/src/install/arm_msgs/include/arm_msgs/arm_msgs/srv/detail/quaternion_to_euler__rosidl_typesupport_fastrtps_c.h
[1.234s] -- Up-to-date: /home/albert/ag_arm_ws/src/install/arm_msgs/lib/libarm_msgs__rosidl_typesupport_fastrtps_c.so
[1.234s] -- Up-to-date: /home/albert/ag_arm_ws/src/install/arm_msgs/include/arm_msgs/arm_msgs
[1.234s] -- Up-to-date: /home/albert/ag_arm_ws/src/install/arm_msgs/include/arm_msgs/arm_msgs/msg
[1.234s] -- Up-to-date: /home/albert/ag_arm_ws/src/install/arm_msgs/include/arm_msgs/arm_msgs/msg/rosidl_generator_cpp__visibility_control.hpp
[1.235s] -- Up-to-date: /home/albert/ag_arm_ws/src/install/arm_msgs/include/arm_msgs/arm_msgs/action
[1.235s] -- Up-to-date: /home/albert/ag_arm_ws/src/install/arm_msgs/include/arm_msgs/arm_msgs/action/arm_task.hpp
[1.235s] -- Up-to-date: /home/albert/ag_arm_ws/src/install/arm_msgs/include/arm_msgs/arm_msgs/action/detail
[1.235s] -- Up-to-date: /home/albert/ag_arm_ws/src/install/arm_msgs/include/arm_msgs/arm_msgs/action/detail/arm_task__struct.hpp
[1.235s] -- Up-to-date: /home/albert/ag_arm_ws/src/install/arm_msgs/include/arm_msgs/arm_msgs/action/detail/arm_task__builder.hpp
[1.236s] -- Up-to-date: /home/albert/ag_arm_ws/src/install/arm_msgs/include/arm_msgs/arm_msgs/action/detail/arm_task__traits.hpp
[1.236s] -- Up-to-date: /home/albert/ag_arm_ws/src/install/arm_msgs/include/arm_msgs/arm_msgs/action/detail/arm_task__type_support.hpp
[1.236s] -- Up-to-date: /home/albert/ag_arm_ws/src/install/arm_msgs/include/arm_msgs/arm_msgs/srv
[1.236s] -- Up-to-date: /home/albert/ag_arm_ws/src/install/arm_msgs/include/arm_msgs/arm_msgs/srv/euler_to_quaternion.hpp
[1.237s] -- Up-to-date: /home/albert/ag_arm_ws/src/install/arm_msgs/include/arm_msgs/arm_msgs/srv/detail
[1.237s] -- Up-to-date: /home/albert/ag_arm_ws/src/install/arm_msgs/include/arm_msgs/arm_msgs/srv/detail/quaternion_to_euler__struct.hpp
[1.237s] -- Up-to-date: /home/albert/ag_arm_ws/src/install/arm_msgs/include/arm_msgs/arm_msgs/srv/detail/quaternion_to_euler__builder.hpp
[1.237s] -- Up-to-date: /home/albert/ag_arm_ws/src/install/arm_msgs/include/arm_msgs/arm_msgs/srv/detail/euler_to_quaternion__traits.hpp
[1.237s] -- Up-to-date: /home/albert/ag_arm_ws/src/install/arm_msgs/include/arm_msgs/arm_msgs/srv/detail/euler_to_quaternion__type_support.hpp
[1.237s] -- Up-to-date: /home/albert/ag_arm_ws/src/install/arm_msgs/include/arm_msgs/arm_msgs/srv/detail/quaternion_to_euler__traits.hpp
[1.238s] -- Up-to-date: /home/albert/ag_arm_ws/src/install/arm_msgs/include/arm_msgs/arm_msgs/srv/detail/euler_to_quaternion__builder.hpp
[1.238s] -- Up-to-date: /home/albert/ag_arm_ws/src/install/arm_msgs/include/arm_msgs/arm_msgs/srv/detail/euler_to_quaternion__struct.hpp
[1.238s] -- Up-to-date: /home/albert/ag_arm_ws/src/install/arm_msgs/include/arm_msgs/arm_msgs/srv/detail/quaternion_to_euler__type_support.hpp
[1.238s] -- Up-to-date: /home/albert/ag_arm_ws/src/install/arm_msgs/include/arm_msgs/arm_msgs/srv/quaternion_to_euler.hpp
[1.238s] -- Up-to-date: /home/albert/ag_arm_ws/src/install/arm_msgs/include/arm_msgs/arm_msgs
[1.239s] -- Up-to-date: /home/albert/ag_arm_ws/src/install/arm_msgs/include/arm_msgs/arm_msgs/msg
[1.239s] -- Up-to-date: /home/albert/ag_arm_ws/src/install/arm_msgs/include/arm_msgs/arm_msgs/msg/rosidl_typesupport_fastrtps_cpp__visibility_control.h
[1.239s] -- Up-to-date: /home/albert/ag_arm_ws/src/install/arm_msgs/include/arm_msgs/arm_msgs/action
[1.239s] -- Up-to-date: /home/albert/ag_arm_ws/src/install/arm_msgs/include/arm_msgs/arm_msgs/action/detail
[1.239s] -- Up-to-date: /home/albert/ag_arm_ws/src/install/arm_msgs/include/arm_msgs/arm_msgs/action/detail/arm_task__rosidl_typesupport_fastrtps_cpp.hpp
[1.240s] -- Up-to-date: /home/albert/ag_arm_ws/src/install/arm_msgs/include/arm_msgs/arm_msgs/action/detail/dds_fastrtps
[1.240s] -- Up-to-date: /home/albert/ag_arm_ws/src/install/arm_msgs/include/arm_msgs/arm_msgs/srv
[1.241s] -- Up-to-date: /home/albert/ag_arm_ws/src/install/arm_msgs/include/arm_msgs/arm_msgs/srv/detail
[1.241s] -- Up-to-date: /home/albert/ag_arm_ws/src/install/arm_msgs/include/arm_msgs/arm_msgs/srv/detail/euler_to_quaternion__rosidl_typesupport_fastrtps_cpp.hpp
[1.241s] -- Up-to-date: /home/albert/ag_arm_ws/src/install/arm_msgs/include/arm_msgs/arm_msgs/srv/detail/quaternion_to_euler__rosidl_typesupport_fastrtps_cpp.hpp
[1.242s] -- Up-to-date: /home/albert/ag_arm_ws/src/install/arm_msgs/include/arm_msgs/arm_msgs/srv/detail/dds_fastrtps
[1.242s] -- Up-to-date: /home/albert/ag_arm_ws/src/install/arm_msgs/lib/libarm_msgs__rosidl_typesupport_fastrtps_cpp.so
[1.242s] -- Up-to-date: /home/albert/ag_arm_ws/src/install/arm_msgs/include/arm_msgs/arm_msgs
[1.242s] -- Up-to-date: /home/albert/ag_arm_ws/src/install/arm_msgs/include/arm_msgs/arm_msgs/msg
[1.242s] -- Up-to-date: /home/albert/ag_arm_ws/src/install/arm_msgs/include/arm_msgs/arm_msgs/msg/rosidl_typesupport_introspection_c__visibility_control.h
[1.243s] -- Up-to-date: /home/albert/ag_arm_ws/src/install/arm_msgs/include/arm_msgs/arm_msgs/action
[1.243s] -- Up-to-date: /home/albert/ag_arm_ws/src/install/arm_msgs/include/arm_msgs/arm_msgs/action/detail
[1.243s] -- Up-to-date: /home/albert/ag_arm_ws/src/install/arm_msgs/include/arm_msgs/arm_msgs/action/detail/arm_task__type_support.c
[1.243s] -- Up-to-date: /home/albert/ag_arm_ws/src/install/arm_msgs/include/arm_msgs/arm_msgs/action/detail/arm_task__rosidl_typesupport_introspection_c.h
[1.243s] -- Up-to-date: /home/albert/ag_arm_ws/src/install/arm_msgs/include/arm_msgs/arm_msgs/srv
[1.243s] -- Up-to-date: /home/albert/ag_arm_ws/src/install/arm_msgs/include/arm_msgs/arm_msgs/srv/detail
[1.243s] -- Up-to-date: /home/albert/ag_arm_ws/src/install/arm_msgs/include/arm_msgs/arm_msgs/srv/detail/euler_to_quaternion__type_support.c
[1.244s] -- Up-to-date: /home/albert/ag_arm_ws/src/install/arm_msgs/include/arm_msgs/arm_msgs/srv/detail/quaternion_to_euler__type_support.c
[1.244s] -- Up-to-date: /home/albert/ag_arm_ws/src/install/arm_msgs/include/arm_msgs/arm_msgs/srv/detail/quaternion_to_euler__rosidl_typesupport_introspection_c.h
[1.244s] -- Up-to-date: /home/albert/ag_arm_ws/src/install/arm_msgs/include/arm_msgs/arm_msgs/srv/detail/euler_to_quaternion__rosidl_typesupport_introspection_c.h
[1.244s] -- Up-to-date: /home/albert/ag_arm_ws/src/install/arm_msgs/lib/libarm_msgs__rosidl_typesupport_introspection_c.so
[1.244s] -- Up-to-date: /home/albert/ag_arm_ws/src/install/arm_msgs/lib/libarm_msgs__rosidl_typesupport_c.so
[1.244s] -- Up-to-date: /home/albert/ag_arm_ws/src/install/arm_msgs/include/arm_msgs/arm_msgs
[1.245s] -- Up-to-date: /home/albert/ag_arm_ws/src/install/arm_msgs/include/arm_msgs/arm_msgs/action
[1.245s] -- Up-to-date: /home/albert/ag_arm_ws/src/install/arm_msgs/include/arm_msgs/arm_msgs/action/detail
[1.245s] -- Up-to-date: /home/albert/ag_arm_ws/src/install/arm_msgs/include/arm_msgs/arm_msgs/action/detail/arm_task__rosidl_typesupport_introspection_cpp.hpp
[1.245s] -- Up-to-date: /home/albert/ag_arm_ws/src/install/arm_msgs/include/arm_msgs/arm_msgs/action/detail/arm_task__type_support.cpp
[1.245s] -- Up-to-date: /home/albert/ag_arm_ws/src/install/arm_msgs/include/arm_msgs/arm_msgs/srv
[1.245s] -- Up-to-date: /home/albert/ag_arm_ws/src/install/arm_msgs/include/arm_msgs/arm_msgs/srv/detail
[1.245s] -- Up-to-date: /home/albert/ag_arm_ws/src/install/arm_msgs/include/arm_msgs/arm_msgs/srv/detail/euler_to_quaternion__rosidl_typesupport_introspection_cpp.hpp
[1.246s] -- Up-to-date: /home/albert/ag_arm_ws/src/install/arm_msgs/include/arm_msgs/arm_msgs/srv/detail/euler_to_quaternion__type_support.cpp
[1.246s] -- Up-to-date: /home/albert/ag_arm_ws/src/install/arm_msgs/include/arm_msgs/arm_msgs/srv/detail/quaternion_to_euler__type_support.cpp
[1.246s] -- Up-to-date: /home/albert/ag_arm_ws/src/install/arm_msgs/include/arm_msgs/arm_msgs/srv/detail/quaternion_to_euler__rosidl_typesupport_introspection_cpp.hpp
[1.246s] -- Up-to-date: /home/albert/ag_arm_ws/src/install/arm_msgs/lib/libarm_msgs__rosidl_typesupport_introspection_cpp.so
[1.246s] -- Up-to-date: /home/albert/ag_arm_ws/src/install/arm_msgs/lib/libarm_msgs__rosidl_typesupport_cpp.so
[1.246s] -- Up-to-date: /home/albert/ag_arm_ws/src/install/arm_msgs/share/arm_msgs/environment/pythonpath.sh
[1.247s] -- Up-to-date: /home/albert/ag_arm_ws/src/install/arm_msgs/share/arm_msgs/environment/pythonpath.dsv
[1.247s] -- Up-to-date: /home/albert/ag_arm_ws/src/install/arm_msgs/local/lib/python3.10/dist-packages/arm_msgs-0.0.0-py3.10.egg-info
[1.247s] -- Installing: /home/albert/ag_arm_ws/src/install/arm_msgs/local/lib/python3.10/dist-packages/arm_msgs-0.0.0-py3.10.egg-info/SOURCES.txt
[1.247s] -- Installing: /home/albert/ag_arm_ws/src/install/arm_msgs/local/lib/python3.10/dist-packages/arm_msgs-0.0.0-py3.10.egg-info/top_level.txt
[1.247s] -- Installing: /home/albert/ag_arm_ws/src/install/arm_msgs/local/lib/python3.10/dist-packages/arm_msgs-0.0.0-py3.10.egg-info/PKG-INFO
[1.247s] -- Installing: /home/albert/ag_arm_ws/src/install/arm_msgs/local/lib/python3.10/dist-packages/arm_msgs-0.0.0-py3.10.egg-info/dependency_links.txt
[1.247s] -- Up-to-date: /home/albert/ag_arm_ws/src/install/arm_msgs/local/lib/python3.10/dist-packages/arm_msgs
[1.248s] -- Up-to-date: /home/albert/ag_arm_ws/src/install/arm_msgs/local/lib/python3.10/dist-packages/arm_msgs/__init__.py
[1.248s] -- Up-to-date: /home/albert/ag_arm_ws/src/install/arm_msgs/local/lib/python3.10/dist-packages/arm_msgs/arm_msgs_s__rosidl_typesupport_c.cpython-310-x86_64-linux-gnu.so
[1.248s] -- Up-to-date: /home/albert/ag_arm_ws/src/install/arm_msgs/local/lib/python3.10/dist-packages/arm_msgs/_arm_msgs_s.ep.rosidl_typesupport_fastrtps_c.c
[1.248s] -- Up-to-date: /home/albert/ag_arm_ws/src/install/arm_msgs/local/lib/python3.10/dist-packages/arm_msgs/_arm_msgs_s.ep.rosidl_typesupport_introspection_c.c
[1.248s] -- Up-to-date: /home/albert/ag_arm_ws/src/install/arm_msgs/local/lib/python3.10/dist-packages/arm_msgs/action
[1.248s] -- Up-to-date: /home/albert/ag_arm_ws/src/install/arm_msgs/local/lib/python3.10/dist-packages/arm_msgs/action/__init__.py
[1.248s] -- Up-to-date: /home/albert/ag_arm_ws/src/install/arm_msgs/local/lib/python3.10/dist-packages/arm_msgs/action/_arm_task_s.c
[1.249s] -- Up-to-date: /home/albert/ag_arm_ws/src/install/arm_msgs/local/lib/python3.10/dist-packages/arm_msgs/action/_arm_task.py
[1.249s] -- Up-to-date: /home/albert/ag_arm_ws/src/install/arm_msgs/local/lib/python3.10/dist-packages/arm_msgs/_arm_msgs_s.ep.rosidl_typesupport_c.c
[1.249s] -- Up-to-date: /home/albert/ag_arm_ws/src/install/arm_msgs/local/lib/python3.10/dist-packages/arm_msgs/arm_msgs_s__rosidl_typesupport_fastrtps_c.cpython-310-x86_64-linux-gnu.so
[1.249s] -- Up-to-date: /home/albert/ag_arm_ws/src/install/arm_msgs/local/lib/python3.10/dist-packages/arm_msgs/arm_msgs_s__rosidl_typesupport_introspection_c.cpython-310-x86_64-linux-gnu.so
[1.249s] -- Up-to-date: /home/albert/ag_arm_ws/src/install/arm_msgs/local/lib/python3.10/dist-packages/arm_msgs/libarm_msgs__rosidl_generator_py.so
[1.249s] -- Up-to-date: /home/albert/ag_arm_ws/src/install/arm_msgs/local/lib/python3.10/dist-packages/arm_msgs/srv
[1.250s] -- Up-to-date: /home/albert/ag_arm_ws/src/install/arm_msgs/local/lib/python3.10/dist-packages/arm_msgs/srv/_quaternion_to_euler_s.c
[1.250s] -- Up-to-date: /home/albert/ag_arm_ws/src/install/arm_msgs/local/lib/python3.10/dist-packages/arm_msgs/srv/_euler_to_quaternion.py
[1.250s] -- Up-to-date: /home/albert/ag_arm_ws/src/install/arm_msgs/local/lib/python3.10/dist-packages/arm_msgs/srv/__init__.py
[1.250s] -- Up-to-date: /home/albert/ag_arm_ws/src/install/arm_msgs/local/lib/python3.10/dist-packages/arm_msgs/srv/_quaternion_to_euler.py
[1.250s] -- Up-to-date: /home/albert/ag_arm_ws/src/install/arm_msgs/local/lib/python3.10/dist-packages/arm_msgs/srv/_euler_to_quaternion_s.c
[1.370s] Listing '/home/albert/ag_arm_ws/src/install/arm_msgs/local/lib/python3.10/dist-packages/arm_msgs'...
[1.371s] Listing '/home/albert/ag_arm_ws/src/install/arm_msgs/local/lib/python3.10/dist-packages/arm_msgs/action'...
[1.371s] Listing '/home/albert/ag_arm_ws/src/install/arm_msgs/local/lib/python3.10/dist-packages/arm_msgs/srv'...
[1.380s] -- Up-to-date: /home/albert/ag_arm_ws/src/install/arm_msgs/local/lib/python3.10/dist-packages/arm_msgs/arm_msgs_s__rosidl_typesupport_fastrtps_c.cpython-310-x86_64-linux-gnu.so
[1.381s] -- Up-to-date: /home/albert/ag_arm_ws/src/install/arm_msgs/local/lib/python3.10/dist-packages/arm_msgs/arm_msgs_s__rosidl_typesupport_introspection_c.cpython-310-x86_64-linux-gnu.so
[1.382s] -- Up-to-date: /home/albert/ag_arm_ws/src/install/arm_msgs/local/lib/python3.10/dist-packages/arm_msgs/arm_msgs_s__rosidl_typesupport_c.cpython-310-x86_64-linux-gnu.so
[1.382s] -- Up-to-date: /home/albert/ag_arm_ws/src/install/arm_msgs/lib/libarm_msgs__rosidl_generator_py.so
[1.383s] -- Up-to-date: /home/albert/ag_arm_ws/src/install/arm_msgs/share/arm_msgs/srv/EulerToQuaternion.idl
[1.383s] -- Up-to-date: /home/albert/ag_arm_ws/src/install/arm_msgs/share/arm_msgs/srv/QuaternionToEuler.idl
[1.383s] -- Up-to-date: /home/albert/ag_arm_ws/src/install/arm_msgs/share/arm_msgs/action/ArmTask.idl
[1.383s] -- Up-to-date: /home/albert/ag_arm_ws/src/install/arm_msgs/share/arm_msgs/srv/EulerToQuaternion.srv
[1.384s] -- Up-to-date: /home/albert/ag_arm_ws/src/install/arm_msgs/share/arm_msgs/srv/EulerToQuaternion_Request.msg
[1.384s] -- Up-to-date: /home/albert/ag_arm_ws/src/install/arm_msgs/share/arm_msgs/srv/EulerToQuaternion_Response.msg
[1.384s] -- Up-to-date: /home/albert/ag_arm_ws/src/install/arm_msgs/share/arm_msgs/srv/QuaternionToEuler.srv
[1.384s] -- Up-to-date: /home/albert/ag_arm_ws/src/install/arm_msgs/share/arm_msgs/srv/QuaternionToEuler_Request.msg
[1.385s] -- Up-to-date: /home/albert/ag_arm_ws/src/install/arm_msgs/share/arm_msgs/srv/QuaternionToEuler_Response.msg
[1.385s] -- Up-to-date: /home/albert/ag_arm_ws/src/install/arm_msgs/share/arm_msgs/action/ArmTask.action
[1.385s] -- Up-to-date: /home/albert/ag_arm_ws/src/install/arm_msgs/share/ament_index/resource_index/package_run_dependencies/arm_msgs
[1.385s] -- Up-to-date: /home/albert/ag_arm_ws/src/install/arm_msgs/share/ament_index/resource_index/parent_prefix_path/arm_msgs
[1.386s] -- Up-to-date: /home/albert/ag_arm_ws/src/install/arm_msgs/share/arm_msgs/environment/ament_prefix_path.sh
[1.386s] -- Up-to-date: /home/albert/ag_arm_ws/src/install/arm_msgs/share/arm_msgs/environment/ament_prefix_path.dsv
[1.386s] -- Up-to-date: /home/albert/ag_arm_ws/src/install/arm_msgs/share/arm_msgs/environment/path.sh
[1.386s] -- Up-to-date: /home/albert/ag_arm_ws/src/install/arm_msgs/share/arm_msgs/environment/path.dsv
[1.387s] -- Up-to-date: /home/albert/ag_arm_ws/src/install/arm_msgs/share/arm_msgs/local_setup.bash
[1.387s] -- Up-to-date: /home/albert/ag_arm_ws/src/install/arm_msgs/share/arm_msgs/local_setup.sh
[1.388s] -- Up-to-date: /home/albert/ag_arm_ws/src/install/arm_msgs/share/arm_msgs/local_setup.zsh
[1.388s] -- Up-to-date: /home/albert/ag_arm_ws/src/install/arm_msgs/share/arm_msgs/local_setup.dsv
[1.388s] -- Installing: /home/albert/ag_arm_ws/src/install/arm_msgs/share/arm_msgs/package.dsv
[1.389s] -- Up-to-date: /home/albert/ag_arm_ws/src/install/arm_msgs/share/ament_index/resource_index/packages/arm_msgs
[1.389s] -- Up-to-date: /home/albert/ag_arm_ws/src/install/arm_msgs/share/arm_msgs/cmake/export_arm_msgs__rosidl_generator_cExport.cmake
[1.389s] -- Up-to-date: /home/albert/ag_arm_ws/src/install/arm_msgs/share/arm_msgs/cmake/export_arm_msgs__rosidl_generator_cExport-noconfig.cmake
[1.389s] -- Up-to-date: /home/albert/ag_arm_ws/src/install/arm_msgs/share/arm_msgs/cmake/export_arm_msgs__rosidl_typesupport_fastrtps_cExport.cmake
[1.389s] -- Up-to-date: /home/albert/ag_arm_ws/src/install/arm_msgs/share/arm_msgs/cmake/export_arm_msgs__rosidl_typesupport_fastrtps_cExport-noconfig.cmake
[1.390s] -- Up-to-date: /home/albert/ag_arm_ws/src/install/arm_msgs/share/arm_msgs/cmake/export_arm_msgs__rosidl_generator_cppExport.cmake
[1.390s] -- Up-to-date: /home/albert/ag_arm_ws/src/install/arm_msgs/share/arm_msgs/cmake/export_arm_msgs__rosidl_typesupport_fastrtps_cppExport.cmake
[1.390s] -- Up-to-date: /home/albert/ag_arm_ws/src/install/arm_msgs/share/arm_msgs/cmake/export_arm_msgs__rosidl_typesupport_fastrtps_cppExport-noconfig.cmake
[1.390s] -- Up-to-date: /home/albert/ag_arm_ws/src/install/arm_msgs/share/arm_msgs/cmake/arm_msgs__rosidl_typesupport_introspection_cExport.cmake
[1.390s] -- Up-to-date: /home/albert/ag_arm_ws/src/install/arm_msgs/share/arm_msgs/cmake/arm_msgs__rosidl_typesupport_introspection_cExport-noconfig.cmake
[1.391s] -- Up-to-date: /home/albert/ag_arm_ws/src/install/arm_msgs/share/arm_msgs/cmake/arm_msgs__rosidl_typesupport_cExport.cmake
[1.391s] -- Up-to-date: /home/albert/ag_arm_ws/src/install/arm_msgs/share/arm_msgs/cmake/arm_msgs__rosidl_typesupport_cExport-noconfig.cmake
[1.391s] -- Up-to-date: /home/albert/ag_arm_ws/src/install/arm_msgs/share/arm_msgs/cmake/arm_msgs__rosidl_typesupport_introspection_cppExport.cmake
[1.392s] -- Up-to-date: /home/albert/ag_arm_ws/src/install/arm_msgs/share/arm_msgs/cmake/arm_msgs__rosidl_typesupport_introspection_cppExport-noconfig.cmake
[1.392s] -- Up-to-date: /home/albert/ag_arm_ws/src/install/arm_msgs/share/arm_msgs/cmake/arm_msgs__rosidl_typesupport_cppExport.cmake
[1.393s] -- Up-to-date: /home/albert/ag_arm_ws/src/install/arm_msgs/share/arm_msgs/cmake/arm_msgs__rosidl_typesupport_cppExport-noconfig.cmake
[1.394s] -- Up-to-date: /home/albert/ag_arm_ws/src/install/arm_msgs/share/arm_msgs/cmake/export_arm_msgs__rosidl_generator_pyExport.cmake
[1.395s] -- Up-to-date: /home/albert/ag_arm_ws/src/install/arm_msgs/share/arm_msgs/cmake/export_arm_msgs__rosidl_generator_pyExport-noconfig.cmake
[1.395s] -- Up-to-date: /home/albert/ag_arm_ws/src/install/arm_msgs/share/arm_msgs/cmake/rosidl_cmake-extras.cmake
[1.396s] -- Up-to-date: /home/albert/ag_arm_ws/src/install/arm_msgs/share/arm_msgs/cmake/ament_cmake_export_dependencies-extras.cmake
[1.396s] -- Up-to-date: /home/albert/ag_arm_ws/src/install/arm_msgs/share/arm_msgs/cmake/ament_cmake_export_include_directories-extras.cmake
[1.396s] -- Up-to-date: /home/albert/ag_arm_ws/src/install/arm_msgs/share/arm_msgs/cmake/ament_cmake_export_libraries-extras.cmake
[1.396s] -- Up-to-date: /home/albert/ag_arm_ws/src/install/arm_msgs/share/arm_msgs/cmake/ament_cmake_export_targets-extras.cmake
[1.397s] -- Up-to-date: /home/albert/ag_arm_ws/src/install/arm_msgs/share/arm_msgs/cmake/rosidl_cmake_export_typesupport_targets-extras.cmake
[1.397s] -- Up-to-date: /home/albert/ag_arm_ws/src/install/arm_msgs/share/arm_msgs/cmake/rosidl_cmake_export_typesupport_libraries-extras.cmake
[1.397s] -- Up-to-date: /home/albert/ag_arm_ws/src/install/arm_msgs/share/arm_msgs/cmake/arm_msgsConfig.cmake
[1.398s] -- Up-to-date: /home/albert/ag_arm_ws/src/install/arm_msgs/share/arm_msgs/cmake/arm_msgsConfig-version.cmake
[1.398s] -- Up-to-date: /home/albert/ag_arm_ws/src/install/arm_msgs/share/arm_msgs/package.xml
[1.398s] Invoked command in '/home/albert/ag_arm_ws/src/build/arm_msgs' returned '0': CMAKE_PREFIX_PATH=${CMAKE_PREFIX_PATH}:/home/albert/ws_moveit2/install/moveit_configs_utils:/home/albert/ws_moveit2/install/launch_param_builder:/home/albert/umov_ws/install/arduino_py_examples:/home/albert/udem2_ws/install/actions_py:/home/albert/udem2_ws/install/lifecycle_py:/home/albert/udem2_ws/install/executors_py:/home/albert/udem2_ws/install/components_py:/home/albert/udem_ws/install/turtlesim_catcher:/home/albert/udem_ws/install/my_py_pkg:/home/albert/udem_ws/install/lifecycle_py:/home/albert/bcdc_ws/install/agbot_teleop:/home/albert/bcdc_ws/install/agbot_py:/home/albert/arduinobot_ws/install/arduinobot_py_examples:/opt/ros/humble /home/albert/.local/bin/cmake --install /home/albert/ag_arm_ws/src/build/arm_msgs
