[0.392s] Invoking command in '/home/albert/ag_arm_ws/build/arm_controller': CMAKE_PREFIX_PATH=${CMAKE_PREFIX_PATH}:/home/albert/ws_moveit2/install/moveit_configs_utils:/home/albert/ws_moveit2/install/launch_param_builder:/home/albert/umov_ws/install/arduino_py_examples:/home/albert/udem2_ws/install/actions_py:/home/albert/udem2_ws/install/lifecycle_py:/home/albert/udem2_ws/install/executors_py:/home/albert/udem2_ws/install/components_py:/home/albert/udem_ws/install/turtlesim_catcher:/home/albert/udem_ws/install/my_py_pkg:/home/albert/udem_ws/install/lifecycle_py:/home/albert/bcdc_ws/install/agbot_teleop:/home/albert/bcdc_ws/install/agbot_py:/home/albert/arduinobot_ws/install/arduinobot_py_examples:/opt/ros/humble /home/albert/.local/bin/cmake --build /home/albert/ag_arm_ws/build/arm_controller -- -j8 -l8
[2.382s] Invoked command in '/home/albert/ag_arm_ws/build/arm_controller' returned '0': CMAKE_PREFIX_PATH=${CMAKE_PREFIX_PATH}:/home/albert/ws_moveit2/install/moveit_configs_utils:/home/albert/ws_moveit2/install/launch_param_builder:/home/albert/umov_ws/install/arduino_py_examples:/home/albert/udem2_ws/install/actions_py:/home/albert/udem2_ws/install/lifecycle_py:/home/albert/udem2_ws/install/executors_py:/home/albert/udem2_ws/install/components_py:/home/albert/udem_ws/install/turtlesim_catcher:/home/albert/udem_ws/install/my_py_pkg:/home/albert/udem_ws/install/lifecycle_py:/home/albert/bcdc_ws/install/agbot_teleop:/home/albert/bcdc_ws/install/agbot_py:/home/albert/arduinobot_ws/install/arduinobot_py_examples:/opt/ros/humble /home/albert/.local/bin/cmake --build /home/albert/ag_arm_ws/build/arm_controller -- -j8 -l8
[2.406s] Invoking command in '/home/albert/ag_arm_ws/build/arm_controller': CMAKE_PREFIX_PATH=${CMAKE_PREFIX_PATH}:/home/albert/ws_moveit2/install/moveit_configs_utils:/home/albert/ws_moveit2/install/launch_param_builder:/home/albert/umov_ws/install/arduino_py_examples:/home/albert/udem2_ws/install/actions_py:/home/albert/udem2_ws/install/lifecycle_py:/home/albert/udem2_ws/install/executors_py:/home/albert/udem2_ws/install/components_py:/home/albert/udem_ws/install/turtlesim_catcher:/home/albert/udem_ws/install/my_py_pkg:/home/albert/udem_ws/install/lifecycle_py:/home/albert/bcdc_ws/install/agbot_teleop:/home/albert/bcdc_ws/install/agbot_py:/home/albert/arduinobot_ws/install/arduinobot_py_examples:/opt/ros/humble /home/albert/.local/bin/cmake --install /home/albert/ag_arm_ws/build/arm_controller
[2.455s] -- Install configuration: ""
[2.476s] -- Up-to-date: /home/albert/ag_arm_ws/install/arm_controller/share/arm_controller/config
[2.477s] -- Up-to-date: /home/albert/ag_arm_ws/install/arm_controller/share/arm_controller/config/arm_controllers.yaml
[2.478s] -- Up-to-date: /home/albert/ag_arm_ws/install/arm_controller/share/arm_controller/launch
[2.479s] -- Up-to-date: /home/albert/ag_arm_ws/install/arm_controller/share/arm_controller/launch/controller.launch.py
[2.479s] -- Up-to-date: /home/albert/ag_arm_ws/install/arm_controller/share/ament_index/resource_index/package_run_dependencies/arm_controller
[2.480s] -- Up-to-date: /home/albert/ag_arm_ws/install/arm_controller/share/ament_index/resource_index/parent_prefix_path/arm_controller
[2.480s] -- Up-to-date: /home/albert/ag_arm_ws/install/arm_controller/share/arm_controller/environment/ament_prefix_path.sh
[2.486s] -- Up-to-date: /home/albert/ag_arm_ws/install/arm_controller/share/arm_controller/environment/ament_prefix_path.dsv
[2.487s] -- Up-to-date: /home/albert/ag_arm_ws/install/arm_controller/share/arm_controller/environment/path.sh
[2.488s] -- Up-to-date: /home/albert/ag_arm_ws/install/arm_controller/share/arm_controller/environment/path.dsv
[2.488s] -- Up-to-date: /home/albert/ag_arm_ws/install/arm_controller/share/arm_controller/local_setup.bash
[2.489s] -- Up-to-date: /home/albert/ag_arm_ws/install/arm_controller/share/arm_controller/local_setup.sh
[2.489s] -- Up-to-date: /home/albert/ag_arm_ws/install/arm_controller/share/arm_controller/local_setup.zsh
[2.499s] -- Up-to-date: /home/albert/ag_arm_ws/install/arm_controller/share/arm_controller/local_setup.dsv
[2.499s] -- Installing: /home/albert/ag_arm_ws/install/arm_controller/share/arm_controller/package.dsv
[2.500s] -- Up-to-date: /home/albert/ag_arm_ws/install/arm_controller/share/ament_index/resource_index/packages/arm_controller
[2.500s] -- Up-to-date: /home/albert/ag_arm_ws/install/arm_controller/share/arm_controller/cmake/arm_controllerConfig.cmake
[2.502s] -- Up-to-date: /home/albert/ag_arm_ws/install/arm_controller/share/arm_controller/cmake/arm_controllerConfig-version.cmake
[2.503s] -- Up-to-date: /home/albert/ag_arm_ws/install/arm_controller/share/arm_controller/package.xml
[2.579s] Invoked command in '/home/albert/ag_arm_ws/build/arm_controller' returned '0': CMAKE_PREFIX_PATH=${CMAKE_PREFIX_PATH}:/home/albert/ws_moveit2/install/moveit_configs_utils:/home/albert/ws_moveit2/install/launch_param_builder:/home/albert/umov_ws/install/arduino_py_examples:/home/albert/udem2_ws/install/actions_py:/home/albert/udem2_ws/install/lifecycle_py:/home/albert/udem2_ws/install/executors_py:/home/albert/udem2_ws/install/components_py:/home/albert/udem_ws/install/turtlesim_catcher:/home/albert/udem_ws/install/my_py_pkg:/home/albert/udem_ws/install/lifecycle_py:/home/albert/bcdc_ws/install/agbot_teleop:/home/albert/bcdc_ws/install/agbot_py:/home/albert/arduinobot_ws/install/arduinobot_py_examples:/opt/ros/humble /home/albert/.local/bin/cmake --install /home/albert/ag_arm_ws/build/arm_controller
