[  0%] Built target ament_cmake_python_copy_arm_remote
[ 50%] Built target task_server_node
[ 75%] [32mBuilding CXX object CMakeFiles/task_server.dir/src/task_server.cpp.o[0m
running egg_info
writing arm_remote.egg-info/PKG-INFO
writing dependency_links to arm_remote.egg-info/dependency_links.txt
writing top-level names to arm_remote.egg-info/top_level.txt
reading manifest file 'arm_remote.egg-info/SOURCES.txt'
writing manifest file 'arm_remote.egg-info/SOURCES.txt'
[ 75%] Built target ament_cmake_python_build_arm_remote_egg
[100%] [32m[1mLinking CXX shared library libtask_server.so[0m
[100%] Built target task_server
-- Install configuration: ""
-- Installing: /home/albert/ag_arm_ws/install/arm_remote/lib/arm_remote/task_server_node
-- Set non-toolchain portion of runtime path of "/home/albert/ag_arm_ws/install/arm_remote/lib/arm_remote/task_server_node" to ""
-- Installing: /home/albert/ag_arm_ws/install/arm_remote/share/arm_remote/environment/pythonpath.sh
-- Installing: /home/albert/ag_arm_ws/install/arm_remote/share/arm_remote/environment/pythonpath.dsv
-- Installing: /home/albert/ag_arm_ws/install/arm_remote/local/lib/python3.10/dist-packages/arm_remote-0.0.0-py3.10.egg-info
-- Installing: /home/albert/ag_arm_ws/install/arm_remote/local/lib/python3.10/dist-packages/arm_remote-0.0.0-py3.10.egg-info/SOURCES.txt
-- Installing: /home/albert/ag_arm_ws/install/arm_remote/local/lib/python3.10/dist-packages/arm_remote-0.0.0-py3.10.egg-info/top_level.txt
-- Installing: /home/albert/ag_arm_ws/install/arm_remote/local/lib/python3.10/dist-packages/arm_remote-0.0.0-py3.10.egg-info/PKG-INFO
-- Installing: /home/albert/ag_arm_ws/install/arm_remote/local/lib/python3.10/dist-packages/arm_remote-0.0.0-py3.10.egg-info/dependency_links.txt
-- Installing: /home/albert/ag_arm_ws/install/arm_remote/local/lib/python3.10/dist-packages/arm_remote
-- Installing: /home/albert/ag_arm_ws/install/arm_remote/local/lib/python3.10/dist-packages/arm_remote/task_server.py
-- Installing: /home/albert/ag_arm_ws/install/arm_remote/local/lib/python3.10/dist-packages/arm_remote/__init__.py
-- Installing: /home/albert/ag_arm_ws/install/arm_remote/local/lib/python3.10/dist-packages/arm_remote/alexa_interface.py
Listing '/home/albert/ag_arm_ws/install/arm_remote/local/lib/python3.10/dist-packages/arm_remote'...
Compiling '/home/albert/ag_arm_ws/install/arm_remote/local/lib/python3.10/dist-packages/arm_remote/__init__.py'...
Compiling '/home/albert/ag_arm_ws/install/arm_remote/local/lib/python3.10/dist-packages/arm_remote/alexa_interface.py'...
Compiling '/home/albert/ag_arm_ws/install/arm_remote/local/lib/python3.10/dist-packages/arm_remote/task_server.py'...
