[  0%] Built target ament_cmake_python_copy_arm_remote
[ 50%] Built target task_server_node
[ 75%] [32mBuilding CXX object CMakeFiles/task_server.dir/src/task_server.cpp.o[0m
running egg_info
writing arm_remote.egg-info/PKG-INFO
writing dependency_links to arm_remote.egg-info/dependency_links.txt
writing top-level names to arm_remote.egg-info/top_level.txt
reading manifest file 'arm_remote.egg-info/SOURCES.txt'
writing manifest file 'arm_remote.egg-info/SOURCES.txt'
[ 75%] Built target ament_cmake_python_build_arm_remote_egg
[01m[K/home/albert/ag_arm_ws/src/arm_remote/src/task_server.cpp:[m[K In member function ‘[01m[Kvoid agbot_arm_remote::TaskServer::execute(std::shared_ptr<rclcpp_action::ServerGoalHandle<arm_msgs::action::ArmTask> >)[m[K’:
[01m[K/home/albert/ag_arm_ws/src/arm_remote/src/task_server.cpp:85:79:[m[K [01;31m[Kerror: [m[Kno match for ‘[01m[Koperator!=[m[K’ (operand types are ‘[01m[Kvoid[m[K’ and ‘[01m[Kstd::vector<double, std::allocator<double> >[m[K’)
   85 | [32m[Kgroup_->setStartState(*rail_move_group_->getCurrentState())[m[K [01;31m[K!=[m[K [34m[Krail_joint_goal_[m[K)
      | [32m[K~~~~~~~~~~~~~~~~~~~~~~~~~~~~~~~~~~~~~~~~~~~~~~~~~~~~~~~~~~~[m[K [01;31m[K^~[m[K [34m[K~~~~~~~~~~~~~~~~[m[K
      |                      [32m[K|[m[K                                         [34m[K|[m[K
      |                      [32m[Kvoid[m[K                                      [34m[Kstd::vector<double, std::allocator<double> >[m[K

In file included from [01m[K/usr/include/c++/11/bits/stl_algobase.h:67[m[K,
                 from [01m[K/usr/include/c++/11/memory:63[m[K,
                 from [01m[K/opt/ros/humble/include/rclcpp/rclcpp/rclcpp.hpp:153[m[K,
                 from [01m[K/home/albert/ag_arm_ws/src/arm_remote/src/task_server.cpp:1[m[K:
[01m[K/usr/include/c++/11/bits/stl_iterator.h:1171:5:[m[K [01;36m[Knote: [m[Kcandidate: ‘[01m[Ktemplate<class _IteratorL, class _IteratorR, class _Container> bool __gnu_cxx::operator!=(const __gnu_cxx::__normal_iterator<_IteratorL, _Container>&, const __gnu_cxx::__normal_iterator<_IteratorR, _Container>&)[m[K’
 1171 |     [01;36m[Koperator[m[K!=(const __normal_iterator<_IteratorL, _Container>& __lhs,
      |     [01;36m[K^~~~~~~~[m[K
[01m[K/usr/include/c++/11/bits/stl_iterator.h:1171:5:[m[K [01;36m[Knote: [m[K  template argument deduction/substitution failed:
[01m[K/home/albert/ag_arm_ws/src/arm_remote/src/task_server.cpp:85:82:[m[K [01;36m[Knote: [m[K  mismatched types ‘[01m[Kconst __gnu_cxx::__normal_iterator<_IteratorL, _Container>[m[K’ and ‘[01m[Kvoid[m[K’
   85 | up_->setStartState(*rail_move_group_->getCurrentState()) != [01;36m[Krail_joint_goal_[m[K)
      |                                                             [01;36m[K^~~~~~~~~~~~~~~~[m[K

In file included from [01m[K/usr/include/c++/11/bits/stl_algobase.h:67[m[K,
                 from [01m[K/usr/include/c++/11/memory:63[m[K,
                 from [01m[K/opt/ros/humble/include/rclcpp/rclcpp/rclcpp.hpp:153[m[K,
                 from [01m[K/home/albert/ag_arm_ws/src/arm_remote/src/task_server.cpp:1[m[K:
[01m[K/usr/include/c++/11/bits/stl_iterator.h:1179:5:[m[K [01;36m[Knote: [m[Kcandidate: ‘[01m[Ktemplate<class _Iterator, class _Container> bool __gnu_cxx::operator!=(const __gnu_cxx::__normal_iterator<_Iterator, _Container>&, const __gnu_cxx::__normal_iterator<_Iterator, _Container>&)[m[K’
 1179 |     [01;36m[Koperator[m[K!=(const __normal_iterator<_Iterator, _Container>& __lhs,
      |     [01;36m[K^~~~~~~~[m[K
[01m[K/usr/include/c++/11/bits/stl_iterator.h:1179:5:[m[K [01;36m[Knote: [m[K  template argument deduction/substitution failed:
[01m[K/home/albert/ag_arm_ws/src/arm_remote/src/task_server.cpp:85:82:[m[K [01;36m[Knote: [m[K  mismatched types ‘[01m[Kconst __gnu_cxx::__normal_iterator<_Iterator, _Container>[m[K’ and ‘[01m[Kvoid[m[K’
   85 | up_->setStartState(*rail_move_group_->getCurrentState()) != [01;36m[Krail_joint_goal_[m[K)
      |                                                             [01;36m[K^~~~~~~~~~~~~~~~[m[K

In file included from [01m[K/usr/include/x86_64-linux-gnu/c++/11/bits/c++allocator.h:33[m[K,
                 from [01m[K/usr/include/c++/11/bits/allocator.h:46[m[K,
                 from [01m[K/usr/include/c++/11/memory:64[m[K,
                 from [01m[K/opt/ros/humble/include/rclcpp/rclcpp/rclcpp.hpp:153[m[K,
                 from [01m[K/home/albert/ag_arm_ws/src/arm_remote/src/task_server.cpp:1[m[K:
[01m[K/usr/include/c++/11/ext/new_allocator.h:190:9:[m[K [01;36m[Knote: [m[Kcandidate: ‘[01m[Ktemplate<class _Up> bool __gnu_cxx::operator!=(const __gnu_cxx::new_allocator<double>&, const __gnu_cxx::new_allocator<_Tp>&)[m[K’
  190 |         [01;36m[Koperator[m[K!=(const new_allocator&, const new_allocator<_Up>&)
      |         [01;36m[K^~~~~~~~[m[K
[01m[K/usr/include/c++/11/ext/new_allocator.h:190:9:[m[K [01;36m[Knote: [m[K  template argument deduction/substitution failed:
[01m[K/home/albert/ag_arm_ws/src/arm_remote/src/task_server.cpp:85:82:[m[K [01;36m[Knote: [m[K  ‘[01m[Kstd::vector<double, std::allocator<double> >[m[K’ is not derived from ‘[01m[Kconst __gnu_cxx::new_allocator<_Tp>[m[K’
   85 | up_->setStartState(*rail_move_group_->getCurrentState()) != [01;36m[Krail_joint_goal_[m[K)
      |                                                             [01;36m[K^~~~~~~~~~~~~~~~[m[K

In file included from [01m[K/usr/include/c++/11/bits/stl_algobase.h:64[m[K,
                 from [01m[K/usr/include/c++/11/memory:63[m[K,
                 from [01m[K/opt/ros/humble/include/rclcpp/rclcpp/rclcpp.hpp:153[m[K,
                 from [01m[K/home/albert/ag_arm_ws/src/arm_remote/src/task_server.cpp:1[m[K:
[01m[K/usr/include/c++/11/bits/stl_pair.h:496:5:[m[K [01;36m[Knote: [m[Kcandidate: ‘[01m[Ktemplate<class _T1, class _T2> constexpr bool std::operator!=(const std::pair<_T1, _T2>&, const std::pair<_T1, _T2>&)[m[K’
  496 |     [01;36m[Koperator[m[K!=(const pair<_T1, _T2>& __x, const pair<_T1, _T2>& __y)
      |     [01;36m[K^~~~~~~~[m[K
[01m[K/usr/include/c++/11/bits/stl_pair.h:496:5:[m[K [01;36m[Knote: [m[K  template argument deduction/substitution failed:
[01m[K/home/albert/ag_arm_ws/src/arm_remote/src/task_server.cpp:85:82:[m[K [01;36m[Knote: [m[K  mismatched types ‘[01m[Kconst std::pair<_T1, _T2>[m[K’ and ‘[01m[Kvoid[m[K’
   85 | up_->setStartState(*rail_move_group_->getCurrentState()) != [01;36m[Krail_joint_goal_[m[K)
      |                                                             [01;36m[K^~~~~~~~~~~~~~~~[m[K

In file included from [01m[K/usr/include/c++/11/bits/stl_algobase.h:67[m[K,
                 from [01m[K/usr/include/c++/11/memory:63[m[K,
                 from [01m[K/opt/ros/humble/include/rclcpp/rclcpp/rclcpp.hpp:153[m[K,
                 from [01m[K/home/albert/ag_arm_ws/src/arm_remote/src/task_server.cpp:1[m[K:
[01m[K/usr/include/c++/11/bits/stl_iterator.h:432:5:[m[K [01;36m[Knote: [m[Kcandidate: ‘[01m[Ktemplate<class _Iterator> constexpr bool std::operator!=(const std::reverse_iterator<_Iterator>&, const std::reverse_iterator<_Iterator>&)[m[K’
  432 |     [01;36m[Koperator[m[K!=(const reverse_iterator<_Iterator>& __x,
      |     [01;36m[K^~~~~~~~[m[K
[01m[K/usr/include/c++/11/bits/stl_iterator.h:432:5:[m[K [01;36m[Knote: [m[K  template argument deduction/substitution failed:
[01m[K/home/albert/ag_arm_ws/src/arm_remote/src/task_server.cpp:85:82:[m[K [01;36m[Knote: [m[K  mismatched types ‘[01m[Kconst std::reverse_iterator<_Iterator>[m[K’ and ‘[01m[Kvoid[m[K’
   85 | up_->setStartState(*rail_move_group_->getCurrentState()) != [01;36m[Krail_joint_goal_[m[K)
      |                                                             [01;36m[K^~~~~~~~~~~~~~~~[m[K

In file included from [01m[K/usr/include/c++/11/bits/stl_algobase.h:67[m[K,
                 from [01m[K/usr/include/c++/11/memory:63[m[K,
                 from [01m[K/opt/ros/humble/include/rclcpp/rclcpp/rclcpp.hpp:153[m[K,
                 from [01m[K/home/albert/ag_arm_ws/src/arm_remote/src/task_server.cpp:1[m[K:
[01m[K/usr/include/c++/11/bits/stl_iterator.h:471:5:[m[K [01;36m[Knote: [m[Kcandidate: ‘[01m[Ktemplate<class _IteratorL, class _IteratorR> constexpr bool std::operator!=(const std::reverse_iterator<_Iterator>&, const std::reverse_iterator<_IteratorR>&)[m[K’
  471 |     [01;36m[Koperator[m[K!=(const reverse_iterator<_IteratorL>& __x,
      |     [01;36m[K^~~~~~~~[m[K
[01m[K/usr/include/c++/11/bits/stl_iterator.h:471:5:[m[K [01;36m[Knote: [m[K  template argument deduction/substitution failed:
[01m[K/home/albert/ag_arm_ws/src/arm_remote/src/task_server.cpp:85:82:[m[K [01;36m[Knote: [m[K  mismatched types ‘[01m[Kconst std::reverse_iterator<_Iterator>[m[K’ and ‘[01m[Kvoid[m[K’
   85 | up_->setStartState(*rail_move_group_->getCurrentState()) != [01;36m[Krail_joint_goal_[m[K)
      |                                                             [01;36m[K^~~~~~~~~~~~~~~~[m[K

In file included from [01m[K/usr/include/c++/11/bits/stl_algobase.h:67[m[K,
                 from [01m[K/usr/include/c++/11/memory:63[m[K,
                 from [01m[K/opt/ros/humble/include/rclcpp/rclcpp/rclcpp.hpp:153[m[K,
                 from [01m[K/home/albert/ag_arm_ws/src/arm_remote/src/task_server.cpp:1[m[K:
[01m[K/usr/include/c++/11/bits/stl_iterator.h:1602:5:[m[K [01;36m[Knote: [m[Kcandidate: ‘[01m[Ktemplate<class _IteratorL, class _IteratorR> constexpr bool std::operator!=(const std::move_iterator<_IteratorL>&, const std::move_iterator<_IteratorR>&)[m[K’
 1602 |     [01;36m[Koperator[m[K!=(const move_iterator<_IteratorL>& __x,
      |     [01;36m[K^~~~~~~~[m[K
[01m[K/usr/include/c++/11/bits/stl_iterator.h:1602:5:[m[K [01;36m[Knote: [m[K  template argument deduction/substitution failed:
[01m[K/home/albert/ag_arm_ws/src/arm_remote/src/task_server.cpp:85:82:[m[K [01;36m[Knote: [m[K  mismatched types ‘[01m[Kconst std::move_iterator<_IteratorL>[m[K’ and ‘[01m[Kvoid[m[K’
   85 | up_->setStartState(*rail_move_group_->getCurrentState()) != [01;36m[Krail_joint_goal_[m[K)
      |                                                             [01;36m[K^~~~~~~~~~~~~~~~[m[K

In file included from [01m[K/usr/include/c++/11/bits/stl_algobase.h:67[m[K,
                 from [01m[K/usr/include/c++/11/memory:63[m[K,
                 from [01m[K/opt/ros/humble/include/rclcpp/rclcpp/rclcpp.hpp:153[m[K,
                 from [01m[K/home/albert/ag_arm_ws/src/arm_remote/src/task_server.cpp:1[m[K:
[01m[K/usr/include/c++/11/bits/stl_iterator.h:1661:5:[m[K [01;36m[Knote: [m[Kcandidate: ‘[01m[Ktemplate<class _Iterator> constexpr bool std::operator!=(const std::move_iterator<_IteratorL>&, const std::move_iterator<_IteratorL>&)[m[K’
 1661 |     [01;36m[Koperator[m[K!=(const move_iterator<_Iterator>& __x,
      |     [01;36m[K^~~~~~~~[m[K
[01m[K/usr/include/c++/11/bits/stl_iterator.h:1661:5:[m[K [01;36m[Knote: [m[K  template argument deduction/substitution failed:
[01m[K/home/albert/ag_arm_ws/src/arm_remote/src/task_server.cpp:85:82:[m[K [01;36m[Knote: [m[K  mismatched types ‘[01m[Kconst std::move_iterator<_IteratorL>[m[K’ and ‘[01m[Kvoid[m[K’
   85 | up_->setStartState(*rail_move_group_->getCurrentState()) != [01;36m[Krail_joint_goal_[m[K)
      |                                                             [01;36m[K^~~~~~~~~~~~~~~~[m[K

In file included from [01m[K/usr/include/c++/11/memory:64[m[K,
                 from [01m[K/opt/ros/humble/include/rclcpp/rclcpp/rclcpp.hpp:153[m[K,
                 from [01m[K/home/albert/ag_arm_ws/src/arm_remote/src/task_server.cpp:1[m[K:
[01m[K/usr/include/c++/11/bits/allocator.h:225:5:[m[K [01;36m[Knote: [m[Kcandidate: ‘[01m[Ktemplate<class _T1, class _T2> bool std::operator!=(const std::allocator<_Tp1>&, const std::allocator<_T2>&)[m[K’
  225 |     [01;36m[Koperator[m[K!=(const allocator<_T1>&, const allocator<_T2>&)
      |     [01;36m[K^~~~~~~~[m[K
[01m[K/usr/include/c++/11/bits/allocator.h:225:5:[m[K [01;36m[Knote: [m[K  template argument deduction/substitution failed:
[01m[K/home/albert/ag_arm_ws/src/arm_remote/src/task_server.cpp:85:82:[m[K [01;36m[Knote: [m[K  mismatched types ‘[01m[Kconst std::allocator<_Tp1>[m[K’ and ‘[01m[Kvoid[m[K’
   85 | up_->setStartState(*rail_move_group_->getCurrentState()) != [01;36m[Krail_joint_goal_[m[K)
      |                                                             [01;36m[K^~~~~~~~~~~~~~~~[m[K

In file included from [01m[K/usr/include/c++/11/tuple:39[m[K,
                 from [01m[K/usr/include/c++/11/bits/unique_ptr.h:37[m[K,
                 from [01m[K/usr/include/c++/11/memory:76[m[K,
                 from [01m[K/opt/ros/humble/include/rclcpp/rclcpp/rclcpp.hpp:153[m[K,
                 from [01m[K/home/albert/ag_arm_ws/src/arm_remote/src/task_server.cpp:1[m[K:
[01m[K/usr/include/c++/11/array:305:5:[m[K [01;36m[Knote: [m[Kcandidate: ‘[01m[Ktemplate<class _Tp, long unsigned int _Nm> bool std::operator!=(const std::array<_Tp, _Nm>&, const std::array<_Tp, _Nm>&)[m[K’
  305 |     [01;36m[Koperator[m[K!=(const array<_Tp, _Nm>& __one, const array<_Tp, _Nm>& __two)
      |     [01;36m[K^~~~~~~~[m[K
[01m[K/usr/include/c++/11/array:305:5:[m[K [01;36m[Knote: [m[K  template argument deduction/substitution failed:
[01m[K/home/albert/ag_arm_ws/src/arm_remote/src/task_server.cpp:85:82:[m[K [01;36m[Knote: [m[K  mismatched types ‘[01m[Kconst std::array<_Tp, _Nm>[m[K’ and ‘[01m[Kvoid[m[K’
   85 | up_->setStartState(*rail_move_group_->getCurrentState()) != [01;36m[Krail_joint_goal_[m[K)
      |                                                             [01;36m[K^~~~~~~~~~~~~~~~[m[K

In file included from [01m[K/usr/include/c++/11/bits/unique_ptr.h:37[m[K,
                 from [01m[K/usr/include/c++/11/memory:76[m[K,
                 from [01m[K/opt/ros/humble/include/rclcpp/rclcpp/rclcpp.hpp:153[m[K,
                 from [01m[K/home/albert/ag_arm_ws/src/arm_remote/src/task_server.cpp:1[m[K:
[01m[K/usr/include/c++/11/tuple:1579:5:[m[K [01;36m[Knote: [m[Kcandidate: ‘[01m[Ktemplate<class ... _TElements, class ... _UElements> constexpr bool std::operator!=(const std::tuple<_Tps ...>&, const std::tuple<_UTypes ...>&)[m[K’
 1579 |     [01;36m[Koperator[m[K!=(const tuple<_TElements...>& __t,
      |     [01;36m[K^~~~~~~~[m[K
[01m[K/usr/include/c++/11/tuple:1579:5:[m[K [01;36m[Knote: [m[K  template argument deduction/substitution failed:
[01m[K/home/albert/ag_arm_ws/src/arm_remote/src/task_server.cpp:85:82:[m[K [01;36m[Knote: [m[K  mismatched types ‘[01m[Kconst std::tuple<_Tps ...>[m[K’ and ‘[01m[Kvoid[m[K’
   85 | up_->setStartState(*rail_move_group_->getCurrentState()) != [01;36m[Krail_joint_goal_[m[K)
      |                                                             [01;36m[K^~~~~~~~~~~~~~~~[m[K

In file included from [01m[K/usr/include/c++/11/memory:76[m[K,
                 from [01m[K/opt/ros/humble/include/rclcpp/rclcpp/rclcpp.hpp:153[m[K,
                 from [01m[K/home/albert/ag_arm_ws/src/arm_remote/src/task_server.cpp:1[m[K:
[01m[K/usr/include/c++/11/bits/unique_ptr.h:774:5:[m[K [01;36m[Knote: [m[Kcandidate: ‘[01m[Ktemplate<class _Tp, class _Dp, class _Up, class _Ep> bool std::operator!=(const std::unique_ptr<_Tp, _Dp>&, const std::unique_ptr<_Up, _Ep>&)[m[K’
  774 |     [01;36m[Koperator[m[K!=(const unique_ptr<_Tp, _Dp>& __x,
      |     [01;36m[K^~~~~~~~[m[K
[01m[K/usr/include/c++/11/bits/unique_ptr.h:774:5:[m[K [01;36m[Knote: [m[K  template argument deduction/substitution failed:
[01m[K/home/albert/ag_arm_ws/src/arm_remote/src/task_server.cpp:85:82:[m[K [01;36m[Knote: [m[K  mismatched types ‘[01m[Kconst std::unique_ptr<_Tp, _Dp>[m[K’ and ‘[01m[Kvoid[m[K’
   85 | up_->setStartState(*rail_move_group_->getCurrentState()) != [01;36m[Krail_joint_goal_[m[K)
      |                                                             [01;36m[K^~~~~~~~~~~~~~~~[m[K

In file included from [01m[K/usr/include/c++/11/memory:76[m[K,
                 from [01m[K/opt/ros/humble/include/rclcpp/rclcpp/rclcpp.hpp:153[m[K,
                 from [01m[K/home/albert/ag_arm_ws/src/arm_remote/src/task_server.cpp:1[m[K:
[01m[K/usr/include/c++/11/bits/unique_ptr.h:781:5:[m[K [01;36m[Knote: [m[Kcandidate: ‘[01m[Ktemplate<class _Tp, class _Dp> bool std::operator!=(const std::unique_ptr<_Tp, _Dp>&, std::nullptr_t)[m[K’
  781 |     [01;36m[Koperator[m[K!=(const unique_ptr<_Tp, _Dp>& __x, nullptr_t) noexcept
      |     [01;36m[K^~~~~~~~[m[K
[01m[K/usr/include/c++/11/bits/unique_ptr.h:781:5:[m[K [01;36m[Knote: [m[K  template argument deduction/substitution failed:
[01m[K/home/albert/ag_arm_ws/src/arm_remote/src/task_server.cpp:85:82:[m[K [01;36m[Knote: [m[K  mismatched types ‘[01m[Kconst std::unique_ptr<_Tp, _Dp>[m[K’ and ‘[01m[Kvoid[m[K’
   85 | up_->setStartState(*rail_move_group_->getCurrentState()) != [01;36m[Krail_joint_goal_[m[K)
      |                                                             [01;36m[K^~~~~~~~~~~~~~~~[m[K

In file included from [01m[K/usr/include/c++/11/memory:76[m[K,
                 from [01m[K/opt/ros/humble/include/rclcpp/rclcpp/rclcpp.hpp:153[m[K,
                 from [01m[K/home/albert/ag_arm_ws/src/arm_remote/src/task_server.cpp:1[m[K:
[01m[K/usr/include/c++/11/bits/unique_ptr.h:787:5:[m[K [01;36m[Knote: [m[Kcandidate: ‘[01m[Ktemplate<class _Tp, class _Dp> bool std::operator!=(std::nullptr_t, const std::unique_ptr<_Tp, _Dp>&)[m[K’
  787 |     [01;36m[Koperator[m[K!=(nullptr_t, const unique_ptr<_Tp, _Dp>& __x) noexcept
      |     [01;36m[K^~~~~~~~[m[K
[01m[K/usr/include/c++/11/bits/unique_ptr.h:787:5:[m[K [01;36m[Knote: [m[K  template argument deduction/substitution failed:
[01m[K/home/albert/ag_arm_ws/src/arm_remote/src/task_server.cpp:85:82:[m[K [01;36m[Knote: [m[K  ‘[01m[Kstd::vector<double, std::allocator<double> >[m[K’ is not derived from ‘[01m[Kconst std::unique_ptr<_Tp, _Dp>[m[K’
   85 | up_->setStartState(*rail_move_group_->getCurrentState()) != [01;36m[Krail_joint_goal_[m[K)
      |                                                             [01;36m[K^~~~~~~~~~~~~~~~[m[K

In file included from [01m[K/usr/include/c++/11/iosfwd:40[m[K,
                 from [01m[K/usr/include/c++/11/bits/shared_ptr.h:52[m[K,
                 from [01m[K/usr/include/c++/11/memory:77[m[K,
                 from [01m[K/opt/ros/humble/include/rclcpp/rclcpp/rclcpp.hpp:153[m[K,
                 from [01m[K/home/albert/ag_arm_ws/src/arm_remote/src/task_server.cpp:1[m[K:
[01m[K/usr/include/c++/11/bits/postypes.h:227:5:[m[K [01;36m[Knote: [m[Kcandidate: ‘[01m[Ktemplate<class _StateT> bool std::operator!=(const std::fpos<_StateT>&, const std::fpos<_StateT>&)[m[K’
  227 |     [01;36m[Koperator[m[K!=(const fpos<_StateT>& __lhs, const fpos<_StateT>& __rhs)
      |     [01;36m[K^~~~~~~~[m[K
[01m[K/usr/include/c++/11/bits/postypes.h:227:5:[m[K [01;36m[Knote: [m[K  template argument deduction/substitution failed:
[01m[K/home/albert/ag_arm_ws/src/arm_remote/src/task_server.cpp:85:82:[m[K [01;36m[Knote: [m[K  mismatched types ‘[01m[Kconst std::fpos<_StateT>[m[K’ and ‘[01m[Kvoid[m[K’
   85 | up_->setStartState(*rail_move_group_->getCurrentState()) != [01;36m[Krail_joint_goal_[m[K)
      |                                                             [01;36m[K^~~~~~~~~~~~~~~~[m[K

In file included from [01m[K/usr/include/c++/11/bits/shared_ptr.h:53[m[K,
                 from [01m[K/usr/include/c++/11/memory:77[m[K,
                 from [01m[K/opt/ros/humble/include/rclcpp/rclcpp/rclcpp.hpp:153[m[K,
                 from [01m[K/home/albert/ag_arm_ws/src/arm_remote/src/task_server.cpp:1[m[K:
[01m[K/usr/include/c++/11/bits/shared_ptr_base.h:1441:5:[m[K [01;36m[Knote: [m[Kcandidate: ‘[01m[Ktemplate<class _Tp1, class _Tp2, __gnu_cxx::_Lock_policy _Lp> bool std::operator!=(const std::__shared_ptr<_Tp1, _Lp>&, const std::__shared_ptr<_Tp2, _Lp>&)[m[K’
 1441 |     [01;36m[Koperator[m[K!=(const __shared_ptr<_Tp1, _Lp>& __a,
      |     [01;36m[K^~~~~~~~[m[K
[01m[K/usr/include/c++/11/bits/shared_ptr_base.h:1441:5:[m[K [01;36m[Knote: [m[K  template argument deduction/substitution failed:
[01m[K/home/albert/ag_arm_ws/src/arm_remote/src/task_server.cpp:85:82:[m[K [01;36m[Knote: [m[K  mismatched types ‘[01m[Kconst std::__shared_ptr<_Tp1, _Lp>[m[K’ and ‘[01m[Kvoid[m[K’
   85 | up_->setStartState(*rail_move_group_->getCurrentState()) != [01;36m[Krail_joint_goal_[m[K)
      |                                                             [01;36m[K^~~~~~~~~~~~~~~~[m[K

In file included from [01m[K/usr/include/c++/11/bits/shared_ptr.h:53[m[K,
                 from [01m[K/usr/include/c++/11/memory:77[m[K,
                 from [01m[K/opt/ros/humble/include/rclcpp/rclcpp/rclcpp.hpp:153[m[K,
                 from [01m[K/home/albert/ag_arm_ws/src/arm_remote/src/task_server.cpp:1[m[K:
[01m[K/usr/include/c++/11/bits/shared_ptr_base.h:1447:5:[m[K [01;36m[Knote: [m[Kcandidate: ‘[01m[Ktemplate<class _Tp, __gnu_cxx::_Lock_policy _Lp> bool std::operator!=(const std::__shared_ptr<_Tp, _Lp>&, std::nullptr_t)[m[K’
 1447 |     [01;36m[Koperator[m[K!=(const __shared_ptr<_Tp, _Lp>& __a, nullptr_t) noexcept
      |     [01;36m[K^~~~~~~~[m[K
[01m[K/usr/include/c++/11/bits/shared_ptr_base.h:1447:5:[m[K [01;36m[Knote: [m[K  template argument deduction/substitution failed:
[01m[K/home/albert/ag_arm_ws/src/arm_remote/src/task_server.cpp:85:82:[m[K [01;36m[Knote: [m[K  mismatched types ‘[01m[Kconst std::__shared_ptr<_Tp, _Lp>[m[K’ and ‘[01m[Kvoid[m[K’
   85 | up_->setStartState(*rail_move_group_->getCurrentState()) != [01;36m[Krail_joint_goal_[m[K)
      |                                                             [01;36m[K^~~~~~~~~~~~~~~~[m[K

In file included from [01m[K/usr/include/c++/11/bits/shared_ptr.h:53[m[K,
                 from [01m[K/usr/include/c++/11/memory:77[m[K,
                 from [01m[K/opt/ros/humble/include/rclcpp/rclcpp/rclcpp.hpp:153[m[K,
                 from [01m[K/home/albert/ag_arm_ws/src/arm_remote/src/task_server.cpp:1[m[K:
[01m[K/usr/include/c++/11/bits/shared_ptr_base.h:1452:5:[m[K [01;36m[Knote: [m[Kcandidate: ‘[01m[Ktemplate<class _Tp, __gnu_cxx::_Lock_policy _Lp> bool std::operator!=(std::nullptr_t, const std::__shared_ptr<_Tp, _Lp>&)[m[K’
 1452 |     [01;36m[Koperator[m[K!=(nullptr_t, const __shared_ptr<_Tp, _Lp>& __a) noexcept
      |     [01;36m[K^~~~~~~~[m[K
[01m[K/usr/include/c++/11/bits/shared_ptr_base.h:1452:5:[m[K [01;36m[Knote: [m[K  template argument deduction/substitution failed:
[01m[K/home/albert/ag_arm_ws/src/arm_remote/src/task_server.cpp:85:82:[m[K [01;36m[Knote: [m[K  ‘[01m[Kstd::vector<double, std::allocator<double> >[m[K’ is not derived from ‘[01m[Kconst std::__shared_ptr<_Tp, _Lp>[m[K’
   85 | up_->setStartState(*rail_move_group_->getCurrentState()) != [01;36m[Krail_joint_goal_[m[K)
      |                                                             [01;36m[K^~~~~~~~~~~~~~~~[m[K

In file included from [01m[K/usr/include/c++/11/memory:77[m[K,
                 from [01m[K/opt/ros/humble/include/rclcpp/rclcpp/rclcpp.hpp:153[m[K,
                 from [01m[K/home/albert/ag_arm_ws/src/arm_remote/src/task_server.cpp:1[m[K:
[01m[K/usr/include/c++/11/bits/shared_ptr.h:470:5:[m[K [01;36m[Knote: [m[Kcandidate: ‘[01m[Ktemplate<class _Tp, class _Up> bool std::operator!=(const std::shared_ptr<_Tp>&, const std::shared_ptr<_Tp>&)[m[K’
  470 |     [01;36m[Koperator[m[K!=(const shared_ptr<_Tp>& __a, const shared_ptr<_Up>& __b) noexcept
      |     [01;36m[K^~~~~~~~[m[K
[01m[K/usr/include/c++/11/bits/shared_ptr.h:470:5:[m[K [01;36m[Knote: [m[K  template argument deduction/substitution failed:
[01m[K/home/albert/ag_arm_ws/src/arm_remote/src/task_server.cpp:85:82:[m[K [01;36m[Knote: [m[K  mismatched types ‘[01m[Kconst std::shared_ptr<_Tp>[m[K’ and ‘[01m[Kvoid[m[K’
   85 | up_->setStartState(*rail_move_group_->getCurrentState()) != [01;36m[Krail_joint_goal_[m[K)
      |                                                             [01;36m[K^~~~~~~~~~~~~~~~[m[K

In file included from [01m[K/usr/include/c++/11/memory:77[m[K,
                 from [01m[K/opt/ros/humble/include/rclcpp/rclcpp/rclcpp.hpp:153[m[K,
                 from [01m[K/home/albert/ag_arm_ws/src/arm_remote/src/task_server.cpp:1[m[K:
[01m[K/usr/include/c++/11/bits/shared_ptr.h:476:5:[m[K [01;36m[Knote: [m[Kcandidate: ‘[01m[Ktemplate<class _Tp> bool std::operator!=(const std::shared_ptr<_Tp>&, std::nullptr_t)[m[K’
  476 |     [01;36m[Koperator[m[K!=(const shared_ptr<_Tp>& __a, nullptr_t) noexcept
      |     [01;36m[K^~~~~~~~[m[K
[01m[K/usr/include/c++/11/bits/shared_ptr.h:476:5:[m[K [01;36m[Knote: [m[K  template argument deduction/substitution failed:
[01m[K/home/albert/ag_arm_ws/src/arm_remote/src/task_server.cpp:85:82:[m[K [01;36m[Knote: [m[K  mismatched types ‘[01m[Kconst std::shared_ptr<_Tp>[m[K’ and ‘[01m[Kvoid[m[K’
   85 | up_->setStartState(*rail_move_group_->getCurrentState()) != [01;36m[Krail_joint_goal_[m[K)
      |                                                             [01;36m[K^~~~~~~~~~~~~~~~[m[K

In file included from [01m[K/usr/include/c++/11/memory:77[m[K,
                 from [01m[K/opt/ros/humble/include/rclcpp/rclcpp/rclcpp.hpp:153[m[K,
                 from [01m[K/home/albert/ag_arm_ws/src/arm_remote/src/task_server.cpp:1[m[K:
[01m[K/usr/include/c++/11/bits/shared_ptr.h:482:5:[m[K [01;36m[Knote: [m[Kcandidate: ‘[01m[Ktemplate<class _Tp> bool std::operator!=(std::nullptr_t, const std::shared_ptr<_Tp>&)[m[K’
  482 |     [01;36m[Koperator[m[K!=(nullptr_t, const shared_ptr<_Tp>& __a) noexcept
      |     [01;36m[K^~~~~~~~[m[K
[01m[K/usr/include/c++/11/bits/shared_ptr.h:482:5:[m[K [01;36m[Knote: [m[K  template argument deduction/substitution failed:
[01m[K/home/albert/ag_arm_ws/src/arm_remote/src/task_server.cpp:85:82:[m[K [01;36m[Knote: [m[K  ‘[01m[Kstd::vector<double, std::allocator<double> >[m[K’ is not derived from ‘[01m[Kconst std::shared_ptr<_Tp>[m[K’
   85 | up_->setStartState(*rail_move_group_->getCurrentState()) != [01;36m[Krail_joint_goal_[m[K)
      |                                                             [01;36m[K^~~~~~~~~~~~~~~~[m[K

In file included from [01m[K/usr/include/c++/11/bits/basic_string.h:48[m[K,
                 from [01m[K/usr/include/c++/11/string:55[m[K,
                 from [01m[K/usr/include/c++/11/stdexcept:39[m[K,
                 from [01m[K/usr/include/c++/11/system_error:41[m[K,
                 from [01m[K/usr/include/c++/11/mutex:42[m[K,
                 from [01m[K/usr/include/c++/11/future:38[m[K,
                 from [01m[K/opt/ros/humble/include/rclcpp/rclcpp/executors.hpp:18[m[K,
                 from [01m[K/opt/ros/humble/include/rclcpp/rclcpp/rclcpp.hpp:155[m[K,
                 from [01m[K/home/albert/ag_arm_ws/src/arm_remote/src/task_server.cpp:1[m[K:
[01m[K/usr/include/c++/11/string_view:570:5:[m[K [01;36m[Knote: [m[Kcandidate: ‘[01m[Ktemplate<class _CharT, class _Traits> constexpr bool std::operator!=(std::basic_string_view<_CharT, _Traits>, std::basic_string_view<_CharT, _Traits>)[m[K’
  570 |     [01;36m[Koperator[m[K!=(basic_string_view<_CharT, _Traits> __x,
      |     [01;36m[K^~~~~~~~[m[K
[01m[K/usr/include/c++/11/string_view:570:5:[m[K [01;36m[Knote: [m[K  template argument deduction/substitution failed:
[01m[K/home/albert/ag_arm_ws/src/arm_remote/src/task_server.cpp:85:82:[m[K [01;36m[Knote: [m[K  mismatched types ‘[01m[Kstd::basic_string_view<_CharT, _Traits>[m[K’ and ‘[01m[Kvoid[m[K’
   85 | up_->setStartState(*rail_move_group_->getCurrentState()) != [01;36m[Krail_joint_goal_[m[K)
      |                                                             [01;36m[K^~~~~~~~~~~~~~~~[m[K

In file included from [01m[K/usr/include/c++/11/bits/basic_string.h:48[m[K,
                 from [01m[K/usr/include/c++/11/string:55[m[K,
                 from [01m[K/usr/include/c++/11/stdexcept:39[m[K,
                 from [01m[K/usr/include/c++/11/system_error:41[m[K,
                 from [01m[K/usr/include/c++/11/mutex:42[m[K,
                 from [01m[K/usr/include/c++/11/future:38[m[K,
                 from [01m[K/opt/ros/humble/include/rclcpp/rclcpp/executors.hpp:18[m[K,
                 from [01m[K/opt/ros/humble/include/rclcpp/rclcpp/rclcpp.hpp:155[m[K,
                 from [01m[K/home/albert/ag_arm_ws/src/arm_remote/src/task_server.cpp:1[m[K:
[01m[K/usr/include/c++/11/string_view:576:5:[m[K [01;36m[Knote: [m[Kcandidate: ‘[01m[Ktemplate<class _CharT, class _Traits> constexpr bool std::operator!=(std::basic_string_view<_CharT, _Traits>, std::__type_identity_t<std::basic_string_view<_CharT, _Traits> >)[m[K’
  576 |     [01;36m[Koperator[m[K!=(basic_string_view<_CharT, _Traits> __x,
      |     [01;36m[K^~~~~~~~[m[K
[01m[K/usr/include/c++/11/string_view:576:5:[m[K [01;36m[Knote: [m[K  template argument deduction/substitution failed:
[01m[K/home/albert/ag_arm_ws/src/arm_remote/src/task_server.cpp:85:82:[m[K [01;36m[Knote: [m[K  mismatched types ‘[01m[Kstd::basic_string_view<_CharT, _Traits>[m[K’ and ‘[01m[Kvoid[m[K’
   85 | up_->setStartState(*rail_move_group_->getCurrentState()) != [01;36m[Krail_joint_goal_[m[K)
      |                                                             [01;36m[K^~~~~~~~~~~~~~~~[m[K

In file included from [01m[K/usr/include/c++/11/bits/basic_string.h:48[m[K,
                 from [01m[K/usr/include/c++/11/string:55[m[K,
                 from [01m[K/usr/include/c++/11/stdexcept:39[m[K,
                 from [01m[K/usr/include/c++/11/system_error:41[m[K,
                 from [01m[K/usr/include/c++/11/mutex:42[m[K,
                 from [01m[K/usr/include/c++/11/future:38[m[K,
                 from [01m[K/opt/ros/humble/include/rclcpp/rclcpp/executors.hpp:18[m[K,
                 from [01m[K/opt/ros/humble/include/rclcpp/rclcpp/rclcpp.hpp:155[m[K,
                 from [01m[K/home/albert/ag_arm_ws/src/arm_remote/src/task_server.cpp:1[m[K:
[01m[K/usr/include/c++/11/string_view:583:5:[m[K [01;36m[Knote: [m[Kcandidate: ‘[01m[Ktemplate<class _CharT, class _Traits> constexpr bool std::operator!=(std::__type_identity_t<std::basic_string_view<_CharT, _Traits> >, std::basic_string_view<_CharT, _Traits>)[m[K’
  583 |     [01;36m[Koperator[m[K!=(__type_identity_t<basic_string_view<_CharT, _Traits>> __x,
      |     [01;36m[K^~~~~~~~[m[K
[01m[K/usr/include/c++/11/string_view:583:5:[m[K [01;36m[Knote: [m[K  template argument deduction/substitution failed:
[01m[K/home/albert/ag_arm_ws/src/arm_remote/src/task_server.cpp:85:82:[m[K [01;36m[Knote: [m[K  ‘[01m[Kstd::vector<double, std::allocator<double> >[m[K’ is not derived from ‘[01m[Kstd::basic_string_view<_CharT, _Traits>[m[K’
   85 | up_->setStartState(*rail_move_group_->getCurrentState()) != [01;36m[Krail_joint_goal_[m[K)
      |                                                             [01;36m[K^~~~~~~~~~~~~~~~[m[K

In file included from [01m[K/usr/include/c++/11/string:55[m[K,
                 from [01m[K/usr/include/c++/11/stdexcept:39[m[K,
                 from [01m[K/usr/include/c++/11/system_error:41[m[K,
                 from [01m[K/usr/include/c++/11/mutex:42[m[K,
                 from [01m[K/usr/include/c++/11/future:38[m[K,
                 from [01m[K/opt/ros/humble/include/rclcpp/rclcpp/executors.hpp:18[m[K,
                 from [01m[K/opt/ros/humble/include/rclcpp/rclcpp/rclcpp.hpp:155[m[K,
                 from [01m[K/home/albert/ag_arm_ws/src/arm_remote/src/task_server.cpp:1[m[K:
[01m[K/usr/include/c++/11/bits/basic_string.h:6302:5:[m[K [01;36m[Knote: [m[Kcandidate: ‘[01m[Ktemplate<class _CharT, class _Traits, class _Alloc> bool std::operator!=(const std::__cxx11::basic_string<_CharT, _Traits, _Allocator>&, const std::__cxx11::basic_string<_CharT, _Traits, _Allocator>&)[m[K’
 6302 |     [01;36m[Koperator[m[K!=(const basic_string<_CharT, _Traits, _Alloc>& __lhs,
      |     [01;36m[K^~~~~~~~[m[K
[01m[K/usr/include/c++/11/bits/basic_string.h:6302:5:[m[K [01;36m[Knote: [m[K  template argument deduction/substitution failed:
[01m[K/home/albert/ag_arm_ws/src/arm_remote/src/task_server.cpp:85:82:[m[K [01;36m[Knote: [m[K  mismatched types ‘[01m[Kconst std::__cxx11::basic_string<_CharT, _Traits, _Allocator>[m[K’ and ‘[01m[Kvoid[m[K’
   85 | up_->setStartState(*rail_move_group_->getCurrentState()) != [01;36m[Krail_joint_goal_[m[K)
      |                                                             [01;36m[K^~~~~~~~~~~~~~~~[m[K

In file included from [01m[K/usr/include/c++/11/string:55[m[K,
                 from [01m[K/usr/include/c++/11/stdexcept:39[m[K,
                 from [01m[K/usr/include/c++/11/system_error:41[m[K,
                 from [01m[K/usr/include/c++/11/mutex:42[m[K,
                 from [01m[K/usr/include/c++/11/future:38[m[K,
                 from [01m[K/opt/ros/humble/include/rclcpp/rclcpp/executors.hpp:18[m[K,
                 from [01m[K/opt/ros/humble/include/rclcpp/rclcpp/rclcpp.hpp:155[m[K,
                 from [01m[K/home/albert/ag_arm_ws/src/arm_remote/src/task_server.cpp:1[m[K:
[01m[K/usr/include/c++/11/bits/basic_string.h:6315:5:[m[K [01;36m[Knote: [m[Kcandidate: ‘[01m[Ktemplate<class _CharT, class _Traits, class _Alloc> bool std::operator!=(const _CharT*, const std::__cxx11::basic_string<_CharT, _Traits, _Allocator>&)[m[K’
 6315 |     [01;36m[Koperator[m[K!=(const _CharT* __lhs,
      |     [01;36m[K^~~~~~~~[m[K
[01m[K/usr/include/c++/11/bits/basic_string.h:6315:5:[m[K [01;36m[Knote: [m[K  template argument deduction/substitution failed:
[01m[K/home/albert/ag_arm_ws/src/arm_remote/src/task_server.cpp:85:82:[m[K [01;36m[Knote: [m[K  mismatched types ‘[01m[Kconst _CharT*[m[K’ and ‘[01m[Kvoid[m[K’
   85 | up_->setStartState(*rail_move_group_->getCurrentState()) != [01;36m[Krail_joint_goal_[m[K)
      |                                                             [01;36m[K^~~~~~~~~~~~~~~~[m[K

In file included from [01m[K/usr/include/c++/11/string:55[m[K,
                 from [01m[K/usr/include/c++/11/stdexcept:39[m[K,
                 from [01m[K/usr/include/c++/11/system_error:41[m[K,
                 from [01m[K/usr/include/c++/11/mutex:42[m[K,
                 from [01m[K/usr/include/c++/11/future:38[m[K,
                 from [01m[K/opt/ros/humble/include/rclcpp/rclcpp/executors.hpp:18[m[K,
                 from [01m[K/opt/ros/humble/include/rclcpp/rclcpp/rclcpp.hpp:155[m[K,
                 from [01m[K/home/albert/ag_arm_ws/src/arm_remote/src/task_server.cpp:1[m[K:
[01m[K/usr/include/c++/11/bits/basic_string.h:6327:5:[m[K [01;36m[Knote: [m[Kcandidate: ‘[01m[Ktemplate<class _CharT, class _Traits, class _Alloc> bool std::operator!=(const std::__cxx11::basic_string<_CharT, _Traits, _Allocator>&, const _CharT*)[m[K’
 6327 |     [01;36m[Koperator[m[K!=(const basic_string<_CharT, _Traits, _Alloc>& __lhs,
      |     [01;36m[K^~~~~~~~[m[K
[01m[K/usr/include/c++/11/bits/basic_string.h:6327:5:[m[K [01;36m[Knote: [m[K  template argument deduction/substitution failed:
[01m[K/home/albert/ag_arm_ws/src/arm_remote/src/task_server.cpp:85:82:[m[K [01;36m[Knote: [m[K  mismatched types ‘[01m[Kconst std::__cxx11::basic_string<_CharT, _Traits, _Allocator>[m[K’ and ‘[01m[Kvoid[m[K’
   85 | up_->setStartState(*rail_move_group_->getCurrentState()) != [01;36m[Krail_joint_goal_[m[K)
      |                                                             [01;36m[K^~~~~~~~~~~~~~~~[m[K

In file included from [01m[K/usr/include/c++/11/future:47[m[K,
                 from [01m[K/opt/ros/humble/include/rclcpp/rclcpp/executors.hpp:18[m[K,
                 from [01m[K/opt/ros/humble/include/rclcpp/rclcpp/rclcpp.hpp:155[m[K,
                 from [01m[K/home/albert/ag_arm_ws/src/arm_remote/src/task_server.cpp:1[m[K:
[01m[K/usr/include/c++/11/bits/std_function.h:737:5:[m[K [01;36m[Knote: [m[Kcandidate: ‘[01m[Ktemplate<class _Res, class ... _Args> bool std::operator!=(const std::function<_Res(_ArgTypes ...)>&, std::nullptr_t)[m[K’
  737 |     [01;36m[Koperator[m[K!=(const function<_Res(_Args...)>& __f, nullptr_t) noexcept
      |     [01;36m[K^~~~~~~~[m[K
[01m[K/usr/include/c++/11/bits/std_function.h:737:5:[m[K [01;36m[Knote: [m[K  template argument deduction/substitution failed:
[01m[K/home/albert/ag_arm_ws/src/arm_remote/src/task_server.cpp:85:82:[m[K [01;36m[Knote: [m[K  mismatched types ‘[01m[Kconst std::function<_Res(_ArgTypes ...)>[m[K’ and ‘[01m[Kvoid[m[K’
   85 | up_->setStartState(*rail_move_group_->getCurrentState()) != [01;36m[Krail_joint_goal_[m[K)
      |                                                             [01;36m[K^~~~~~~~~~~~~~~~[m[K

In file included from [01m[K/usr/include/c++/11/future:47[m[K,
                 from [01m[K/opt/ros/humble/include/rclcpp/rclcpp/executors.hpp:18[m[K,
                 from [01m[K/opt/ros/humble/include/rclcpp/rclcpp/rclcpp.hpp:155[m[K,
                 from [01m[K/home/albert/ag_arm_ws/src/arm_remote/src/task_server.cpp:1[m[K:
[01m[K/usr/include/c++/11/bits/std_function.h:743:5:[m[K [01;36m[Knote: [m[Kcandidate: ‘[01m[Ktemplate<class _Res, class ... _Args> bool std::operator!=(std::nullptr_t, const std::function<_Res(_ArgTypes ...)>&)[m[K’
  743 |     [01;36m[Koperator[m[K!=(nullptr_t, const function<_Res(_Args...)>& __f) noexcept
      |     [01;36m[K^~~~~~~~[m[K
[01m[K/usr/include/c++/11/bits/std_function.h:743:5:[m[K [01;36m[Knote: [m[K  template argument deduction/substitution failed:
[01m[K/home/albert/ag_arm_ws/src/arm_remote/src/task_server.cpp:85:82:[m[K [01;36m[Knote: [m[K  ‘[01m[Kstd::vector<double, std::allocator<double> >[m[K’ is not derived from ‘[01m[Kconst std::function<_Res(_ArgTypes ...)>[m[K’
   85 | up_->setStartState(*rail_move_group_->getCurrentState()) != [01;36m[Krail_joint_goal_[m[K)
      |                                                             [01;36m[K^~~~~~~~~~~~~~~~[m[K

In file included from [01m[K/usr/include/c++/11/set:61[m[K,
                 from [01m[K/opt/ros/humble/include/rclcpp/rclcpp/executors/multi_threaded_executor.hpp:21[m[K,
                 from [01m[K/opt/ros/humble/include/rclcpp/rclcpp/executors.hpp:21[m[K,
                 from [01m[K/opt/ros/humble/include/rclcpp/rclcpp/rclcpp.hpp:155[m[K,
                 from [01m[K/home/albert/ag_arm_ws/src/arm_remote/src/task_server.cpp:1[m[K:
[01m[K/usr/include/c++/11/bits/stl_set.h:1030:5:[m[K [01;36m[Knote: [m[Kcandidate: ‘[01m[Ktemplate<class _Key, class _Compare, class _Alloc> bool std::operator!=(const std::set<_Key, _Compare, _Allocator>&, const std::set<_Key, _Compare, _Allocator>&)[m[K’
 1030 |     [01;36m[Koperator[m[K!=(const set<_Key, _Compare, _Alloc>& __x,
      |     [01;36m[K^~~~~~~~[m[K
[01m[K/usr/include/c++/11/bits/stl_set.h:1030:5:[m[K [01;36m[Knote: [m[K  template argument deduction/substitution failed:
[01m[K/home/albert/ag_arm_ws/src/arm_remote/src/task_server.cpp:85:82:[m[K [01;36m[Knote: [m[K  mismatched types ‘[01m[Kconst std::set<_Key, _Compare, _Allocator>[m[K’ and ‘[01m[Kvoid[m[K’
   85 | up_->setStartState(*rail_move_group_->getCurrentState()) != [01;36m[Krail_joint_goal_[m[K)
      |                                                             [01;36m[K^~~~~~~~~~~~~~~~[m[K

In file included from [01m[K/usr/include/c++/11/set:62[m[K,
                 from [01m[K/opt/ros/humble/include/rclcpp/rclcpp/executors/multi_threaded_executor.hpp:21[m[K,
                 from [01m[K/opt/ros/humble/include/rclcpp/rclcpp/executors.hpp:21[m[K,
                 from [01m[K/opt/ros/humble/include/rclcpp/rclcpp/rclcpp.hpp:155[m[K,
                 from [01m[K/home/albert/ag_arm_ws/src/arm_remote/src/task_server.cpp:1[m[K:
[01m[K/usr/include/c++/11/bits/stl_multiset.h:1016:5:[m[K [01;36m[Knote: [m[Kcandidate: ‘[01m[Ktemplate<class _Key, class _Compare, class _Alloc> bool std::operator!=(const std::multiset<_Key, _Compare, _Allocator>&, const std::multiset<_Key, _Compare, _Allocator>&)[m[K’
 1016 |     [01;36m[Koperator[m[K!=(const multiset<_Key, _Compare, _Alloc>& __x,
      |     [01;36m[K^~~~~~~~[m[K
[01m[K/usr/include/c++/11/bits/stl_multiset.h:1016:5:[m[K [01;36m[Knote: [m[K  template argument deduction/substitution failed:
[01m[K/home/albert/ag_arm_ws/src/arm_remote/src/task_server.cpp:85:82:[m[K [01;36m[Knote: [m[K  mismatched types ‘[01m[Kconst std::multiset<_Key, _Compare, _Allocator>[m[K’ and ‘[01m[Kvoid[m[K’
   85 | up_->setStartState(*rail_move_group_->getCurrentState()) != [01;36m[Krail_joint_goal_[m[K)
      |                                                             [01;36m[K^~~~~~~~~~~~~~~~[m[K

In file included from [01m[K/usr/include/c++/11/unordered_map:47[m[K,
                 from [01m[K/opt/ros/humble/include/rclcpp/rclcpp/executors/multi_threaded_executor.hpp:23[m[K,
                 from [01m[K/opt/ros/humble/include/rclcpp/rclcpp/executors.hpp:21[m[K,
                 from [01m[K/opt/ros/humble/include/rclcpp/rclcpp/rclcpp.hpp:155[m[K,
                 from [01m[K/home/albert/ag_arm_ws/src/arm_remote/src/task_server.cpp:1[m[K:
[01m[K/usr/include/c++/11/bits/unordered_map.h:2141:5:[m[K [01;36m[Knote: [m[Kcandidate: ‘[01m[Ktemplate<class _Key, class _Tp, class _Hash, class _Pred, class _Alloc> bool std::operator!=(const std::unordered_map<_Key1, _Tp1, _Hash1, _Pred1, _Alloc1>&, const std::unordered_map<_Key1, _Tp1, _Hash1, _Pred1, _Alloc1>&)[m[K’
 2141 |     [01;36m[Koperator[m[K!=(const unordered_map<_Key, _Tp, _Hash, _Pred, _Alloc>& __x,
      |     [01;36m[K^~~~~~~~[m[K
[01m[K/usr/include/c++/11/bits/unordered_map.h:2141:5:[m[K [01;36m[Knote: [m[K  template argument deduction/substitution failed:
[01m[K/home/albert/ag_arm_ws/src/arm_remote/src/task_server.cpp:85:82:[m[K [01;36m[Knote: [m[K  mismatched types ‘[01m[Kconst std::unordered_map<_Key1, _Tp1, _Hash1, _Pred1, _Alloc1>[m[K’ and ‘[01m[Kvoid[m[K’
   85 | up_->setStartState(*rail_move_group_->getCurrentState()) != [01;36m[Krail_joint_goal_[m[K)
      |                                                             [01;36m[K^~~~~~~~~~~~~~~~[m[K

In file included from [01m[K/usr/include/c++/11/unordered_map:47[m[K,
                 from [01m[K/opt/ros/humble/include/rclcpp/rclcpp/executors/multi_threaded_executor.hpp:23[m[K,
                 from [01m[K/opt/ros/humble/include/rclcpp/rclcpp/executors.hpp:21[m[K,
                 from [01m[K/opt/ros/humble/include/rclcpp/rclcpp/rclcpp.hpp:155[m[K,
                 from [01m[K/home/albert/ag_arm_ws/src/arm_remote/src/task_server.cpp:1[m[K:
[01m[K/usr/include/c++/11/bits/unordered_map.h:2155:5:[m[K [01;36m[Knote: [m[Kcandidate: ‘[01m[Ktemplate<class _Key, class _Tp, class _Hash, class _Pred, class _Alloc> bool std::operator!=(const std::unordered_multimap<_Key1, _Tp1, _Hash1, _Pred1, _Alloc1>&, const std::unordered_multimap<_Key1, _Tp1, _Hash1, _Pred1, _Alloc1>&)[m[K’
 2155 |     [01;36m[Koperator[m[K!=(const unordered_multimap<_Key, _Tp, _Hash, _Pred, _Alloc>& __x,
      |     [01;36m[K^~~~~~~~[m[K
[01m[K/usr/include/c++/11/bits/unordered_map.h:2155:5:[m[K [01;36m[Knote: [m[K  template argument deduction/substitution failed:
[01m[K/home/albert/ag_arm_ws/src/arm_remote/src/task_server.cpp:85:82:[m[K [01;36m[Knote: [m[K  mismatched types ‘[01m[Kconst std::unordered_multimap<_Key1, _Tp1, _Hash1, _Pred1, _Alloc1>[m[K’ and ‘[01m[Kvoid[m[K’
   85 | up_->setStartState(*rail_move_group_->getCurrentState()) != [01;36m[Krail_joint_goal_[m[K)
      |                                                             [01;36m[K^~~~~~~~~~~~~~~~[m[K

In file included from [01m[K/usr/include/c++/11/vector:67[m[K,
                 from [01m[K/usr/include/c++/11/functional:62[m[K,
                 from [01m[K/usr/include/c++/11/pstl/glue_algorithm_defs.h:13[m[K,
                 from [01m[K/usr/include/c++/11/algorithm:74[m[K,
                 from [01m[K/opt/ros/humble/include/rclcpp/rclcpp/executor.hpp:18[m[K,
                 from [01m[K/opt/ros/humble/include/rclcpp/rclcpp/executors/multi_threaded_executor.hpp:25[m[K,
                 from [01m[K/opt/ros/humble/include/rclcpp/rclcpp/executors.hpp:21[m[K,
                 from [01m[K/opt/ros/humble/include/rclcpp/rclcpp/rclcpp.hpp:155[m[K,
                 from [01m[K/home/albert/ag_arm_ws/src/arm_remote/src/task_server.cpp:1[m[K:
[01m[K/usr/include/c++/11/bits/stl_vector.h:1937:5:[m[K [01;36m[Knote: [m[Kcandidate: ‘[01m[Ktemplate<class _Tp, class _Alloc> bool std::operator!=(const std::vector<_Tp, _Alloc>&, const std::vector<_Tp, _Alloc>&)[m[K’
 1937 |     [01;36m[Koperator[m[K!=(const vector<_Tp, _Alloc>& __x, const vector<_Tp, _Alloc>& __y)
      |     [01;36m[K^~~~~~~~[m[K
[01m[K/usr/include/c++/11/bits/stl_vector.h:1937:5:[m[K [01;36m[Knote: [m[K  template argument deduction/substitution failed:
[01m[K/home/albert/ag_arm_ws/src/arm_remote/src/task_server.cpp:85:82:[m[K [01;36m[Knote: [m[K  mismatched types ‘[01m[Kconst std::vector<_Tp, _Alloc>[m[K’ and ‘[01m[Kvoid[m[K’
   85 | up_->setStartState(*rail_move_group_->getCurrentState()) != [01;36m[Krail_joint_goal_[m[K)
      |                                                             [01;36m[K^~~~~~~~~~~~~~~~[m[K

In file included from [01m[K/usr/include/c++/11/bits/locale_facets.h:48[m[K,
                 from [01m[K/usr/include/c++/11/bits/basic_ios.h:37[m[K,
                 from [01m[K/usr/include/c++/11/ios:44[m[K,
                 from [01m[K/usr/include/c++/11/ostream:38[m[K,
                 from [01m[K/usr/include/c++/11/iostream:39[m[K,
                 from [01m[K/opt/ros/humble/include/rclcpp/rclcpp/executor.hpp:22[m[K,
                 from [01m[K/opt/ros/humble/include/rclcpp/rclcpp/executors/multi_threaded_executor.hpp:25[m[K,
                 from [01m[K/opt/ros/humble/include/rclcpp/rclcpp/executors.hpp:21[m[K,
                 from [01m[K/opt/ros/humble/include/rclcpp/rclcpp/rclcpp.hpp:155[m[K,
                 from [01m[K/home/albert/ag_arm_ws/src/arm_remote/src/task_server.cpp:1[m[K:
[01m[K/usr/include/c++/11/bits/streambuf_iterator.h:232:5:[m[K [01;36m[Knote: [m[Kcandidate: ‘[01m[Ktemplate<class _CharT, class _Traits> bool std::operator!=(const std::istreambuf_iterator<_CharT, _Traits>&, const std::istreambuf_iterator<_CharT, _Traits>&)[m[K’
  232 |     [01;36m[Koperator[m[K!=(const istreambuf_iterator<_CharT, _Traits>& __a,
      |     [01;36m[K^~~~~~~~[m[K
[01m[K/usr/include/c++/11/bits/streambuf_iterator.h:232:5:[m[K [01;36m[Knote: [m[K  template argument deduction/substitution failed:
[01m[K/home/albert/ag_arm_ws/src/arm_remote/src/task_server.cpp:85:82:[m[K [01;36m[Knote: [m[K  mismatched types ‘[01m[Kconst std::istreambuf_iterator<_CharT, _Traits>[m[K’ and ‘[01m[Kvoid[m[K’
   85 | up_->setStartState(*rail_move_group_->getCurrentState()) != [01;36m[Krail_joint_goal_[m[K)
      |                                                             [01;36m[K^~~~~~~~~~~~~~~~[m[K

In file included from [01m[K/usr/include/c++/11/list:63[m[K,
                 from [01m[K/opt/ros/humble/include/rclcpp/rclcpp/executor.hpp:23[m[K,
                 from [01m[K/opt/ros/humble/include/rclcpp/rclcpp/executors/multi_threaded_executor.hpp:25[m[K,
                 from [01m[K/opt/ros/humble/include/rclcpp/rclcpp/executors.hpp:21[m[K,
                 from [01m[K/opt/ros/humble/include/rclcpp/rclcpp/rclcpp.hpp:155[m[K,
                 from [01m[K/home/albert/ag_arm_ws/src/arm_remote/src/task_server.cpp:1[m[K:
[01m[K/usr/include/c++/11/bits/stl_list.h:2092:5:[m[K [01;36m[Knote: [m[Kcandidate: ‘[01m[Ktemplate<class _Tp, class _Alloc> bool std::operator!=(const std::__cxx11::list<_Tp, _Alloc>&, const std::__cxx11::list<_Tp, _Alloc>&)[m[K’
 2092 |     [01;36m[Koperator[m[K!=(const list<_Tp, _Alloc>& __x, const list<_Tp, _Alloc>& __y)
      |     [01;36m[K^~~~~~~~[m[K
[01m[K/usr/include/c++/11/bits/stl_list.h:2092:5:[m[K [01;36m[Knote: [m[K  template argument deduction/substitution failed:
[01m[K/home/albert/ag_arm_ws/src/arm_remote/src/task_server.cpp:85:82:[m[K [01;36m[Knote: [m[K  mismatched types ‘[01m[Kconst std::__cxx11::list<_Tp, _Alloc>[m[K’ and ‘[01m[Kvoid[m[K’
   85 | up_->setStartState(*rail_move_group_->getCurrentState()) != [01;36m[Krail_joint_goal_[m[K)
      |                                                             [01;36m[K^~~~~~~~~~~~~~~~[m[K

In file included from [01m[K/usr/include/c++/11/map:61[m[K,
                 from [01m[K/opt/ros/humble/include/rclcpp/rclcpp/executor.hpp:24[m[K,
                 from [01m[K/opt/ros/humble/include/rclcpp/rclcpp/executors/multi_threaded_executor.hpp:25[m[K,
                 from [01m[K/opt/ros/humble/include/rclcpp/rclcpp/executors.hpp:21[m[K,
                 from [01m[K/opt/ros/humble/include/rclcpp/rclcpp/rclcpp.hpp:155[m[K,
                 from [01m[K/home/albert/ag_arm_ws/src/arm_remote/src/task_server.cpp:1[m[K:
[01m[K/usr/include/c++/11/bits/stl_map.h:1508:5:[m[K [01;36m[Knote: [m[Kcandidate: ‘[01m[Ktemplate<class _Key, class _Tp, class _Compare, class _Alloc> bool std::operator!=(const std::map<_Key, _Tp, _Compare, _Allocator>&, const std::map<_Key, _Tp, _Compare, _Allocator>&)[m[K’
 1508 |     [01;36m[Koperator[m[K!=(const map<_Key, _Tp, _Compare, _Alloc>& __x,
      |     [01;36m[K^~~~~~~~[m[K
[01m[K/usr/include/c++/11/bits/stl_map.h:1508:5:[m[K [01;36m[Knote: [m[K  template argument deduction/substitution failed:
[01m[K/home/albert/ag_arm_ws/src/arm_remote/src/task_server.cpp:85:82:[m[K [01;36m[Knote: [m[K  mismatched types ‘[01m[Kconst std::map<_Key, _Tp, _Compare, _Allocator>[m[K’ and ‘[01m[Kvoid[m[K’
   85 | up_->setStartState(*rail_move_group_->getCurrentState()) != [01;36m[Krail_joint_goal_[m[K)
      |                                                             [01;36m[K^~~~~~~~~~~~~~~~[m[K

In file included from [01m[K/usr/include/c++/11/map:62[m[K,
                 from [01m[K/opt/ros/humble/include/rclcpp/rclcpp/executor.hpp:24[m[K,
                 from [01m[K/opt/ros/humble/include/rclcpp/rclcpp/executors/multi_threaded_executor.hpp:25[m[K,
                 from [01m[K/opt/ros/humble/include/rclcpp/rclcpp/executors.hpp:21[m[K,
                 from [01m[K/opt/ros/humble/include/rclcpp/rclcpp/rclcpp.hpp:155[m[K,
                 from [01m[K/home/albert/ag_arm_ws/src/arm_remote/src/task_server.cpp:1[m[K:
[01m[K/usr/include/c++/11/bits/stl_multimap.h:1173:5:[m[K [01;36m[Knote: [m[Kcandidate: ‘[01m[Ktemplate<class _Key, class _Tp, class _Compare, class _Alloc> bool std::operator!=(const std::multimap<_Key, _Tp, _Compare, _Allocator>&, const std::multimap<_Key, _Tp, _Compare, _Allocator>&)[m[K’
 1173 |     [01;36m[Koperator[m[K!=(const multimap<_Key, _Tp, _Compare, _Alloc>& __x,
      |     [01;36m[K^~~~~~~~[m[K
[01m[K/usr/include/c++/11/bits/stl_multimap.h:1173:5:[m[K [01;36m[Knote: [m[K  template argument deduction/substitution failed:
[01m[K/home/albert/ag_arm_ws/src/arm_remote/src/task_server.cpp:85:82:[m[K [01;36m[Knote: [m[K  mismatched types ‘[01m[Kconst std::multimap<_Key, _Tp, _Compare, _Allocator>[m[K’ and ‘[01m[Kvoid[m[K’
   85 | up_->setStartState(*rail_move_group_->getCurrentState()) != [01;36m[Krail_joint_goal_[m[K)
      |                                                             [01;36m[K^~~~~~~~~~~~~~~~[m[K

In file included from [01m[K/usr/include/c++/11/unordered_set:47[m[K,
                 from [01m[K/opt/ros/humble/include/rclcpp/rclcpp/context.hpp:26[m[K,
                 from [01m[K/opt/ros/humble/include/rclcpp/rclcpp/executor.hpp:34[m[K,
                 from [01m[K/opt/ros/humble/include/rclcpp/rclcpp/executors/multi_threaded_executor.hpp:25[m[K,
                 from [01m[K/opt/ros/humble/include/rclcpp/rclcpp/executors.hpp:21[m[K,
                 from [01m[K/opt/ros/humble/include/rclcpp/rclcpp/rclcpp.hpp:155[m[K,
                 from [01m[K/home/albert/ag_arm_ws/src/arm_remote/src/task_server.cpp:1[m[K:
[01m[K/usr/include/c++/11/bits/unordered_set.h:1811:5:[m[K [01;36m[Knote: [m[Kcandidate: ‘[01m[Ktemplate<class _Value, class _Hash, class _Pred, class _Alloc> bool std::operator!=(const std::unordered_set<_Value1, _Hash1, _Pred1, _Alloc1>&, const std::unordered_set<_Value1, _Hash1, _Pred1, _Alloc1>&)[m[K’
 1811 |     [01;36m[Koperator[m[K!=(const unordered_set<_Value, _Hash, _Pred, _Alloc>& __x,
      |     [01;36m[K^~~~~~~~[m[K
[01m[K/usr/include/c++/11/bits/unordered_set.h:1811:5:[m[K [01;36m[Knote: [m[K  template argument deduction/substitution failed:
[01m[K/home/albert/ag_arm_ws/src/arm_remote/src/task_server.cpp:85:82:[m[K [01;36m[Knote: [m[K  mismatched types ‘[01m[Kconst std::unordered_set<_Value1, _Hash1, _Pred1, _Alloc1>[m[K’ and ‘[01m[Kvoid[m[K’
   85 | up_->setStartState(*rail_move_group_->getCurrentState()) != [01;36m[Krail_joint_goal_[m[K)
      |                                                             [01;36m[K^~~~~~~~~~~~~~~~[m[K

In file included from [01m[K/usr/include/c++/11/unordered_set:47[m[K,
                 from [01m[K/opt/ros/humble/include/rclcpp/rclcpp/context.hpp:26[m[K,
                 from [01m[K/opt/ros/humble/include/rclcpp/rclcpp/executor.hpp:34[m[K,
                 from [01m[K/opt/ros/humble/include/rclcpp/rclcpp/executors/multi_threaded_executor.hpp:25[m[K,
                 from [01m[K/opt/ros/humble/include/rclcpp/rclcpp/executors.hpp:21[m[K,
                 from [01m[K/opt/ros/humble/include/rclcpp/rclcpp/rclcpp.hpp:155[m[K,
                 from [01m[K/home/albert/ag_arm_ws/src/arm_remote/src/task_server.cpp:1[m[K:
[01m[K/usr/include/c++/11/bits/unordered_set.h:1825:5:[m[K [01;36m[Knote: [m[Kcandidate: ‘[01m[Ktemplate<class _Value, class _Hash, class _Pred, class _Alloc> bool std::operator!=(const std::unordered_multiset<_Value1, _Hash1, _Pred1, _Alloc1>&, const std::unordered_multiset<_Value1, _Hash1, _Pred1, _Alloc1>&)[m[K’
 1825 |     [01;36m[Koperator[m[K!=(const unordered_multiset<_Value, _Hash, _Pred, _Alloc>& __x,
      |     [01;36m[K^~~~~~~~[m[K
[01m[K/usr/include/c++/11/bits/unordered_set.h:1825:5:[m[K [01;36m[Knote: [m[K  template argument deduction/substitution failed:
[01m[K/home/albert/ag_arm_ws/src/arm_remote/src/task_server.cpp:85:82:[m[K [01;36m[Knote: [m[K  mismatched types ‘[01m[Kconst std::unordered_multiset<_Value1, _Hash1, _Pred1, _Alloc1>[m[K’ and ‘[01m[Kvoid[m[K’
   85 | up_->setStartState(*rail_move_group_->getCurrentState()) != [01;36m[Krail_joint_goal_[m[K)
      |                                                             [01;36m[K^~~~~~~~~~~~~~~~[m[K

In file included from [01m[K/opt/ros/humble/include/rclcpp/rclcpp/client.hpp:23[m[K,
                 from [01m[K/opt/ros/humble/include/rclcpp/rclcpp/callback_group.hpp:24[m[K,
                 from [01m[K/opt/ros/humble/include/rclcpp/rclcpp/any_executable.hpp:20[m[K,
                 from [01m[K/opt/ros/humble/include/rclcpp/rclcpp/memory_strategy.hpp:25[m[K,
                 from [01m[K/opt/ros/humble/include/rclcpp/rclcpp/memory_strategies.hpp:18[m[K,
                 from [01m[K/opt/ros/humble/include/rclcpp/rclcpp/executor_options.hpp:20[m[K,
                 from [01m[K/opt/ros/humble/include/rclcpp/rclcpp/executor.hpp:37[m[K,
                 from [01m[K/opt/ros/humble/include/rclcpp/rclcpp/executors/multi_threaded_executor.hpp:25[m[K,
                 from [01m[K/opt/ros/humble/include/rclcpp/rclcpp/executors.hpp:21[m[K,
                 from [01m[K/opt/ros/humble/include/rclcpp/rclcpp/rclcpp.hpp:155[m[K,
                 from [01m[K/home/albert/ag_arm_ws/src/arm_remote/src/task_server.cpp:1[m[K:
[01m[K/usr/include/c++/11/optional:1054:5:[m[K [01;36m[Knote: [m[Kcandidate: ‘[01m[Ktemplate<class _Tp, class _Up> constexpr std::__optional_ne_t<_Tp, _Up> std::operator!=(const std::optional<_Tp>&, const std::optional<_Up>&)[m[K’
 1054 |     [01;36m[Koperator[m[K!=(const optional<_Tp>& __lhs, const optional<_Up>& __rhs)
      |     [01;36m[K^~~~~~~~[m[K
[01m[K/usr/include/c++/11/optional:1054:5:[m[K [01;36m[Knote: [m[K  template argument deduction/substitution failed:
[01m[K/home/albert/ag_arm_ws/src/arm_remote/src/task_server.cpp:85:82:[m[K [01;36m[Knote: [m[K  mismatched types ‘[01m[Kconst std::optional<_Tp>[m[K’ and ‘[01m[Kvoid[m[K’
   85 | up_->setStartState(*rail_move_group_->getCurrentState()) != [01;36m[Krail_joint_goal_[m[K)
      |                                                             [01;36m[K^~~~~~~~~~~~~~~~[m[K

In file included from [01m[K/opt/ros/humble/include/rclcpp/rclcpp/client.hpp:23[m[K,
                 from [01m[K/opt/ros/humble/include/rclcpp/rclcpp/callback_group.hpp:24[m[K,
                 from [01m[K/opt/ros/humble/include/rclcpp/rclcpp/any_executable.hpp:20[m[K,
                 from [01m[K/opt/ros/humble/include/rclcpp/rclcpp/memory_strategy.hpp:25[m[K,
                 from [01m[K/opt/ros/humble/include/rclcpp/rclcpp/memory_strategies.hpp:18[m[K,
                 from [01m[K/opt/ros/humble/include/rclcpp/rclcpp/executor_options.hpp:20[m[K,
                 from [01m[K/opt/ros/humble/include/rclcpp/rclcpp/executor.hpp:37[m[K,
                 from [01m[K/opt/ros/humble/include/rclcpp/rclcpp/executors/multi_threaded_executor.hpp:25[m[K,
                 from [01m[K/opt/ros/humble/include/rclcpp/rclcpp/executors.hpp:21[m[K,
                 from [01m[K/opt/ros/humble/include/rclcpp/rclcpp/rclcpp.hpp:155[m[K,
                 from [01m[K/home/albert/ag_arm_ws/src/arm_remote/src/task_server.cpp:1[m[K:
[01m[K/usr/include/c++/11/optional:1121:5:[m[K [01;36m[Knote: [m[Kcandidate: ‘[01m[Ktemplate<class _Tp> constexpr bool std::operator!=(const std::optional<_Tp>&, std::nullopt_t)[m[K’
 1121 |     [01;36m[Koperator[m[K!=(const optional<_Tp>& __lhs, nullopt_t) noexcept
      |     [01;36m[K^~~~~~~~[m[K
[01m[K/usr/include/c++/11/optional:1121:5:[m[K [01;36m[Knote: [m[K  template argument deduction/substitution failed:
[01m[K/home/albert/ag_arm_ws/src/arm_remote/src/task_server.cpp:85:82:[m[K [01;36m[Knote: [m[K  mismatched types ‘[01m[Kconst std::optional<_Tp>[m[K’ and ‘[01m[Kvoid[m[K’
   85 | up_->setStartState(*rail_move_group_->getCurrentState()) != [01;36m[Krail_joint_goal_[m[K)
      |                                                             [01;36m[K^~~~~~~~~~~~~~~~[m[K

In file included from [01m[K/opt/ros/humble/include/rclcpp/rclcpp/client.hpp:23[m[K,
                 from [01m[K/opt/ros/humble/include/rclcpp/rclcpp/callback_group.hpp:24[m[K,
                 from [01m[K/opt/ros/humble/include/rclcpp/rclcpp/any_executable.hpp:20[m[K,
                 from [01m[K/opt/ros/humble/include/rclcpp/rclcpp/memory_strategy.hpp:25[m[K,
                 from [01m[K/opt/ros/humble/include/rclcpp/rclcpp/memory_strategies.hpp:18[m[K,
                 from [01m[K/opt/ros/humble/include/rclcpp/rclcpp/executor_options.hpp:20[m[K,
                 from [01m[K/opt/ros/humble/include/rclcpp/rclcpp/executor.hpp:37[m[K,
                 from [01m[K/opt/ros/humble/include/rclcpp/rclcpp/executors/multi_threaded_executor.hpp:25[m[K,
                 from [01m[K/opt/ros/humble/include/rclcpp/rclcpp/executors.hpp:21[m[K,
                 from [01m[K/opt/ros/humble/include/rclcpp/rclcpp/rclcpp.hpp:155[m[K,
                 from [01m[K/home/albert/ag_arm_ws/src/arm_remote/src/task_server.cpp:1[m[K:
[01m[K/usr/include/c++/11/optional:1126:5:[m[K [01;36m[Knote: [m[Kcandidate: ‘[01m[Ktemplate<class _Tp> constexpr bool std::operator!=(std::nullopt_t, const std::optional<_Tp>&)[m[K’
 1126 |     [01;36m[Koperator[m[K!=(nullopt_t, const optional<_Tp>& __rhs) noexcept
      |     [01;36m[K^~~~~~~~[m[K
[01m[K/usr/include/c++/11/optional:1126:5:[m[K [01;36m[Knote: [m[K  template argument deduction/substitution failed:
[01m[K/home/albert/ag_arm_ws/src/arm_remote/src/task_server.cpp:85:82:[m[K [01;36m[Knote: [m[K  ‘[01m[Kstd::vector<double, std::allocator<double> >[m[K’ is not derived from ‘[01m[Kconst std::optional<_Tp>[m[K’
   85 | up_->setStartState(*rail_move_group_->getCurrentState()) != [01;36m[Krail_joint_goal_[m[K)
      |                                                             [01;36m[K^~~~~~~~~~~~~~~~[m[K

In file included from [01m[K/opt/ros/humble/include/rclcpp/rclcpp/client.hpp:23[m[K,
                 from [01m[K/opt/ros/humble/include/rclcpp/rclcpp/callback_group.hpp:24[m[K,
                 from [01m[K/opt/ros/humble/include/rclcpp/rclcpp/any_executable.hpp:20[m[K,
                 from [01m[K/opt/ros/humble/include/rclcpp/rclcpp/memory_strategy.hpp:25[m[K,
                 from [01m[K/opt/ros/humble/include/rclcpp/rclcpp/memory_strategies.hpp:18[m[K,
                 from [01m[K/opt/ros/humble/include/rclcpp/rclcpp/executor_options.hpp:20[m[K,
                 from [01m[K/opt/ros/humble/include/rclcpp/rclcpp/executor.hpp:37[m[K,
                 from [01m[K/opt/ros/humble/include/rclcpp/rclcpp/executors/multi_threaded_executor.hpp:25[m[K,
                 from [01m[K/opt/ros/humble/include/rclcpp/rclcpp/executors.hpp:21[m[K,
                 from [01m[K/opt/ros/humble/include/rclcpp/rclcpp/rclcpp.hpp:155[m[K,
                 from [01m[K/home/albert/ag_arm_ws/src/arm_remote/src/task_server.cpp:1[m[K:
[01m[K/usr/include/c++/11/optional:1185:5:[m[K [01;36m[Knote: [m[Kcandidate: ‘[01m[Ktemplate<class _Tp, class _Up> constexpr std::__optional_ne_t<_Tp, _Up> std::operator!=(const std::optional<_Tp>&, const _Up&)[m[K’
 1185 |     [01;36m[Koperator[m[K!=(const optional<_Tp>& __lhs, const _Up& __rhs)
      |     [01;36m[K^~~~~~~~[m[K
[01m[K/usr/include/c++/11/optional:1185:5:[m[K [01;36m[Knote: [m[K  template argument deduction/substitution failed:
[01m[K/home/albert/ag_arm_ws/src/arm_remote/src/task_server.cpp:85:82:[m[K [01;36m[Knote: [m[K  mismatched types ‘[01m[Kconst std::optional<_Tp>[m[K’ and ‘[01m[Kvoid[m[K’
   85 | up_->setStartState(*rail_move_group_->getCurrentState()) != [01;36m[Krail_joint_goal_[m[K)
      |                                                             [01;36m[K^~~~~~~~~~~~~~~~[m[K

In file included from [01m[K/opt/ros/humble/include/rclcpp/rclcpp/client.hpp:23[m[K,
                 from [01m[K/opt/ros/humble/include/rclcpp/rclcpp/callback_group.hpp:24[m[K,
                 from [01m[K/opt/ros/humble/include/rclcpp/rclcpp/any_executable.hpp:20[m[K,
                 from [01m[K/opt/ros/humble/include/rclcpp/rclcpp/memory_strategy.hpp:25[m[K,
                 from [01m[K/opt/ros/humble/include/rclcpp/rclcpp/memory_strategies.hpp:18[m[K,
                 from [01m[K/opt/ros/humble/include/rclcpp/rclcpp/executor_options.hpp:20[m[K,
                 from [01m[K/opt/ros/humble/include/rclcpp/rclcpp/executor.hpp:37[m[K,
                 from [01m[K/opt/ros/humble/include/rclcpp/rclcpp/executors/multi_threaded_executor.hpp:25[m[K,
                 from [01m[K/opt/ros/humble/include/rclcpp/rclcpp/executors.hpp:21[m[K,
                 from [01m[K/opt/ros/humble/include/rclcpp/rclcpp/rclcpp.hpp:155[m[K,
                 from [01m[K/home/albert/ag_arm_ws/src/arm_remote/src/task_server.cpp:1[m[K:
[01m[K/usr/include/c++/11/optional:1191:5:[m[K [01;36m[Knote: [m[Kcandidate: ‘[01m[Ktemplate<class _Tp, class _Up> constexpr std::__optional_ne_t<_Up, _Tp> std::operator!=(const _Up&, const std::optional<_Tp>&)[m[K’
 1191 |     [01;36m[Koperator[m[K!=(const _Up& __lhs, const optional<_Tp>& __rhs)
      |     [01;36m[K^~~~~~~~[m[K
[01m[K/usr/include/c++/11/optional:1191:5:[m[K [01;36m[Knote: [m[K  template argument deduction/substitution failed:
[01m[K/home/albert/ag_arm_ws/src/arm_remote/src/task_server.cpp:85:82:[m[K [01;36m[Knote: [m[K  ‘[01m[Kstd::vector<double, std::allocator<double> >[m[K’ is not derived from ‘[01m[Kconst std::optional<_Tp>[m[K’
   85 | up_->setStartState(*rail_move_group_->getCurrentState()) != [01;36m[Krail_joint_goal_[m[K)
      |                                                             [01;36m[K^~~~~~~~~~~~~~~~[m[K

In file included from [01m[K/opt/ros/humble/include/rclcpp/rclcpp/client.hpp:28[m[K,
                 from [01m[K/opt/ros/humble/include/rclcpp/rclcpp/callback_group.hpp:24[m[K,
                 from [01m[K/opt/ros/humble/include/rclcpp/rclcpp/any_executable.hpp:20[m[K,
                 from [01m[K/opt/ros/humble/include/rclcpp/rclcpp/memory_strategy.hpp:25[m[K,
                 from [01m[K/opt/ros/humble/include/rclcpp/rclcpp/memory_strategies.hpp:18[m[K,
                 from [01m[K/opt/ros/humble/include/rclcpp/rclcpp/executor_options.hpp:20[m[K,
                 from [01m[K/opt/ros/humble/include/rclcpp/rclcpp/executor.hpp:37[m[K,
                 from [01m[K/opt/ros/humble/include/rclcpp/rclcpp/executors/multi_threaded_executor.hpp:25[m[K,
                 from [01m[K/opt/ros/humble/include/rclcpp/rclcpp/executors.hpp:21[m[K,
                 from [01m[K/opt/ros/humble/include/rclcpp/rclcpp/rclcpp.hpp:155[m[K,
                 from [01m[K/home/albert/ag_arm_ws/src/arm_remote/src/task_server.cpp:1[m[K:
[01m[K/usr/include/c++/11/variant:1233:3:[m[K [01;36m[Knote: [m[Kcandidate: ‘[01m[Ktemplate<class ... _Types> constexpr bool std::operator!=(const std::variant<_Types ...>&, const std::variant<_Types ...>&)[m[K’
 1233 |   [01;36m[K_VARIANT_RELATION_FUNCTION_TEMPLATE[m[K(!=, not_equal)
      |   [01;36m[K^~~~~~~~~~~~~~~~~~~~~~~~~~~~~~~~~~~[m[K
[01m[K/usr/include/c++/11/variant:1233:3:[m[K [01;36m[Knote: [m[K  template argument deduction/substitution failed:
[01m[K/home/albert/ag_arm_ws/src/arm_remote/src/task_server.cpp:85:82:[m[K [01;36m[Knote: [m[K  mismatched types ‘[01m[Kconst std::variant<_Types ...>[m[K’ and ‘[01m[Kvoid[m[K’
   85 | up_->setStartState(*rail_move_group_->getCurrentState()) != [01;36m[Krail_joint_goal_[m[K)
      |                                                             [01;36m[K^~~~~~~~~~~~~~~~[m[K

In file included from [01m[K/usr/include/eigen3/Eigen/Core:50[m[K,
                 from [01m[K/usr/include/eigen3/Eigen/Geometry:11[m[K,
                 from [01m[K/home/albert/ws_moveit2/install/moveit_core/include/moveit/robot_model/joint_model.h:46[m[K,
                 from [01m[K/home/albert/ws_moveit2/install/moveit_core/include/moveit/robot_model/joint_model_group.h:40[m[K,
                 from [01m[K/home/albert/ws_moveit2/install/moveit_core/include/moveit/robot_model/robot_model.h:45[m[K,
                 from [01m[K/home/albert/ws_moveit2/install/moveit_core/include/moveit/robot_state/robot_state.h:40[m[K,
                 from [01m[K/home/albert/ws_moveit2/install/moveit_ros_planning_interface/include/moveit/move_group_interface/move_group_interface.h:41[m[K,
                 from [01m[K/home/albert/ag_arm_ws/src/arm_remote/src/task_server.cpp:5[m[K:
[01m[K/usr/include/c++/11/complex:483:5:[m[K [01;36m[Knote: [m[Kcandidate: ‘[01m[Ktemplate<class _Tp> constexpr bool std::operator!=(const std::complex<_Tp>&, const std::complex<_Tp>&)[m[K’
  483 |     [01;36m[Koperator[m[K!=(const complex<_Tp>& __x, const complex<_Tp>& __y)
      |     [01;36m[K^~~~~~~~[m[K
[01m[K/usr/include/c++/11/complex:483:5:[m[K [01;36m[Knote: [m[K  template argument deduction/substitution failed:
[01m[K/home/albert/ag_arm_ws/src/arm_remote/src/task_server.cpp:85:82:[m[K [01;36m[Knote: [m[K  mismatched types ‘[01m[Kconst std::complex<_Tp>[m[K’ and ‘[01m[Kvoid[m[K’
   85 | up_->setStartState(*rail_move_group_->getCurrentState()) != [01;36m[Krail_joint_goal_[m[K)
      |                                                             [01;36m[K^~~~~~~~~~~~~~~~[m[K

In file included from [01m[K/usr/include/eigen3/Eigen/Core:50[m[K,
                 from [01m[K/usr/include/eigen3/Eigen/Geometry:11[m[K,
                 from [01m[K/home/albert/ws_moveit2/install/moveit_core/include/moveit/robot_model/joint_model.h:46[m[K,
                 from [01m[K/home/albert/ws_moveit2/install/moveit_core/include/moveit/robot_model/joint_model_group.h:40[m[K,
                 from [01m[K/home/albert/ws_moveit2/install/moveit_core/include/moveit/robot_model/robot_model.h:45[m[K,
                 from [01m[K/home/albert/ws_moveit2/install/moveit_core/include/moveit/robot_state/robot_state.h:40[m[K,
                 from [01m[K/home/albert/ws_moveit2/install/moveit_ros_planning_interface/include/moveit/move_group_interface/move_group_interface.h:41[m[K,
                 from [01m[K/home/albert/ag_arm_ws/src/arm_remote/src/task_server.cpp:5[m[K:
[01m[K/usr/include/c++/11/complex:488:5:[m[K [01;36m[Knote: [m[Kcandidate: ‘[01m[Ktemplate<class _Tp> constexpr bool std::operator!=(const std::complex<_Tp>&, const _Tp&)[m[K’
  488 |     [01;36m[Koperator[m[K!=(const complex<_Tp>& __x, const _Tp& __y)
      |     [01;36m[K^~~~~~~~[m[K
[01m[K/usr/include/c++/11/complex:488:5:[m[K [01;36m[Knote: [m[K  template argument deduction/substitution failed:
[01m[K/home/albert/ag_arm_ws/src/arm_remote/src/task_server.cpp:85:82:[m[K [01;36m[Knote: [m[K  mismatched types ‘[01m[Kconst std::complex<_Tp>[m[K’ and ‘[01m[Kvoid[m[K’
   85 | up_->setStartState(*rail_move_group_->getCurrentState()) != [01;36m[Krail_joint_goal_[m[K)
      |                                                             [01;36m[K^~~~~~~~~~~~~~~~[m[K

In file included from [01m[K/usr/include/eigen3/Eigen/Core:50[m[K,
                 from [01m[K/usr/include/eigen3/Eigen/Geometry:11[m[K,
                 from [01m[K/home/albert/ws_moveit2/install/moveit_core/include/moveit/robot_model/joint_model.h:46[m[K,
                 from [01m[K/home/albert/ws_moveit2/install/moveit_core/include/moveit/robot_model/joint_model_group.h:40[m[K,
                 from [01m[K/home/albert/ws_moveit2/install/moveit_core/include/moveit/robot_model/robot_model.h:45[m[K,
                 from [01m[K/home/albert/ws_moveit2/install/moveit_core/include/moveit/robot_state/robot_state.h:40[m[K,
                 from [01m[K/home/albert/ws_moveit2/install/moveit_ros_planning_interface/include/moveit/move_group_interface/move_group_interface.h:41[m[K,
                 from [01m[K/home/albert/ag_arm_ws/src/arm_remote/src/task_server.cpp:5[m[K:
[01m[K/usr/include/c++/11/complex:493:5:[m[K [01;36m[Knote: [m[Kcandidate: ‘[01m[Ktemplate<class _Tp> constexpr bool std::operator!=(const _Tp&, const std::complex<_Tp>&)[m[K’
  493 |     [01;36m[Koperator[m[K!=(const _Tp& __x, const complex<_Tp>& __y)
      |     [01;36m[K^~~~~~~~[m[K
[01m[K/usr/include/c++/11/complex:493:5:[m[K [01;36m[Knote: [m[K  template argument deduction/substitution failed:
[01m[K/home/albert/ag_arm_ws/src/arm_remote/src/task_server.cpp:85:82:[m[K [01;36m[Knote: [m[K  ‘[01m[Kstd::vector<double, std::allocator<double> >[m[K’ is not derived from ‘[01m[Kconst std::complex<_Tp>[m[K’
   85 | up_->setStartState(*rail_move_group_->getCurrentState()) != [01;36m[Krail_joint_goal_[m[K)
      |                                                             [01;36m[K^~~~~~~~~~~~~~~~[m[K

In file included from [01m[K/usr/include/c++/11/memory:64[m[K,
                 from [01m[K/opt/ros/humble/include/rclcpp/rclcpp/rclcpp.hpp:153[m[K,
                 from [01m[K/home/albert/ag_arm_ws/src/arm_remote/src/task_server.cpp:1[m[K:
[01m[K/usr/include/c++/11/bits/allocator.h:209:7:[m[K [01;36m[Knote: [m[Kcandidate: ‘[01m[Kbool std::operator!=(const std::allocator<double>&, const std::allocator<double>&)[m[K’
  209 |       [01;36m[Koperator[m[K!=(const allocator&, const allocator&) _GLIBCXX_NOTHROW
      |       [01;36m[K^~~~~~~~[m[K
[01m[K/usr/include/c++/11/bits/allocator.h:209:18:[m[K [01;36m[Knote: [m[K  no known conversion for argument 1 from ‘[01m[Kvoid[m[K’ to ‘[01m[Kconst std::allocator<double>&[m[K’
  209 |       operator!=([01;36m[Kconst allocator&[m[K, const allocator&) _GLIBCXX_NOTHROW
      |                  [01;36m[K^~~~~~~~~~~~~~~~[m[K
In file included from [01m[K/usr/include/c++/11/mutex:42[m[K,
                 from [01m[K/usr/include/c++/11/future:38[m[K,
                 from [01m[K/opt/ros/humble/include/rclcpp/rclcpp/executors.hpp:18[m[K,
                 from [01m[K/opt/ros/humble/include/rclcpp/rclcpp/rclcpp.hpp:155[m[K,
                 from [01m[K/home/albert/ag_arm_ws/src/arm_remote/src/task_server.cpp:1[m[K:
[01m[K/usr/include/c++/11/system_error:416:3:[m[K [01;36m[Knote: [m[Kcandidate: ‘[01m[Kbool std::operator!=(const std::error_code&, const std::error_code&)[m[K’
  416 |   [01;36m[Koperator[m[K!=(const error_code& __lhs, const error_code& __rhs) noexcept
      |   [01;36m[K^~~~~~~~[m[K
[01m[K/usr/include/c++/11/system_error:416:32:[m[K [01;36m[Knote: [m[K  no known conversion for argument 1 from ‘[01m[Kvoid[m[K’ to ‘[01m[Kconst std::error_code&[m[K’
  416 |   operator!=([01;36m[Kconst error_code& __lhs[m[K, const error_code& __rhs) noexcept
      |              [01;36m[K~~~~~~~~~~~~~~~~~~^~~~~[m[K
[01m[K/usr/include/c++/11/system_error:421:3:[m[K [01;36m[Knote: [m[Kcandidate: ‘[01m[Kbool std::operator!=(const std::error_code&, const std::error_condition&)[m[K’
  421 |   [01;36m[Koperator[m[K!=(const error_code& __lhs, const error_condition& __rhs) noexcept
      |   [01;36m[K^~~~~~~~[m[K
[01m[K/usr/include/c++/11/system_error:421:32:[m[K [01;36m[Knote: [m[K  no known conversion for argument 1 from ‘[01m[Kvoid[m[K’ to ‘[01m[Kconst std::error_code&[m[K’
  421 |   operator!=([01;36m[Kconst error_code& __lhs[m[K, const error_condition& __rhs) noexcept
      |              [01;36m[K~~~~~~~~~~~~~~~~~~^~~~~[m[K
[01m[K/usr/include/c++/11/system_error:426:3:[m[K [01;36m[Knote: [m[Kcandidate: ‘[01m[Kbool std::operator!=(const std::error_condition&, const std::error_code&)[m[K’
  426 |   [01;36m[Koperator[m[K!=(const error_condition& __lhs, const error_code& __rhs) noexcept
      |   [01;36m[K^~~~~~~~[m[K
[01m[K/usr/include/c++/11/system_error:426:37:[m[K [01;36m[Knote: [m[K  no known conversion for argument 1 from ‘[01m[Kvoid[m[K’ to ‘[01m[Kconst std::error_condition&[m[K’
  426 |   operator!=([01;36m[Kconst error_condition& __lhs[m[K, const error_code& __rhs) noexcept
      |              [01;36m[K~~~~~~~~~~~~~~~~~~~~~~~^~~~~[m[K
[01m[K/usr/include/c++/11/system_error:431:3:[m[K [01;36m[Knote: [m[Kcandidate: ‘[01m[Kbool std::operator!=(const std::error_condition&, const std::error_condition&)[m[K’
  431 |   [01;36m[Koperator[m[K!=(const error_condition& __lhs,
      |   [01;36m[K^~~~~~~~[m[K
[01m[K/usr/include/c++/11/system_error:431:37:[m[K [01;36m[Knote: [m[K  no known conversion for argument 1 from ‘[01m[Kvoid[m[K’ to ‘[01m[Kconst std::error_condition&[m[K’
  431 |   operator!=([01;36m[Kconst error_condition& __lhs[m[K,
      |              [01;36m[K~~~~~~~~~~~~~~~~~~~~~~~^~~~~[m[K
In file included from [01m[K/opt/ros/humble/include/rclcpp/rclcpp/executors/multi_threaded_executor.hpp:22[m[K,
                 from [01m[K/opt/ros/humble/include/rclcpp/rclcpp/executors.hpp:21[m[K,
                 from [01m[K/opt/ros/humble/include/rclcpp/rclcpp/rclcpp.hpp:155[m[K,
                 from [01m[K/home/albert/ag_arm_ws/src/arm_remote/src/task_server.cpp:1[m[K:
[01m[K/usr/include/c++/11/thread:66:3:[m[K [01;36m[Knote: [m[Kcandidate: ‘[01m[Kbool std::operator!=(std::thread::id, std::thread::id)[m[K’
   66 |   [01;36m[Koperator[m[K!=(thread::id __x, thread::id __y) noexcept
      |   [01;36m[K^~~~~~~~[m[K
[01m[K/usr/include/c++/11/thread:66:25:[m[K [01;36m[Knote: [m[K  no known conversion for argument 1 from ‘[01m[Kvoid[m[K’ to ‘[01m[Kstd::thread::id[m[K’
   66 |   operator!=([01;36m[Kthread::id __x[m[K, thread::id __y) noexcept
      |              [01;36m[K~~~~~~~~~~~^~~[m[K
In file included from [01m[K/opt/ros/humble/include/rclcpp/rclcpp/client.hpp:28[m[K,
                 from [01m[K/opt/ros/humble/include/rclcpp/rclcpp/callback_group.hpp:24[m[K,
                 from [01m[K/opt/ros/humble/include/rclcpp/rclcpp/any_executable.hpp:20[m[K,
                 from [01m[K/opt/ros/humble/include/rclcpp/rclcpp/memory_strategy.hpp:25[m[K,
                 from [01m[K/opt/ros/humble/include/rclcpp/rclcpp/memory_strategies.hpp:18[m[K,
                 from [01m[K/opt/ros/humble/include/rclcpp/rclcpp/executor_options.hpp:20[m[K,
                 from [01m[K/opt/ros/humble/include/rclcpp/rclcpp/executor.hpp:37[m[K,
                 from [01m[K/opt/ros/humble/include/rclcpp/rclcpp/executors/multi_threaded_executor.hpp:25[m[K,
                 from [01m[K/opt/ros/humble/include/rclcpp/rclcpp/executors.hpp:21[m[K,
                 from [01m[K/opt/ros/humble/include/rclcpp/rclcpp/rclcpp.hpp:155[m[K,
                 from [01m[K/home/albert/ag_arm_ws/src/arm_remote/src/task_server.cpp:1[m[K:
[01m[K/usr/include/c++/11/variant:1271:18:[m[K [01;36m[Knote: [m[Kcandidate: ‘[01m[Kconstexpr bool std::operator!=(std::monostate, std::monostate)[m[K’
 1271 |   constexpr bool [01;36m[Koperator[m[K!=(monostate, monostate) noexcept { return false; }
      |                  [01;36m[K^~~~~~~~[m[K
[01m[K/usr/include/c++/11/variant:1271:29:[m[K [01;36m[Knote: [m[K  no known conversion for argument 1 from ‘[01m[Kvoid[m[K’ to ‘[01m[Kstd::monostate[m[K’
 1271 |   constexpr bool operator!=([01;36m[Kmonostate[m[K, monostate) noexcept { return false; }
      |                             [01;36m[K^~~~~~~~~[m[K
[01m[K/home/albert/ag_arm_ws/src/arm_remote/src/task_server.cpp:91:25:[m[K [01;31m[Kerror: [m[Kinvalid initialization of reference of type ‘[01m[Kconst nanoseconds&[m[K’ {aka ‘[01m[Kconst std::chrono::duration<long int, std::ratio<1, 1000000000> >&[m[K’} from expression of type ‘[01m[Krclcpp::Duration[m[K’
   91 |       rclcpp::sleep_for([01;31m[Kduration[m[K);
      |                         [01;31m[K^~~~~~~~[m[K
In file included from [01m[K/opt/ros/humble/include/rclcpp/rclcpp/logging.hpp:25[m[K,
                 from [01m[K/opt/ros/humble/include/rclcpp/rclcpp/client.hpp:40[m[K,
                 from [01m[K/opt/ros/humble/include/rclcpp/rclcpp/callback_group.hpp:24[m[K,
                 from [01m[K/opt/ros/humble/include/rclcpp/rclcpp/any_executable.hpp:20[m[K,
                 from [01m[K/opt/ros/humble/include/rclcpp/rclcpp/memory_strategy.hpp:25[m[K,
                 from [01m[K/opt/ros/humble/include/rclcpp/rclcpp/memory_strategies.hpp:18[m[K,
                 from [01m[K/opt/ros/humble/include/rclcpp/rclcpp/executor_options.hpp:20[m[K,
                 from [01m[K/opt/ros/humble/include/rclcpp/rclcpp/executor.hpp:37[m[K,
                 from [01m[K/opt/ros/humble/include/rclcpp/rclcpp/executors/multi_threaded_executor.hpp:25[m[K,
                 from [01m[K/opt/ros/humble/include/rclcpp/rclcpp/executors.hpp:21[m[K,
                 from [01m[K/opt/ros/humble/include/rclcpp/rclcpp/rclcpp.hpp:155[m[K,
                 from [01m[K/home/albert/ag_arm_ws/src/arm_remote/src/task_server.cpp:1[m[K:
[01m[K/opt/ros/humble/include/rclcpp/rclcpp/utilities.hpp:233:36:[m[K [01;36m[Knote: [m[Kin passing argument 1 of ‘[01m[Kbool rclcpp::sleep_for(const nanoseconds&, rclcpp::Context::SharedPtr)[m[K’
  233 |   [01;36m[Kconst std::chrono::nanoseconds & nanoseconds[m[K,
      |   [01;36m[K~~~~~~~~~~~~~~~~~~~~~~~~~~~~~~~~~^~~~~~~~~~~[m[K
In file included from [01m[K/opt/ros/humble/include/class_loader/class_loader/class_loader.hpp:56[m[K,
                 from [01m[K/opt/ros/humble/include/rclcpp_components/rclcpp_components/register_node_macro.hpp:18[m[K,
                 from [01m[K/home/albert/ag_arm_ws/src/arm_remote/src/task_server.cpp:3[m[K:
[01m[K/home/albert/ag_arm_ws/src/arm_remote/src/task_server.cpp:[m[K At global scope:
[01m[K/home/albert/ag_arm_ws/src/arm_remote/src/task_server.cpp:187:33:[m[K [01;31m[Kerror: [m[K‘[01m[Karm_remote[m[K’ was not declared in this scope
  187 | RCLCPP_COMPONENTS_REGISTER_NODE([01;31m[Karm_remote[m[K::TaskServer)
      |                                 [01;31m[K^~~~~~~~~~[m[K
[01m[K/home/albert/ag_arm_ws/src/arm_remote/src/task_server.cpp:187:1:[m[K [01;31m[Kerror: [m[Ktemplate argument 1 is invalid
  187 | [01;31m[KRCLCPP_COMPONENTS_REGISTER_NODE[m[K(arm_remote::TaskServer)
      | [01;31m[K^~~~~~~~~~~~~~~~~~~~~~~~~~~~~~~[m[K
In file included from [01m[K/opt/ros/humble/include/class_loader/class_loader/class_loader_core.hpp:57[m[K,
                 from [01m[K/opt/ros/humble/include/class_loader/class_loader/class_loader.hpp:55[m[K,
                 from [01m[K/opt/ros/humble/include/rclcpp_components/rclcpp_components/register_node_macro.hpp:18[m[K,
                 from [01m[K/home/albert/ag_arm_ws/src/arm_remote/src/task_server.cpp:3[m[K:
/opt/ros/humble/include/class_loader/class_loader/meta_object.hpp: In instantiation of ‘[01m[KB* class_loader::impl::MetaObject<C, B>::create() const [with C = int; B = rclcpp_components::NodeFactory][m[K’:
[01m[K/opt/ros/humble/include/class_loader/class_loader/meta_object.hpp:216:7:[m[K   required from here
[01m[K/opt/ros/humble/include/class_loader/class_loader/meta_object.hpp:218:12:[m[K [01;31m[Kerror: [m[Kcannot convert ‘[01m[Kint*[m[K’ to ‘[01m[Krclcpp_components::NodeFactory*[m[K’ in return
  218 |     return [01;31m[Knew C[m[K;
      |            [01;31m[K^~~~~[m[K
      |            [01;31m[K|[m[K
      |            [01;31m[Kint*[m[K
gmake[2]: *** [CMakeFiles/task_server.dir/build.make:76: CMakeFiles/task_server.dir/src/task_server.cpp.o] Error 1
gmake[1]: *** [CMakeFiles/Makefile2:142: CMakeFiles/task_server.dir/all] Error 2
gmake: *** [Makefile:146: all] Error 2
