[1.442s] Invoking command in '/home/albert/ag_arm_ws/src/arm_py': PYTHONPATH=/home/albert/ag_arm_ws/build/arm_py/prefix_override:/usr/lib/python3/dist-packages/colcon_core/task/python/colcon_distutils_commands:/home/albert/ag_arm_ws/install/arm_py/lib/python3.10/site-packages:${PYTHONPATH} /usr/bin/python3 -W ignore:setup.py install is deprecated -W ignore:easy_install command is deprecated setup.py egg_info --egg-base ../../build/arm_py build --build-base /home/albert/ag_arm_ws/build/arm_py/build install --record /home/albert/ag_arm_ws/build/arm_py/install.log --single-version-externally-managed install_data
[1.973s] running egg_info
[1.974s] writing ../../build/arm_py/arm_py.egg-info/PKG-INFO
[1.974s] writing dependency_links to ../../build/arm_py/arm_py.egg-info/dependency_links.txt
[1.975s] writing entry points to ../../build/arm_py/arm_py.egg-info/entry_points.txt
[1.975s] writing requirements to ../../build/arm_py/arm_py.egg-info/requires.txt
[1.975s] writing top-level names to ../../build/arm_py/arm_py.egg-info/top_level.txt
[1.979s] reading manifest file '../../build/arm_py/arm_py.egg-info/SOURCES.txt'
[1.981s] writing manifest file '../../build/arm_py/arm_py.egg-info/SOURCES.txt'
[1.981s] running build
[1.981s] running build_py
[1.981s] running install
[1.982s] running install_lib
[1.985s] running install_data
[1.985s] running install_egg_info
[1.989s] removing '/home/albert/ag_arm_ws/install/arm_py/lib/python3.10/site-packages/arm_py-0.0.0-py3.10.egg-info' (and everything under it)
[1.990s] Copying ../../build/arm_py/arm_py.egg-info to /home/albert/ag_arm_ws/install/arm_py/lib/python3.10/site-packages/arm_py-0.0.0-py3.10.egg-info
[1.991s] running install_scripts
[2.033s] writing list of installed files to '/home/albert/ag_arm_ws/build/arm_py/install.log'
[2.065s] Invoked command in '/home/albert/ag_arm_ws/src/arm_py' returned '0': PYTHONPATH=/home/albert/ag_arm_ws/build/arm_py/prefix_override:/usr/lib/python3/dist-packages/colcon_core/task/python/colcon_distutils_commands:/home/albert/ag_arm_ws/install/arm_py/lib/python3.10/site-packages:${PYTHONPATH} /usr/bin/python3 -W ignore:setup.py install is deprecated -W ignore:easy_install command is deprecated setup.py egg_info --egg-base ../../build/arm_py build --build-base /home/albert/ag_arm_ws/build/arm_py/build install --record /home/albert/ag_arm_ws/build/arm_py/install.log --single-version-externally-managed install_data
