[2.259s] Invoking command in '/home/albert/ag_arm_ws/src/arm_py': PYTHONPATH=/home/albert/ag_arm_ws/build/arm_py/prefix_override:/usr/lib/python3/dist-packages/colcon_core/task/python/colcon_distutils_commands:/home/albert/ag_arm_ws/install/arm_py/lib/python3.10/site-packages:${PYTHONPATH} /usr/bin/python3 -W ignore:setup.py install is deprecated -W ignore:easy_install command is deprecated setup.py egg_info --egg-base ../../build/arm_py build --build-base /home/albert/ag_arm_ws/build/arm_py/build install --record /home/albert/ag_arm_ws/build/arm_py/install.log --single-version-externally-managed install_data
[3.081s] running egg_info
[3.082s] writing ../../build/arm_py/arm_py.egg-info/PKG-INFO
[3.082s] writing dependency_links to ../../build/arm_py/arm_py.egg-info/dependency_links.txt
[3.083s] writing entry points to ../../build/arm_py/arm_py.egg-info/entry_points.txt
[3.083s] writing requirements to ../../build/arm_py/arm_py.egg-info/requires.txt
[3.083s] writing top-level names to ../../build/arm_py/arm_py.egg-info/top_level.txt
[3.087s] reading manifest file '../../build/arm_py/arm_py.egg-info/SOURCES.txt'
[3.090s] writing manifest file '../../build/arm_py/arm_py.egg-info/SOURCES.txt'
[3.090s] running build
[3.091s] running build_py
[3.091s] running install
[3.091s] running install_lib
[3.095s] running install_data
[3.095s] running install_egg_info
[3.099s] removing '/home/albert/ag_arm_ws/install/arm_py/lib/python3.10/site-packages/arm_py-0.0.0-py3.10.egg-info' (and everything under it)
[3.099s] Copying ../../build/arm_py/arm_py.egg-info to /home/albert/ag_arm_ws/install/arm_py/lib/python3.10/site-packages/arm_py-0.0.0-py3.10.egg-info
[3.101s] running install_scripts
[3.143s] writing list of installed files to '/home/albert/ag_arm_ws/build/arm_py/install.log'
[3.187s] Invoked command in '/home/albert/ag_arm_ws/src/arm_py' returned '0': PYTHONPATH=/home/albert/ag_arm_ws/build/arm_py/prefix_override:/usr/lib/python3/dist-packages/colcon_core/task/python/colcon_distutils_commands:/home/albert/ag_arm_ws/install/arm_py/lib/python3.10/site-packages:${PYTHONPATH} /usr/bin/python3 -W ignore:setup.py install is deprecated -W ignore:easy_install command is deprecated setup.py egg_info --egg-base ../../build/arm_py build --build-base /home/albert/ag_arm_ws/build/arm_py/build install --record /home/albert/ag_arm_ws/build/arm_py/install.log --single-version-externally-managed install_data
