[0.093s] Invoking command in '/home/albert/ag_arm_ws/build/arm_description': CMAKE_PREFIX_PATH=${CMAKE_PREFIX_PATH}:/home/albert/ag_arm_ws/install/arm_py:/home/albert/ws_moveit2/install/moveit_configs_utils:/home/albert/ws_moveit2/install/launch_param_builder:/home/albert/umov_ws/install/arduino_py_examples:/home/albert/udem2_ws/install/actions_py:/home/albert/udem2_ws/install/lifecycle_py:/home/albert/udem2_ws/install/executors_py:/home/albert/udem2_ws/install/components_py:/home/albert/udem_ws/install/turtlesim_catcher:/home/albert/udem_ws/install/my_py_pkg:/home/albert/udem_ws/install/lifecycle_py:/home/albert/bcdc_ws/install/agbot_teleop:/home/albert/bcdc_ws/install/agbot_py:/home/albert/arduinobot_ws/install/arduinobot_py_examples:/opt/ros/humble /home/albert/.local/bin/cmake /home/albert/ag_arm_ws/src/arm_description -DCMAKE_INSTALL_PREFIX=/home/albert/ag_arm_ws/install/arm_description
[0.217s] -- The C compiler identification is GNU 11.4.0
[0.326s] -- The CXX compiler identification is GNU 11.4.0
[0.349s] -- Detecting C compiler ABI info
[0.502s] -- Detecting C compiler ABI info - done
[0.539s] -- Check for working C compiler: /usr/bin/cc - skipped
[0.539s] -- Detecting C compile features
[0.539s] -- Detecting C compile features - done
[0.545s] -- Detecting CXX compiler ABI info
[0.680s] -- Detecting CXX compiler ABI info - done
[0.712s] -- Check for working CXX compiler: /usr/bin/c++ - skipped
[0.712s] -- Detecting CXX compile features
[0.712s] -- Detecting CXX compile features - done
[0.734s] -- Found ament_cmake: 1.3.11 (/opt/ros/humble/share/ament_cmake/cmake)
[1.077s] -- Found Python3: /usr/bin/python3 (found version "3.10.12") found components: Interpreter
[1.635s] -- Found ament_lint_auto: 0.12.11 (/opt/ros/humble/share/ament_lint_auto/cmake)
[2.097s] -- Added test 'flake8' to check Python code syntax and style conventions
[2.109s] -- Added test 'lint_cmake' to check CMake code style
[2.120s] -- Added test 'pep257' to check Python code against some of the docstring style conventions in PEP 257
[2.139s] -- Added test 'xmllint' to check XML markup files
[2.158s] -- Configuring done (2.1s)
[2.164s] -- Generating done (0.0s)
[2.169s] -- Build files have been written to: /home/albert/ag_arm_ws/build/arm_description
[2.179s] Invoked command in '/home/albert/ag_arm_ws/build/arm_description' returned '0': CMAKE_PREFIX_PATH=${CMAKE_PREFIX_PATH}:/home/albert/ag_arm_ws/install/arm_py:/home/albert/ws_moveit2/install/moveit_configs_utils:/home/albert/ws_moveit2/install/launch_param_builder:/home/albert/umov_ws/install/arduino_py_examples:/home/albert/udem2_ws/install/actions_py:/home/albert/udem2_ws/install/lifecycle_py:/home/albert/udem2_ws/install/executors_py:/home/albert/udem2_ws/install/components_py:/home/albert/udem_ws/install/turtlesim_catcher:/home/albert/udem_ws/install/my_py_pkg:/home/albert/udem_ws/install/lifecycle_py:/home/albert/bcdc_ws/install/agbot_teleop:/home/albert/bcdc_ws/install/agbot_py:/home/albert/arduinobot_ws/install/arduinobot_py_examples:/opt/ros/humble /home/albert/.local/bin/cmake /home/albert/ag_arm_ws/src/arm_description -DCMAKE_INSTALL_PREFIX=/home/albert/ag_arm_ws/install/arm_description
[2.184s] Invoking command in '/home/albert/ag_arm_ws/build/arm_description': CMAKE_PREFIX_PATH=${CMAKE_PREFIX_PATH}:/home/albert/ag_arm_ws/install/arm_py:/home/albert/ws_moveit2/install/moveit_configs_utils:/home/albert/ws_moveit2/install/launch_param_builder:/home/albert/umov_ws/install/arduino_py_examples:/home/albert/udem2_ws/install/actions_py:/home/albert/udem2_ws/install/lifecycle_py:/home/albert/udem2_ws/install/executors_py:/home/albert/udem2_ws/install/components_py:/home/albert/udem_ws/install/turtlesim_catcher:/home/albert/udem_ws/install/my_py_pkg:/home/albert/udem_ws/install/lifecycle_py:/home/albert/bcdc_ws/install/agbot_teleop:/home/albert/bcdc_ws/install/agbot_py:/home/albert/arduinobot_ws/install/arduinobot_py_examples:/opt/ros/humble /home/albert/.local/bin/cmake --build /home/albert/ag_arm_ws/build/arm_description -- -j8 -l8
[2.238s] Invoked command in '/home/albert/ag_arm_ws/build/arm_description' returned '0': CMAKE_PREFIX_PATH=${CMAKE_PREFIX_PATH}:/home/albert/ag_arm_ws/install/arm_py:/home/albert/ws_moveit2/install/moveit_configs_utils:/home/albert/ws_moveit2/install/launch_param_builder:/home/albert/umov_ws/install/arduino_py_examples:/home/albert/udem2_ws/install/actions_py:/home/albert/udem2_ws/install/lifecycle_py:/home/albert/udem2_ws/install/executors_py:/home/albert/udem2_ws/install/components_py:/home/albert/udem_ws/install/turtlesim_catcher:/home/albert/udem_ws/install/my_py_pkg:/home/albert/udem_ws/install/lifecycle_py:/home/albert/bcdc_ws/install/agbot_teleop:/home/albert/bcdc_ws/install/agbot_py:/home/albert/arduinobot_ws/install/arduinobot_py_examples:/opt/ros/humble /home/albert/.local/bin/cmake --build /home/albert/ag_arm_ws/build/arm_description -- -j8 -l8
[2.253s] Invoking command in '/home/albert/ag_arm_ws/build/arm_description': CMAKE_PREFIX_PATH=${CMAKE_PREFIX_PATH}:/home/albert/ag_arm_ws/install/arm_py:/home/albert/ws_moveit2/install/moveit_configs_utils:/home/albert/ws_moveit2/install/launch_param_builder:/home/albert/umov_ws/install/arduino_py_examples:/home/albert/udem2_ws/install/actions_py:/home/albert/udem2_ws/install/lifecycle_py:/home/albert/udem2_ws/install/executors_py:/home/albert/udem2_ws/install/components_py:/home/albert/udem_ws/install/turtlesim_catcher:/home/albert/udem_ws/install/my_py_pkg:/home/albert/udem_ws/install/lifecycle_py:/home/albert/bcdc_ws/install/agbot_teleop:/home/albert/bcdc_ws/install/agbot_py:/home/albert/arduinobot_ws/install/arduinobot_py_examples:/opt/ros/humble /home/albert/.local/bin/cmake --install /home/albert/ag_arm_ws/build/arm_description
[2.260s] -- Install configuration: ""
[2.261s] -- Installing: /home/albert/ag_arm_ws/install/arm_description/share/arm_description/launch
[2.261s] -- Installing: /home/albert/ag_arm_ws/install/arm_description/share/arm_description/launch/arm_display.launch.py
[2.261s] -- Installing: /home/albert/ag_arm_ws/install/arm_description/share/arm_description/launch/arm_gazebo.launch.py
[2.262s] -- Installing: /home/albert/ag_arm_ws/install/arm_description/share/arm_description/meshes
[2.262s] -- Installing: /home/albert/ag_arm_ws/install/arm_description/share/arm_description/meshes/right_finger.STL
[2.262s] -- Installing: /home/albert/ag_arm_ws/install/arm_description/share/arm_description/meshes/triangular_link.STL
[2.265s] -- Installing: /home/albert/ag_arm_ws/install/arm_description/share/arm_description/meshes/round_plate.STL
[2.267s] -- Installing: /home/albert/ag_arm_ws/install/arm_description/share/arm_description/meshes/left_finger.STL
[2.271s] -- Installing: /home/albert/ag_arm_ws/install/arm_description/share/arm_description/meshes/vertical_drive_arm.STL
[2.275s] -- Installing: /home/albert/ag_arm_ws/install/arm_description/share/arm_description/meshes/astra.jpg
[2.277s] -- Installing: /home/albert/ag_arm_ws/install/arm_description/share/arm_description/meshes/claw_support.STL
[2.279s] -- Installing: /home/albert/ag_arm_ws/install/arm_description/share/arm_description/meshes/link.STL
[2.290s] -- Installing: /home/albert/ag_arm_ws/install/arm_description/share/arm_description/meshes/r200.jpg
[2.293s] -- Installing: /home/albert/ag_arm_ws/install/arm_description/share/arm_description/meshes/horizontal_arm.STL
[2.298s] -- Installing: /home/albert/ag_arm_ws/install/arm_description/share/arm_description/meshes/r200.dae
[2.300s] -- Installing: /home/albert/ag_arm_ws/install/arm_description/share/arm_description/meshes/astra.dae
[2.333s] -- Installing: /home/albert/ag_arm_ws/install/arm_description/share/arm_description/meshes/basement.STL
[2.336s] -- Installing: /home/albert/ag_arm_ws/install/arm_description/share/arm_description/meshes/forward_drive_arm.STL
[2.343s] -- Installing: /home/albert/ag_arm_ws/install/arm_description/share/arm_description/meshes/right_tire.stl
[2.348s] -- Installing: /home/albert/ag_arm_ws/install/arm_description/share/arm_description/meshes/lidar.stl
[2.350s] -- Installing: /home/albert/ag_arm_ws/install/arm_description/share/arm_description/meshes/servo_plate.STL
[2.351s] -- Installing: /home/albert/ag_arm_ws/install/arm_description/share/arm_description/meshes/plate.STL
[2.359s] -- Installing: /home/albert/ag_arm_ws/install/arm_description/share/arm_description/meshes/base_plate.STL
[2.365s] -- Installing: /home/albert/ag_arm_ws/install/arm_description/share/arm_description/meshes/left_tire copy.stl
[2.368s] -- Installing: /home/albert/ag_arm_ws/install/arm_description/share/arm_description/meshes/left_tire.stl
[2.370s] -- Installing: /home/albert/ag_arm_ws/install/arm_description/share/arm_description/meshes/right_tire copy.stl
[2.373s] -- Installing: /home/albert/ag_arm_ws/install/arm_description/share/arm_description/meshes/pi_camera.STL
[2.374s] -- Installing: /home/albert/ag_arm_ws/install/arm_description/share/arm_description/models
[2.374s] -- Installing: /home/albert/ag_arm_ws/install/arm_description/share/arm_description/models/ground_plane
[2.374s] -- Installing: /home/albert/ag_arm_ws/install/arm_description/share/arm_description/models/ground_plane/model-1_2.sdf
[2.375s] -- Installing: /home/albert/ag_arm_ws/install/arm_description/share/arm_description/models/ground_plane/model-1_3.sdf
[2.375s] -- Installing: /home/albert/ag_arm_ws/install/arm_description/share/arm_description/models/ground_plane/model.config
[2.376s] -- Installing: /home/albert/ag_arm_ws/install/arm_description/share/arm_description/models/ground_plane/model.sdf
[2.376s] -- Installing: /home/albert/ag_arm_ws/install/arm_description/share/arm_description/models/ground_plane/model-1_4.sdf
[2.376s] -- Installing: /home/albert/ag_arm_ws/install/arm_description/share/arm_description/models/basic_agbot_description
[2.376s] -- Installing: /home/albert/ag_arm_ws/install/arm_description/share/arm_description/models/basic_agbot_description/agbot.sdf
[2.377s] -- Installing: /home/albert/ag_arm_ws/install/arm_description/share/arm_description/models/basic_agbot_description/agbot_model.config
[2.377s] -- Installing: /home/albert/ag_arm_ws/install/arm_description/share/arm_description/models/sun
[2.378s] -- Installing: /home/albert/ag_arm_ws/install/arm_description/share/arm_description/models/sun/model-1_2.sdf
[2.378s] -- Installing: /home/albert/ag_arm_ws/install/arm_description/share/arm_description/models/sun/model-1_3.sdf
[2.378s] -- Installing: /home/albert/ag_arm_ws/install/arm_description/share/arm_description/models/sun/model.config
[2.379s] -- Installing: /home/albert/ag_arm_ws/install/arm_description/share/arm_description/models/sun/model.sdf
[2.379s] -- Installing: /home/albert/ag_arm_ws/install/arm_description/share/arm_description/models/sun/model-1_4.sdf
[2.379s] -- Installing: /home/albert/ag_arm_ws/install/arm_description/share/arm_description/rviz
[2.379s] -- Installing: /home/albert/ag_arm_ws/install/arm_description/share/arm_description/rviz/arm_config.rviz
[2.380s] -- Installing: /home/albert/ag_arm_ws/install/arm_description/share/arm_description/urdf
[2.380s] -- Installing: /home/albert/ag_arm_ws/install/arm_description/share/arm_description/urdf/arm_gazebo.xacro
[2.380s] -- Installing: /home/albert/ag_arm_ws/install/arm_description/share/arm_description/urdf/arm_common_properties.xacro
[2.381s] -- Installing: /home/albert/ag_arm_ws/install/arm_description/share/arm_description/urdf/arm.urdf
[2.381s] -- Installing: /home/albert/ag_arm_ws/install/arm_description/share/arm_description/urdf/arm_ros2_control.xacro
[2.382s] -- Installing: /home/albert/ag_arm_ws/install/arm_description/share/arm_description/urdf/arm.xacro
[2.382s] -- Installing: /home/albert/ag_arm_ws/install/arm_description/share/arm_description/urdf/arm copy.xacro
[2.383s] -- Installing: /home/albert/ag_arm_ws/install/arm_description/share/arm_description/worlds
[2.383s] -- Installing: /home/albert/ag_arm_ws/install/arm_description/share/arm_description/worlds/test_world.world
[2.384s] -- Installing: /home/albert/ag_arm_ws/install/arm_description/share/arm_description/worlds/smalltown.world
[2.384s] -- Installing: /home/albert/ag_arm_ws/install/arm_description/share/arm_description/worlds/turtlebot3_world.world
[2.385s] -- Installing: /home/albert/ag_arm_ws/install/arm_description/share/arm_description/worlds/new_world.world
[2.386s] -- Installing: /home/albert/ag_arm_ws/install/arm_description/share/arm_description/worlds/house.world
[2.386s] -- Installing: /home/albert/ag_arm_ws/install/arm_description/share/arm_description/worlds/new_world-old.world
[2.387s] -- Installing: /home/albert/ag_arm_ws/install/arm_description/share/arm_description/worlds/empty_world.world
[2.387s] -- Installing: /home/albert/ag_arm_ws/install/arm_description/share/ament_index/resource_index/package_run_dependencies/arm_description
[2.388s] -- Installing: /home/albert/ag_arm_ws/install/arm_description/share/ament_index/resource_index/parent_prefix_path/arm_description
[2.388s] -- Installing: /home/albert/ag_arm_ws/install/arm_description/share/arm_description/environment/ament_prefix_path.sh
[2.388s] -- Installing: /home/albert/ag_arm_ws/install/arm_description/share/arm_description/environment/ament_prefix_path.dsv
[2.389s] -- Installing: /home/albert/ag_arm_ws/install/arm_description/share/arm_description/environment/path.sh
[2.389s] -- Installing: /home/albert/ag_arm_ws/install/arm_description/share/arm_description/environment/path.dsv
[2.389s] -- Installing: /home/albert/ag_arm_ws/install/arm_description/share/arm_description/local_setup.bash
[2.389s] -- Installing: /home/albert/ag_arm_ws/install/arm_description/share/arm_description/local_setup.sh
[2.390s] -- Installing: /home/albert/ag_arm_ws/install/arm_description/share/arm_description/local_setup.zsh
[2.390s] -- Installing: /home/albert/ag_arm_ws/install/arm_description/share/arm_description/local_setup.dsv
[2.390s] -- Installing: /home/albert/ag_arm_ws/install/arm_description/share/arm_description/package.dsv
[2.391s] -- Installing: /home/albert/ag_arm_ws/install/arm_description/share/ament_index/resource_index/packages/arm_description
[2.391s] -- Installing: /home/albert/ag_arm_ws/install/arm_description/share/arm_description/cmake/arm_descriptionConfig.cmake
[2.391s] -- Installing: /home/albert/ag_arm_ws/install/arm_description/share/arm_description/cmake/arm_descriptionConfig-version.cmake
[2.392s] -- Installing: /home/albert/ag_arm_ws/install/arm_description/share/arm_description/package.xml
[2.395s] Invoked command in '/home/albert/ag_arm_ws/build/arm_description' returned '0': CMAKE_PREFIX_PATH=${CMAKE_PREFIX_PATH}:/home/albert/ag_arm_ws/install/arm_py:/home/albert/ws_moveit2/install/moveit_configs_utils:/home/albert/ws_moveit2/install/launch_param_builder:/home/albert/umov_ws/install/arduino_py_examples:/home/albert/udem2_ws/install/actions_py:/home/albert/udem2_ws/install/lifecycle_py:/home/albert/udem2_ws/install/executors_py:/home/albert/udem2_ws/install/components_py:/home/albert/udem_ws/install/turtlesim_catcher:/home/albert/udem_ws/install/my_py_pkg:/home/albert/udem_ws/install/lifecycle_py:/home/albert/bcdc_ws/install/agbot_teleop:/home/albert/bcdc_ws/install/agbot_py:/home/albert/arduinobot_ws/install/arduinobot_py_examples:/opt/ros/humble /home/albert/.local/bin/cmake --install /home/albert/ag_arm_ws/build/arm_description
