[0.083s] Invoking command in '/home/albert/ag_arm_ws/build/arm_bringup': CMAKE_PREFIX_PATH=${CMAKE_PREFIX_PATH}:/home/albert/ws_moveit2/install/moveit_configs_utils:/home/albert/ws_moveit2/install/launch_param_builder:/home/albert/umov_ws/install/arduino_py_examples:/home/albert/udem2_ws/install/actions_py:/home/albert/udem2_ws/install/lifecycle_py:/home/albert/udem2_ws/install/executors_py:/home/albert/udem2_ws/install/components_py:/home/albert/udem_ws/install/turtlesim_catcher:/home/albert/udem_ws/install/my_py_pkg:/home/albert/udem_ws/install/lifecycle_py:/home/albert/bcdc_ws/install/agbot_teleop:/home/albert/bcdc_ws/install/agbot_py:/home/albert/arduinobot_ws/install/arduinobot_py_examples:/opt/ros/humble /home/albert/.local/bin/cmake /home/albert/ag_arm_ws/src/arm_bringup -DCMAKE_INSTALL_PREFIX=/home/albert/ag_arm_ws/install/arm_bringup
[0.189s] -- The C compiler identification is GNU 11.4.0
[0.265s] -- The CXX compiler identification is GNU 11.4.0
[0.279s] -- Detecting C compiler ABI info
[0.356s] -- Detecting C compiler ABI info - done
[0.377s] -- Check for working C compiler: /usr/bin/cc - skipped
[0.377s] -- Detecting C compile features
[0.378s] -- Detecting C compile features - done
[0.383s] -- Detecting CXX compiler ABI info
[0.494s] -- Detecting CXX compiler ABI info - done
[0.531s] -- Check for working CXX compiler: /usr/bin/c++ - skipped
[0.532s] -- Detecting CXX compile features
[0.533s] -- Detecting CXX compile features - done
[0.557s] -- Found ament_cmake: 1.3.11 (/opt/ros/humble/share/ament_cmake/cmake)
[0.892s] -- Found Python3: /usr/bin/python3 (found version "3.10.12") found components: Interpreter
[1.253s] -- Found ament_lint_auto: 0.12.11 (/opt/ros/humble/share/ament_lint_auto/cmake)
[1.507s] -- Added test 'flake8' to check Python code syntax and style conventions
[1.512s] -- Added test 'lint_cmake' to check CMake code style
[1.516s] -- Added test 'pep257' to check Python code against some of the docstring style conventions in PEP 257
[1.520s] -- Added test 'xmllint' to check XML markup files
[1.527s] -- Configuring done (1.4s)
[1.530s] -- Generating done (0.0s)
[1.533s] -- Build files have been written to: /home/albert/ag_arm_ws/build/arm_bringup
[1.538s] Invoked command in '/home/albert/ag_arm_ws/build/arm_bringup' returned '0': CMAKE_PREFIX_PATH=${CMAKE_PREFIX_PATH}:/home/albert/ws_moveit2/install/moveit_configs_utils:/home/albert/ws_moveit2/install/launch_param_builder:/home/albert/umov_ws/install/arduino_py_examples:/home/albert/udem2_ws/install/actions_py:/home/albert/udem2_ws/install/lifecycle_py:/home/albert/udem2_ws/install/executors_py:/home/albert/udem2_ws/install/components_py:/home/albert/udem_ws/install/turtlesim_catcher:/home/albert/udem_ws/install/my_py_pkg:/home/albert/udem_ws/install/lifecycle_py:/home/albert/bcdc_ws/install/agbot_teleop:/home/albert/bcdc_ws/install/agbot_py:/home/albert/arduinobot_ws/install/arduinobot_py_examples:/opt/ros/humble /home/albert/.local/bin/cmake /home/albert/ag_arm_ws/src/arm_bringup -DCMAKE_INSTALL_PREFIX=/home/albert/ag_arm_ws/install/arm_bringup
[1.540s] Invoking command in '/home/albert/ag_arm_ws/build/arm_bringup': CMAKE_PREFIX_PATH=${CMAKE_PREFIX_PATH}:/home/albert/ws_moveit2/install/moveit_configs_utils:/home/albert/ws_moveit2/install/launch_param_builder:/home/albert/umov_ws/install/arduino_py_examples:/home/albert/udem2_ws/install/actions_py:/home/albert/udem2_ws/install/lifecycle_py:/home/albert/udem2_ws/install/executors_py:/home/albert/udem2_ws/install/components_py:/home/albert/udem_ws/install/turtlesim_catcher:/home/albert/udem_ws/install/my_py_pkg:/home/albert/udem_ws/install/lifecycle_py:/home/albert/bcdc_ws/install/agbot_teleop:/home/albert/bcdc_ws/install/agbot_py:/home/albert/arduinobot_ws/install/arduinobot_py_examples:/opt/ros/humble /home/albert/.local/bin/cmake --build /home/albert/ag_arm_ws/build/arm_bringup -- -j8 -l8
[1.565s] Invoked command in '/home/albert/ag_arm_ws/build/arm_bringup' returned '0': CMAKE_PREFIX_PATH=${CMAKE_PREFIX_PATH}:/home/albert/ws_moveit2/install/moveit_configs_utils:/home/albert/ws_moveit2/install/launch_param_builder:/home/albert/umov_ws/install/arduino_py_examples:/home/albert/udem2_ws/install/actions_py:/home/albert/udem2_ws/install/lifecycle_py:/home/albert/udem2_ws/install/executors_py:/home/albert/udem2_ws/install/components_py:/home/albert/udem_ws/install/turtlesim_catcher:/home/albert/udem_ws/install/my_py_pkg:/home/albert/udem_ws/install/lifecycle_py:/home/albert/bcdc_ws/install/agbot_teleop:/home/albert/bcdc_ws/install/agbot_py:/home/albert/arduinobot_ws/install/arduinobot_py_examples:/opt/ros/humble /home/albert/.local/bin/cmake --build /home/albert/ag_arm_ws/build/arm_bringup -- -j8 -l8
[1.566s] Invoking command in '/home/albert/ag_arm_ws/build/arm_bringup': CMAKE_PREFIX_PATH=${CMAKE_PREFIX_PATH}:/home/albert/ws_moveit2/install/moveit_configs_utils:/home/albert/ws_moveit2/install/launch_param_builder:/home/albert/umov_ws/install/arduino_py_examples:/home/albert/udem2_ws/install/actions_py:/home/albert/udem2_ws/install/lifecycle_py:/home/albert/udem2_ws/install/executors_py:/home/albert/udem2_ws/install/components_py:/home/albert/udem_ws/install/turtlesim_catcher:/home/albert/udem_ws/install/my_py_pkg:/home/albert/udem_ws/install/lifecycle_py:/home/albert/bcdc_ws/install/agbot_teleop:/home/albert/bcdc_ws/install/agbot_py:/home/albert/arduinobot_ws/install/arduinobot_py_examples:/opt/ros/humble /home/albert/.local/bin/cmake --install /home/albert/ag_arm_ws/build/arm_bringup
[1.571s] -- Install configuration: ""
[1.571s] -- Installing: /home/albert/ag_arm_ws/install/arm_bringup/share/ament_index/resource_index/package_run_dependencies/arm_bringup
[1.571s] -- Installing: /home/albert/ag_arm_ws/install/arm_bringup/share/ament_index/resource_index/parent_prefix_path/arm_bringup
[1.571s] -- Installing: /home/albert/ag_arm_ws/install/arm_bringup/share/arm_bringup/environment/ament_prefix_path.sh
[1.572s] -- Installing: /home/albert/ag_arm_ws/install/arm_bringup/share/arm_bringup/environment/ament_prefix_path.dsv
[1.572s] -- Installing: /home/albert/ag_arm_ws/install/arm_bringup/share/arm_bringup/environment/path.sh
[1.572s] -- Installing: /home/albert/ag_arm_ws/install/arm_bringup/share/arm_bringup/environment/path.dsv
[1.572s] -- Installing: /home/albert/ag_arm_ws/install/arm_bringup/share/arm_bringup/local_setup.bash
[1.572s] -- Installing: /home/albert/ag_arm_ws/install/arm_bringup/share/arm_bringup/local_setup.sh
[1.572s] -- Installing: /home/albert/ag_arm_ws/install/arm_bringup/share/arm_bringup/local_setup.zsh
[1.573s] -- Installing: /home/albert/ag_arm_ws/install/arm_bringup/share/arm_bringup/local_setup.dsv
[1.573s] -- Installing: /home/albert/ag_arm_ws/install/arm_bringup/share/arm_bringup/package.dsv
[1.573s] -- Installing: /home/albert/ag_arm_ws/install/arm_bringup/share/ament_index/resource_index/packages/arm_bringup
[1.573s] -- Installing: /home/albert/ag_arm_ws/install/arm_bringup/share/arm_bringup/cmake/arm_bringupConfig.cmake
[1.573s] -- Installing: /home/albert/ag_arm_ws/install/arm_bringup/share/arm_bringup/cmake/arm_bringupConfig-version.cmake
[1.573s] -- Installing: /home/albert/ag_arm_ws/install/arm_bringup/share/arm_bringup/package.xml
[1.575s] Invoked command in '/home/albert/ag_arm_ws/build/arm_bringup' returned '0': CMAKE_PREFIX_PATH=${CMAKE_PREFIX_PATH}:/home/albert/ws_moveit2/install/moveit_configs_utils:/home/albert/ws_moveit2/install/launch_param_builder:/home/albert/umov_ws/install/arduino_py_examples:/home/albert/udem2_ws/install/actions_py:/home/albert/udem2_ws/install/lifecycle_py:/home/albert/udem2_ws/install/executors_py:/home/albert/udem2_ws/install/components_py:/home/albert/udem_ws/install/turtlesim_catcher:/home/albert/udem_ws/install/my_py_pkg:/home/albert/udem_ws/install/lifecycle_py:/home/albert/bcdc_ws/install/agbot_teleop:/home/albert/bcdc_ws/install/agbot_py:/home/albert/arduinobot_ws/install/arduinobot_py_examples:/opt/ros/humble /home/albert/.local/bin/cmake --install /home/albert/ag_arm_ws/build/arm_bringup
