-- The C compiler identification is GNU 11.4.0
-- The CXX compiler identification is GNU 11.4.0
-- Detecting C compiler ABI info
-- Detecting C compiler ABI info - done
-- Check for working C compiler: /usr/bin/cc - skipped
-- Detecting C compile features
-- Detecting C compile features - done
-- Detecting CXX compiler ABI info
-- Detecting CXX compiler ABI info - done
-- Check for working CXX compiler: /usr/bin/c++ - skipped
-- Detecting CXX compile features
-- Detecting CXX compile features - done
-- Found ament_cmake: 1.3.11 (/opt/ros/humble/share/ament_cmake/cmake)
-- Found Python3: /usr/bin/python3 (found version "3.10.12") found components: Interpreter
-- Found ament_lint_auto: 0.12.11 (/opt/ros/humble/share/ament_lint_auto/cmake)
-- Added test 'lint_cmake' to check CMake code style
-- Added test 'xmllint' to check XML markup files
-- Configuring done (1.5s)
-- Generating done (0.0s)
-- Build files have been written to: /home/albert/ag_arm_ws/src/build/arm_msgs
-- Install configuration: ""
-- Installing: /home/albert/ag_arm_ws/src/install/arm_msgs/share/ament_index/resource_index/package_run_dependencies/arm_msgs
-- Installing: /home/albert/ag_arm_ws/src/install/arm_msgs/share/ament_index/resource_index/parent_prefix_path/arm_msgs
-- Installing: /home/albert/ag_arm_ws/src/install/arm_msgs/share/arm_msgs/environment/ament_prefix_path.sh
-- Installing: /home/albert/ag_arm_ws/src/install/arm_msgs/share/arm_msgs/environment/ament_prefix_path.dsv
-- Installing: /home/albert/ag_arm_ws/src/install/arm_msgs/share/arm_msgs/environment/path.sh
-- Installing: /home/albert/ag_arm_ws/src/install/arm_msgs/share/arm_msgs/environment/path.dsv
-- Installing: /home/albert/ag_arm_ws/src/install/arm_msgs/share/arm_msgs/local_setup.bash
-- Installing: /home/albert/ag_arm_ws/src/install/arm_msgs/share/arm_msgs/local_setup.sh
-- Installing: /home/albert/ag_arm_ws/src/install/arm_msgs/share/arm_msgs/local_setup.zsh
-- Installing: /home/albert/ag_arm_ws/src/install/arm_msgs/share/arm_msgs/local_setup.dsv
-- Installing: /home/albert/ag_arm_ws/src/install/arm_msgs/share/arm_msgs/package.dsv
-- Installing: /home/albert/ag_arm_ws/src/install/arm_msgs/share/ament_index/resource_index/packages/arm_msgs
-- Installing: /home/albert/ag_arm_ws/src/install/arm_msgs/share/arm_msgs/cmake/arm_msgsConfig.cmake
-- Installing: /home/albert/ag_arm_ws/src/install/arm_msgs/share/arm_msgs/cmake/arm_msgsConfig-version.cmake
-- Installing: /home/albert/ag_arm_ws/src/install/arm_msgs/share/arm_msgs/package.xml
