[0.040s] Invoking command in '/home/albert/ag_arm_ws/src/build/arm_msgs': CMAKE_PREFIX_PATH=${CMAKE_PREFIX_PATH}:/home/albert/ws_moveit2/install/moveit_configs_utils:/home/albert/ws_moveit2/install/launch_param_builder:/home/albert/umov_ws/install/arduino_py_examples:/home/albert/udem2_ws/install/actions_py:/home/albert/udem2_ws/install/lifecycle_py:/home/albert/udem2_ws/install/executors_py:/home/albert/udem2_ws/install/components_py:/home/albert/udem_ws/install/turtlesim_catcher:/home/albert/udem_ws/install/my_py_pkg:/home/albert/udem_ws/install/lifecycle_py:/home/albert/bcdc_ws/install/agbot_teleop:/home/albert/bcdc_ws/install/agbot_py:/home/albert/arduinobot_ws/install/arduinobot_py_examples:/opt/ros/humble /home/albert/.local/bin/cmake /home/albert/ag_arm_ws/src/arm_msgs -DCMAKE_INSTALL_PREFIX=/home/albert/ag_arm_ws/src/install/arm_msgs
[0.130s] -- The C compiler identification is GNU 11.4.0
[0.229s] -- The CXX compiler identification is GNU 11.4.0
[0.250s] -- Detecting C compiler ABI info
[0.382s] -- Detecting C compiler ABI info - done
[0.412s] -- Check for working C compiler: /usr/bin/cc - skipped
[0.413s] -- Detecting C compile features
[0.414s] -- Detecting C compile features - done
[0.422s] -- Detecting CXX compiler ABI info
[0.548s] -- Detecting CXX compiler ABI info - done
[0.622s] -- Check for working CXX compiler: /usr/bin/c++ - skipped
[0.622s] -- Detecting CXX compile features
[0.622s] -- Detecting CXX compile features - done
[0.623s] -- Found ament_cmake: 1.3.11 (/opt/ros/humble/share/ament_cmake/cmake)
[0.933s] -- Found Python3: /usr/bin/python3 (found version "3.10.12") found components: Interpreter
[1.347s] -- Found ament_lint_auto: 0.12.11 (/opt/ros/humble/share/ament_lint_auto/cmake)
[1.574s] -- Added test 'lint_cmake' to check CMake code style
[1.579s] -- Added test 'xmllint' to check XML markup files
[1.587s] -- Configuring done (1.5s)
[1.591s] -- Generating done (0.0s)
[1.594s] -- Build files have been written to: /home/albert/ag_arm_ws/src/build/arm_msgs
[1.603s] Invoked command in '/home/albert/ag_arm_ws/src/build/arm_msgs' returned '0': CMAKE_PREFIX_PATH=${CMAKE_PREFIX_PATH}:/home/albert/ws_moveit2/install/moveit_configs_utils:/home/albert/ws_moveit2/install/launch_param_builder:/home/albert/umov_ws/install/arduino_py_examples:/home/albert/udem2_ws/install/actions_py:/home/albert/udem2_ws/install/lifecycle_py:/home/albert/udem2_ws/install/executors_py:/home/albert/udem2_ws/install/components_py:/home/albert/udem_ws/install/turtlesim_catcher:/home/albert/udem_ws/install/my_py_pkg:/home/albert/udem_ws/install/lifecycle_py:/home/albert/bcdc_ws/install/agbot_teleop:/home/albert/bcdc_ws/install/agbot_py:/home/albert/arduinobot_ws/install/arduinobot_py_examples:/opt/ros/humble /home/albert/.local/bin/cmake /home/albert/ag_arm_ws/src/arm_msgs -DCMAKE_INSTALL_PREFIX=/home/albert/ag_arm_ws/src/install/arm_msgs
[1.604s] Invoking command in '/home/albert/ag_arm_ws/src/build/arm_msgs': CMAKE_PREFIX_PATH=${CMAKE_PREFIX_PATH}:/home/albert/ws_moveit2/install/moveit_configs_utils:/home/albert/ws_moveit2/install/launch_param_builder:/home/albert/umov_ws/install/arduino_py_examples:/home/albert/udem2_ws/install/actions_py:/home/albert/udem2_ws/install/lifecycle_py:/home/albert/udem2_ws/install/executors_py:/home/albert/udem2_ws/install/components_py:/home/albert/udem_ws/install/turtlesim_catcher:/home/albert/udem_ws/install/my_py_pkg:/home/albert/udem_ws/install/lifecycle_py:/home/albert/bcdc_ws/install/agbot_teleop:/home/albert/bcdc_ws/install/agbot_py:/home/albert/arduinobot_ws/install/arduinobot_py_examples:/opt/ros/humble /home/albert/.local/bin/cmake --build /home/albert/ag_arm_ws/src/build/arm_msgs -- -j8 -l8
[1.632s] Invoked command in '/home/albert/ag_arm_ws/src/build/arm_msgs' returned '0': CMAKE_PREFIX_PATH=${CMAKE_PREFIX_PATH}:/home/albert/ws_moveit2/install/moveit_configs_utils:/home/albert/ws_moveit2/install/launch_param_builder:/home/albert/umov_ws/install/arduino_py_examples:/home/albert/udem2_ws/install/actions_py:/home/albert/udem2_ws/install/lifecycle_py:/home/albert/udem2_ws/install/executors_py:/home/albert/udem2_ws/install/components_py:/home/albert/udem_ws/install/turtlesim_catcher:/home/albert/udem_ws/install/my_py_pkg:/home/albert/udem_ws/install/lifecycle_py:/home/albert/bcdc_ws/install/agbot_teleop:/home/albert/bcdc_ws/install/agbot_py:/home/albert/arduinobot_ws/install/arduinobot_py_examples:/opt/ros/humble /home/albert/.local/bin/cmake --build /home/albert/ag_arm_ws/src/build/arm_msgs -- -j8 -l8
[1.638s] Invoking command in '/home/albert/ag_arm_ws/src/build/arm_msgs': CMAKE_PREFIX_PATH=${CMAKE_PREFIX_PATH}:/home/albert/ws_moveit2/install/moveit_configs_utils:/home/albert/ws_moveit2/install/launch_param_builder:/home/albert/umov_ws/install/arduino_py_examples:/home/albert/udem2_ws/install/actions_py:/home/albert/udem2_ws/install/lifecycle_py:/home/albert/udem2_ws/install/executors_py:/home/albert/udem2_ws/install/components_py:/home/albert/udem_ws/install/turtlesim_catcher:/home/albert/udem_ws/install/my_py_pkg:/home/albert/udem_ws/install/lifecycle_py:/home/albert/bcdc_ws/install/agbot_teleop:/home/albert/bcdc_ws/install/agbot_py:/home/albert/arduinobot_ws/install/arduinobot_py_examples:/opt/ros/humble /home/albert/.local/bin/cmake --install /home/albert/ag_arm_ws/src/build/arm_msgs
[1.642s] -- Install configuration: ""
[1.642s] -- Installing: /home/albert/ag_arm_ws/src/install/arm_msgs/share/ament_index/resource_index/package_run_dependencies/arm_msgs
[1.642s] -- Installing: /home/albert/ag_arm_ws/src/install/arm_msgs/share/ament_index/resource_index/parent_prefix_path/arm_msgs
[1.642s] -- Installing: /home/albert/ag_arm_ws/src/install/arm_msgs/share/arm_msgs/environment/ament_prefix_path.sh
[1.642s] -- Installing: /home/albert/ag_arm_ws/src/install/arm_msgs/share/arm_msgs/environment/ament_prefix_path.dsv
[1.643s] -- Installing: /home/albert/ag_arm_ws/src/install/arm_msgs/share/arm_msgs/environment/path.sh
[1.643s] -- Installing: /home/albert/ag_arm_ws/src/install/arm_msgs/share/arm_msgs/environment/path.dsv
[1.643s] -- Installing: /home/albert/ag_arm_ws/src/install/arm_msgs/share/arm_msgs/local_setup.bash
[1.643s] -- Installing: /home/albert/ag_arm_ws/src/install/arm_msgs/share/arm_msgs/local_setup.sh
[1.643s] -- Installing: /home/albert/ag_arm_ws/src/install/arm_msgs/share/arm_msgs/local_setup.zsh
[1.644s] -- Installing: /home/albert/ag_arm_ws/src/install/arm_msgs/share/arm_msgs/local_setup.dsv
[1.644s] -- Installing: /home/albert/ag_arm_ws/src/install/arm_msgs/share/arm_msgs/package.dsv
[1.644s] -- Installing: /home/albert/ag_arm_ws/src/install/arm_msgs/share/ament_index/resource_index/packages/arm_msgs
[1.644s] -- Installing: /home/albert/ag_arm_ws/src/install/arm_msgs/share/arm_msgs/cmake/arm_msgsConfig.cmake
[1.644s] -- Installing: /home/albert/ag_arm_ws/src/install/arm_msgs/share/arm_msgs/cmake/arm_msgsConfig-version.cmake
[1.644s] -- Installing: /home/albert/ag_arm_ws/src/install/arm_msgs/share/arm_msgs/package.xml
[1.646s] Invoked command in '/home/albert/ag_arm_ws/src/build/arm_msgs' returned '0': CMAKE_PREFIX_PATH=${CMAKE_PREFIX_PATH}:/home/albert/ws_moveit2/install/moveit_configs_utils:/home/albert/ws_moveit2/install/launch_param_builder:/home/albert/umov_ws/install/arduino_py_examples:/home/albert/udem2_ws/install/actions_py:/home/albert/udem2_ws/install/lifecycle_py:/home/albert/udem2_ws/install/executors_py:/home/albert/udem2_ws/install/components_py:/home/albert/udem_ws/install/turtlesim_catcher:/home/albert/udem_ws/install/my_py_pkg:/home/albert/udem_ws/install/lifecycle_py:/home/albert/bcdc_ws/install/agbot_teleop:/home/albert/bcdc_ws/install/agbot_py:/home/albert/arduinobot_ws/install/arduinobot_py_examples:/opt/ros/humble /home/albert/.local/bin/cmake --install /home/albert/ag_arm_ws/src/build/arm_msgs
