[ 50%] [32mBuilding CXX object CMakeFiles/arm_moveit_interface.dir/src/arm_moveit_interface.cpp.o[0m
[100%] [32m[1mLinking CXX executable arm_moveit_interface[0m
[100%] Built target arm_moveit_interface
-- Install configuration: ""
-- Installing: /home/albert/ag_arm_ws/install/arm_cpp/lib/arm_cpp/arm_moveit_interface
-- Set non-toolchain portion of runtime path of "/home/albert/ag_arm_ws/install/arm_cpp/lib/arm_cpp/arm_moveit_interface" to ""
-- Up-to-date: /home/albert/ag_arm_ws/install/arm_cpp/share/ament_index/resource_index/package_run_dependencies/arm_cpp
-- Up-to-date: /home/albert/ag_arm_ws/install/arm_cpp/share/ament_index/resource_index/parent_prefix_path/arm_cpp
-- Up-to-date: /home/albert/ag_arm_ws/install/arm_cpp/share/arm_cpp/environment/ament_prefix_path.sh
-- Up-to-date: /home/albert/ag_arm_ws/install/arm_cpp/share/arm_cpp/environment/ament_prefix_path.dsv
-- Up-to-date: /home/albert/ag_arm_ws/install/arm_cpp/share/arm_cpp/environment/path.sh
-- Up-to-date: /home/albert/ag_arm_ws/install/arm_cpp/share/arm_cpp/environment/path.dsv
-- Up-to-date: /home/albert/ag_arm_ws/install/arm_cpp/share/arm_cpp/local_setup.bash
-- Up-to-date: /home/albert/ag_arm_ws/install/arm_cpp/share/arm_cpp/local_setup.sh
-- Up-to-date: /home/albert/ag_arm_ws/install/arm_cpp/share/arm_cpp/local_setup.zsh
-- Up-to-date: /home/albert/ag_arm_ws/install/arm_cpp/share/arm_cpp/local_setup.dsv
-- Installing: /home/albert/ag_arm_ws/install/arm_cpp/share/arm_cpp/package.dsv
-- Up-to-date: /home/albert/ag_arm_ws/install/arm_cpp/share/ament_index/resource_index/packages/arm_cpp
-- Up-to-date: /home/albert/ag_arm_ws/install/arm_cpp/share/arm_cpp/cmake/arm_cppConfig.cmake
-- Up-to-date: /home/albert/ag_arm_ws/install/arm_cpp/share/arm_cpp/cmake/arm_cppConfig-version.cmake
-- Up-to-date: /home/albert/ag_arm_ws/install/arm_cpp/share/arm_cpp/package.xml
