[5.054s] Invoking command in '/home/albert/ag_arm_ws/src/arm_py': PYTHONPATH=/home/albert/ag_arm_ws/build/arm_py/prefix_override:/usr/lib/python3/dist-packages/colcon_core/task/python/colcon_distutils_commands:/home/albert/ag_arm_ws/install/arm_py/lib/python3.10/site-packages:${PYTHONPATH} /usr/bin/python3 -W ignore:setup.py install is deprecated -W ignore:easy_install command is deprecated setup.py egg_info --egg-base ../../build/arm_py build --build-base /home/albert/ag_arm_ws/build/arm_py/build install --record /home/albert/ag_arm_ws/build/arm_py/install.log --single-version-externally-managed install_data
[6.750s] running egg_info
[6.752s] writing ../../build/arm_py/arm_py.egg-info/PKG-INFO
[6.752s] writing dependency_links to ../../build/arm_py/arm_py.egg-info/dependency_links.txt
[6.756s] writing entry points to ../../build/arm_py/arm_py.egg-info/entry_points.txt
[6.756s] writing requirements to ../../build/arm_py/arm_py.egg-info/requires.txt
[6.756s] writing top-level names to ../../build/arm_py/arm_py.egg-info/top_level.txt
[6.763s] reading manifest file '../../build/arm_py/arm_py.egg-info/SOURCES.txt'
[6.767s] writing manifest file '../../build/arm_py/arm_py.egg-info/SOURCES.txt'
[6.767s] running build
[6.768s] running build_py
[6.769s] running install
[6.770s] running install_lib
[6.776s] running install_data
[6.777s] running install_egg_info
[6.784s] removing '/home/albert/ag_arm_ws/install/arm_py/lib/python3.10/site-packages/arm_py-0.0.0-py3.10.egg-info' (and everything under it)
[6.785s] Copying ../../build/arm_py/arm_py.egg-info to /home/albert/ag_arm_ws/install/arm_py/lib/python3.10/site-packages/arm_py-0.0.0-py3.10.egg-info
[6.790s] running install_scripts
[6.889s] writing list of installed files to '/home/albert/ag_arm_ws/build/arm_py/install.log'
[6.991s] Invoked command in '/home/albert/ag_arm_ws/src/arm_py' returned '0': PYTHONPATH=/home/albert/ag_arm_ws/build/arm_py/prefix_override:/usr/lib/python3/dist-packages/colcon_core/task/python/colcon_distutils_commands:/home/albert/ag_arm_ws/install/arm_py/lib/python3.10/site-packages:${PYTHONPATH} /usr/bin/python3 -W ignore:setup.py install is deprecated -W ignore:easy_install command is deprecated setup.py egg_info --egg-base ../../build/arm_py build --build-base /home/albert/ag_arm_ws/build/arm_py/build install --record /home/albert/ag_arm_ws/build/arm_py/install.log --single-version-externally-managed install_data
