[0.402s] Invoking command in '/home/albert/ag_arm_ws/build/arm_msgs': CMAKE_PREFIX_PATH=${CMAKE_PREFIX_PATH}:/home/albert/ws_moveit2/install/moveit_configs_utils:/home/albert/ws_moveit2/install/launch_param_builder:/home/albert/umov_ws/install/arduino_py_examples:/home/albert/udem2_ws/install/actions_py:/home/albert/udem2_ws/install/lifecycle_py:/home/albert/udem2_ws/install/executors_py:/home/albert/udem2_ws/install/components_py:/home/albert/udem_ws/install/turtlesim_catcher:/home/albert/udem_ws/install/my_py_pkg:/home/albert/udem_ws/install/lifecycle_py:/home/albert/bcdc_ws/install/agbot_teleop:/home/albert/bcdc_ws/install/agbot_py:/home/albert/arduinobot_ws/install/arduinobot_py_examples:/opt/ros/humble /home/albert/.local/bin/cmake --build /home/albert/ag_arm_ws/build/arm_msgs -- -j8 -l8
[2.517s] [  2%] Built target arm_msgs__cpp
[2.517s] [ 12%] Built target arm_msgs__rosidl_generator_c
[2.517s] [ 12%] Built target ament_cmake_python_copy_arm_msgs
[2.518s] [ 23%] Built target arm_msgs__rosidl_typesupport_cpp
[2.521s] [ 34%] Built target arm_msgs__rosidl_typesupport_fastrtps_cpp
[2.522s] [ 44%] Built target arm_msgs__rosidl_typesupport_introspection_cpp
[2.523s] [ 55%] Built target arm_msgs__rosidl_typesupport_fastrtps_c
[2.523s] [ 65%] Built target arm_msgs__rosidl_typesupport_c
[2.524s] [ 76%] Built target arm_msgs__rosidl_typesupport_introspection_c
[2.556s] running egg_info
[2.558s] writing arm_msgs.egg-info/PKG-INFO
[2.559s] writing dependency_links to arm_msgs.egg-info/dependency_links.txt
[2.564s] writing top-level names to arm_msgs.egg-info/top_level.txt
[2.574s] reading manifest file 'arm_msgs.egg-info/SOURCES.txt'
[2.590s] writing manifest file 'arm_msgs.egg-info/SOURCES.txt'
[2.812s] [ 76%] Built target ament_cmake_python_build_arm_msgs_egg
[2.812s] [ 76%] Built target arm_msgs
[2.820s] [ 78%] Built target arm_msgs__py
[2.929s] [ 87%] Built target arm_msgs__rosidl_generator_py
[3.007s] [ 91%] Built target arm_msgs__rosidl_typesupport_fastrtps_c__pyext
[3.147s] [ 95%] Built target arm_msgs__rosidl_typesupport_c__pyext
[3.288s] [100%] Built target arm_msgs__rosidl_typesupport_introspection_c__pyext
[3.362s] Invoked command in '/home/albert/ag_arm_ws/build/arm_msgs' returned '0': CMAKE_PREFIX_PATH=${CMAKE_PREFIX_PATH}:/home/albert/ws_moveit2/install/moveit_configs_utils:/home/albert/ws_moveit2/install/launch_param_builder:/home/albert/umov_ws/install/arduino_py_examples:/home/albert/udem2_ws/install/actions_py:/home/albert/udem2_ws/install/lifecycle_py:/home/albert/udem2_ws/install/executors_py:/home/albert/udem2_ws/install/components_py:/home/albert/udem_ws/install/turtlesim_catcher:/home/albert/udem_ws/install/my_py_pkg:/home/albert/udem_ws/install/lifecycle_py:/home/albert/bcdc_ws/install/agbot_teleop:/home/albert/bcdc_ws/install/agbot_py:/home/albert/arduinobot_ws/install/arduinobot_py_examples:/opt/ros/humble /home/albert/.local/bin/cmake --build /home/albert/ag_arm_ws/build/arm_msgs -- -j8 -l8
[3.364s] Invoking command in '/home/albert/ag_arm_ws/build/arm_msgs': CMAKE_PREFIX_PATH=${CMAKE_PREFIX_PATH}:/home/albert/ws_moveit2/install/moveit_configs_utils:/home/albert/ws_moveit2/install/launch_param_builder:/home/albert/umov_ws/install/arduino_py_examples:/home/albert/udem2_ws/install/actions_py:/home/albert/udem2_ws/install/lifecycle_py:/home/albert/udem2_ws/install/executors_py:/home/albert/udem2_ws/install/components_py:/home/albert/udem_ws/install/turtlesim_catcher:/home/albert/udem_ws/install/my_py_pkg:/home/albert/udem_ws/install/lifecycle_py:/home/albert/bcdc_ws/install/agbot_teleop:/home/albert/bcdc_ws/install/agbot_py:/home/albert/arduinobot_ws/install/arduinobot_py_examples:/opt/ros/humble /home/albert/.local/bin/cmake --install /home/albert/ag_arm_ws/build/arm_msgs
[3.383s] -- Install configuration: ""
[3.383s] -- Up-to-date: /home/albert/ag_arm_ws/install/arm_msgs/share/ament_index/resource_index/rosidl_interfaces/arm_msgs
[3.384s] -- Up-to-date: /home/albert/ag_arm_ws/install/arm_msgs/include/arm_msgs/arm_msgs
[3.385s] -- Up-to-date: /home/albert/ag_arm_ws/install/arm_msgs/include/arm_msgs/arm_msgs/msg
[3.386s] -- Up-to-date: /home/albert/ag_arm_ws/install/arm_msgs/include/arm_msgs/arm_msgs/msg/rosidl_generator_c__visibility_control.h
[3.386s] -- Up-to-date: /home/albert/ag_arm_ws/install/arm_msgs/include/arm_msgs/arm_msgs/action
[3.388s] -- Up-to-date: /home/albert/ag_arm_ws/install/arm_msgs/include/arm_msgs/arm_msgs/action/arm_task.h
[3.389s] -- Up-to-date: /home/albert/ag_arm_ws/install/arm_msgs/include/arm_msgs/arm_msgs/action/detail
[3.389s] -- Up-to-date: /home/albert/ag_arm_ws/install/arm_msgs/include/arm_msgs/arm_msgs/action/detail/arm_task__type_support.h
[3.390s] -- Up-to-date: /home/albert/ag_arm_ws/install/arm_msgs/include/arm_msgs/arm_msgs/action/detail/arm_task__functions.h
[3.397s] -- Up-to-date: /home/albert/ag_arm_ws/install/arm_msgs/include/arm_msgs/arm_msgs/action/detail/arm_task__struct.h
[3.397s] -- Up-to-date: /home/albert/ag_arm_ws/install/arm_msgs/include/arm_msgs/arm_msgs/action/detail/arm_task__functions.c
[3.398s] -- Up-to-date: /home/albert/ag_arm_ws/install/arm_msgs/include/arm_msgs/arm_msgs/srv
[3.398s] -- Up-to-date: /home/albert/ag_arm_ws/install/arm_msgs/include/arm_msgs/arm_msgs/srv/quaternion_to_euler.h
[3.398s] -- Up-to-date: /home/albert/ag_arm_ws/install/arm_msgs/include/arm_msgs/arm_msgs/srv/detail
[3.399s] -- Up-to-date: /home/albert/ag_arm_ws/install/arm_msgs/include/arm_msgs/arm_msgs/srv/detail/euler_to_quaternion__functions.c
[3.399s] -- Up-to-date: /home/albert/ag_arm_ws/install/arm_msgs/include/arm_msgs/arm_msgs/srv/detail/euler_to_quaternion__struct.h
[3.402s] -- Up-to-date: /home/albert/ag_arm_ws/install/arm_msgs/include/arm_msgs/arm_msgs/srv/detail/quaternion_to_euler__functions.c
[3.402s] -- Up-to-date: /home/albert/ag_arm_ws/install/arm_msgs/include/arm_msgs/arm_msgs/srv/detail/euler_to_quaternion__functions.h
[3.402s] -- Up-to-date: /home/albert/ag_arm_ws/install/arm_msgs/include/arm_msgs/arm_msgs/srv/detail/quaternion_to_euler__functions.h
[3.402s] -- Up-to-date: /home/albert/ag_arm_ws/install/arm_msgs/include/arm_msgs/arm_msgs/srv/detail/quaternion_to_euler__type_support.h
[3.403s] -- Up-to-date: /home/albert/ag_arm_ws/install/arm_msgs/include/arm_msgs/arm_msgs/srv/detail/euler_to_quaternion__type_support.h
[3.406s] -- Up-to-date: /home/albert/ag_arm_ws/install/arm_msgs/include/arm_msgs/arm_msgs/srv/detail/quaternion_to_euler__struct.h
[3.407s] -- Up-to-date: /home/albert/ag_arm_ws/install/arm_msgs/include/arm_msgs/arm_msgs/srv/euler_to_quaternion.h
[3.407s] -- Up-to-date: /home/albert/ag_arm_ws/install/arm_msgs/share/arm_msgs/environment/library_path.sh
[3.407s] -- Up-to-date: /home/albert/ag_arm_ws/install/arm_msgs/share/arm_msgs/environment/library_path.dsv
[3.408s] -- Up-to-date: /home/albert/ag_arm_ws/install/arm_msgs/lib/libarm_msgs__rosidl_generator_c.so
[3.408s] -- Up-to-date: /home/albert/ag_arm_ws/install/arm_msgs/include/arm_msgs/arm_msgs
[3.411s] -- Up-to-date: /home/albert/ag_arm_ws/install/arm_msgs/include/arm_msgs/arm_msgs/msg
[3.412s] -- Up-to-date: /home/albert/ag_arm_ws/install/arm_msgs/include/arm_msgs/arm_msgs/msg/rosidl_typesupport_fastrtps_c__visibility_control.h
[3.413s] -- Up-to-date: /home/albert/ag_arm_ws/install/arm_msgs/include/arm_msgs/arm_msgs/action
[3.414s] -- Up-to-date: /home/albert/ag_arm_ws/install/arm_msgs/include/arm_msgs/arm_msgs/action/detail
[3.418s] -- Up-to-date: /home/albert/ag_arm_ws/install/arm_msgs/include/arm_msgs/arm_msgs/action/detail/arm_task__rosidl_typesupport_fastrtps_c.h
[3.419s] -- Up-to-date: /home/albert/ag_arm_ws/install/arm_msgs/include/arm_msgs/arm_msgs/srv
[3.419s] -- Up-to-date: /home/albert/ag_arm_ws/install/arm_msgs/include/arm_msgs/arm_msgs/srv/detail
[3.419s] -- Up-to-date: /home/albert/ag_arm_ws/install/arm_msgs/include/arm_msgs/arm_msgs/srv/detail/euler_to_quaternion__rosidl_typesupport_fastrtps_c.h
[3.420s] -- Up-to-date: /home/albert/ag_arm_ws/install/arm_msgs/include/arm_msgs/arm_msgs/srv/detail/quaternion_to_euler__rosidl_typesupport_fastrtps_c.h
[3.420s] -- Up-to-date: /home/albert/ag_arm_ws/install/arm_msgs/lib/libarm_msgs__rosidl_typesupport_fastrtps_c.so
[3.420s] -- Up-to-date: /home/albert/ag_arm_ws/install/arm_msgs/include/arm_msgs/arm_msgs
[3.421s] -- Up-to-date: /home/albert/ag_arm_ws/install/arm_msgs/include/arm_msgs/arm_msgs/msg
[3.421s] -- Up-to-date: /home/albert/ag_arm_ws/install/arm_msgs/include/arm_msgs/arm_msgs/msg/rosidl_generator_cpp__visibility_control.hpp
[3.421s] -- Up-to-date: /home/albert/ag_arm_ws/install/arm_msgs/include/arm_msgs/arm_msgs/action
[3.422s] -- Up-to-date: /home/albert/ag_arm_ws/install/arm_msgs/include/arm_msgs/arm_msgs/action/arm_task.hpp
[3.429s] -- Up-to-date: /home/albert/ag_arm_ws/install/arm_msgs/include/arm_msgs/arm_msgs/action/detail
[3.430s] -- Up-to-date: /home/albert/ag_arm_ws/install/arm_msgs/include/arm_msgs/arm_msgs/action/detail/arm_task__struct.hpp
[3.430s] -- Up-to-date: /home/albert/ag_arm_ws/install/arm_msgs/include/arm_msgs/arm_msgs/action/detail/arm_task__builder.hpp
[3.431s] -- Up-to-date: /home/albert/ag_arm_ws/install/arm_msgs/include/arm_msgs/arm_msgs/action/detail/arm_task__traits.hpp
[3.431s] -- Up-to-date: /home/albert/ag_arm_ws/install/arm_msgs/include/arm_msgs/arm_msgs/action/detail/arm_task__type_support.hpp
[3.431s] -- Up-to-date: /home/albert/ag_arm_ws/install/arm_msgs/include/arm_msgs/arm_msgs/srv
[3.432s] -- Up-to-date: /home/albert/ag_arm_ws/install/arm_msgs/include/arm_msgs/arm_msgs/srv/euler_to_quaternion.hpp
[3.432s] -- Up-to-date: /home/albert/ag_arm_ws/install/arm_msgs/include/arm_msgs/arm_msgs/srv/detail
[3.432s] -- Up-to-date: /home/albert/ag_arm_ws/install/arm_msgs/include/arm_msgs/arm_msgs/srv/detail/quaternion_to_euler__struct.hpp
[3.433s] -- Up-to-date: /home/albert/ag_arm_ws/install/arm_msgs/include/arm_msgs/arm_msgs/srv/detail/quaternion_to_euler__builder.hpp
[3.433s] -- Up-to-date: /home/albert/ag_arm_ws/install/arm_msgs/include/arm_msgs/arm_msgs/srv/detail/euler_to_quaternion__traits.hpp
[3.437s] -- Up-to-date: /home/albert/ag_arm_ws/install/arm_msgs/include/arm_msgs/arm_msgs/srv/detail/euler_to_quaternion__type_support.hpp
[3.437s] -- Up-to-date: /home/albert/ag_arm_ws/install/arm_msgs/include/arm_msgs/arm_msgs/srv/detail/quaternion_to_euler__traits.hpp
[3.437s] -- Up-to-date: /home/albert/ag_arm_ws/install/arm_msgs/include/arm_msgs/arm_msgs/srv/detail/euler_to_quaternion__builder.hpp
[3.439s] -- Up-to-date: /home/albert/ag_arm_ws/install/arm_msgs/include/arm_msgs/arm_msgs/srv/detail/euler_to_quaternion__struct.hpp
[3.440s] -- Up-to-date: /home/albert/ag_arm_ws/install/arm_msgs/include/arm_msgs/arm_msgs/srv/detail/quaternion_to_euler__type_support.hpp
[3.440s] -- Up-to-date: /home/albert/ag_arm_ws/install/arm_msgs/include/arm_msgs/arm_msgs/srv/quaternion_to_euler.hpp
[3.440s] -- Up-to-date: /home/albert/ag_arm_ws/install/arm_msgs/include/arm_msgs/arm_msgs
[3.440s] -- Up-to-date: /home/albert/ag_arm_ws/install/arm_msgs/include/arm_msgs/arm_msgs/msg
[3.441s] -- Up-to-date: /home/albert/ag_arm_ws/install/arm_msgs/include/arm_msgs/arm_msgs/msg/rosidl_typesupport_fastrtps_cpp__visibility_control.h
[3.441s] -- Up-to-date: /home/albert/ag_arm_ws/install/arm_msgs/include/arm_msgs/arm_msgs/action
[3.441s] -- Up-to-date: /home/albert/ag_arm_ws/install/arm_msgs/include/arm_msgs/arm_msgs/action/detail
[3.441s] -- Up-to-date: /home/albert/ag_arm_ws/install/arm_msgs/include/arm_msgs/arm_msgs/action/detail/arm_task__rosidl_typesupport_fastrtps_cpp.hpp
[3.442s] -- Up-to-date: /home/albert/ag_arm_ws/install/arm_msgs/include/arm_msgs/arm_msgs/action/detail/dds_fastrtps
[3.446s] -- Up-to-date: /home/albert/ag_arm_ws/install/arm_msgs/include/arm_msgs/arm_msgs/srv
[3.448s] -- Up-to-date: /home/albert/ag_arm_ws/install/arm_msgs/include/arm_msgs/arm_msgs/srv/detail
[3.449s] -- Up-to-date: /home/albert/ag_arm_ws/install/arm_msgs/include/arm_msgs/arm_msgs/srv/detail/euler_to_quaternion__rosidl_typesupport_fastrtps_cpp.hpp
[3.449s] -- Up-to-date: /home/albert/ag_arm_ws/install/arm_msgs/include/arm_msgs/arm_msgs/srv/detail/quaternion_to_euler__rosidl_typesupport_fastrtps_cpp.hpp
[3.449s] -- Up-to-date: /home/albert/ag_arm_ws/install/arm_msgs/include/arm_msgs/arm_msgs/srv/detail/dds_fastrtps
[3.450s] -- Up-to-date: /home/albert/ag_arm_ws/install/arm_msgs/lib/libarm_msgs__rosidl_typesupport_fastrtps_cpp.so
[3.451s] -- Up-to-date: /home/albert/ag_arm_ws/install/arm_msgs/include/arm_msgs/arm_msgs
[3.455s] -- Up-to-date: /home/albert/ag_arm_ws/install/arm_msgs/include/arm_msgs/arm_msgs/msg
[3.457s] -- Up-to-date: /home/albert/ag_arm_ws/install/arm_msgs/include/arm_msgs/arm_msgs/msg/rosidl_typesupport_introspection_c__visibility_control.h
[3.457s] -- Up-to-date: /home/albert/ag_arm_ws/install/arm_msgs/include/arm_msgs/arm_msgs/action
[3.457s] -- Up-to-date: /home/albert/ag_arm_ws/install/arm_msgs/include/arm_msgs/arm_msgs/action/detail
[3.458s] -- Up-to-date: /home/albert/ag_arm_ws/install/arm_msgs/include/arm_msgs/arm_msgs/action/detail/arm_task__type_support.c
[3.459s] -- Up-to-date: /home/albert/ag_arm_ws/install/arm_msgs/include/arm_msgs/arm_msgs/action/detail/arm_task__rosidl_typesupport_introspection_c.h
[3.459s] -- Up-to-date: /home/albert/ag_arm_ws/install/arm_msgs/include/arm_msgs/arm_msgs/srv
[3.460s] -- Up-to-date: /home/albert/ag_arm_ws/install/arm_msgs/include/arm_msgs/arm_msgs/srv/detail
[3.461s] -- Up-to-date: /home/albert/ag_arm_ws/install/arm_msgs/include/arm_msgs/arm_msgs/srv/detail/euler_to_quaternion__type_support.c
[3.462s] -- Up-to-date: /home/albert/ag_arm_ws/install/arm_msgs/include/arm_msgs/arm_msgs/srv/detail/quaternion_to_euler__type_support.c
[3.463s] -- Up-to-date: /home/albert/ag_arm_ws/install/arm_msgs/include/arm_msgs/arm_msgs/srv/detail/quaternion_to_euler__rosidl_typesupport_introspection_c.h
[3.463s] -- Up-to-date: /home/albert/ag_arm_ws/install/arm_msgs/include/arm_msgs/arm_msgs/srv/detail/euler_to_quaternion__rosidl_typesupport_introspection_c.h
[3.463s] -- Up-to-date: /home/albert/ag_arm_ws/install/arm_msgs/lib/libarm_msgs__rosidl_typesupport_introspection_c.so
[3.463s] -- Up-to-date: /home/albert/ag_arm_ws/install/arm_msgs/lib/libarm_msgs__rosidl_typesupport_c.so
[3.464s] -- Up-to-date: /home/albert/ag_arm_ws/install/arm_msgs/include/arm_msgs/arm_msgs
[3.464s] -- Up-to-date: /home/albert/ag_arm_ws/install/arm_msgs/include/arm_msgs/arm_msgs/action
[3.464s] -- Up-to-date: /home/albert/ag_arm_ws/install/arm_msgs/include/arm_msgs/arm_msgs/action/detail
[3.465s] -- Up-to-date: /home/albert/ag_arm_ws/install/arm_msgs/include/arm_msgs/arm_msgs/action/detail/arm_task__rosidl_typesupport_introspection_cpp.hpp
[3.467s] -- Up-to-date: /home/albert/ag_arm_ws/install/arm_msgs/include/arm_msgs/arm_msgs/action/detail/arm_task__type_support.cpp
[3.468s] -- Up-to-date: /home/albert/ag_arm_ws/install/arm_msgs/include/arm_msgs/arm_msgs/srv
[3.468s] -- Up-to-date: /home/albert/ag_arm_ws/install/arm_msgs/include/arm_msgs/arm_msgs/srv/detail
[3.469s] -- Up-to-date: /home/albert/ag_arm_ws/install/arm_msgs/include/arm_msgs/arm_msgs/srv/detail/euler_to_quaternion__rosidl_typesupport_introspection_cpp.hpp
[3.469s] -- Up-to-date: /home/albert/ag_arm_ws/install/arm_msgs/include/arm_msgs/arm_msgs/srv/detail/euler_to_quaternion__type_support.cpp
[3.470s] -- Up-to-date: /home/albert/ag_arm_ws/install/arm_msgs/include/arm_msgs/arm_msgs/srv/detail/quaternion_to_euler__type_support.cpp
[3.470s] -- Up-to-date: /home/albert/ag_arm_ws/install/arm_msgs/include/arm_msgs/arm_msgs/srv/detail/quaternion_to_euler__rosidl_typesupport_introspection_cpp.hpp
[3.470s] -- Up-to-date: /home/albert/ag_arm_ws/install/arm_msgs/lib/libarm_msgs__rosidl_typesupport_introspection_cpp.so
[3.471s] -- Up-to-date: /home/albert/ag_arm_ws/install/arm_msgs/lib/libarm_msgs__rosidl_typesupport_cpp.so
[3.471s] -- Up-to-date: /home/albert/ag_arm_ws/install/arm_msgs/share/arm_msgs/environment/pythonpath.sh
[3.472s] -- Up-to-date: /home/albert/ag_arm_ws/install/arm_msgs/share/arm_msgs/environment/pythonpath.dsv
[3.472s] -- Up-to-date: /home/albert/ag_arm_ws/install/arm_msgs/local/lib/python3.10/dist-packages/arm_msgs-0.0.0-py3.10.egg-info
[3.472s] -- Installing: /home/albert/ag_arm_ws/install/arm_msgs/local/lib/python3.10/dist-packages/arm_msgs-0.0.0-py3.10.egg-info/SOURCES.txt
[3.473s] -- Installing: /home/albert/ag_arm_ws/install/arm_msgs/local/lib/python3.10/dist-packages/arm_msgs-0.0.0-py3.10.egg-info/top_level.txt
[3.473s] -- Installing: /home/albert/ag_arm_ws/install/arm_msgs/local/lib/python3.10/dist-packages/arm_msgs-0.0.0-py3.10.egg-info/PKG-INFO
[3.473s] -- Installing: /home/albert/ag_arm_ws/install/arm_msgs/local/lib/python3.10/dist-packages/arm_msgs-0.0.0-py3.10.egg-info/dependency_links.txt
[3.474s] -- Up-to-date: /home/albert/ag_arm_ws/install/arm_msgs/local/lib/python3.10/dist-packages/arm_msgs
[3.474s] -- Up-to-date: /home/albert/ag_arm_ws/install/arm_msgs/local/lib/python3.10/dist-packages/arm_msgs/__init__.py
[3.475s] -- Up-to-date: /home/albert/ag_arm_ws/install/arm_msgs/local/lib/python3.10/dist-packages/arm_msgs/arm_msgs_s__rosidl_typesupport_c.cpython-310-x86_64-linux-gnu.so
[3.475s] -- Up-to-date: /home/albert/ag_arm_ws/install/arm_msgs/local/lib/python3.10/dist-packages/arm_msgs/_arm_msgs_s.ep.rosidl_typesupport_fastrtps_c.c
[3.475s] -- Up-to-date: /home/albert/ag_arm_ws/install/arm_msgs/local/lib/python3.10/dist-packages/arm_msgs/_arm_msgs_s.ep.rosidl_typesupport_introspection_c.c
[3.476s] -- Up-to-date: /home/albert/ag_arm_ws/install/arm_msgs/local/lib/python3.10/dist-packages/arm_msgs/action
[3.476s] -- Up-to-date: /home/albert/ag_arm_ws/install/arm_msgs/local/lib/python3.10/dist-packages/arm_msgs/action/__init__.py
[3.476s] -- Up-to-date: /home/albert/ag_arm_ws/install/arm_msgs/local/lib/python3.10/dist-packages/arm_msgs/action/_arm_task_s.c
[3.476s] -- Up-to-date: /home/albert/ag_arm_ws/install/arm_msgs/local/lib/python3.10/dist-packages/arm_msgs/action/_arm_task.py
[3.477s] -- Up-to-date: /home/albert/ag_arm_ws/install/arm_msgs/local/lib/python3.10/dist-packages/arm_msgs/_arm_msgs_s.ep.rosidl_typesupport_c.c
[3.477s] -- Up-to-date: /home/albert/ag_arm_ws/install/arm_msgs/local/lib/python3.10/dist-packages/arm_msgs/arm_msgs_s__rosidl_typesupport_fastrtps_c.cpython-310-x86_64-linux-gnu.so
[3.477s] -- Up-to-date: /home/albert/ag_arm_ws/install/arm_msgs/local/lib/python3.10/dist-packages/arm_msgs/arm_msgs_s__rosidl_typesupport_introspection_c.cpython-310-x86_64-linux-gnu.so
[3.477s] -- Up-to-date: /home/albert/ag_arm_ws/install/arm_msgs/local/lib/python3.10/dist-packages/arm_msgs/libarm_msgs__rosidl_generator_py.so
[3.478s] -- Up-to-date: /home/albert/ag_arm_ws/install/arm_msgs/local/lib/python3.10/dist-packages/arm_msgs/srv
[3.478s] -- Up-to-date: /home/albert/ag_arm_ws/install/arm_msgs/local/lib/python3.10/dist-packages/arm_msgs/srv/_quaternion_to_euler_s.c
[3.478s] -- Up-to-date: /home/albert/ag_arm_ws/install/arm_msgs/local/lib/python3.10/dist-packages/arm_msgs/srv/_euler_to_quaternion.py
[3.479s] -- Up-to-date: /home/albert/ag_arm_ws/install/arm_msgs/local/lib/python3.10/dist-packages/arm_msgs/srv/__init__.py
[3.479s] -- Up-to-date: /home/albert/ag_arm_ws/install/arm_msgs/local/lib/python3.10/dist-packages/arm_msgs/srv/_quaternion_to_euler.py
[3.479s] -- Up-to-date: /home/albert/ag_arm_ws/install/arm_msgs/local/lib/python3.10/dist-packages/arm_msgs/srv/_euler_to_quaternion_s.c
[3.751s] Listing '/home/albert/ag_arm_ws/install/arm_msgs/local/lib/python3.10/dist-packages/arm_msgs'...
[3.751s] Listing '/home/albert/ag_arm_ws/install/arm_msgs/local/lib/python3.10/dist-packages/arm_msgs/action'...
[3.751s] Listing '/home/albert/ag_arm_ws/install/arm_msgs/local/lib/python3.10/dist-packages/arm_msgs/srv'...
[3.784s] -- Up-to-date: /home/albert/ag_arm_ws/install/arm_msgs/local/lib/python3.10/dist-packages/arm_msgs/arm_msgs_s__rosidl_typesupport_fastrtps_c.cpython-310-x86_64-linux-gnu.so
[3.791s] -- Up-to-date: /home/albert/ag_arm_ws/install/arm_msgs/local/lib/python3.10/dist-packages/arm_msgs/arm_msgs_s__rosidl_typesupport_introspection_c.cpython-310-x86_64-linux-gnu.so
[3.797s] -- Up-to-date: /home/albert/ag_arm_ws/install/arm_msgs/local/lib/python3.10/dist-packages/arm_msgs/arm_msgs_s__rosidl_typesupport_c.cpython-310-x86_64-linux-gnu.so
[3.801s] -- Up-to-date: /home/albert/ag_arm_ws/install/arm_msgs/lib/libarm_msgs__rosidl_generator_py.so
[3.804s] -- Up-to-date: /home/albert/ag_arm_ws/install/arm_msgs/share/arm_msgs/srv/EulerToQuaternion.idl
[3.804s] -- Up-to-date: /home/albert/ag_arm_ws/install/arm_msgs/share/arm_msgs/srv/QuaternionToEuler.idl
[3.805s] -- Up-to-date: /home/albert/ag_arm_ws/install/arm_msgs/share/arm_msgs/action/ArmTask.idl
[3.805s] -- Up-to-date: /home/albert/ag_arm_ws/install/arm_msgs/share/arm_msgs/srv/EulerToQuaternion.srv
[3.807s] -- Up-to-date: /home/albert/ag_arm_ws/install/arm_msgs/share/arm_msgs/srv/EulerToQuaternion_Request.msg
[3.807s] -- Up-to-date: /home/albert/ag_arm_ws/install/arm_msgs/share/arm_msgs/srv/EulerToQuaternion_Response.msg
[3.808s] -- Up-to-date: /home/albert/ag_arm_ws/install/arm_msgs/share/arm_msgs/srv/QuaternionToEuler.srv
[3.809s] -- Up-to-date: /home/albert/ag_arm_ws/install/arm_msgs/share/arm_msgs/srv/QuaternionToEuler_Request.msg
[3.810s] -- Up-to-date: /home/albert/ag_arm_ws/install/arm_msgs/share/arm_msgs/srv/QuaternionToEuler_Response.msg
[3.813s] -- Up-to-date: /home/albert/ag_arm_ws/install/arm_msgs/share/arm_msgs/action/ArmTask.action
[3.815s] -- Up-to-date: /home/albert/ag_arm_ws/install/arm_msgs/share/ament_index/resource_index/package_run_dependencies/arm_msgs
[3.817s] -- Up-to-date: /home/albert/ag_arm_ws/install/arm_msgs/share/ament_index/resource_index/parent_prefix_path/arm_msgs
[3.818s] -- Up-to-date: /home/albert/ag_arm_ws/install/arm_msgs/share/arm_msgs/environment/ament_prefix_path.sh
[3.818s] -- Up-to-date: /home/albert/ag_arm_ws/install/arm_msgs/share/arm_msgs/environment/ament_prefix_path.dsv
[3.818s] -- Up-to-date: /home/albert/ag_arm_ws/install/arm_msgs/share/arm_msgs/environment/path.sh
[3.819s] -- Up-to-date: /home/albert/ag_arm_ws/install/arm_msgs/share/arm_msgs/environment/path.dsv
[3.819s] -- Up-to-date: /home/albert/ag_arm_ws/install/arm_msgs/share/arm_msgs/local_setup.bash
[3.819s] -- Up-to-date: /home/albert/ag_arm_ws/install/arm_msgs/share/arm_msgs/local_setup.sh
[3.819s] -- Up-to-date: /home/albert/ag_arm_ws/install/arm_msgs/share/arm_msgs/local_setup.zsh
[3.820s] -- Up-to-date: /home/albert/ag_arm_ws/install/arm_msgs/share/arm_msgs/local_setup.dsv
[3.824s] -- Installing: /home/albert/ag_arm_ws/install/arm_msgs/share/arm_msgs/package.dsv
[3.825s] -- Up-to-date: /home/albert/ag_arm_ws/install/arm_msgs/share/ament_index/resource_index/packages/arm_msgs
[3.826s] -- Up-to-date: /home/albert/ag_arm_ws/install/arm_msgs/share/arm_msgs/cmake/export_arm_msgs__rosidl_generator_cExport.cmake
[3.827s] -- Up-to-date: /home/albert/ag_arm_ws/install/arm_msgs/share/arm_msgs/cmake/export_arm_msgs__rosidl_generator_cExport-noconfig.cmake
[3.828s] -- Up-to-date: /home/albert/ag_arm_ws/install/arm_msgs/share/arm_msgs/cmake/export_arm_msgs__rosidl_typesupport_fastrtps_cExport.cmake
[3.829s] -- Up-to-date: /home/albert/ag_arm_ws/install/arm_msgs/share/arm_msgs/cmake/export_arm_msgs__rosidl_typesupport_fastrtps_cExport-noconfig.cmake
[3.829s] -- Up-to-date: /home/albert/ag_arm_ws/install/arm_msgs/share/arm_msgs/cmake/export_arm_msgs__rosidl_generator_cppExport.cmake
[3.831s] -- Up-to-date: /home/albert/ag_arm_ws/install/arm_msgs/share/arm_msgs/cmake/export_arm_msgs__rosidl_typesupport_fastrtps_cppExport.cmake
[3.832s] -- Up-to-date: /home/albert/ag_arm_ws/install/arm_msgs/share/arm_msgs/cmake/export_arm_msgs__rosidl_typesupport_fastrtps_cppExport-noconfig.cmake
[3.833s] -- Up-to-date: /home/albert/ag_arm_ws/install/arm_msgs/share/arm_msgs/cmake/arm_msgs__rosidl_typesupport_introspection_cExport.cmake
[3.835s] -- Up-to-date: /home/albert/ag_arm_ws/install/arm_msgs/share/arm_msgs/cmake/arm_msgs__rosidl_typesupport_introspection_cExport-noconfig.cmake
[3.840s] -- Up-to-date: /home/albert/ag_arm_ws/install/arm_msgs/share/arm_msgs/cmake/arm_msgs__rosidl_typesupport_cExport.cmake
[3.841s] -- Up-to-date: /home/albert/ag_arm_ws/install/arm_msgs/share/arm_msgs/cmake/arm_msgs__rosidl_typesupport_cExport-noconfig.cmake
[3.842s] -- Up-to-date: /home/albert/ag_arm_ws/install/arm_msgs/share/arm_msgs/cmake/arm_msgs__rosidl_typesupport_introspection_cppExport.cmake
[3.843s] -- Up-to-date: /home/albert/ag_arm_ws/install/arm_msgs/share/arm_msgs/cmake/arm_msgs__rosidl_typesupport_introspection_cppExport-noconfig.cmake
[3.844s] -- Up-to-date: /home/albert/ag_arm_ws/install/arm_msgs/share/arm_msgs/cmake/arm_msgs__rosidl_typesupport_cppExport.cmake
[3.844s] -- Up-to-date: /home/albert/ag_arm_ws/install/arm_msgs/share/arm_msgs/cmake/arm_msgs__rosidl_typesupport_cppExport-noconfig.cmake
[3.844s] -- Up-to-date: /home/albert/ag_arm_ws/install/arm_msgs/share/arm_msgs/cmake/export_arm_msgs__rosidl_generator_pyExport.cmake
[3.845s] -- Up-to-date: /home/albert/ag_arm_ws/install/arm_msgs/share/arm_msgs/cmake/export_arm_msgs__rosidl_generator_pyExport-noconfig.cmake
[3.845s] -- Up-to-date: /home/albert/ag_arm_ws/install/arm_msgs/share/arm_msgs/cmake/rosidl_cmake-extras.cmake
[3.845s] -- Up-to-date: /home/albert/ag_arm_ws/install/arm_msgs/share/arm_msgs/cmake/ament_cmake_export_dependencies-extras.cmake
[3.846s] -- Up-to-date: /home/albert/ag_arm_ws/install/arm_msgs/share/arm_msgs/cmake/ament_cmake_export_include_directories-extras.cmake
[3.846s] -- Up-to-date: /home/albert/ag_arm_ws/install/arm_msgs/share/arm_msgs/cmake/ament_cmake_export_libraries-extras.cmake
[3.846s] -- Up-to-date: /home/albert/ag_arm_ws/install/arm_msgs/share/arm_msgs/cmake/ament_cmake_export_targets-extras.cmake
[3.846s] -- Up-to-date: /home/albert/ag_arm_ws/install/arm_msgs/share/arm_msgs/cmake/rosidl_cmake_export_typesupport_targets-extras.cmake
[3.847s] -- Up-to-date: /home/albert/ag_arm_ws/install/arm_msgs/share/arm_msgs/cmake/rosidl_cmake_export_typesupport_libraries-extras.cmake
[3.847s] -- Up-to-date: /home/albert/ag_arm_ws/install/arm_msgs/share/arm_msgs/cmake/arm_msgsConfig.cmake
[3.848s] -- Up-to-date: /home/albert/ag_arm_ws/install/arm_msgs/share/arm_msgs/cmake/arm_msgsConfig-version.cmake
[3.851s] -- Up-to-date: /home/albert/ag_arm_ws/install/arm_msgs/share/arm_msgs/package.xml
[3.852s] Invoked command in '/home/albert/ag_arm_ws/build/arm_msgs' returned '0': CMAKE_PREFIX_PATH=${CMAKE_PREFIX_PATH}:/home/albert/ws_moveit2/install/moveit_configs_utils:/home/albert/ws_moveit2/install/launch_param_builder:/home/albert/umov_ws/install/arduino_py_examples:/home/albert/udem2_ws/install/actions_py:/home/albert/udem2_ws/install/lifecycle_py:/home/albert/udem2_ws/install/executors_py:/home/albert/udem2_ws/install/components_py:/home/albert/udem_ws/install/turtlesim_catcher:/home/albert/udem_ws/install/my_py_pkg:/home/albert/udem_ws/install/lifecycle_py:/home/albert/bcdc_ws/install/agbot_teleop:/home/albert/bcdc_ws/install/agbot_py:/home/albert/arduinobot_ws/install/arduinobot_py_examples:/opt/ros/humble /home/albert/.local/bin/cmake --install /home/albert/ag_arm_ws/build/arm_msgs
