[ 25%] [32mBuilding CXX object CMakeFiles/arm_task_server.dir/src/arm_task_server.cpp.o[0m
[01m[K/home/albert/ag_arm_ws/src/arm_remote/src/arm_task_server.cpp:221:61:[m[K [01;31m[Kerror: [m[Kunterminated argument list invoking macro "RCLCPP_ERROR"
  221 | RCLCPP_COMPONENTS_REGISTER_NODE(arm_remote::AgbotTaskServer)
      |                                                             [01;31m[K^[m[K
[01m[K/home/albert/ag_arm_ws/src/arm_remote/src/arm_task_server.cpp:185:21:[m[K [01;31m[Kerror: [m[Kexpected ‘[01m[K}[m[K’ at end of input
  185 |         RCLCPP_ERROR[01;31m[K([m[Kget_logger(), "Rail planner %d failed!", task_num_;
      |                     [01;31m[K^[m[K
[01m[K/home/albert/ag_arm_ws/src/arm_remote/src/arm_task_server.cpp:18:1:[m[K [01;36m[Knote: [m[Kto match this ‘[01m[K{[m[K’
   18 | [01;36m[K{[m[K
      | [01;36m[K^[m[K
[01m[K/home/albert/ag_arm_ws/src/arm_remote/src/arm_task_server.cpp:[m[K In member function ‘[01m[Kvoid arm_remote::AgbotTaskServer::execute(std::shared_ptr<rclcpp_action::ServerGoalHandle<arm_msgs::action::ArmTask> >)[m[K’:
[01m[K/home/albert/ag_arm_ws/src/arm_remote/src/arm_task_server.cpp:185:9:[m[K [01;31m[Kerror: [m[K‘[01m[KRCLCPP_ERROR[m[K’ was not declared in this scope
  185 |         [01;31m[KRCLCPP_ERROR[m[K(get_logger(), "Rail planner %d failed!", task_num_;
      |         [01;31m[K^~~~~~~~~~~~[m[K
[01m[K/home/albert/ag_arm_ws/src/arm_remote/src/arm_task_server.cpp:185:21:[m[K [01;31m[Kerror: [m[Kexpected ‘[01m[K}[m[K’ at end of input
  185 |         RCLCPP_ERROR[01;31m[K([m[Kget_logger(), "Rail planner %d failed!", task_num_;
      |                     [01;31m[K^[m[K
[01m[K/home/albert/ag_arm_ws/src/arm_remote/src/arm_task_server.cpp:184:7:[m[K [01;36m[Knote: [m[Kto match this ‘[01m[K{[m[K’
  184 |       [01;36m[K{[m[K
      |       [01;36m[K^[m[K
[01m[K/home/albert/ag_arm_ws/src/arm_remote/src/arm_task_server.cpp:185:21:[m[K [01;31m[Kerror: [m[Kexpected ‘[01m[K}[m[K’ at end of input
  185 |         RCLCPP_ERROR[01;31m[K([m[Kget_logger(), "Rail planner %d failed!", task_num_;
      |                     [01;31m[K^[m[K
[01m[K/home/albert/ag_arm_ws/src/arm_remote/src/arm_task_server.cpp:177:5:[m[K [01;36m[Knote: [m[Kto match this ‘[01m[K{[m[K’
  177 |     [01;36m[K{[m[K
      |     [01;36m[K^[m[K
[01m[K/home/albert/ag_arm_ws/src/arm_remote/src/arm_task_server.cpp:185:21:[m[K [01;31m[Kerror: [m[Kexpected ‘[01m[K}[m[K’ at end of input
  185 |         RCLCPP_ERROR[01;31m[K([m[Kget_logger(), "Rail planner %d failed!", task_num_;
      |                     [01;31m[K^[m[K
[01m[K/home/albert/ag_arm_ws/src/arm_remote/src/arm_task_server.cpp:73:3:[m[K [01;36m[Knote: [m[Kto match this ‘[01m[K{[m[K’
   73 |   [01;36m[K{[m[K
      |   [01;36m[K^[m[K
[01m[K/home/albert/ag_arm_ws/src/arm_remote/src/arm_task_server.cpp:166:10:[m[K [01;35m[Kwarning: [m[Kunused variable ‘[01m[Kagbot_arm_plan_success[m[K’ [[01;35m[K]8;;https://gcc.gnu.org/onlinedocs/gcc/Warning-Options.html#index-Wunused-variable-Wunused-variable]8;;[m[K]
  166 |     bool [01;35m[Kagbot_arm_plan_success[m[K = (agbot_arm_move_group->plan(agbot_arm_plan) == moveit::core::MoveItErrorCode::SUCCESS);
      |          [01;35m[K^~~~~~~~~~~~~~~~~~~~~~[m[K
[01m[K/home/albert/ag_arm_ws/src/arm_remote/src/arm_task_server.cpp:167:10:[m[K [01;35m[Kwarning: [m[Kunused variable ‘[01m[Kagbot_gripper_plan_success[m[K’ [[01;35m[K]8;;https://gcc.gnu.org/onlinedocs/gcc/Warning-Options.html#index-Wunused-variable-Wunused-variable]8;;[m[K]
  167 |     bool [01;35m[Kagbot_gripper_plan_success[m[K = (agbot_gripper_move_group->plan(agbot_gripper_plan) == moveit::core::MoveItErrorCode::SUCCESS);
      |          [01;35m[K^~~~~~~~~~~~~~~~~~~~~~~~~~[m[K
[01m[K/home/albert/ag_arm_ws/src/arm_remote/src/arm_task_server.cpp:[m[K At global scope:
[01m[K/home/albert/ag_arm_ws/src/arm_remote/src/arm_task_server.cpp:185:21:[m[K [01;31m[Kerror: [m[Kexpected unqualified-id at end of input
  185 |         RCLCPP_ERROR[01;31m[K([m[Kget_logger(), "Rail planner %d failed!", task_num_;
      |                     [01;31m[K^[m[K
[01m[K/home/albert/ag_arm_ws/src/arm_remote/src/arm_task_server.cpp:185:21:[m[K [01;31m[Kerror: [m[Kexpected ‘[01m[K}[m[K’ at end of input
[01m[K/home/albert/ag_arm_ws/src/arm_remote/src/arm_task_server.cpp:16:1:[m[K [01;36m[Knote: [m[Kto match this ‘[01m[K{[m[K’
   16 | [01;36m[K{[m[K
      | [01;36m[K^[m[K
gmake[2]: *** [CMakeFiles/arm_task_server.dir/build.make:76: CMakeFiles/arm_task_server.dir/src/arm_task_server.cpp.o] Error 1
gmake[1]: *** [CMakeFiles/Makefile2:142: CMakeFiles/arm_task_server.dir/all] Error 2
gmake: *** [Makefile:146: all] Error 2
