[0.613s] Invoking command in '/home/albert/ag_arm_ws/build/arm_description': CMAKE_PREFIX_PATH=${CMAKE_PREFIX_PATH}:/home/albert/ws_moveit2/install/moveit_configs_utils:/home/albert/ws_moveit2/install/launch_param_builder:/home/albert/umov_ws/install/arduino_py_examples:/home/albert/udem2_ws/install/actions_py:/home/albert/udem2_ws/install/lifecycle_py:/home/albert/udem2_ws/install/executors_py:/home/albert/udem2_ws/install/components_py:/home/albert/udem_ws/install/turtlesim_catcher:/home/albert/udem_ws/install/my_py_pkg:/home/albert/udem_ws/install/lifecycle_py:/home/albert/bcdc_ws/install/agbot_teleop:/home/albert/bcdc_ws/install/agbot_py:/home/albert/arduinobot_ws/install/arduinobot_py_examples:/opt/ros/humble /home/albert/.local/bin/cmake --build /home/albert/ag_arm_ws/build/arm_description -- -j8 -l8
[3.568s] Invoked command in '/home/albert/ag_arm_ws/build/arm_description' returned '0': CMAKE_PREFIX_PATH=${CMAKE_PREFIX_PATH}:/home/albert/ws_moveit2/install/moveit_configs_utils:/home/albert/ws_moveit2/install/launch_param_builder:/home/albert/umov_ws/install/arduino_py_examples:/home/albert/udem2_ws/install/actions_py:/home/albert/udem2_ws/install/lifecycle_py:/home/albert/udem2_ws/install/executors_py:/home/albert/udem2_ws/install/components_py:/home/albert/udem_ws/install/turtlesim_catcher:/home/albert/udem_ws/install/my_py_pkg:/home/albert/udem_ws/install/lifecycle_py:/home/albert/bcdc_ws/install/agbot_teleop:/home/albert/bcdc_ws/install/agbot_py:/home/albert/arduinobot_ws/install/arduinobot_py_examples:/opt/ros/humble /home/albert/.local/bin/cmake --build /home/albert/ag_arm_ws/build/arm_description -- -j8 -l8
[3.584s] Invoking command in '/home/albert/ag_arm_ws/build/arm_description': CMAKE_PREFIX_PATH=${CMAKE_PREFIX_PATH}:/home/albert/ws_moveit2/install/moveit_configs_utils:/home/albert/ws_moveit2/install/launch_param_builder:/home/albert/umov_ws/install/arduino_py_examples:/home/albert/udem2_ws/install/actions_py:/home/albert/udem2_ws/install/lifecycle_py:/home/albert/udem2_ws/install/executors_py:/home/albert/udem2_ws/install/components_py:/home/albert/udem_ws/install/turtlesim_catcher:/home/albert/udem_ws/install/my_py_pkg:/home/albert/udem_ws/install/lifecycle_py:/home/albert/bcdc_ws/install/agbot_teleop:/home/albert/bcdc_ws/install/agbot_py:/home/albert/arduinobot_ws/install/arduinobot_py_examples:/opt/ros/humble /home/albert/.local/bin/cmake --install /home/albert/ag_arm_ws/build/arm_description
[3.729s] -- Install configuration: ""
[3.730s] -- Up-to-date: /home/albert/ag_arm_ws/install/arm_description/share/arm_description/launch
[3.731s] -- Up-to-date: /home/albert/ag_arm_ws/install/arm_description/share/arm_description/launch/arm_display.launch.py
[3.731s] -- Up-to-date: /home/albert/ag_arm_ws/install/arm_description/share/arm_description/launch/arm_gazebo.launch.py
[3.733s] -- Up-to-date: /home/albert/ag_arm_ws/install/arm_description/share/arm_description/meshes
[3.748s] -- Up-to-date: /home/albert/ag_arm_ws/install/arm_description/share/arm_description/meshes/right_finger.STL
[3.748s] -- Up-to-date: /home/albert/ag_arm_ws/install/arm_description/share/arm_description/meshes/triangular_link.STL
[3.749s] -- Up-to-date: /home/albert/ag_arm_ws/install/arm_description/share/arm_description/meshes/round_plate.STL
[3.750s] -- Up-to-date: /home/albert/ag_arm_ws/install/arm_description/share/arm_description/meshes/left_finger.STL
[3.750s] -- Up-to-date: /home/albert/ag_arm_ws/install/arm_description/share/arm_description/meshes/vertical_drive_arm.STL
[3.760s] -- Up-to-date: /home/albert/ag_arm_ws/install/arm_description/share/arm_description/meshes/astra.jpg
[3.761s] -- Up-to-date: /home/albert/ag_arm_ws/install/arm_description/share/arm_description/meshes/claw_support.STL
[3.764s] -- Up-to-date: /home/albert/ag_arm_ws/install/arm_description/share/arm_description/meshes/link.STL
[3.765s] -- Up-to-date: /home/albert/ag_arm_ws/install/arm_description/share/arm_description/meshes/r200.jpg
[3.766s] -- Up-to-date: /home/albert/ag_arm_ws/install/arm_description/share/arm_description/meshes/horizontal_arm.STL
[3.770s] -- Up-to-date: /home/albert/ag_arm_ws/install/arm_description/share/arm_description/meshes/r200.dae
[3.771s] -- Up-to-date: /home/albert/ag_arm_ws/install/arm_description/share/arm_description/meshes/astra.dae
[3.771s] -- Up-to-date: /home/albert/ag_arm_ws/install/arm_description/share/arm_description/meshes/basement.STL
[3.772s] -- Up-to-date: /home/albert/ag_arm_ws/install/arm_description/share/arm_description/meshes/forward_drive_arm.STL
[3.782s] -- Up-to-date: /home/albert/ag_arm_ws/install/arm_description/share/arm_description/meshes/right_tire.stl
[3.785s] -- Up-to-date: /home/albert/ag_arm_ws/install/arm_description/share/arm_description/meshes/lidar.stl
[3.787s] -- Up-to-date: /home/albert/ag_arm_ws/install/arm_description/share/arm_description/meshes/servo_plate.STL
[3.787s] -- Up-to-date: /home/albert/ag_arm_ws/install/arm_description/share/arm_description/meshes/plate.STL
[3.788s] -- Up-to-date: /home/albert/ag_arm_ws/install/arm_description/share/arm_description/meshes/base_plate.STL
[3.789s] -- Up-to-date: /home/albert/ag_arm_ws/install/arm_description/share/arm_description/meshes/left_tire copy.stl
[3.789s] -- Up-to-date: /home/albert/ag_arm_ws/install/arm_description/share/arm_description/meshes/left_tire.stl
[3.798s] -- Up-to-date: /home/albert/ag_arm_ws/install/arm_description/share/arm_description/meshes/right_tire copy.stl
[3.801s] -- Up-to-date: /home/albert/ag_arm_ws/install/arm_description/share/arm_description/meshes/pi_camera.STL
[3.804s] -- Up-to-date: /home/albert/ag_arm_ws/install/arm_description/share/arm_description/models
[3.805s] -- Up-to-date: /home/albert/ag_arm_ws/install/arm_description/share/arm_description/models/ground_plane
[3.806s] -- Up-to-date: /home/albert/ag_arm_ws/install/arm_description/share/arm_description/models/ground_plane/model-1_2.sdf
[3.810s] -- Up-to-date: /home/albert/ag_arm_ws/install/arm_description/share/arm_description/models/ground_plane/model-1_3.sdf
[3.810s] -- Up-to-date: /home/albert/ag_arm_ws/install/arm_description/share/arm_description/models/ground_plane/model.config
[3.811s] -- Up-to-date: /home/albert/ag_arm_ws/install/arm_description/share/arm_description/models/ground_plane/model.sdf
[3.812s] -- Up-to-date: /home/albert/ag_arm_ws/install/arm_description/share/arm_description/models/ground_plane/model-1_4.sdf
[3.812s] -- Up-to-date: /home/albert/ag_arm_ws/install/arm_description/share/arm_description/models/basic_agbot_description
[3.813s] -- Up-to-date: /home/albert/ag_arm_ws/install/arm_description/share/arm_description/models/basic_agbot_description/agbot.sdf
[3.814s] -- Up-to-date: /home/albert/ag_arm_ws/install/arm_description/share/arm_description/models/basic_agbot_description/agbot_model.config
[3.815s] -- Up-to-date: /home/albert/ag_arm_ws/install/arm_description/share/arm_description/models/sun
[3.816s] -- Up-to-date: /home/albert/ag_arm_ws/install/arm_description/share/arm_description/models/sun/model-1_2.sdf
[3.816s] -- Up-to-date: /home/albert/ag_arm_ws/install/arm_description/share/arm_description/models/sun/model-1_3.sdf
[3.817s] -- Up-to-date: /home/albert/ag_arm_ws/install/arm_description/share/arm_description/models/sun/model.config
[3.817s] -- Up-to-date: /home/albert/ag_arm_ws/install/arm_description/share/arm_description/models/sun/model.sdf
[3.820s] -- Up-to-date: /home/albert/ag_arm_ws/install/arm_description/share/arm_description/models/sun/model-1_4.sdf
[3.824s] -- Up-to-date: /home/albert/ag_arm_ws/install/arm_description/share/arm_description/rviz
[3.828s] -- Up-to-date: /home/albert/ag_arm_ws/install/arm_description/share/arm_description/rviz/arm_config.rviz
[3.831s] -- Up-to-date: /home/albert/ag_arm_ws/install/arm_description/share/arm_description/urdf
[3.835s] -- Up-to-date: /home/albert/ag_arm_ws/install/arm_description/share/arm_description/urdf/arm_gazebo.xacro
[3.836s] -- Up-to-date: /home/albert/ag_arm_ws/install/arm_description/share/arm_description/urdf/arm_common_properties.xacro
[3.838s] -- Up-to-date: /home/albert/ag_arm_ws/install/arm_description/share/arm_description/urdf/arm.urdf
[3.842s] -- Up-to-date: /home/albert/ag_arm_ws/install/arm_description/share/arm_description/urdf/arm_ros2_control.xacro
[3.843s] -- Up-to-date: /home/albert/ag_arm_ws/install/arm_description/share/arm_description/urdf/arm.xacro
[3.844s] -- Up-to-date: /home/albert/ag_arm_ws/install/arm_description/share/arm_description/urdf/arm copy.xacro
[3.844s] -- Up-to-date: /home/albert/ag_arm_ws/install/arm_description/share/arm_description/worlds
[3.845s] -- Up-to-date: /home/albert/ag_arm_ws/install/arm_description/share/arm_description/worlds/test_world.world
[3.853s] -- Up-to-date: /home/albert/ag_arm_ws/install/arm_description/share/arm_description/worlds/smalltown.world
[3.854s] -- Up-to-date: /home/albert/ag_arm_ws/install/arm_description/share/arm_description/worlds/turtlebot3_world.world
[3.854s] -- Up-to-date: /home/albert/ag_arm_ws/install/arm_description/share/arm_description/worlds/new_world.world
[3.855s] -- Up-to-date: /home/albert/ag_arm_ws/install/arm_description/share/arm_description/worlds/house.world
[3.859s] -- Up-to-date: /home/albert/ag_arm_ws/install/arm_description/share/arm_description/worlds/new_world-old.world
[3.860s] -- Up-to-date: /home/albert/ag_arm_ws/install/arm_description/share/arm_description/worlds/empty_world.world
[3.861s] -- Up-to-date: /home/albert/ag_arm_ws/install/arm_description/share/ament_index/resource_index/package_run_dependencies/arm_description
[3.862s] -- Up-to-date: /home/albert/ag_arm_ws/install/arm_description/share/ament_index/resource_index/parent_prefix_path/arm_description
[3.863s] -- Up-to-date: /home/albert/ag_arm_ws/install/arm_description/share/arm_description/environment/ament_prefix_path.sh
[3.863s] -- Up-to-date: /home/albert/ag_arm_ws/install/arm_description/share/arm_description/environment/ament_prefix_path.dsv
[3.866s] -- Up-to-date: /home/albert/ag_arm_ws/install/arm_description/share/arm_description/environment/path.sh
[3.866s] -- Up-to-date: /home/albert/ag_arm_ws/install/arm_description/share/arm_description/environment/path.dsv
[3.868s] -- Up-to-date: /home/albert/ag_arm_ws/install/arm_description/share/arm_description/local_setup.bash
[3.868s] -- Up-to-date: /home/albert/ag_arm_ws/install/arm_description/share/arm_description/local_setup.sh
[3.869s] -- Up-to-date: /home/albert/ag_arm_ws/install/arm_description/share/arm_description/local_setup.zsh
[3.874s] -- Up-to-date: /home/albert/ag_arm_ws/install/arm_description/share/arm_description/local_setup.dsv
[3.874s] -- Up-to-date: /home/albert/ag_arm_ws/install/arm_description/share/arm_description/package.dsv
[3.880s] -- Up-to-date: /home/albert/ag_arm_ws/install/arm_description/share/ament_index/resource_index/packages/arm_description
[3.881s] -- Up-to-date: /home/albert/ag_arm_ws/install/arm_description/share/arm_description/cmake/arm_descriptionConfig.cmake
[3.883s] -- Up-to-date: /home/albert/ag_arm_ws/install/arm_description/share/arm_description/cmake/arm_descriptionConfig-version.cmake
[3.885s] -- Up-to-date: /home/albert/ag_arm_ws/install/arm_description/share/arm_description/package.xml
[3.975s] Invoked command in '/home/albert/ag_arm_ws/build/arm_description' returned '0': CMAKE_PREFIX_PATH=${CMAKE_PREFIX_PATH}:/home/albert/ws_moveit2/install/moveit_configs_utils:/home/albert/ws_moveit2/install/launch_param_builder:/home/albert/umov_ws/install/arduino_py_examples:/home/albert/udem2_ws/install/actions_py:/home/albert/udem2_ws/install/lifecycle_py:/home/albert/udem2_ws/install/executors_py:/home/albert/udem2_ws/install/components_py:/home/albert/udem_ws/install/turtlesim_catcher:/home/albert/udem_ws/install/my_py_pkg:/home/albert/udem_ws/install/lifecycle_py:/home/albert/bcdc_ws/install/agbot_teleop:/home/albert/bcdc_ws/install/agbot_py:/home/albert/arduinobot_ws/install/arduinobot_py_examples:/opt/ros/humble /home/albert/.local/bin/cmake --install /home/albert/ag_arm_ws/build/arm_description
