-- The C compiler identification is GNU 11.4.0
-- The CXX compiler identification is GNU 11.4.0
-- Detecting C compiler ABI info
-- Detecting C compiler ABI info - done
-- Check for working C compiler: /usr/bin/cc - skipped
-- Detecting C compile features
-- Detecting C compile features - done
-- Detecting CXX compiler ABI info
-- Detecting CXX compiler ABI info - done
-- Check for working CXX compiler: /usr/bin/c++ - skipped
-- Detecting CXX compile features
-- Detecting CXX compile features - done
-- Found ament_cmake: 1.3.11 (/opt/ros/humble/share/ament_cmake/cmake)
-- Found Python3: /usr/bin/python3 (found version "3.10.12") found components: Interpreter
-- Found rclcpp: 16.0.11 (/opt/ros/humble/share/rclcpp/cmake)
-- Found rosidl_generator_c: 3.1.6 (/opt/ros/humble/share/rosidl_generator_c/cmake)
-- Found rosidl_adapter: 3.1.6 (/opt/ros/humble/share/rosidl_adapter/cmake)
-- Found rosidl_generator_cpp: 3.1.6 (/opt/ros/humble/share/rosidl_generator_cpp/cmake)
-- Using all available rosidl_typesupport_c: rosidl_typesupport_fastrtps_c;rosidl_typesupport_introspection_c
-- Using all available rosidl_typesupport_cpp: rosidl_typesupport_fastrtps_cpp;rosidl_typesupport_introspection_cpp
-- Found rmw_implementation_cmake: 6.1.2 (/opt/ros/humble/share/rmw_implementation_cmake/cmake)
-- Found rmw_cyclonedds_cpp: 1.3.4 (/opt/ros/humble/share/rmw_cyclonedds_cpp/cmake)
-- Using RMW implementation 'rmw_cyclonedds_cpp' as default
-- Performing Test CMAKE_HAVE_LIBC_PTHREAD
-- Performing Test CMAKE_HAVE_LIBC_PTHREAD - Success
-- Found Threads: TRUE
-- Found arm_msgs: 0.0.0 (/home/albert/ag_arm_ws/install/arm_msgs/share/arm_msgs/cmake)
-- Found rclcpp_action: 16.0.11 (/opt/ros/humble/share/rclcpp_action/cmake)
-- Found rclcpp_components: 16.0.11 (/opt/ros/humble/share/rclcpp_components/cmake)
-- Found moveit_ros_planning_interface: 2.5.5 (/home/albert/ws_moveit2/install/moveit_ros_planning_interface/share/moveit_ros_planning_interface/cmake)
-- Found Boost: /usr/lib/x86_64-linux-gnu/cmake/Boost-1.74.0/BoostConfig.cmake (found version "1.74.0") found components: date_time filesystem program_options system thread
-- Found Boost: /usr/lib/x86_64-linux-gnu/cmake/Boost-1.74.0/BoostConfig.cmake (found version "1.74.0") found components: chrono date_time filesystem iostreams program_options regex serialization system thread
-- Found parameter_traits: 0.3.9 (/opt/ros/humble/share/parameter_traits/cmake)
-- Found rclcpp_lifecycle: 16.0.11 (/opt/ros/humble/share/rclcpp_lifecycle/cmake)
-- Found Boost: /usr/lib/x86_64-linux-gnu/cmake/Boost-1.74.0/BoostConfig.cmake (found version "1.74.0") found components: filesystem
-- library: /usr/lib/x86_64-linux-gnu/libcurl.so
-- Found Eigen3: TRUE (found version "3.4.0")
-- Ensuring Eigen3 include directory is part of orocos-kdl CMake target
-- Found Boost: /usr/lib/x86_64-linux-gnu/cmake/Boost-1.74.0/BoostConfig.cmake (found version "1.74.0") found components: system filesystem date_time program_options thread chrono
-- Found Boost: /usr/lib/x86_64-linux-gnu/cmake/Boost-1.74.0/BoostConfig.cmake (found version "1.74.0") found components: thread system filesystem regex date_time program_options
-- Found Boost: /usr/lib/x86_64-linux-gnu/cmake/Boost-1.74.0/BoostConfig.cmake (found version "1.74.0") found components: system filesystem date_time program_options thread
-- Found moveit_planners: 2.5.5 (/home/albert/ws_moveit2/install/moveit_planners/share/moveit_planners/cmake)
-- Found ament_lint_auto: 0.12.11 (/opt/ros/humble/share/ament_lint_auto/cmake)
-- Added test 'cppcheck' to perform static code analysis on C / C++ code
-- Configured cppcheck include dirs: 
-- Configured cppcheck exclude dirs and/or files: 
-- Added test 'lint_cmake' to check CMake code style
-- Added test 'uncrustify' to check C / C++ code style
-- Configured uncrustify additional arguments: 
-- Added test 'xmllint' to check XML markup files
-- Configuring done (6.2s)
-- Generating done (0.0s)
-- Build files have been written to: /home/albert/ag_arm_ws/build/arm_cpp
[ 50%] [32mBuilding CXX object CMakeFiles/arm_moveit_interface.dir/src/arm_moveit_interface.cpp.o[0m
[100%] [32m[1mLinking CXX executable arm_moveit_interface[0m
[100%] Built target arm_moveit_interface
-- Install configuration: ""
-- Installing: /home/albert/ag_arm_ws/install/arm_cpp/lib/arm_cpp/arm_moveit_interface
-- Set non-toolchain portion of runtime path of "/home/albert/ag_arm_ws/install/arm_cpp/lib/arm_cpp/arm_moveit_interface" to ""
-- Installing: /home/albert/ag_arm_ws/install/arm_cpp/share/ament_index/resource_index/package_run_dependencies/arm_cpp
-- Installing: /home/albert/ag_arm_ws/install/arm_cpp/share/ament_index/resource_index/parent_prefix_path/arm_cpp
-- Installing: /home/albert/ag_arm_ws/install/arm_cpp/share/arm_cpp/environment/ament_prefix_path.sh
-- Installing: /home/albert/ag_arm_ws/install/arm_cpp/share/arm_cpp/environment/ament_prefix_path.dsv
-- Installing: /home/albert/ag_arm_ws/install/arm_cpp/share/arm_cpp/environment/path.sh
-- Installing: /home/albert/ag_arm_ws/install/arm_cpp/share/arm_cpp/environment/path.dsv
-- Installing: /home/albert/ag_arm_ws/install/arm_cpp/share/arm_cpp/local_setup.bash
-- Installing: /home/albert/ag_arm_ws/install/arm_cpp/share/arm_cpp/local_setup.sh
-- Installing: /home/albert/ag_arm_ws/install/arm_cpp/share/arm_cpp/local_setup.zsh
-- Installing: /home/albert/ag_arm_ws/install/arm_cpp/share/arm_cpp/local_setup.dsv
-- Installing: /home/albert/ag_arm_ws/install/arm_cpp/share/arm_cpp/package.dsv
-- Installing: /home/albert/ag_arm_ws/install/arm_cpp/share/ament_index/resource_index/packages/arm_cpp
-- Installing: /home/albert/ag_arm_ws/install/arm_cpp/share/arm_cpp/cmake/arm_cppConfig.cmake
-- Installing: /home/albert/ag_arm_ws/install/arm_cpp/share/arm_cpp/cmake/arm_cppConfig-version.cmake
-- Installing: /home/albert/ag_arm_ws/install/arm_cpp/share/arm_cpp/package.xml
