[1.696s] Invoking command in '/home/albert/ag_arm_ws/src/arm_py': PYTHONPATH=/home/albert/ag_arm_ws/build/arm_py/prefix_override:/usr/lib/python3/dist-packages/colcon_core/task/python/colcon_distutils_commands:/home/albert/ag_arm_ws/install/arm_py/lib/python3.10/site-packages:${PYTHONPATH} /usr/bin/python3 -W ignore:setup.py install is deprecated -W ignore:easy_install command is deprecated setup.py egg_info --egg-base ../../build/arm_py build --build-base /home/albert/ag_arm_ws/build/arm_py/build install --record /home/albert/ag_arm_ws/build/arm_py/install.log --single-version-externally-managed install_data
[2.380s] running egg_info
[2.381s] writing ../../build/arm_py/arm_py.egg-info/PKG-INFO
[2.381s] writing dependency_links to ../../build/arm_py/arm_py.egg-info/dependency_links.txt
[2.381s] writing entry points to ../../build/arm_py/arm_py.egg-info/entry_points.txt
[2.382s] writing requirements to ../../build/arm_py/arm_py.egg-info/requires.txt
[2.382s] writing top-level names to ../../build/arm_py/arm_py.egg-info/top_level.txt
[2.386s] reading manifest file '../../build/arm_py/arm_py.egg-info/SOURCES.txt'
[2.388s] writing manifest file '../../build/arm_py/arm_py.egg-info/SOURCES.txt'
[2.389s] running build
[2.389s] running build_py
[2.389s] running install
[2.390s] running install_lib
[2.393s] running install_data
[2.393s] running install_egg_info
[2.396s] removing '/home/albert/ag_arm_ws/install/arm_py/lib/python3.10/site-packages/arm_py-0.0.0-py3.10.egg-info' (and everything under it)
[2.397s] Copying ../../build/arm_py/arm_py.egg-info to /home/albert/ag_arm_ws/install/arm_py/lib/python3.10/site-packages/arm_py-0.0.0-py3.10.egg-info
[2.398s] running install_scripts
[2.437s] writing list of installed files to '/home/albert/ag_arm_ws/build/arm_py/install.log'
[2.480s] Invoked command in '/home/albert/ag_arm_ws/src/arm_py' returned '0': PYTHONPATH=/home/albert/ag_arm_ws/build/arm_py/prefix_override:/usr/lib/python3/dist-packages/colcon_core/task/python/colcon_distutils_commands:/home/albert/ag_arm_ws/install/arm_py/lib/python3.10/site-packages:${PYTHONPATH} /usr/bin/python3 -W ignore:setup.py install is deprecated -W ignore:easy_install command is deprecated setup.py egg_info --egg-base ../../build/arm_py build --build-base /home/albert/ag_arm_ws/build/arm_py/build install --record /home/albert/ag_arm_ws/build/arm_py/install.log --single-version-externally-managed install_data
