[  0%] Built target ament_cmake_python_copy_arm_remote
[ 50%] Built target task_server_node
[ 75%] [32mBuilding CXX object CMakeFiles/task_server.dir/src/task_server.cpp.o[0m
running egg_info
writing arm_remote.egg-info/PKG-INFO
writing dependency_links to arm_remote.egg-info/dependency_links.txt
writing top-level names to arm_remote.egg-info/top_level.txt
reading manifest file 'arm_remote.egg-info/SOURCES.txt'
writing manifest file 'arm_remote.egg-info/SOURCES.txt'
[ 75%] Built target ament_cmake_python_build_arm_remote_egg
[01m[K/home/albert/ag_arm_ws/src/arm_remote/src/task_server.cpp:[m[K In member function ‘[01m[Kvoid arm_remote::TaskServer::execute(std::shared_ptr<rclcpp_action::ServerGoalHandle<arm_msgs::action::ArmTask> >)[m[K’:
[01m[K/home/albert/ag_arm_ws/src/arm_remote/src/task_server.cpp:87:61:[m[K [01;31m[Kerror: [m[Kno match for ‘[01m[Koperator=[m[K’ (operand types are ‘[01m[Kstd::vector<double, std::allocator<double> >[m[K’ and ‘[01m[Kmoveit::core::RobotStatePtr[m[K’ {aka ‘[01m[Kstd::shared_ptr<moveit::core::RobotState>[m[K’})
   87 |     rail_current_state_ = rail_move_group_->getCurrentState([01;31m[K)[m[K
      |                                                             [01;31m[K^[m[K
In file included from [01m[K/usr/include/c++/11/vector:72[m[K,
                 from [01m[K/usr/include/c++/11/functional:62[m[K,
                 from [01m[K/usr/include/c++/11/pstl/glue_algorithm_defs.h:13[m[K,
                 from [01m[K/usr/include/c++/11/algorithm:74[m[K,
                 from [01m[K/opt/ros/humble/include/rclcpp/rclcpp/executor.hpp:18[m[K,
                 from [01m[K/opt/ros/humble/include/rclcpp/rclcpp/executors/multi_threaded_executor.hpp:25[m[K,
                 from [01m[K/opt/ros/humble/include/rclcpp/rclcpp/executors.hpp:21[m[K,
                 from [01m[K/opt/ros/humble/include/rclcpp/rclcpp/rclcpp.hpp:155[m[K,
                 from [01m[K/home/albert/ag_arm_ws/src/arm_remote/src/task_server.cpp:1[m[K:
[01m[K/usr/include/c++/11/bits/vector.tcc:198:5:[m[K [01;36m[Knote: [m[Kcandidate: ‘[01m[Kstd::vector<_Tp, _Alloc>& std::vector<_Tp, _Alloc>::operator=(const std::vector<_Tp, _Alloc>&) [with _Tp = double; _Alloc = std::allocator<double>][m[K’
  198 |     [01;36m[Kvector<_Tp, _Alloc>[m[K::
      |     [01;36m[K^~~~~~~~~~~~~~~~~~~[m[K
[01m[K/usr/include/c++/11/bits/vector.tcc:199:42:[m[K [01;36m[Knote: [m[K  no known conversion for argument 1 from ‘[01m[Kmoveit::core::RobotStatePtr[m[K’ {aka ‘[01m[Kstd::shared_ptr<moveit::core::RobotState>[m[K’} to ‘[01m[Kconst std::vector<double, std::allocator<double> >&[m[K’
  199 |     operator=([01;36m[Kconst vector<_Tp, _Alloc>& __x[m[K)
      |               [01;36m[K~~~~~~~~~~~~~~~~~~~~~~~~~~~^~~[m[K
In file included from [01m[K/usr/include/c++/11/vector:67[m[K,
                 from [01m[K/usr/include/c++/11/functional:62[m[K,
                 from [01m[K/usr/include/c++/11/pstl/glue_algorithm_defs.h:13[m[K,
                 from [01m[K/usr/include/c++/11/algorithm:74[m[K,
                 from [01m[K/opt/ros/humble/include/rclcpp/rclcpp/executor.hpp:18[m[K,
                 from [01m[K/opt/ros/humble/include/rclcpp/rclcpp/executors/multi_threaded_executor.hpp:25[m[K,
                 from [01m[K/opt/ros/humble/include/rclcpp/rclcpp/executors.hpp:21[m[K,
                 from [01m[K/opt/ros/humble/include/rclcpp/rclcpp/rclcpp.hpp:155[m[K,
                 from [01m[K/home/albert/ag_arm_ws/src/arm_remote/src/task_server.cpp:1[m[K:
[01m[K/usr/include/c++/11/bits/stl_vector.h:709:7:[m[K [01;36m[Knote: [m[Kcandidate: ‘[01m[Kstd::vector<_Tp, _Alloc>& std::vector<_Tp, _Alloc>::operator=(std::vector<_Tp, _Alloc>&&) [with _Tp = double; _Alloc = std::allocator<double>][m[K’
  709 |       [01;36m[Koperator[m[K=(vector&& __x) noexcept(_Alloc_traits::_S_nothrow_move())
      |       [01;36m[K^~~~~~~~[m[K
[01m[K/usr/include/c++/11/bits/stl_vector.h:709:26:[m[K [01;36m[Knote: [m[K  no known conversion for argument 1 from ‘[01m[Kmoveit::core::RobotStatePtr[m[K’ {aka ‘[01m[Kstd::shared_ptr<moveit::core::RobotState>[m[K’} to ‘[01m[Kstd::vector<double, std::allocator<double> >&&[m[K’
  709 |       operator=([01;36m[Kvector&& __x[m[K) noexcept(_Alloc_traits::_S_nothrow_move())
      |                 [01;36m[K~~~~~~~~~^~~[m[K
[01m[K/usr/include/c++/11/bits/stl_vector.h:730:7:[m[K [01;36m[Knote: [m[Kcandidate: ‘[01m[Kstd::vector<_Tp, _Alloc>& std::vector<_Tp, _Alloc>::operator=(std::initializer_list<_Tp>) [with _Tp = double; _Alloc = std::allocator<double>][m[K’
  730 |       [01;36m[Koperator[m[K=(initializer_list<value_type> __l)
      |       [01;36m[K^~~~~~~~[m[K
[01m[K/usr/include/c++/11/bits/stl_vector.h:730:46:[m[K [01;36m[Knote: [m[K  no known conversion for argument 1 from ‘[01m[Kmoveit::core::RobotStatePtr[m[K’ {aka ‘[01m[Kstd::shared_ptr<moveit::core::RobotState>[m[K’} to ‘[01m[Kstd::initializer_list<double>[m[K’
  730 |       operator=([01;36m[Kinitializer_list<value_type> __l[m[K)
      |                 [01;36m[K~~~~~~~~~~~~~~~~~~~~~~~~~~~~~^~~[m[K
[01m[K/home/albert/ag_arm_ws/src/arm_remote/src/task_server.cpp:91:9:[m[K [01;31m[Kerror: [m[K‘[01m[KareStatesEqual[m[K’ was not declared in this scope
   91 |     if ([01;31m[KareStatesEqual[m[K(rail_current_state_, rail_move_group_))
      |         [01;31m[K^~~~~~~~~~~~~~[m[K
[01m[K/home/albert/ag_arm_ws/src/arm_remote/src/task_server.cpp:93:7:[m[K [01;31m[Kerror: [m[K‘[01m[Kpass[m[K’ was not declared in this scope
   93 |       [01;31m[Kpass[m[K
      |       [01;31m[K^~~~[m[K
gmake[2]: *** [CMakeFiles/task_server.dir/build.make:76: CMakeFiles/task_server.dir/src/task_server.cpp.o] Error 1
gmake[1]: *** [CMakeFiles/Makefile2:142: CMakeFiles/task_server.dir/all] Error 2
gmake: *** [Makefile:146: all] Error 2
