[0.080s] Invoking command in '/home/albert/ag_arm_ws/build/arm_moveit': CMAKE_PREFIX_PATH=${CMAKE_PREFIX_PATH}:/home/albert/ag_arm_ws/install/arm_py:/home/albert/ws_moveit2/install/moveit_configs_utils:/home/albert/ws_moveit2/install/launch_param_builder:/home/albert/umov_ws/install/arduino_py_examples:/home/albert/udem2_ws/install/actions_py:/home/albert/udem2_ws/install/lifecycle_py:/home/albert/udem2_ws/install/executors_py:/home/albert/udem2_ws/install/components_py:/home/albert/udem_ws/install/turtlesim_catcher:/home/albert/udem_ws/install/my_py_pkg:/home/albert/udem_ws/install/lifecycle_py:/home/albert/bcdc_ws/install/agbot_teleop:/home/albert/bcdc_ws/install/agbot_py:/home/albert/arduinobot_ws/install/arduinobot_py_examples:/opt/ros/humble /home/albert/.local/bin/cmake /home/albert/ag_arm_ws/src/arm_moveit -DCMAKE_INSTALL_PREFIX=/home/albert/ag_arm_ws/install/arm_moveit
[0.201s] -- The C compiler identification is GNU 11.4.0
[0.311s] -- The CXX compiler identification is GNU 11.4.0
[0.331s] -- Detecting C compiler ABI info
[0.482s] -- Detecting C compiler ABI info - done
[0.507s] -- Check for working C compiler: /usr/bin/cc - skipped
[0.508s] -- Detecting C compile features
[0.510s] -- Detecting C compile features - done
[0.516s] -- Detecting CXX compiler ABI info
[0.648s] -- Detecting CXX compiler ABI info - done
[0.680s] -- Check for working CXX compiler: /usr/bin/c++ - skipped
[0.681s] -- Detecting CXX compile features
[0.682s] -- Detecting CXX compile features - done
[0.707s] -- Found ament_cmake: 1.3.11 (/opt/ros/humble/share/ament_cmake/cmake)
[1.072s] -- Found Python3: /usr/bin/python3 (found version "3.10.12") found components: Interpreter
[1.658s] -- Found moveit_ros_planning_interface: 2.5.5 (/home/albert/ws_moveit2/install/moveit_ros_planning_interface/share/moveit_ros_planning_interface/cmake)
[2.230s] -- Found Boost: /usr/lib/x86_64-linux-gnu/cmake/Boost-1.74.0/BoostConfig.cmake (found version "1.74.0") found components: date_time filesystem program_options system thread
[2.729s] -- Found rosidl_generator_c: 3.1.6 (/opt/ros/humble/share/rosidl_generator_c/cmake)
[2.800s] -- Found rosidl_adapter: 3.1.6 (/opt/ros/humble/share/rosidl_adapter/cmake)
[2.881s] -- Found rosidl_generator_cpp: 3.1.6 (/opt/ros/humble/share/rosidl_generator_cpp/cmake)
[3.013s] -- Using all available rosidl_typesupport_c: rosidl_typesupport_fastrtps_c;rosidl_typesupport_introspection_c
[3.155s] -- Using all available rosidl_typesupport_cpp: rosidl_typesupport_fastrtps_cpp;rosidl_typesupport_introspection_cpp
[4.072s] -- Found Boost: /usr/lib/x86_64-linux-gnu/cmake/Boost-1.74.0/BoostConfig.cmake (found version "1.74.0") found components: chrono date_time filesystem iostreams program_options regex serialization system thread
[4.526s] -- Found parameter_traits: 0.3.9 (/opt/ros/humble/share/parameter_traits/cmake)
[4.833s] -- Found rmw_implementation_cmake: 6.1.2 (/opt/ros/humble/share/rmw_implementation_cmake/cmake)
[4.879s] -- Found rmw_cyclonedds_cpp: 1.3.4 (/opt/ros/humble/share/rmw_cyclonedds_cpp/cmake)
[5.043s] -- Using RMW implementation 'rmw_cyclonedds_cpp' as default
[5.111s] -- Found Threads: TRUE
[5.317s] -- Found rclcpp_lifecycle: 16.0.11 (/opt/ros/humble/share/rclcpp_lifecycle/cmake)
[5.431s] -- Found Boost: /usr/lib/x86_64-linux-gnu/cmake/Boost-1.74.0/BoostConfig.cmake (found version "1.74.0") found components: filesystem
[5.804s] -- library: /usr/lib/x86_64-linux-gnu/libcurl.so
[5.947s] -- Found Eigen3: TRUE (found version "3.4.0")
[5.947s] -- Ensuring Eigen3 include directory is part of orocos-kdl CMake target
[6.658s] -- Found Boost: /usr/lib/x86_64-linux-gnu/cmake/Boost-1.74.0/BoostConfig.cmake (found version "1.74.0") found components: system filesystem date_time program_options thread chrono
[6.739s] -- Found Boost: /usr/lib/x86_64-linux-gnu/cmake/Boost-1.74.0/BoostConfig.cmake (found version "1.74.0") found components: thread system filesystem regex date_time program_options
[6.969s] -- Found Boost: /usr/lib/x86_64-linux-gnu/cmake/Boost-1.74.0/BoostConfig.cmake (found version "1.74.0") found components: system filesystem date_time program_options thread
[7.075s] -- Found moveit_kinematics: 2.5.5 (/home/albert/ws_moveit2/install/moveit_kinematics/share/moveit_kinematics/cmake)
[7.082s] -- Found Boost: /usr/lib/x86_64-linux-gnu/cmake/Boost-1.74.0/BoostConfig.cmake (found version "1.74.0") found components: program_options system
[7.121s] -- Found moveit_planners_ompl: 2.5.5 (/home/albert/ws_moveit2/install/moveit_planners_ompl/share/moveit_planners_ompl/cmake)
[7.180s] -- Found moveit_ros_visualization: 2.5.5 (/home/albert/ws_moveit2/install/moveit_ros_visualization/share/moveit_ros_visualization/cmake)
[7.194s] -- Found Boost: /usr/lib/x86_64-linux-gnu/cmake/Boost-1.74.0/BoostConfig.cmake (found version "1.74.0") found components: thread date_time system filesystem
[7.469s] -- Setting OGRE_DIR to: '/opt/ros/humble/share/rviz_ogre_vendor/cmake/../../../opt/rviz_ogre_vendor/lib/OGRE/cmake'
[7.474s] -- Found OGRE
[7.474s] --   static     : OFF
[7.474s] --   components : HLMS;MeshLodGenerator;Overlay;Paging;Property;RTShaderSystem;Terrain;Volume
[7.475s] --   plugins    : Plugin_BSPSceneManager;Plugin_OctreeSceneManager;Plugin_PCZSceneManager;Plugin_ParticleFX;RenderSystem_GL;RenderSystem_GL3Plus;Codec_STBI
[7.475s] --   media      : /opt/ros/humble/opt/rviz_ogre_vendor/share/OGRE/Media
[7.475s] -- OGRE_LIBRARIES: OgreHLMS;OgreMeshLodGenerator;OgreOverlay;OgrePaging;OgreProperty;OgreRTShaderSystem;OgreTerrain;OgreVolume;OgreMain
[7.475s] -- OGRE_LIBRARY_DIRS: /opt/ros/humble/opt/rviz_ogre_vendor/lib
[7.475s] -- OGRE_PLUGINS: Plugin_BSPSceneManager;Plugin_OctreeSceneManager;Plugin_PCZSceneManager;Plugin_ParticleFX;RenderSystem_GL;RenderSystem_GL3Plus;Codec_STBI
[7.475s] -- OGRE_PLUGIN_DIR: /opt/ros/humble/opt/rviz_ogre_vendor/lib/OGRE
[7.475s] -- rviz_ogre_vendor::OgreOverlay for IMPORTED_LOCATION_RELEASE: /opt/ros/humble/opt/rviz_ogre_vendor/lib/libOgreOverlay.so
[7.475s] -- rviz_ogre_vendor::OgreOverlay for IMPORTED_LOCATION_DEBUG: /opt/ros/humble/opt/rviz_ogre_vendor/lib/libOgreOverlay.so
[7.476s] -- rviz_ogre_vendor::OgreMain for IMPORTED_LOCATION_RELEASE: /opt/ros/humble/opt/rviz_ogre_vendor/lib/libOgreMain.so
[7.476s] -- rviz_ogre_vendor::OgreMain for IMPORTED_LOCATION_DEBUG: /opt/ros/humble/opt/rviz_ogre_vendor/lib/libOgreMain.so
[7.690s] -- Found ZLIB: /usr/lib/x86_64-linux-gnu/libz.so (found version "1.2.11")
[7.784s] -- Found OpenGL: /usr/lib/x86_64-linux-gnu/libOpenGL.so
[8.662s] -- Found X11: /usr/include
[8.663s] -- Looking for XOpenDisplay in /usr/lib/x86_64-linux-gnu/libX11.so;/usr/lib/x86_64-linux-gnu/libXext.so
[8.869s] -- Looking for XOpenDisplay in /usr/lib/x86_64-linux-gnu/libX11.so;/usr/lib/x86_64-linux-gnu/libXext.so - found
[8.869s] -- Looking for gethostbyname
[9.087s] -- Looking for gethostbyname - found
[9.090s] -- Looking for connect
[9.295s] -- Looking for connect - found
[9.296s] -- Looking for remove
[9.673s] -- Looking for remove - found
[9.675s] -- Looking for shmat
[10.053s] -- Looking for shmat - found
[10.054s] -- Looking for IceConnectionNumber in ICE
[10.444s] -- Looking for IceConnectionNumber in ICE - found
[10.896s] -- Setting assimp_DIR to: '/opt/ros/humble/share/rviz_assimp_vendor/cmake/../../../opt/rviz_assimp_vendor/lib/cmake/assimp-4.1'
[12.069s] -- Found rviz_visual_tools: 4.1.4 (/opt/ros/humble/share/rviz_visual_tools/cmake)
[12.183s] -- Found ament_lint_auto: 0.12.11 (/opt/ros/humble/share/ament_lint_auto/cmake)
[12.595s] -- Added test 'flake8' to check Python code syntax and style conventions
[12.604s] -- Added test 'lint_cmake' to check CMake code style
[12.613s] -- Added test 'pep257' to check Python code against some of the docstring style conventions in PEP 257
[12.624s] -- Added test 'xmllint' to check XML markup files
[12.638s] -- Configuring done (12.6s)
[12.653s] -- Generating done (0.0s)
[12.661s] -- Build files have been written to: /home/albert/ag_arm_ws/build/arm_moveit
[12.692s] Invoked command in '/home/albert/ag_arm_ws/build/arm_moveit' returned '0': CMAKE_PREFIX_PATH=${CMAKE_PREFIX_PATH}:/home/albert/ag_arm_ws/install/arm_py:/home/albert/ws_moveit2/install/moveit_configs_utils:/home/albert/ws_moveit2/install/launch_param_builder:/home/albert/umov_ws/install/arduino_py_examples:/home/albert/udem2_ws/install/actions_py:/home/albert/udem2_ws/install/lifecycle_py:/home/albert/udem2_ws/install/executors_py:/home/albert/udem2_ws/install/components_py:/home/albert/udem_ws/install/turtlesim_catcher:/home/albert/udem_ws/install/my_py_pkg:/home/albert/udem_ws/install/lifecycle_py:/home/albert/bcdc_ws/install/agbot_teleop:/home/albert/bcdc_ws/install/agbot_py:/home/albert/arduinobot_ws/install/arduinobot_py_examples:/opt/ros/humble /home/albert/.local/bin/cmake /home/albert/ag_arm_ws/src/arm_moveit -DCMAKE_INSTALL_PREFIX=/home/albert/ag_arm_ws/install/arm_moveit
[12.695s] Invoking command in '/home/albert/ag_arm_ws/build/arm_moveit': CMAKE_PREFIX_PATH=${CMAKE_PREFIX_PATH}:/home/albert/ag_arm_ws/install/arm_py:/home/albert/ws_moveit2/install/moveit_configs_utils:/home/albert/ws_moveit2/install/launch_param_builder:/home/albert/umov_ws/install/arduino_py_examples:/home/albert/udem2_ws/install/actions_py:/home/albert/udem2_ws/install/lifecycle_py:/home/albert/udem2_ws/install/executors_py:/home/albert/udem2_ws/install/components_py:/home/albert/udem_ws/install/turtlesim_catcher:/home/albert/udem_ws/install/my_py_pkg:/home/albert/udem_ws/install/lifecycle_py:/home/albert/bcdc_ws/install/agbot_teleop:/home/albert/bcdc_ws/install/agbot_py:/home/albert/arduinobot_ws/install/arduinobot_py_examples:/opt/ros/humble /home/albert/.local/bin/cmake --build /home/albert/ag_arm_ws/build/arm_moveit -- -j8 -l8
[12.745s] Invoked command in '/home/albert/ag_arm_ws/build/arm_moveit' returned '0': CMAKE_PREFIX_PATH=${CMAKE_PREFIX_PATH}:/home/albert/ag_arm_ws/install/arm_py:/home/albert/ws_moveit2/install/moveit_configs_utils:/home/albert/ws_moveit2/install/launch_param_builder:/home/albert/umov_ws/install/arduino_py_examples:/home/albert/udem2_ws/install/actions_py:/home/albert/udem2_ws/install/lifecycle_py:/home/albert/udem2_ws/install/executors_py:/home/albert/udem2_ws/install/components_py:/home/albert/udem_ws/install/turtlesim_catcher:/home/albert/udem_ws/install/my_py_pkg:/home/albert/udem_ws/install/lifecycle_py:/home/albert/bcdc_ws/install/agbot_teleop:/home/albert/bcdc_ws/install/agbot_py:/home/albert/arduinobot_ws/install/arduinobot_py_examples:/opt/ros/humble /home/albert/.local/bin/cmake --build /home/albert/ag_arm_ws/build/arm_moveit -- -j8 -l8
[12.749s] Invoking command in '/home/albert/ag_arm_ws/build/arm_moveit': CMAKE_PREFIX_PATH=${CMAKE_PREFIX_PATH}:/home/albert/ag_arm_ws/install/arm_py:/home/albert/ws_moveit2/install/moveit_configs_utils:/home/albert/ws_moveit2/install/launch_param_builder:/home/albert/umov_ws/install/arduino_py_examples:/home/albert/udem2_ws/install/actions_py:/home/albert/udem2_ws/install/lifecycle_py:/home/albert/udem2_ws/install/executors_py:/home/albert/udem2_ws/install/components_py:/home/albert/udem_ws/install/turtlesim_catcher:/home/albert/udem_ws/install/my_py_pkg:/home/albert/udem_ws/install/lifecycle_py:/home/albert/bcdc_ws/install/agbot_teleop:/home/albert/bcdc_ws/install/agbot_py:/home/albert/arduinobot_ws/install/arduinobot_py_examples:/opt/ros/humble /home/albert/.local/bin/cmake --install /home/albert/ag_arm_ws/build/arm_moveit
[12.756s] -- Install configuration: ""
[12.756s] -- Installing: /home/albert/ag_arm_ws/install/arm_moveit/share/arm_moveit/launch
[12.756s] -- Installing: /home/albert/ag_arm_ws/install/arm_moveit/share/arm_moveit/launch/moveit.launch.py
[12.756s] -- Installing: /home/albert/ag_arm_ws/install/arm_moveit/share/arm_moveit/launch/arm_moveit.launch.py
[12.756s] -- Installing: /home/albert/ag_arm_ws/install/arm_moveit/share/arm_moveit/config
[12.757s] -- Installing: /home/albert/ag_arm_ws/install/arm_moveit/share/arm_moveit/config/planning_python_api.yaml
[12.757s] -- Installing: /home/albert/ag_arm_ws/install/arm_moveit/share/arm_moveit/config/joint_limits.yaml
[12.757s] -- Installing: /home/albert/ag_arm_ws/install/arm_moveit/share/arm_moveit/config/moveit_controllers.yaml
[12.758s] -- Installing: /home/albert/ag_arm_ws/install/arm_moveit/share/arm_moveit/config/initial_positions.yaml
[12.758s] -- Installing: /home/albert/ag_arm_ws/install/arm_moveit/share/arm_moveit/config/pilz_cartesian_limits.yaml
[12.759s] -- Installing: /home/albert/ag_arm_ws/install/arm_moveit/share/arm_moveit/config/pilz_instustrial_motion_planner_planning.yaml
[12.759s] -- Installing: /home/albert/ag_arm_ws/install/arm_moveit/share/arm_moveit/config/kinematics.yaml
[12.760s] -- Installing: /home/albert/ag_arm_ws/install/arm_moveit/share/arm_moveit/config/agbot_arm.srdf
[12.760s] -- Installing: /home/albert/ag_arm_ws/install/arm_moveit/share/arm_moveit/config/moveit.rviz
[12.760s] -- Installing: /home/albert/ag_arm_ws/install/arm_moveit/share/arm_moveit/rviz
[12.761s] -- Installing: /home/albert/ag_arm_ws/install/arm_moveit/share/arm_moveit/rviz/move_group.rviz
[12.761s] -- Installing: /home/albert/ag_arm_ws/install/arm_moveit/share/ament_index/resource_index/package_run_dependencies/arm_moveit
[12.762s] -- Installing: /home/albert/ag_arm_ws/install/arm_moveit/share/ament_index/resource_index/parent_prefix_path/arm_moveit
[12.762s] -- Installing: /home/albert/ag_arm_ws/install/arm_moveit/share/arm_moveit/environment/ament_prefix_path.sh
[12.762s] -- Installing: /home/albert/ag_arm_ws/install/arm_moveit/share/arm_moveit/environment/ament_prefix_path.dsv
[12.763s] -- Installing: /home/albert/ag_arm_ws/install/arm_moveit/share/arm_moveit/environment/path.sh
[12.763s] -- Installing: /home/albert/ag_arm_ws/install/arm_moveit/share/arm_moveit/environment/path.dsv
[12.763s] -- Installing: /home/albert/ag_arm_ws/install/arm_moveit/share/arm_moveit/local_setup.bash
[12.763s] -- Installing: /home/albert/ag_arm_ws/install/arm_moveit/share/arm_moveit/local_setup.sh
[12.764s] -- Installing: /home/albert/ag_arm_ws/install/arm_moveit/share/arm_moveit/local_setup.zsh
[12.764s] -- Installing: /home/albert/ag_arm_ws/install/arm_moveit/share/arm_moveit/local_setup.dsv
[12.764s] -- Installing: /home/albert/ag_arm_ws/install/arm_moveit/share/arm_moveit/package.dsv
[12.765s] -- Installing: /home/albert/ag_arm_ws/install/arm_moveit/share/ament_index/resource_index/packages/arm_moveit
[12.765s] -- Installing: /home/albert/ag_arm_ws/install/arm_moveit/share/arm_moveit/cmake/arm_moveitConfig.cmake
[12.765s] -- Installing: /home/albert/ag_arm_ws/install/arm_moveit/share/arm_moveit/cmake/arm_moveitConfig-version.cmake
[12.765s] -- Installing: /home/albert/ag_arm_ws/install/arm_moveit/share/arm_moveit/package.xml
[12.769s] Invoked command in '/home/albert/ag_arm_ws/build/arm_moveit' returned '0': CMAKE_PREFIX_PATH=${CMAKE_PREFIX_PATH}:/home/albert/ag_arm_ws/install/arm_py:/home/albert/ws_moveit2/install/moveit_configs_utils:/home/albert/ws_moveit2/install/launch_param_builder:/home/albert/umov_ws/install/arduino_py_examples:/home/albert/udem2_ws/install/actions_py:/home/albert/udem2_ws/install/lifecycle_py:/home/albert/udem2_ws/install/executors_py:/home/albert/udem2_ws/install/components_py:/home/albert/udem_ws/install/turtlesim_catcher:/home/albert/udem_ws/install/my_py_pkg:/home/albert/udem_ws/install/lifecycle_py:/home/albert/bcdc_ws/install/agbot_teleop:/home/albert/bcdc_ws/install/agbot_py:/home/albert/arduinobot_ws/install/arduinobot_py_examples:/opt/ros/humble /home/albert/.local/bin/cmake --install /home/albert/ag_arm_ws/build/arm_moveit
