[0.293s] Invoking command in '/home/albert/ag_arm_ws/build/arm_msgs': CMAKE_PREFIX_PATH=${CMAKE_PREFIX_PATH}:/home/albert/ag_arm_ws/install/arm_py:/home/albert/ws_moveit2/install/moveit_configs_utils:/home/albert/ws_moveit2/install/launch_param_builder:/home/albert/umov_ws/install/arduino_py_examples:/home/albert/udem2_ws/install/actions_py:/home/albert/udem2_ws/install/lifecycle_py:/home/albert/udem2_ws/install/executors_py:/home/albert/udem2_ws/install/components_py:/home/albert/udem_ws/install/turtlesim_catcher:/home/albert/udem_ws/install/my_py_pkg:/home/albert/udem_ws/install/lifecycle_py:/home/albert/bcdc_ws/install/agbot_teleop:/home/albert/bcdc_ws/install/agbot_py:/home/albert/arduinobot_ws/install/arduinobot_py_examples:/opt/ros/humble /home/albert/.local/bin/cmake --build /home/albert/ag_arm_ws/build/arm_msgs -- -j8 -l8
[0.396s] [  2%] Built target arm_msgs__cpp
[0.443s] [  2%] Built target ament_cmake_python_copy_arm_msgs
[0.483s] [ 12%] Built target arm_msgs__rosidl_typesupport_cpp
[1.174s] running egg_info
[1.175s] writing arm_msgs.egg-info/PKG-INFO
[1.175s] writing dependency_links to arm_msgs.egg-info/dependency_links.txt
[1.175s] writing top-level names to arm_msgs.egg-info/top_level.txt
[1.175s] reading manifest file 'arm_msgs.egg-info/SOURCES.txt'
[1.175s] writing manifest file 'arm_msgs.egg-info/SOURCES.txt'
[1.200s] [ 12%] Built target ament_cmake_python_build_arm_msgs_egg
[1.237s] [ 23%] Built target arm_msgs__rosidl_typesupport_introspection_cpp
[1.277s] [ 34%] Built target arm_msgs__rosidl_typesupport_fastrtps_cpp
[1.316s] [ 44%] Built target arm_msgs__rosidl_generator_c
[1.350s] [ 55%] Built target arm_msgs__rosidl_typesupport_introspection_c
[1.393s] [ 65%] Built target arm_msgs__rosidl_typesupport_fastrtps_c
[1.428s] [ 76%] Built target arm_msgs__rosidl_typesupport_c
[1.462s] [ 76%] Built target arm_msgs
[1.506s] [ 78%] Built target arm_msgs__py
[1.552s] [ 87%] Built target arm_msgs__rosidl_generator_py
[1.586s] [ 91%] Built target arm_msgs__rosidl_typesupport_fastrtps_c__pyext
[1.621s] [ 95%] Built target arm_msgs__rosidl_typesupport_c__pyext
[1.657s] [100%] Built target arm_msgs__rosidl_typesupport_introspection_c__pyext
[1.669s] Invoked command in '/home/albert/ag_arm_ws/build/arm_msgs' returned '0': CMAKE_PREFIX_PATH=${CMAKE_PREFIX_PATH}:/home/albert/ag_arm_ws/install/arm_py:/home/albert/ws_moveit2/install/moveit_configs_utils:/home/albert/ws_moveit2/install/launch_param_builder:/home/albert/umov_ws/install/arduino_py_examples:/home/albert/udem2_ws/install/actions_py:/home/albert/udem2_ws/install/lifecycle_py:/home/albert/udem2_ws/install/executors_py:/home/albert/udem2_ws/install/components_py:/home/albert/udem_ws/install/turtlesim_catcher:/home/albert/udem_ws/install/my_py_pkg:/home/albert/udem_ws/install/lifecycle_py:/home/albert/bcdc_ws/install/agbot_teleop:/home/albert/bcdc_ws/install/agbot_py:/home/albert/arduinobot_ws/install/arduinobot_py_examples:/opt/ros/humble /home/albert/.local/bin/cmake --build /home/albert/ag_arm_ws/build/arm_msgs -- -j8 -l8
[1.672s] Invoking command in '/home/albert/ag_arm_ws/build/arm_msgs': CMAKE_PREFIX_PATH=${CMAKE_PREFIX_PATH}:/home/albert/ag_arm_ws/install/arm_py:/home/albert/ws_moveit2/install/moveit_configs_utils:/home/albert/ws_moveit2/install/launch_param_builder:/home/albert/umov_ws/install/arduino_py_examples:/home/albert/udem2_ws/install/actions_py:/home/albert/udem2_ws/install/lifecycle_py:/home/albert/udem2_ws/install/executors_py:/home/albert/udem2_ws/install/components_py:/home/albert/udem_ws/install/turtlesim_catcher:/home/albert/udem_ws/install/my_py_pkg:/home/albert/udem_ws/install/lifecycle_py:/home/albert/bcdc_ws/install/agbot_teleop:/home/albert/bcdc_ws/install/agbot_py:/home/albert/arduinobot_ws/install/arduinobot_py_examples:/opt/ros/humble /home/albert/.local/bin/cmake --install /home/albert/ag_arm_ws/build/arm_msgs
[1.682s] -- Install configuration: ""
[1.682s] -- Up-to-date: /home/albert/ag_arm_ws/install/arm_msgs/share/ament_index/resource_index/rosidl_interfaces/arm_msgs
[1.682s] -- Up-to-date: /home/albert/ag_arm_ws/install/arm_msgs/include/arm_msgs/arm_msgs
[1.683s] -- Up-to-date: /home/albert/ag_arm_ws/install/arm_msgs/include/arm_msgs/arm_msgs/msg
[1.683s] -- Up-to-date: /home/albert/ag_arm_ws/install/arm_msgs/include/arm_msgs/arm_msgs/msg/rosidl_generator_c__visibility_control.h
[1.683s] -- Up-to-date: /home/albert/ag_arm_ws/install/arm_msgs/include/arm_msgs/arm_msgs/action
[1.683s] -- Up-to-date: /home/albert/ag_arm_ws/install/arm_msgs/include/arm_msgs/arm_msgs/action/arm_task.h
[1.683s] -- Up-to-date: /home/albert/ag_arm_ws/install/arm_msgs/include/arm_msgs/arm_msgs/action/detail
[1.683s] -- Up-to-date: /home/albert/ag_arm_ws/install/arm_msgs/include/arm_msgs/arm_msgs/action/detail/arm_task__type_support.h
[1.683s] -- Up-to-date: /home/albert/ag_arm_ws/install/arm_msgs/include/arm_msgs/arm_msgs/action/detail/arm_task__functions.h
[1.683s] -- Up-to-date: /home/albert/ag_arm_ws/install/arm_msgs/include/arm_msgs/arm_msgs/action/detail/arm_task__struct.h
[1.683s] -- Up-to-date: /home/albert/ag_arm_ws/install/arm_msgs/include/arm_msgs/arm_msgs/action/detail/arm_task__functions.c
[1.684s] -- Up-to-date: /home/albert/ag_arm_ws/install/arm_msgs/include/arm_msgs/arm_msgs/srv
[1.684s] -- Up-to-date: /home/albert/ag_arm_ws/install/arm_msgs/include/arm_msgs/arm_msgs/srv/quaternion_to_euler.h
[1.684s] -- Up-to-date: /home/albert/ag_arm_ws/install/arm_msgs/include/arm_msgs/arm_msgs/srv/detail
[1.684s] -- Up-to-date: /home/albert/ag_arm_ws/install/arm_msgs/include/arm_msgs/arm_msgs/srv/detail/euler_to_quaternion__functions.c
[1.684s] -- Up-to-date: /home/albert/ag_arm_ws/install/arm_msgs/include/arm_msgs/arm_msgs/srv/detail/euler_to_quaternion__struct.h
[1.684s] -- Up-to-date: /home/albert/ag_arm_ws/install/arm_msgs/include/arm_msgs/arm_msgs/srv/detail/quaternion_to_euler__functions.c
[1.684s] -- Up-to-date: /home/albert/ag_arm_ws/install/arm_msgs/include/arm_msgs/arm_msgs/srv/detail/euler_to_quaternion__functions.h
[1.685s] -- Up-to-date: /home/albert/ag_arm_ws/install/arm_msgs/include/arm_msgs/arm_msgs/srv/detail/quaternion_to_euler__functions.h
[1.685s] -- Up-to-date: /home/albert/ag_arm_ws/install/arm_msgs/include/arm_msgs/arm_msgs/srv/detail/quaternion_to_euler__type_support.h
[1.685s] -- Up-to-date: /home/albert/ag_arm_ws/install/arm_msgs/include/arm_msgs/arm_msgs/srv/detail/euler_to_quaternion__type_support.h
[1.685s] -- Up-to-date: /home/albert/ag_arm_ws/install/arm_msgs/include/arm_msgs/arm_msgs/srv/detail/quaternion_to_euler__struct.h
[1.685s] -- Up-to-date: /home/albert/ag_arm_ws/install/arm_msgs/include/arm_msgs/arm_msgs/srv/euler_to_quaternion.h
[1.685s] -- Up-to-date: /home/albert/ag_arm_ws/install/arm_msgs/share/arm_msgs/environment/library_path.sh
[1.685s] -- Up-to-date: /home/albert/ag_arm_ws/install/arm_msgs/share/arm_msgs/environment/library_path.dsv
[1.685s] -- Up-to-date: /home/albert/ag_arm_ws/install/arm_msgs/lib/libarm_msgs__rosidl_generator_c.so
[1.686s] -- Up-to-date: /home/albert/ag_arm_ws/install/arm_msgs/include/arm_msgs/arm_msgs
[1.686s] -- Up-to-date: /home/albert/ag_arm_ws/install/arm_msgs/include/arm_msgs/arm_msgs/msg
[1.686s] -- Up-to-date: /home/albert/ag_arm_ws/install/arm_msgs/include/arm_msgs/arm_msgs/msg/rosidl_typesupport_fastrtps_c__visibility_control.h
[1.686s] -- Up-to-date: /home/albert/ag_arm_ws/install/arm_msgs/include/arm_msgs/arm_msgs/action
[1.686s] -- Up-to-date: /home/albert/ag_arm_ws/install/arm_msgs/include/arm_msgs/arm_msgs/action/detail
[1.687s] -- Up-to-date: /home/albert/ag_arm_ws/install/arm_msgs/include/arm_msgs/arm_msgs/action/detail/arm_task__rosidl_typesupport_fastrtps_c.h
[1.687s] -- Up-to-date: /home/albert/ag_arm_ws/install/arm_msgs/include/arm_msgs/arm_msgs/srv
[1.687s] -- Up-to-date: /home/albert/ag_arm_ws/install/arm_msgs/include/arm_msgs/arm_msgs/srv/detail
[1.688s] -- Up-to-date: /home/albert/ag_arm_ws/install/arm_msgs/include/arm_msgs/arm_msgs/srv/detail/euler_to_quaternion__rosidl_typesupport_fastrtps_c.h
[1.688s] -- Up-to-date: /home/albert/ag_arm_ws/install/arm_msgs/include/arm_msgs/arm_msgs/srv/detail/quaternion_to_euler__rosidl_typesupport_fastrtps_c.h
[1.688s] -- Up-to-date: /home/albert/ag_arm_ws/install/arm_msgs/lib/libarm_msgs__rosidl_typesupport_fastrtps_c.so
[1.688s] -- Up-to-date: /home/albert/ag_arm_ws/install/arm_msgs/include/arm_msgs/arm_msgs
[1.688s] -- Up-to-date: /home/albert/ag_arm_ws/install/arm_msgs/include/arm_msgs/arm_msgs/msg
[1.689s] -- Up-to-date: /home/albert/ag_arm_ws/install/arm_msgs/include/arm_msgs/arm_msgs/msg/rosidl_generator_cpp__visibility_control.hpp
[1.689s] -- Up-to-date: /home/albert/ag_arm_ws/install/arm_msgs/include/arm_msgs/arm_msgs/action
[1.689s] -- Up-to-date: /home/albert/ag_arm_ws/install/arm_msgs/include/arm_msgs/arm_msgs/action/arm_task.hpp
[1.689s] -- Up-to-date: /home/albert/ag_arm_ws/install/arm_msgs/include/arm_msgs/arm_msgs/action/detail
[1.690s] -- Up-to-date: /home/albert/ag_arm_ws/install/arm_msgs/include/arm_msgs/arm_msgs/action/detail/arm_task__struct.hpp
[1.690s] -- Up-to-date: /home/albert/ag_arm_ws/install/arm_msgs/include/arm_msgs/arm_msgs/action/detail/arm_task__builder.hpp
[1.690s] -- Up-to-date: /home/albert/ag_arm_ws/install/arm_msgs/include/arm_msgs/arm_msgs/action/detail/arm_task__traits.hpp
[1.690s] -- Up-to-date: /home/albert/ag_arm_ws/install/arm_msgs/include/arm_msgs/arm_msgs/action/detail/arm_task__type_support.hpp
[1.690s] -- Up-to-date: /home/albert/ag_arm_ws/install/arm_msgs/include/arm_msgs/arm_msgs/srv
[1.690s] -- Up-to-date: /home/albert/ag_arm_ws/install/arm_msgs/include/arm_msgs/arm_msgs/srv/euler_to_quaternion.hpp
[1.691s] -- Up-to-date: /home/albert/ag_arm_ws/install/arm_msgs/include/arm_msgs/arm_msgs/srv/detail
[1.691s] -- Up-to-date: /home/albert/ag_arm_ws/install/arm_msgs/include/arm_msgs/arm_msgs/srv/detail/quaternion_to_euler__struct.hpp
[1.691s] -- Up-to-date: /home/albert/ag_arm_ws/install/arm_msgs/include/arm_msgs/arm_msgs/srv/detail/quaternion_to_euler__builder.hpp
[1.691s] -- Up-to-date: /home/albert/ag_arm_ws/install/arm_msgs/include/arm_msgs/arm_msgs/srv/detail/euler_to_quaternion__traits.hpp
[1.692s] -- Up-to-date: /home/albert/ag_arm_ws/install/arm_msgs/include/arm_msgs/arm_msgs/srv/detail/euler_to_quaternion__type_support.hpp
[1.692s] -- Up-to-date: /home/albert/ag_arm_ws/install/arm_msgs/include/arm_msgs/arm_msgs/srv/detail/quaternion_to_euler__traits.hpp
[1.692s] -- Up-to-date: /home/albert/ag_arm_ws/install/arm_msgs/include/arm_msgs/arm_msgs/srv/detail/euler_to_quaternion__builder.hpp
[1.692s] -- Up-to-date: /home/albert/ag_arm_ws/install/arm_msgs/include/arm_msgs/arm_msgs/srv/detail/euler_to_quaternion__struct.hpp
[1.693s] -- Up-to-date: /home/albert/ag_arm_ws/install/arm_msgs/include/arm_msgs/arm_msgs/srv/detail/quaternion_to_euler__type_support.hpp
[1.693s] -- Up-to-date: /home/albert/ag_arm_ws/install/arm_msgs/include/arm_msgs/arm_msgs/srv/quaternion_to_euler.hpp
[1.693s] -- Up-to-date: /home/albert/ag_arm_ws/install/arm_msgs/include/arm_msgs/arm_msgs
[1.694s] -- Up-to-date: /home/albert/ag_arm_ws/install/arm_msgs/include/arm_msgs/arm_msgs/msg
[1.694s] -- Up-to-date: /home/albert/ag_arm_ws/install/arm_msgs/include/arm_msgs/arm_msgs/msg/rosidl_typesupport_fastrtps_cpp__visibility_control.h
[1.694s] -- Up-to-date: /home/albert/ag_arm_ws/install/arm_msgs/include/arm_msgs/arm_msgs/action
[1.694s] -- Up-to-date: /home/albert/ag_arm_ws/install/arm_msgs/include/arm_msgs/arm_msgs/action/detail
[1.695s] -- Up-to-date: /home/albert/ag_arm_ws/install/arm_msgs/include/arm_msgs/arm_msgs/action/detail/arm_task__rosidl_typesupport_fastrtps_cpp.hpp
[1.695s] -- Up-to-date: /home/albert/ag_arm_ws/install/arm_msgs/include/arm_msgs/arm_msgs/action/detail/dds_fastrtps
[1.695s] -- Up-to-date: /home/albert/ag_arm_ws/install/arm_msgs/include/arm_msgs/arm_msgs/srv
[1.695s] -- Up-to-date: /home/albert/ag_arm_ws/install/arm_msgs/include/arm_msgs/arm_msgs/srv/detail
[1.696s] -- Up-to-date: /home/albert/ag_arm_ws/install/arm_msgs/include/arm_msgs/arm_msgs/srv/detail/euler_to_quaternion__rosidl_typesupport_fastrtps_cpp.hpp
[1.696s] -- Up-to-date: /home/albert/ag_arm_ws/install/arm_msgs/include/arm_msgs/arm_msgs/srv/detail/quaternion_to_euler__rosidl_typesupport_fastrtps_cpp.hpp
[1.696s] -- Up-to-date: /home/albert/ag_arm_ws/install/arm_msgs/include/arm_msgs/arm_msgs/srv/detail/dds_fastrtps
[1.696s] -- Up-to-date: /home/albert/ag_arm_ws/install/arm_msgs/lib/libarm_msgs__rosidl_typesupport_fastrtps_cpp.so
[1.697s] -- Up-to-date: /home/albert/ag_arm_ws/install/arm_msgs/include/arm_msgs/arm_msgs
[1.697s] -- Up-to-date: /home/albert/ag_arm_ws/install/arm_msgs/include/arm_msgs/arm_msgs/msg
[1.697s] -- Up-to-date: /home/albert/ag_arm_ws/install/arm_msgs/include/arm_msgs/arm_msgs/msg/rosidl_typesupport_introspection_c__visibility_control.h
[1.697s] -- Up-to-date: /home/albert/ag_arm_ws/install/arm_msgs/include/arm_msgs/arm_msgs/action
[1.697s] -- Up-to-date: /home/albert/ag_arm_ws/install/arm_msgs/include/arm_msgs/arm_msgs/action/detail
[1.697s] -- Up-to-date: /home/albert/ag_arm_ws/install/arm_msgs/include/arm_msgs/arm_msgs/action/detail/arm_task__type_support.c
[1.697s] -- Up-to-date: /home/albert/ag_arm_ws/install/arm_msgs/include/arm_msgs/arm_msgs/action/detail/arm_task__rosidl_typesupport_introspection_c.h
[1.698s] -- Up-to-date: /home/albert/ag_arm_ws/install/arm_msgs/include/arm_msgs/arm_msgs/srv
[1.698s] -- Up-to-date: /home/albert/ag_arm_ws/install/arm_msgs/include/arm_msgs/arm_msgs/srv/detail
[1.698s] -- Up-to-date: /home/albert/ag_arm_ws/install/arm_msgs/include/arm_msgs/arm_msgs/srv/detail/euler_to_quaternion__type_support.c
[1.698s] -- Up-to-date: /home/albert/ag_arm_ws/install/arm_msgs/include/arm_msgs/arm_msgs/srv/detail/quaternion_to_euler__type_support.c
[1.698s] -- Up-to-date: /home/albert/ag_arm_ws/install/arm_msgs/include/arm_msgs/arm_msgs/srv/detail/quaternion_to_euler__rosidl_typesupport_introspection_c.h
[1.698s] -- Up-to-date: /home/albert/ag_arm_ws/install/arm_msgs/include/arm_msgs/arm_msgs/srv/detail/euler_to_quaternion__rosidl_typesupport_introspection_c.h
[1.699s] -- Up-to-date: /home/albert/ag_arm_ws/install/arm_msgs/lib/libarm_msgs__rosidl_typesupport_introspection_c.so
[1.699s] -- Up-to-date: /home/albert/ag_arm_ws/install/arm_msgs/lib/libarm_msgs__rosidl_typesupport_c.so
[1.699s] -- Up-to-date: /home/albert/ag_arm_ws/install/arm_msgs/include/arm_msgs/arm_msgs
[1.699s] -- Up-to-date: /home/albert/ag_arm_ws/install/arm_msgs/include/arm_msgs/arm_msgs/action
[1.699s] -- Up-to-date: /home/albert/ag_arm_ws/install/arm_msgs/include/arm_msgs/arm_msgs/action/detail
[1.699s] -- Up-to-date: /home/albert/ag_arm_ws/install/arm_msgs/include/arm_msgs/arm_msgs/action/detail/arm_task__rosidl_typesupport_introspection_cpp.hpp
[1.699s] -- Up-to-date: /home/albert/ag_arm_ws/install/arm_msgs/include/arm_msgs/arm_msgs/action/detail/arm_task__type_support.cpp
[1.700s] -- Up-to-date: /home/albert/ag_arm_ws/install/arm_msgs/include/arm_msgs/arm_msgs/srv
[1.700s] -- Up-to-date: /home/albert/ag_arm_ws/install/arm_msgs/include/arm_msgs/arm_msgs/srv/detail
[1.700s] -- Up-to-date: /home/albert/ag_arm_ws/install/arm_msgs/include/arm_msgs/arm_msgs/srv/detail/euler_to_quaternion__rosidl_typesupport_introspection_cpp.hpp
[1.700s] -- Up-to-date: /home/albert/ag_arm_ws/install/arm_msgs/include/arm_msgs/arm_msgs/srv/detail/euler_to_quaternion__type_support.cpp
[1.700s] -- Up-to-date: /home/albert/ag_arm_ws/install/arm_msgs/include/arm_msgs/arm_msgs/srv/detail/quaternion_to_euler__type_support.cpp
[1.700s] -- Up-to-date: /home/albert/ag_arm_ws/install/arm_msgs/include/arm_msgs/arm_msgs/srv/detail/quaternion_to_euler__rosidl_typesupport_introspection_cpp.hpp
[1.700s] -- Up-to-date: /home/albert/ag_arm_ws/install/arm_msgs/lib/libarm_msgs__rosidl_typesupport_introspection_cpp.so
[1.701s] -- Up-to-date: /home/albert/ag_arm_ws/install/arm_msgs/lib/libarm_msgs__rosidl_typesupport_cpp.so
[1.701s] -- Up-to-date: /home/albert/ag_arm_ws/install/arm_msgs/share/arm_msgs/environment/pythonpath.sh
[1.701s] -- Up-to-date: /home/albert/ag_arm_ws/install/arm_msgs/share/arm_msgs/environment/pythonpath.dsv
[1.701s] -- Up-to-date: /home/albert/ag_arm_ws/install/arm_msgs/local/lib/python3.10/dist-packages/arm_msgs-0.0.0-py3.10.egg-info
[1.701s] -- Installing: /home/albert/ag_arm_ws/install/arm_msgs/local/lib/python3.10/dist-packages/arm_msgs-0.0.0-py3.10.egg-info/SOURCES.txt
[1.701s] -- Installing: /home/albert/ag_arm_ws/install/arm_msgs/local/lib/python3.10/dist-packages/arm_msgs-0.0.0-py3.10.egg-info/top_level.txt
[1.702s] -- Installing: /home/albert/ag_arm_ws/install/arm_msgs/local/lib/python3.10/dist-packages/arm_msgs-0.0.0-py3.10.egg-info/PKG-INFO
[1.702s] -- Installing: /home/albert/ag_arm_ws/install/arm_msgs/local/lib/python3.10/dist-packages/arm_msgs-0.0.0-py3.10.egg-info/dependency_links.txt
[1.702s] -- Up-to-date: /home/albert/ag_arm_ws/install/arm_msgs/local/lib/python3.10/dist-packages/arm_msgs
[1.702s] -- Up-to-date: /home/albert/ag_arm_ws/install/arm_msgs/local/lib/python3.10/dist-packages/arm_msgs/__init__.py
[1.702s] -- Up-to-date: /home/albert/ag_arm_ws/install/arm_msgs/local/lib/python3.10/dist-packages/arm_msgs/arm_msgs_s__rosidl_typesupport_c.cpython-310-x86_64-linux-gnu.so
[1.702s] -- Up-to-date: /home/albert/ag_arm_ws/install/arm_msgs/local/lib/python3.10/dist-packages/arm_msgs/_arm_msgs_s.ep.rosidl_typesupport_fastrtps_c.c
[1.703s] -- Up-to-date: /home/albert/ag_arm_ws/install/arm_msgs/local/lib/python3.10/dist-packages/arm_msgs/_arm_msgs_s.ep.rosidl_typesupport_introspection_c.c
[1.703s] -- Up-to-date: /home/albert/ag_arm_ws/install/arm_msgs/local/lib/python3.10/dist-packages/arm_msgs/action
[1.703s] -- Up-to-date: /home/albert/ag_arm_ws/install/arm_msgs/local/lib/python3.10/dist-packages/arm_msgs/action/__init__.py
[1.703s] -- Up-to-date: /home/albert/ag_arm_ws/install/arm_msgs/local/lib/python3.10/dist-packages/arm_msgs/action/_arm_task_s.c
[1.703s] -- Up-to-date: /home/albert/ag_arm_ws/install/arm_msgs/local/lib/python3.10/dist-packages/arm_msgs/action/_arm_task.py
[1.703s] -- Up-to-date: /home/albert/ag_arm_ws/install/arm_msgs/local/lib/python3.10/dist-packages/arm_msgs/_arm_msgs_s.ep.rosidl_typesupport_c.c
[1.703s] -- Up-to-date: /home/albert/ag_arm_ws/install/arm_msgs/local/lib/python3.10/dist-packages/arm_msgs/arm_msgs_s__rosidl_typesupport_fastrtps_c.cpython-310-x86_64-linux-gnu.so
[1.704s] -- Up-to-date: /home/albert/ag_arm_ws/install/arm_msgs/local/lib/python3.10/dist-packages/arm_msgs/arm_msgs_s__rosidl_typesupport_introspection_c.cpython-310-x86_64-linux-gnu.so
[1.704s] -- Up-to-date: /home/albert/ag_arm_ws/install/arm_msgs/local/lib/python3.10/dist-packages/arm_msgs/libarm_msgs__rosidl_generator_py.so
[1.704s] -- Up-to-date: /home/albert/ag_arm_ws/install/arm_msgs/local/lib/python3.10/dist-packages/arm_msgs/srv
[1.704s] -- Up-to-date: /home/albert/ag_arm_ws/install/arm_msgs/local/lib/python3.10/dist-packages/arm_msgs/srv/_quaternion_to_euler_s.c
[1.704s] -- Up-to-date: /home/albert/ag_arm_ws/install/arm_msgs/local/lib/python3.10/dist-packages/arm_msgs/srv/_euler_to_quaternion.py
[1.704s] -- Up-to-date: /home/albert/ag_arm_ws/install/arm_msgs/local/lib/python3.10/dist-packages/arm_msgs/srv/__init__.py
[1.704s] -- Up-to-date: /home/albert/ag_arm_ws/install/arm_msgs/local/lib/python3.10/dist-packages/arm_msgs/srv/_quaternion_to_euler.py
[1.705s] -- Up-to-date: /home/albert/ag_arm_ws/install/arm_msgs/local/lib/python3.10/dist-packages/arm_msgs/srv/_euler_to_quaternion_s.c
[1.783s] Listing '/home/albert/ag_arm_ws/install/arm_msgs/local/lib/python3.10/dist-packages/arm_msgs'...
[1.783s] Listing '/home/albert/ag_arm_ws/install/arm_msgs/local/lib/python3.10/dist-packages/arm_msgs/action'...
[1.783s] Listing '/home/albert/ag_arm_ws/install/arm_msgs/local/lib/python3.10/dist-packages/arm_msgs/srv'...
[1.790s] -- Up-to-date: /home/albert/ag_arm_ws/install/arm_msgs/local/lib/python3.10/dist-packages/arm_msgs/arm_msgs_s__rosidl_typesupport_fastrtps_c.cpython-310-x86_64-linux-gnu.so
[1.791s] -- Up-to-date: /home/albert/ag_arm_ws/install/arm_msgs/local/lib/python3.10/dist-packages/arm_msgs/arm_msgs_s__rosidl_typesupport_introspection_c.cpython-310-x86_64-linux-gnu.so
[1.792s] -- Up-to-date: /home/albert/ag_arm_ws/install/arm_msgs/local/lib/python3.10/dist-packages/arm_msgs/arm_msgs_s__rosidl_typesupport_c.cpython-310-x86_64-linux-gnu.so
[1.793s] -- Up-to-date: /home/albert/ag_arm_ws/install/arm_msgs/lib/libarm_msgs__rosidl_generator_py.so
[1.793s] -- Up-to-date: /home/albert/ag_arm_ws/install/arm_msgs/share/arm_msgs/srv/EulerToQuaternion.idl
[1.793s] -- Up-to-date: /home/albert/ag_arm_ws/install/arm_msgs/share/arm_msgs/srv/QuaternionToEuler.idl
[1.794s] -- Up-to-date: /home/albert/ag_arm_ws/install/arm_msgs/share/arm_msgs/action/ArmTask.idl
[1.794s] -- Up-to-date: /home/albert/ag_arm_ws/install/arm_msgs/share/arm_msgs/srv/EulerToQuaternion.srv
[1.794s] -- Up-to-date: /home/albert/ag_arm_ws/install/arm_msgs/share/arm_msgs/srv/EulerToQuaternion_Request.msg
[1.795s] -- Up-to-date: /home/albert/ag_arm_ws/install/arm_msgs/share/arm_msgs/srv/EulerToQuaternion_Response.msg
[1.795s] -- Up-to-date: /home/albert/ag_arm_ws/install/arm_msgs/share/arm_msgs/srv/QuaternionToEuler.srv
[1.795s] -- Up-to-date: /home/albert/ag_arm_ws/install/arm_msgs/share/arm_msgs/srv/QuaternionToEuler_Request.msg
[1.795s] -- Up-to-date: /home/albert/ag_arm_ws/install/arm_msgs/share/arm_msgs/srv/QuaternionToEuler_Response.msg
[1.796s] -- Up-to-date: /home/albert/ag_arm_ws/install/arm_msgs/share/arm_msgs/action/ArmTask.action
[1.796s] -- Up-to-date: /home/albert/ag_arm_ws/install/arm_msgs/share/ament_index/resource_index/package_run_dependencies/arm_msgs
[1.796s] -- Up-to-date: /home/albert/ag_arm_ws/install/arm_msgs/share/ament_index/resource_index/parent_prefix_path/arm_msgs
[1.797s] -- Up-to-date: /home/albert/ag_arm_ws/install/arm_msgs/share/arm_msgs/environment/ament_prefix_path.sh
[1.797s] -- Up-to-date: /home/albert/ag_arm_ws/install/arm_msgs/share/arm_msgs/environment/ament_prefix_path.dsv
[1.797s] -- Up-to-date: /home/albert/ag_arm_ws/install/arm_msgs/share/arm_msgs/environment/path.sh
[1.797s] -- Up-to-date: /home/albert/ag_arm_ws/install/arm_msgs/share/arm_msgs/environment/path.dsv
[1.798s] -- Up-to-date: /home/albert/ag_arm_ws/install/arm_msgs/share/arm_msgs/local_setup.bash
[1.798s] -- Up-to-date: /home/albert/ag_arm_ws/install/arm_msgs/share/arm_msgs/local_setup.sh
[1.798s] -- Up-to-date: /home/albert/ag_arm_ws/install/arm_msgs/share/arm_msgs/local_setup.zsh
[1.798s] -- Up-to-date: /home/albert/ag_arm_ws/install/arm_msgs/share/arm_msgs/local_setup.dsv
[1.799s] -- Installing: /home/albert/ag_arm_ws/install/arm_msgs/share/arm_msgs/package.dsv
[1.799s] -- Up-to-date: /home/albert/ag_arm_ws/install/arm_msgs/share/ament_index/resource_index/packages/arm_msgs
[1.799s] -- Up-to-date: /home/albert/ag_arm_ws/install/arm_msgs/share/arm_msgs/cmake/export_arm_msgs__rosidl_generator_cExport.cmake
[1.800s] -- Up-to-date: /home/albert/ag_arm_ws/install/arm_msgs/share/arm_msgs/cmake/export_arm_msgs__rosidl_generator_cExport-noconfig.cmake
[1.800s] -- Up-to-date: /home/albert/ag_arm_ws/install/arm_msgs/share/arm_msgs/cmake/export_arm_msgs__rosidl_typesupport_fastrtps_cExport.cmake
[1.800s] -- Up-to-date: /home/albert/ag_arm_ws/install/arm_msgs/share/arm_msgs/cmake/export_arm_msgs__rosidl_typesupport_fastrtps_cExport-noconfig.cmake
[1.800s] -- Up-to-date: /home/albert/ag_arm_ws/install/arm_msgs/share/arm_msgs/cmake/export_arm_msgs__rosidl_generator_cppExport.cmake
[1.800s] -- Up-to-date: /home/albert/ag_arm_ws/install/arm_msgs/share/arm_msgs/cmake/export_arm_msgs__rosidl_typesupport_fastrtps_cppExport.cmake
[1.801s] -- Up-to-date: /home/albert/ag_arm_ws/install/arm_msgs/share/arm_msgs/cmake/export_arm_msgs__rosidl_typesupport_fastrtps_cppExport-noconfig.cmake
[1.801s] -- Up-to-date: /home/albert/ag_arm_ws/install/arm_msgs/share/arm_msgs/cmake/arm_msgs__rosidl_typesupport_introspection_cExport.cmake
[1.801s] -- Up-to-date: /home/albert/ag_arm_ws/install/arm_msgs/share/arm_msgs/cmake/arm_msgs__rosidl_typesupport_introspection_cExport-noconfig.cmake
[1.801s] -- Up-to-date: /home/albert/ag_arm_ws/install/arm_msgs/share/arm_msgs/cmake/arm_msgs__rosidl_typesupport_cExport.cmake
[1.801s] -- Up-to-date: /home/albert/ag_arm_ws/install/arm_msgs/share/arm_msgs/cmake/arm_msgs__rosidl_typesupport_cExport-noconfig.cmake
[1.802s] -- Up-to-date: /home/albert/ag_arm_ws/install/arm_msgs/share/arm_msgs/cmake/arm_msgs__rosidl_typesupport_introspection_cppExport.cmake
[1.802s] -- Up-to-date: /home/albert/ag_arm_ws/install/arm_msgs/share/arm_msgs/cmake/arm_msgs__rosidl_typesupport_introspection_cppExport-noconfig.cmake
[1.802s] -- Up-to-date: /home/albert/ag_arm_ws/install/arm_msgs/share/arm_msgs/cmake/arm_msgs__rosidl_typesupport_cppExport.cmake
[1.802s] -- Up-to-date: /home/albert/ag_arm_ws/install/arm_msgs/share/arm_msgs/cmake/arm_msgs__rosidl_typesupport_cppExport-noconfig.cmake
[1.803s] -- Up-to-date: /home/albert/ag_arm_ws/install/arm_msgs/share/arm_msgs/cmake/export_arm_msgs__rosidl_generator_pyExport.cmake
[1.807s] -- Up-to-date: /home/albert/ag_arm_ws/install/arm_msgs/share/arm_msgs/cmake/export_arm_msgs__rosidl_generator_pyExport-noconfig.cmake
[1.807s] -- Up-to-date: /home/albert/ag_arm_ws/install/arm_msgs/share/arm_msgs/cmake/rosidl_cmake-extras.cmake
[1.807s] -- Up-to-date: /home/albert/ag_arm_ws/install/arm_msgs/share/arm_msgs/cmake/ament_cmake_export_dependencies-extras.cmake
[1.807s] -- Up-to-date: /home/albert/ag_arm_ws/install/arm_msgs/share/arm_msgs/cmake/ament_cmake_export_include_directories-extras.cmake
[1.808s] -- Up-to-date: /home/albert/ag_arm_ws/install/arm_msgs/share/arm_msgs/cmake/ament_cmake_export_libraries-extras.cmake
[1.808s] -- Up-to-date: /home/albert/ag_arm_ws/install/arm_msgs/share/arm_msgs/cmake/ament_cmake_export_targets-extras.cmake
[1.808s] -- Up-to-date: /home/albert/ag_arm_ws/install/arm_msgs/share/arm_msgs/cmake/rosidl_cmake_export_typesupport_targets-extras.cmake
[1.808s] -- Up-to-date: /home/albert/ag_arm_ws/install/arm_msgs/share/arm_msgs/cmake/rosidl_cmake_export_typesupport_libraries-extras.cmake
[1.808s] -- Up-to-date: /home/albert/ag_arm_ws/install/arm_msgs/share/arm_msgs/cmake/arm_msgsConfig.cmake
[1.808s] -- Up-to-date: /home/albert/ag_arm_ws/install/arm_msgs/share/arm_msgs/cmake/arm_msgsConfig-version.cmake
[1.809s] -- Up-to-date: /home/albert/ag_arm_ws/install/arm_msgs/share/arm_msgs/package.xml
[1.809s] Invoked command in '/home/albert/ag_arm_ws/build/arm_msgs' returned '0': CMAKE_PREFIX_PATH=${CMAKE_PREFIX_PATH}:/home/albert/ag_arm_ws/install/arm_py:/home/albert/ws_moveit2/install/moveit_configs_utils:/home/albert/ws_moveit2/install/launch_param_builder:/home/albert/umov_ws/install/arduino_py_examples:/home/albert/udem2_ws/install/actions_py:/home/albert/udem2_ws/install/lifecycle_py:/home/albert/udem2_ws/install/executors_py:/home/albert/udem2_ws/install/components_py:/home/albert/udem_ws/install/turtlesim_catcher:/home/albert/udem_ws/install/my_py_pkg:/home/albert/udem_ws/install/lifecycle_py:/home/albert/bcdc_ws/install/agbot_teleop:/home/albert/bcdc_ws/install/agbot_py:/home/albert/arduinobot_ws/install/arduinobot_py_examples:/opt/ros/humble /home/albert/.local/bin/cmake --install /home/albert/ag_arm_ws/build/arm_msgs
