[0.579s] Invoking command in '/home/albert/ag_arm_ws/build/arm_description': CMAKE_PREFIX_PATH=${CMAKE_PREFIX_PATH}:/home/albert/ws_moveit2/install/moveit_configs_utils:/home/albert/ws_moveit2/install/launch_param_builder:/home/albert/umov_ws/install/arduino_py_examples:/home/albert/udem2_ws/install/actions_py:/home/albert/udem2_ws/install/lifecycle_py:/home/albert/udem2_ws/install/executors_py:/home/albert/udem2_ws/install/components_py:/home/albert/udem_ws/install/turtlesim_catcher:/home/albert/udem_ws/install/my_py_pkg:/home/albert/udem_ws/install/lifecycle_py:/home/albert/bcdc_ws/install/agbot_teleop:/home/albert/bcdc_ws/install/agbot_py:/home/albert/arduinobot_ws/install/arduinobot_py_examples:/opt/ros/humble /home/albert/.local/bin/cmake /home/albert/ag_arm_ws/src/arm_description -DCMAKE_INSTALL_PREFIX=/home/albert/ag_arm_ws/install/arm_description
[3.179s] -- The C compiler identification is GNU 11.4.0
[3.179s] -- The CXX compiler identification is GNU 11.4.0
[3.179s] -- Detecting C compiler ABI info
[3.180s] -- Detecting C compiler ABI info - done
[3.180s] -- Check for working C compiler: /usr/bin/cc - skipped
[3.180s] -- Detecting C compile features
[3.180s] -- Detecting C compile features - done
[3.181s] -- Detecting CXX compiler ABI info
[3.181s] -- Detecting CXX compiler ABI info - done
[3.181s] -- Check for working CXX compiler: /usr/bin/c++ - skipped
[3.181s] -- Detecting CXX compile features
[3.181s] -- Detecting CXX compile features - done
[3.275s] -- Found ament_cmake: 1.3.11 (/opt/ros/humble/share/ament_cmake/cmake)
[5.400s] -- Found Python3: /usr/bin/python3 (found version "3.10.12") found components: Interpreter
[7.487s] -- Found ament_lint_auto: 0.12.11 (/opt/ros/humble/share/ament_lint_auto/cmake)
[8.489s] -- Added test 'flake8' to check Python code syntax and style conventions
[8.535s] -- Added test 'lint_cmake' to check CMake code style
[8.551s] -- Added test 'pep257' to check Python code against some of the docstring style conventions in PEP 257
[8.609s] -- Added test 'xmllint' to check XML markup files
[8.664s] -- Configuring done (8.1s)
[8.702s] -- Generating done (0.0s)
[8.731s] -- Build files have been written to: /home/albert/ag_arm_ws/build/arm_description
[8.794s] Invoked command in '/home/albert/ag_arm_ws/build/arm_description' returned '0': CMAKE_PREFIX_PATH=${CMAKE_PREFIX_PATH}:/home/albert/ws_moveit2/install/moveit_configs_utils:/home/albert/ws_moveit2/install/launch_param_builder:/home/albert/umov_ws/install/arduino_py_examples:/home/albert/udem2_ws/install/actions_py:/home/albert/udem2_ws/install/lifecycle_py:/home/albert/udem2_ws/install/executors_py:/home/albert/udem2_ws/install/components_py:/home/albert/udem_ws/install/turtlesim_catcher:/home/albert/udem_ws/install/my_py_pkg:/home/albert/udem_ws/install/lifecycle_py:/home/albert/bcdc_ws/install/agbot_teleop:/home/albert/bcdc_ws/install/agbot_py:/home/albert/arduinobot_ws/install/arduinobot_py_examples:/opt/ros/humble /home/albert/.local/bin/cmake /home/albert/ag_arm_ws/src/arm_description -DCMAKE_INSTALL_PREFIX=/home/albert/ag_arm_ws/install/arm_description
[8.804s] Invoking command in '/home/albert/ag_arm_ws/build/arm_description': CMAKE_PREFIX_PATH=${CMAKE_PREFIX_PATH}:/home/albert/ws_moveit2/install/moveit_configs_utils:/home/albert/ws_moveit2/install/launch_param_builder:/home/albert/umov_ws/install/arduino_py_examples:/home/albert/udem2_ws/install/actions_py:/home/albert/udem2_ws/install/lifecycle_py:/home/albert/udem2_ws/install/executors_py:/home/albert/udem2_ws/install/components_py:/home/albert/udem_ws/install/turtlesim_catcher:/home/albert/udem_ws/install/my_py_pkg:/home/albert/udem_ws/install/lifecycle_py:/home/albert/bcdc_ws/install/agbot_teleop:/home/albert/bcdc_ws/install/agbot_py:/home/albert/arduinobot_ws/install/arduinobot_py_examples:/opt/ros/humble /home/albert/.local/bin/cmake --build /home/albert/ag_arm_ws/build/arm_description -- -j8 -l8
[8.990s] Invoked command in '/home/albert/ag_arm_ws/build/arm_description' returned '0': CMAKE_PREFIX_PATH=${CMAKE_PREFIX_PATH}:/home/albert/ws_moveit2/install/moveit_configs_utils:/home/albert/ws_moveit2/install/launch_param_builder:/home/albert/umov_ws/install/arduino_py_examples:/home/albert/udem2_ws/install/actions_py:/home/albert/udem2_ws/install/lifecycle_py:/home/albert/udem2_ws/install/executors_py:/home/albert/udem2_ws/install/components_py:/home/albert/udem_ws/install/turtlesim_catcher:/home/albert/udem_ws/install/my_py_pkg:/home/albert/udem_ws/install/lifecycle_py:/home/albert/bcdc_ws/install/agbot_teleop:/home/albert/bcdc_ws/install/agbot_py:/home/albert/arduinobot_ws/install/arduinobot_py_examples:/opt/ros/humble /home/albert/.local/bin/cmake --build /home/albert/ag_arm_ws/build/arm_description -- -j8 -l8
[9.033s] Invoking command in '/home/albert/ag_arm_ws/build/arm_description': CMAKE_PREFIX_PATH=${CMAKE_PREFIX_PATH}:/home/albert/ws_moveit2/install/moveit_configs_utils:/home/albert/ws_moveit2/install/launch_param_builder:/home/albert/umov_ws/install/arduino_py_examples:/home/albert/udem2_ws/install/actions_py:/home/albert/udem2_ws/install/lifecycle_py:/home/albert/udem2_ws/install/executors_py:/home/albert/udem2_ws/install/components_py:/home/albert/udem_ws/install/turtlesim_catcher:/home/albert/udem_ws/install/my_py_pkg:/home/albert/udem_ws/install/lifecycle_py:/home/albert/bcdc_ws/install/agbot_teleop:/home/albert/bcdc_ws/install/agbot_py:/home/albert/arduinobot_ws/install/arduinobot_py_examples:/opt/ros/humble /home/albert/.local/bin/cmake --install /home/albert/ag_arm_ws/build/arm_description
[9.040s] -- Install configuration: ""
[9.040s] -- Installing: /home/albert/ag_arm_ws/install/arm_description/share/arm_description/launch
[9.041s] -- Installing: /home/albert/ag_arm_ws/install/arm_description/share/arm_description/launch/arm_display.launch.py
[9.042s] -- Installing: /home/albert/ag_arm_ws/install/arm_description/share/arm_description/launch/arm_gazebo.launch.py
[9.042s] -- Installing: /home/albert/ag_arm_ws/install/arm_description/share/arm_description/meshes
[9.043s] -- Installing: /home/albert/ag_arm_ws/install/arm_description/share/arm_description/meshes/right_finger.STL
[9.044s] -- Installing: /home/albert/ag_arm_ws/install/arm_description/share/arm_description/meshes/triangular_link.STL
[9.047s] -- Installing: /home/albert/ag_arm_ws/install/arm_description/share/arm_description/meshes/round_plate.STL
[9.048s] -- Installing: /home/albert/ag_arm_ws/install/arm_description/share/arm_description/meshes/left_finger.STL
[9.052s] -- Installing: /home/albert/ag_arm_ws/install/arm_description/share/arm_description/meshes/vertical_drive_arm.STL
[9.052s] -- Installing: /home/albert/ag_arm_ws/install/arm_description/share/arm_description/meshes/astra.jpg
[9.053s] -- Installing: /home/albert/ag_arm_ws/install/arm_description/share/arm_description/meshes/claw_support.STL
[9.057s] -- Installing: /home/albert/ag_arm_ws/install/arm_description/share/arm_description/meshes/link.STL
[9.062s] -- Installing: /home/albert/ag_arm_ws/install/arm_description/share/arm_description/meshes/r200.jpg
[9.065s] -- Installing: /home/albert/ag_arm_ws/install/arm_description/share/arm_description/meshes/horizontal_arm.STL
[9.070s] -- Installing: /home/albert/ag_arm_ws/install/arm_description/share/arm_description/meshes/r200.dae
[9.071s] -- Installing: /home/albert/ag_arm_ws/install/arm_description/share/arm_description/meshes/astra.dae
[9.118s] -- Installing: /home/albert/ag_arm_ws/install/arm_description/share/arm_description/meshes/basement.STL
[9.119s] -- Installing: /home/albert/ag_arm_ws/install/arm_description/share/arm_description/meshes/forward_drive_arm.STL
[9.135s] -- Installing: /home/albert/ag_arm_ws/install/arm_description/share/arm_description/meshes/right_tire.stl
[9.135s] -- Installing: /home/albert/ag_arm_ws/install/arm_description/share/arm_description/meshes/lidar.stl
[9.136s] -- Installing: /home/albert/ag_arm_ws/install/arm_description/share/arm_description/meshes/servo_plate.STL
[9.136s] -- Installing: /home/albert/ag_arm_ws/install/arm_description/share/arm_description/meshes/plate.STL
[9.147s] -- Installing: /home/albert/ag_arm_ws/install/arm_description/share/arm_description/meshes/base_plate.STL
[9.148s] -- Installing: /home/albert/ag_arm_ws/install/arm_description/share/arm_description/meshes/left_tire copy.stl
[9.152s] -- Installing: /home/albert/ag_arm_ws/install/arm_description/share/arm_description/meshes/left_tire.stl
[9.155s] -- Installing: /home/albert/ag_arm_ws/install/arm_description/share/arm_description/meshes/right_tire copy.stl
[9.158s] -- Installing: /home/albert/ag_arm_ws/install/arm_description/share/arm_description/meshes/pi_camera.STL
[9.158s] -- Installing: /home/albert/ag_arm_ws/install/arm_description/share/arm_description/models
[9.158s] -- Installing: /home/albert/ag_arm_ws/install/arm_description/share/arm_description/models/ground_plane
[9.159s] -- Installing: /home/albert/ag_arm_ws/install/arm_description/share/arm_description/models/ground_plane/model-1_2.sdf
[9.159s] -- Installing: /home/albert/ag_arm_ws/install/arm_description/share/arm_description/models/ground_plane/model-1_3.sdf
[9.159s] -- Installing: /home/albert/ag_arm_ws/install/arm_description/share/arm_description/models/ground_plane/model.config
[9.160s] -- Installing: /home/albert/ag_arm_ws/install/arm_description/share/arm_description/models/ground_plane/model.sdf
[9.160s] -- Installing: /home/albert/ag_arm_ws/install/arm_description/share/arm_description/models/ground_plane/model-1_4.sdf
[9.161s] -- Installing: /home/albert/ag_arm_ws/install/arm_description/share/arm_description/models/basic_agbot_description
[9.161s] -- Installing: /home/albert/ag_arm_ws/install/arm_description/share/arm_description/models/basic_agbot_description/agbot.sdf
[9.162s] -- Installing: /home/albert/ag_arm_ws/install/arm_description/share/arm_description/models/basic_agbot_description/agbot_model.config
[9.164s] -- Installing: /home/albert/ag_arm_ws/install/arm_description/share/arm_description/models/sun
[9.164s] -- Installing: /home/albert/ag_arm_ws/install/arm_description/share/arm_description/models/sun/model-1_2.sdf
[9.165s] -- Installing: /home/albert/ag_arm_ws/install/arm_description/share/arm_description/models/sun/model-1_3.sdf
[9.165s] -- Installing: /home/albert/ag_arm_ws/install/arm_description/share/arm_description/models/sun/model.config
[9.165s] -- Installing: /home/albert/ag_arm_ws/install/arm_description/share/arm_description/models/sun/model.sdf
[9.165s] -- Installing: /home/albert/ag_arm_ws/install/arm_description/share/arm_description/models/sun/model-1_4.sdf
[9.166s] -- Installing: /home/albert/ag_arm_ws/install/arm_description/share/arm_description/rviz
[9.166s] -- Installing: /home/albert/ag_arm_ws/install/arm_description/share/arm_description/rviz/arm_config.rviz
[9.166s] -- Installing: /home/albert/ag_arm_ws/install/arm_description/share/arm_description/urdf
[9.166s] -- Installing: /home/albert/ag_arm_ws/install/arm_description/share/arm_description/urdf/arm_gazebo.xacro
[9.167s] -- Installing: /home/albert/ag_arm_ws/install/arm_description/share/arm_description/urdf/arm_common_properties.xacro
[9.167s] -- Installing: /home/albert/ag_arm_ws/install/arm_description/share/arm_description/urdf/arm.urdf
[9.167s] -- Installing: /home/albert/ag_arm_ws/install/arm_description/share/arm_description/urdf/arm_ros2_control.xacro
[9.167s] -- Installing: /home/albert/ag_arm_ws/install/arm_description/share/arm_description/urdf/arm.xacro
[9.167s] -- Installing: /home/albert/ag_arm_ws/install/arm_description/share/arm_description/urdf/arm copy.xacro
[9.170s] -- Installing: /home/albert/ag_arm_ws/install/arm_description/share/arm_description/worlds
[9.170s] -- Installing: /home/albert/ag_arm_ws/install/arm_description/share/arm_description/worlds/test_world.world
[9.170s] -- Installing: /home/albert/ag_arm_ws/install/arm_description/share/arm_description/worlds/smalltown.world
[9.170s] -- Installing: /home/albert/ag_arm_ws/install/arm_description/share/arm_description/worlds/turtlebot3_world.world
[9.171s] -- Installing: /home/albert/ag_arm_ws/install/arm_description/share/arm_description/worlds/new_world.world
[9.173s] -- Installing: /home/albert/ag_arm_ws/install/arm_description/share/arm_description/worlds/house.world
[9.173s] -- Installing: /home/albert/ag_arm_ws/install/arm_description/share/arm_description/worlds/new_world-old.world
[9.176s] -- Installing: /home/albert/ag_arm_ws/install/arm_description/share/arm_description/worlds/empty_world.world
[9.177s] -- Installing: /home/albert/ag_arm_ws/install/arm_description/share/ament_index/resource_index/package_run_dependencies/arm_description
[9.181s] -- Installing: /home/albert/ag_arm_ws/install/arm_description/share/ament_index/resource_index/parent_prefix_path/arm_description
[9.184s] -- Installing: /home/albert/ag_arm_ws/install/arm_description/share/arm_description/environment/ament_prefix_path.sh
[9.184s] -- Installing: /home/albert/ag_arm_ws/install/arm_description/share/arm_description/environment/ament_prefix_path.dsv
[9.185s] -- Installing: /home/albert/ag_arm_ws/install/arm_description/share/arm_description/environment/path.sh
[9.186s] -- Installing: /home/albert/ag_arm_ws/install/arm_description/share/arm_description/environment/path.dsv
[9.186s] -- Installing: /home/albert/ag_arm_ws/install/arm_description/share/arm_description/local_setup.bash
[9.187s] -- Installing: /home/albert/ag_arm_ws/install/arm_description/share/arm_description/local_setup.sh
[9.189s] -- Installing: /home/albert/ag_arm_ws/install/arm_description/share/arm_description/local_setup.zsh
[9.189s] -- Installing: /home/albert/ag_arm_ws/install/arm_description/share/arm_description/local_setup.dsv
[9.190s] -- Installing: /home/albert/ag_arm_ws/install/arm_description/share/arm_description/package.dsv
[9.191s] -- Installing: /home/albert/ag_arm_ws/install/arm_description/share/ament_index/resource_index/packages/arm_description
[9.192s] -- Installing: /home/albert/ag_arm_ws/install/arm_description/share/arm_description/cmake/arm_descriptionConfig.cmake
[9.193s] -- Installing: /home/albert/ag_arm_ws/install/arm_description/share/arm_description/cmake/arm_descriptionConfig-version.cmake
[9.193s] -- Installing: /home/albert/ag_arm_ws/install/arm_description/share/arm_description/package.xml
[9.198s] Invoked command in '/home/albert/ag_arm_ws/build/arm_description' returned '0': CMAKE_PREFIX_PATH=${CMAKE_PREFIX_PATH}:/home/albert/ws_moveit2/install/moveit_configs_utils:/home/albert/ws_moveit2/install/launch_param_builder:/home/albert/umov_ws/install/arduino_py_examples:/home/albert/udem2_ws/install/actions_py:/home/albert/udem2_ws/install/lifecycle_py:/home/albert/udem2_ws/install/executors_py:/home/albert/udem2_ws/install/components_py:/home/albert/udem_ws/install/turtlesim_catcher:/home/albert/udem_ws/install/my_py_pkg:/home/albert/udem_ws/install/lifecycle_py:/home/albert/bcdc_ws/install/agbot_teleop:/home/albert/bcdc_ws/install/agbot_py:/home/albert/arduinobot_ws/install/arduinobot_py_examples:/opt/ros/humble /home/albert/.local/bin/cmake --install /home/albert/ag_arm_ws/build/arm_description
