[1.888s] Invoking command in '/home/albert/ag_arm_ws/src/arm_py': PYTHONPATH=/home/albert/ag_arm_ws/build/arm_py/prefix_override:/usr/lib/python3/dist-packages/colcon_core/task/python/colcon_distutils_commands:/home/albert/ag_arm_ws/install/arm_py/lib/python3.10/site-packages:${PYTHONPATH} /usr/bin/python3 -W ignore:setup.py install is deprecated -W ignore:easy_install command is deprecated setup.py egg_info --egg-base ../../build/arm_py build --build-base /home/albert/ag_arm_ws/build/arm_py/build install --record /home/albert/ag_arm_ws/build/arm_py/install.log --single-version-externally-managed install_data
[2.679s] running egg_info
[2.681s] writing ../../build/arm_py/arm_py.egg-info/PKG-INFO
[2.681s] writing dependency_links to ../../build/arm_py/arm_py.egg-info/dependency_links.txt
[2.682s] writing entry points to ../../build/arm_py/arm_py.egg-info/entry_points.txt
[2.682s] writing requirements to ../../build/arm_py/arm_py.egg-info/requires.txt
[2.682s] writing top-level names to ../../build/arm_py/arm_py.egg-info/top_level.txt
[2.687s] reading manifest file '../../build/arm_py/arm_py.egg-info/SOURCES.txt'
[2.690s] writing manifest file '../../build/arm_py/arm_py.egg-info/SOURCES.txt'
[2.690s] running build
[2.690s] running build_py
[2.690s] running install
[2.691s] running install_lib
[2.695s] running install_data
[2.696s] running install_egg_info
[2.701s] removing '/home/albert/ag_arm_ws/install/arm_py/lib/python3.10/site-packages/arm_py-0.0.0-py3.10.egg-info' (and everything under it)
[2.701s] Copying ../../build/arm_py/arm_py.egg-info to /home/albert/ag_arm_ws/install/arm_py/lib/python3.10/site-packages/arm_py-0.0.0-py3.10.egg-info
[2.704s] running install_scripts
[2.765s] writing list of installed files to '/home/albert/ag_arm_ws/build/arm_py/install.log'
[2.824s] Invoked command in '/home/albert/ag_arm_ws/src/arm_py' returned '0': PYTHONPATH=/home/albert/ag_arm_ws/build/arm_py/prefix_override:/usr/lib/python3/dist-packages/colcon_core/task/python/colcon_distutils_commands:/home/albert/ag_arm_ws/install/arm_py/lib/python3.10/site-packages:${PYTHONPATH} /usr/bin/python3 -W ignore:setup.py install is deprecated -W ignore:easy_install command is deprecated setup.py egg_info --egg-base ../../build/arm_py build --build-base /home/albert/ag_arm_ws/build/arm_py/build install --record /home/albert/ag_arm_ws/build/arm_py/install.log --single-version-externally-managed install_data
