[2.804s] Invoking command in '/home/albert/ag_arm_ws/build/arm_remote': CMAKE_PREFIX_PATH=${CMAKE_PREFIX_PATH}:/home/albert/ws_moveit2/install/moveit_configs_utils:/home/albert/ws_moveit2/install/launch_param_builder:/home/albert/umov_ws/install/arduino_py_examples:/home/albert/udem2_ws/install/actions_py:/home/albert/udem2_ws/install/lifecycle_py:/home/albert/udem2_ws/install/executors_py:/home/albert/udem2_ws/install/components_py:/home/albert/udem_ws/install/turtlesim_catcher:/home/albert/udem_ws/install/my_py_pkg:/home/albert/udem_ws/install/lifecycle_py:/home/albert/bcdc_ws/install/agbot_teleop:/home/albert/bcdc_ws/install/agbot_py:/home/albert/arduinobot_ws/install/arduinobot_py_examples:/opt/ros/humble /home/albert/.local/bin/cmake /home/albert/ag_arm_ws/src/arm_remote -DCMAKE_INSTALL_PREFIX=/home/albert/ag_arm_ws/install/arm_remote
[3.490s] -- The C compiler identification is GNU 11.4.0
[4.011s] -- The CXX compiler identification is GNU 11.4.0
[4.154s] -- Detecting C compiler ABI info
[4.652s] -- Detecting C compiler ABI info - done
[4.768s] -- Check for working C compiler: /usr/bin/cc - skipped
[4.769s] -- Detecting C compile features
[4.778s] -- Detecting C compile features - done
[4.821s] -- Detecting CXX compiler ABI info
[5.350s] -- Detecting CXX compiler ABI info - done
[5.446s] -- Check for working CXX compiler: /usr/bin/c++ - skipped
[5.447s] -- Detecting CXX compile features
[5.457s] -- Detecting CXX compile features - done
[5.526s] -- Found ament_cmake: 1.3.11 (/opt/ros/humble/share/ament_cmake/cmake)
[7.237s] -- Found Python3: /usr/bin/python3 (found version "3.10.12") found components: Interpreter
[9.395s] -- Found ament_lint_auto: 0.12.11 (/opt/ros/humble/share/ament_lint_auto/cmake)
[10.506s] -- Added test 'lint_cmake' to check CMake code style
[10.549s] -- Added test 'xmllint' to check XML markup files
[10.635s] -- Configuring done (7.8s)
[10.661s] -- Generating done (0.0s)
[10.677s] -- Build files have been written to: /home/albert/ag_arm_ws/build/arm_remote
[10.703s] Invoked command in '/home/albert/ag_arm_ws/build/arm_remote' returned '0': CMAKE_PREFIX_PATH=${CMAKE_PREFIX_PATH}:/home/albert/ws_moveit2/install/moveit_configs_utils:/home/albert/ws_moveit2/install/launch_param_builder:/home/albert/umov_ws/install/arduino_py_examples:/home/albert/udem2_ws/install/actions_py:/home/albert/udem2_ws/install/lifecycle_py:/home/albert/udem2_ws/install/executors_py:/home/albert/udem2_ws/install/components_py:/home/albert/udem_ws/install/turtlesim_catcher:/home/albert/udem_ws/install/my_py_pkg:/home/albert/udem_ws/install/lifecycle_py:/home/albert/bcdc_ws/install/agbot_teleop:/home/albert/bcdc_ws/install/agbot_py:/home/albert/arduinobot_ws/install/arduinobot_py_examples:/opt/ros/humble /home/albert/.local/bin/cmake /home/albert/ag_arm_ws/src/arm_remote -DCMAKE_INSTALL_PREFIX=/home/albert/ag_arm_ws/install/arm_remote
[10.713s] Invoking command in '/home/albert/ag_arm_ws/build/arm_remote': CMAKE_PREFIX_PATH=${CMAKE_PREFIX_PATH}:/home/albert/ws_moveit2/install/moveit_configs_utils:/home/albert/ws_moveit2/install/launch_param_builder:/home/albert/umov_ws/install/arduino_py_examples:/home/albert/udem2_ws/install/actions_py:/home/albert/udem2_ws/install/lifecycle_py:/home/albert/udem2_ws/install/executors_py:/home/albert/udem2_ws/install/components_py:/home/albert/udem_ws/install/turtlesim_catcher:/home/albert/udem_ws/install/my_py_pkg:/home/albert/udem_ws/install/lifecycle_py:/home/albert/bcdc_ws/install/agbot_teleop:/home/albert/bcdc_ws/install/agbot_py:/home/albert/arduinobot_ws/install/arduinobot_py_examples:/opt/ros/humble /home/albert/.local/bin/cmake --build /home/albert/ag_arm_ws/build/arm_remote -- -j8 -l8
[10.825s] Invoked command in '/home/albert/ag_arm_ws/build/arm_remote' returned '0': CMAKE_PREFIX_PATH=${CMAKE_PREFIX_PATH}:/home/albert/ws_moveit2/install/moveit_configs_utils:/home/albert/ws_moveit2/install/launch_param_builder:/home/albert/umov_ws/install/arduino_py_examples:/home/albert/udem2_ws/install/actions_py:/home/albert/udem2_ws/install/lifecycle_py:/home/albert/udem2_ws/install/executors_py:/home/albert/udem2_ws/install/components_py:/home/albert/udem_ws/install/turtlesim_catcher:/home/albert/udem_ws/install/my_py_pkg:/home/albert/udem_ws/install/lifecycle_py:/home/albert/bcdc_ws/install/agbot_teleop:/home/albert/bcdc_ws/install/agbot_py:/home/albert/arduinobot_ws/install/arduinobot_py_examples:/opt/ros/humble /home/albert/.local/bin/cmake --build /home/albert/ag_arm_ws/build/arm_remote -- -j8 -l8
[10.836s] Invoking command in '/home/albert/ag_arm_ws/build/arm_remote': CMAKE_PREFIX_PATH=${CMAKE_PREFIX_PATH}:/home/albert/ws_moveit2/install/moveit_configs_utils:/home/albert/ws_moveit2/install/launch_param_builder:/home/albert/umov_ws/install/arduino_py_examples:/home/albert/udem2_ws/install/actions_py:/home/albert/udem2_ws/install/lifecycle_py:/home/albert/udem2_ws/install/executors_py:/home/albert/udem2_ws/install/components_py:/home/albert/udem_ws/install/turtlesim_catcher:/home/albert/udem_ws/install/my_py_pkg:/home/albert/udem_ws/install/lifecycle_py:/home/albert/bcdc_ws/install/agbot_teleop:/home/albert/bcdc_ws/install/agbot_py:/home/albert/arduinobot_ws/install/arduinobot_py_examples:/opt/ros/humble /home/albert/.local/bin/cmake --install /home/albert/ag_arm_ws/build/arm_remote
[10.857s] -- Install configuration: ""
[10.858s] -- Installing: /home/albert/ag_arm_ws/install/arm_remote/share/ament_index/resource_index/package_run_dependencies/arm_remote
[10.859s] -- Installing: /home/albert/ag_arm_ws/install/arm_remote/share/ament_index/resource_index/parent_prefix_path/arm_remote
[10.859s] -- Installing: /home/albert/ag_arm_ws/install/arm_remote/share/arm_remote/environment/ament_prefix_path.sh
[10.861s] -- Installing: /home/albert/ag_arm_ws/install/arm_remote/share/arm_remote/environment/ament_prefix_path.dsv
[10.863s] -- Installing: /home/albert/ag_arm_ws/install/arm_remote/share/arm_remote/environment/path.sh
[10.875s] -- Installing: /home/albert/ag_arm_ws/install/arm_remote/share/arm_remote/environment/path.dsv
[10.876s] -- Installing: /home/albert/ag_arm_ws/install/arm_remote/share/arm_remote/local_setup.bash
[10.877s] -- Installing: /home/albert/ag_arm_ws/install/arm_remote/share/arm_remote/local_setup.sh
[10.879s] -- Installing: /home/albert/ag_arm_ws/install/arm_remote/share/arm_remote/local_setup.zsh
[10.887s] -- Installing: /home/albert/ag_arm_ws/install/arm_remote/share/arm_remote/local_setup.dsv
[10.888s] -- Installing: /home/albert/ag_arm_ws/install/arm_remote/share/arm_remote/package.dsv
[10.892s] -- Installing: /home/albert/ag_arm_ws/install/arm_remote/share/ament_index/resource_index/packages/arm_remote
[10.895s] -- Installing: /home/albert/ag_arm_ws/install/arm_remote/share/arm_remote/cmake/arm_remoteConfig.cmake
[10.895s] -- Installing: /home/albert/ag_arm_ws/install/arm_remote/share/arm_remote/cmake/arm_remoteConfig-version.cmake
[10.900s] -- Installing: /home/albert/ag_arm_ws/install/arm_remote/share/arm_remote/package.xml
[10.901s] Invoked command in '/home/albert/ag_arm_ws/build/arm_remote' returned '0': CMAKE_PREFIX_PATH=${CMAKE_PREFIX_PATH}:/home/albert/ws_moveit2/install/moveit_configs_utils:/home/albert/ws_moveit2/install/launch_param_builder:/home/albert/umov_ws/install/arduino_py_examples:/home/albert/udem2_ws/install/actions_py:/home/albert/udem2_ws/install/lifecycle_py:/home/albert/udem2_ws/install/executors_py:/home/albert/udem2_ws/install/components_py:/home/albert/udem_ws/install/turtlesim_catcher:/home/albert/udem_ws/install/my_py_pkg:/home/albert/udem_ws/install/lifecycle_py:/home/albert/bcdc_ws/install/agbot_teleop:/home/albert/bcdc_ws/install/agbot_py:/home/albert/arduinobot_ws/install/arduinobot_py_examples:/opt/ros/humble /home/albert/.local/bin/cmake --install /home/albert/ag_arm_ws/build/arm_remote
