[0.068s] Invoking command in '/home/albert/ag_arm_ws/src/build/arm_bringup': CMAKE_PREFIX_PATH=${CMAKE_PREFIX_PATH}:/home/albert/ws_moveit2/install/moveit_configs_utils:/home/albert/ws_moveit2/install/launch_param_builder:/home/albert/umov_ws/install/arduino_py_examples:/home/albert/udem2_ws/install/actions_py:/home/albert/udem2_ws/install/lifecycle_py:/home/albert/udem2_ws/install/executors_py:/home/albert/udem2_ws/install/components_py:/home/albert/udem_ws/install/turtlesim_catcher:/home/albert/udem_ws/install/my_py_pkg:/home/albert/udem_ws/install/lifecycle_py:/home/albert/bcdc_ws/install/agbot_teleop:/home/albert/bcdc_ws/install/agbot_py:/home/albert/arduinobot_ws/install/arduinobot_py_examples:/opt/ros/humble /home/albert/.local/bin/cmake /home/albert/ag_arm_ws/src/arm_bringup -DCMAKE_INSTALL_PREFIX=/home/albert/ag_arm_ws/src/install/arm_bringup
[0.180s] -- The C compiler identification is GNU 11.4.0
[0.264s] -- The CXX compiler identification is GNU 11.4.0
[0.278s] -- Detecting C compiler ABI info
[0.357s] -- Detecting C compiler ABI info - done
[0.377s] -- Check for working C compiler: /usr/bin/cc - skipped
[0.377s] -- Detecting C compile features
[0.377s] -- Detecting C compile features - done
[0.381s] -- Detecting CXX compiler ABI info
[0.484s] -- Detecting CXX compiler ABI info - done
[0.520s] -- Check for working CXX compiler: /usr/bin/c++ - skipped
[0.520s] -- Detecting CXX compile features
[0.521s] -- Detecting CXX compile features - done
[0.551s] -- Found ament_cmake: 1.3.11 (/opt/ros/humble/share/ament_cmake/cmake)
[0.842s] -- Found Python3: /usr/bin/python3 (found version "3.10.12") found components: Interpreter
[1.282s] -- Found ament_lint_auto: 0.12.11 (/opt/ros/humble/share/ament_lint_auto/cmake)
[1.554s] -- Added test 'lint_cmake' to check CMake code style
[1.561s] -- Added test 'xmllint' to check XML markup files
[1.573s] -- Configuring done (1.5s)
[1.577s] -- Generating done (0.0s)
[1.580s] -- Build files have been written to: /home/albert/ag_arm_ws/src/build/arm_bringup
[1.586s] Invoked command in '/home/albert/ag_arm_ws/src/build/arm_bringup' returned '0': CMAKE_PREFIX_PATH=${CMAKE_PREFIX_PATH}:/home/albert/ws_moveit2/install/moveit_configs_utils:/home/albert/ws_moveit2/install/launch_param_builder:/home/albert/umov_ws/install/arduino_py_examples:/home/albert/udem2_ws/install/actions_py:/home/albert/udem2_ws/install/lifecycle_py:/home/albert/udem2_ws/install/executors_py:/home/albert/udem2_ws/install/components_py:/home/albert/udem_ws/install/turtlesim_catcher:/home/albert/udem_ws/install/my_py_pkg:/home/albert/udem_ws/install/lifecycle_py:/home/albert/bcdc_ws/install/agbot_teleop:/home/albert/bcdc_ws/install/agbot_py:/home/albert/arduinobot_ws/install/arduinobot_py_examples:/opt/ros/humble /home/albert/.local/bin/cmake /home/albert/ag_arm_ws/src/arm_bringup -DCMAKE_INSTALL_PREFIX=/home/albert/ag_arm_ws/src/install/arm_bringup
[1.588s] Invoking command in '/home/albert/ag_arm_ws/src/build/arm_bringup': CMAKE_PREFIX_PATH=${CMAKE_PREFIX_PATH}:/home/albert/ws_moveit2/install/moveit_configs_utils:/home/albert/ws_moveit2/install/launch_param_builder:/home/albert/umov_ws/install/arduino_py_examples:/home/albert/udem2_ws/install/actions_py:/home/albert/udem2_ws/install/lifecycle_py:/home/albert/udem2_ws/install/executors_py:/home/albert/udem2_ws/install/components_py:/home/albert/udem_ws/install/turtlesim_catcher:/home/albert/udem_ws/install/my_py_pkg:/home/albert/udem_ws/install/lifecycle_py:/home/albert/bcdc_ws/install/agbot_teleop:/home/albert/bcdc_ws/install/agbot_py:/home/albert/arduinobot_ws/install/arduinobot_py_examples:/opt/ros/humble /home/albert/.local/bin/cmake --build /home/albert/ag_arm_ws/src/build/arm_bringup -- -j8 -l8
[1.620s] Invoked command in '/home/albert/ag_arm_ws/src/build/arm_bringup' returned '0': CMAKE_PREFIX_PATH=${CMAKE_PREFIX_PATH}:/home/albert/ws_moveit2/install/moveit_configs_utils:/home/albert/ws_moveit2/install/launch_param_builder:/home/albert/umov_ws/install/arduino_py_examples:/home/albert/udem2_ws/install/actions_py:/home/albert/udem2_ws/install/lifecycle_py:/home/albert/udem2_ws/install/executors_py:/home/albert/udem2_ws/install/components_py:/home/albert/udem_ws/install/turtlesim_catcher:/home/albert/udem_ws/install/my_py_pkg:/home/albert/udem_ws/install/lifecycle_py:/home/albert/bcdc_ws/install/agbot_teleop:/home/albert/bcdc_ws/install/agbot_py:/home/albert/arduinobot_ws/install/arduinobot_py_examples:/opt/ros/humble /home/albert/.local/bin/cmake --build /home/albert/ag_arm_ws/src/build/arm_bringup -- -j8 -l8
[1.623s] Invoking command in '/home/albert/ag_arm_ws/src/build/arm_bringup': CMAKE_PREFIX_PATH=${CMAKE_PREFIX_PATH}:/home/albert/ws_moveit2/install/moveit_configs_utils:/home/albert/ws_moveit2/install/launch_param_builder:/home/albert/umov_ws/install/arduino_py_examples:/home/albert/udem2_ws/install/actions_py:/home/albert/udem2_ws/install/lifecycle_py:/home/albert/udem2_ws/install/executors_py:/home/albert/udem2_ws/install/components_py:/home/albert/udem_ws/install/turtlesim_catcher:/home/albert/udem_ws/install/my_py_pkg:/home/albert/udem_ws/install/lifecycle_py:/home/albert/bcdc_ws/install/agbot_teleop:/home/albert/bcdc_ws/install/agbot_py:/home/albert/arduinobot_ws/install/arduinobot_py_examples:/opt/ros/humble /home/albert/.local/bin/cmake --install /home/albert/ag_arm_ws/src/build/arm_bringup
[1.627s] -- Install configuration: ""
[1.628s] -- Installing: /home/albert/ag_arm_ws/src/install/arm_bringup/share/ament_index/resource_index/package_run_dependencies/arm_bringup
[1.628s] -- Installing: /home/albert/ag_arm_ws/src/install/arm_bringup/share/ament_index/resource_index/parent_prefix_path/arm_bringup
[1.628s] -- Installing: /home/albert/ag_arm_ws/src/install/arm_bringup/share/arm_bringup/environment/ament_prefix_path.sh
[1.628s] -- Installing: /home/albert/ag_arm_ws/src/install/arm_bringup/share/arm_bringup/environment/ament_prefix_path.dsv
[1.628s] -- Installing: /home/albert/ag_arm_ws/src/install/arm_bringup/share/arm_bringup/environment/path.sh
[1.629s] -- Installing: /home/albert/ag_arm_ws/src/install/arm_bringup/share/arm_bringup/environment/path.dsv
[1.629s] -- Installing: /home/albert/ag_arm_ws/src/install/arm_bringup/share/arm_bringup/local_setup.bash
[1.629s] -- Installing: /home/albert/ag_arm_ws/src/install/arm_bringup/share/arm_bringup/local_setup.sh
[1.629s] -- Installing: /home/albert/ag_arm_ws/src/install/arm_bringup/share/arm_bringup/local_setup.zsh
[1.629s] -- Installing: /home/albert/ag_arm_ws/src/install/arm_bringup/share/arm_bringup/local_setup.dsv
[1.630s] -- Installing: /home/albert/ag_arm_ws/src/install/arm_bringup/share/arm_bringup/package.dsv
[1.630s] -- Installing: /home/albert/ag_arm_ws/src/install/arm_bringup/share/ament_index/resource_index/packages/arm_bringup
[1.630s] -- Installing: /home/albert/ag_arm_ws/src/install/arm_bringup/share/arm_bringup/cmake/arm_bringupConfig.cmake
[1.630s] -- Installing: /home/albert/ag_arm_ws/src/install/arm_bringup/share/arm_bringup/cmake/arm_bringupConfig-version.cmake
[1.630s] -- Installing: /home/albert/ag_arm_ws/src/install/arm_bringup/share/arm_bringup/package.xml
[1.633s] Invoked command in '/home/albert/ag_arm_ws/src/build/arm_bringup' returned '0': CMAKE_PREFIX_PATH=${CMAKE_PREFIX_PATH}:/home/albert/ws_moveit2/install/moveit_configs_utils:/home/albert/ws_moveit2/install/launch_param_builder:/home/albert/umov_ws/install/arduino_py_examples:/home/albert/udem2_ws/install/actions_py:/home/albert/udem2_ws/install/lifecycle_py:/home/albert/udem2_ws/install/executors_py:/home/albert/udem2_ws/install/components_py:/home/albert/udem_ws/install/turtlesim_catcher:/home/albert/udem_ws/install/my_py_pkg:/home/albert/udem_ws/install/lifecycle_py:/home/albert/bcdc_ws/install/agbot_teleop:/home/albert/bcdc_ws/install/agbot_py:/home/albert/arduinobot_ws/install/arduinobot_py_examples:/opt/ros/humble /home/albert/.local/bin/cmake --install /home/albert/ag_arm_ws/src/build/arm_bringup
