In file included from [01m[K/opt/ros/humble/include/rclcpp/rclcpp/client.hpp:40[m[K,
                 from [01m[K/opt/ros/humble/include/rclcpp/rclcpp/callback_group.hpp:24[m[K,
                 from [01m[K/opt/ros/humble/include/rclcpp/rclcpp/any_executable.hpp:20[m[K,
                 from [01m[K/opt/ros/humble/include/rclcpp/rclcpp/memory_strategy.hpp:25[m[K,
                 from [01m[K/opt/ros/humble/include/rclcpp/rclcpp/memory_strategies.hpp:18[m[K,
                 from [01m[K/opt/ros/humble/include/rclcpp/rclcpp/executor_options.hpp:20[m[K,
                 from [01m[K/opt/ros/humble/include/rclcpp/rclcpp/executor.hpp:37[m[K,
                 from [01m[K/opt/ros/humble/include/rclcpp/rclcpp/executors/multi_threaded_executor.hpp:25[m[K,
                 from [01m[K/opt/ros/humble/include/rclcpp/rclcpp/executors.hpp:21[m[K,
                 from [01m[K/opt/ros/humble/include/rclcpp/rclcpp/rclcpp.hpp:155[m[K,
                 from [01m[K/home/albert/ag_arm_ws/src/arm_remote/src/task_server.cpp:1[m[K:
[01m[K/home/albert/ag_arm_ws/src/arm_remote/src/task_server.cpp:[m[K In member function ‘[01m[Kvoid arm_remote::AgbotTaskServer::execute(std::shared_ptr<rclcpp_action::ServerGoalHandle<arm_msgs::action::ArmTask> >)[m[K’:
[01m[K/home/albert/ag_arm_ws/src/arm_remote/src/task_server.cpp:75:5:[m[K [01;31m[Kerror: [m[Kexpected ‘[01m[K,[m[K’ or ‘[01m[K;[m[K’ before ‘[01m[Kdo[m[K’
   75 |     [01;31m[KRCLCPP_INFO[m[K(get_logger(), "Executing goal.%d" task_num_);
      |     [01;31m[K^~~~~~~~~~~[m[K
[01m[K/home/albert/ag_arm_ws/src/arm_remote/src/task_server.cpp:73:9:[m[K [01;35m[Kwarning: [m[Kunused variable ‘[01m[Ktask_num_[m[K’ [[01;35m[K]8;;https://gcc.gnu.org/onlinedocs/gcc/Warning-Options.html#index-Wunused-variable-Wunused-variable]8;;[m[K]
   73 |     int [01;35m[Ktask_num_[m[K = agbot_goal_handle->get_goal()->arm_task_number
      |         [01;35m[K^~~~~~~~~[m[K
gmake[2]: *** [CMakeFiles/task_server.dir/build.make:76: CMakeFiles/task_server.dir/src/task_server.cpp.o] Error 1
gmake[1]: *** [CMakeFiles/Makefile2:142: CMakeFiles/task_server.dir/all] Error 2
gmake: *** [Makefile:146: all] Error 2
