-- Found ament_cmake: 1.3.11 (/opt/ros/humble/share/ament_cmake/cmake)
-- Found rclcpp: 16.0.11 (/opt/ros/humble/share/rclcpp/cmake)
-- Found rosidl_generator_c: 3.1.6 (/opt/ros/humble/share/rosidl_generator_c/cmake)
-- Found rosidl_adapter: 3.1.6 (/opt/ros/humble/share/rosidl_adapter/cmake)
-- Found rosidl_generator_cpp: 3.1.6 (/opt/ros/humble/share/rosidl_generator_cpp/cmake)
-- Using all available rosidl_typesupport_c: rosidl_typesupport_fastrtps_c;rosidl_typesupport_introspection_c
-- Using all available rosidl_typesupport_cpp: rosidl_typesupport_fastrtps_cpp;rosidl_typesupport_introspection_cpp
-- Found rmw_implementation_cmake: 6.1.2 (/opt/ros/humble/share/rmw_implementation_cmake/cmake)
-- Found rmw_cyclonedds_cpp: 1.3.4 (/opt/ros/humble/share/rmw_cyclonedds_cpp/cmake)
-- Using RMW implementation 'rmw_cyclonedds_cpp' as default
-- Performing Test CMAKE_HAVE_LIBC_PTHREAD
-- Performing Test CMAKE_HAVE_LIBC_PTHREAD - Success
-- Found Threads: TRUE
-- Found rclcpp_action: 16.0.11 (/opt/ros/humble/share/rclcpp_action/cmake)
-- Found rclcpp_components: 16.0.11 (/opt/ros/humble/share/rclcpp_components/cmake)
-- Found arm_msgs: 0.0.0 (/home/albert/ag_arm_ws/install/arm_msgs/share/arm_msgs/cmake)
-- Found rclpy: 3.3.15 (/opt/ros/humble/share/rclpy/cmake)
-- Found moveit_ros_planning_interface: 2.5.5 (/home/albert/ws_moveit2/install/moveit_ros_planning_interface/share/moveit_ros_planning_interface/cmake)
-- Found Boost: /usr/lib/x86_64-linux-gnu/cmake/Boost-1.74.0/BoostConfig.cmake (found version "1.74.0") found components: date_time filesystem program_options system thread
-- Found Boost: /usr/lib/x86_64-linux-gnu/cmake/Boost-1.74.0/BoostConfig.cmake (found version "1.74.0") found components: chrono date_time filesystem iostreams program_options regex serialization system thread
-- Found parameter_traits: 0.3.9 (/opt/ros/humble/share/parameter_traits/cmake)
-- Found rclcpp_lifecycle: 16.0.11 (/opt/ros/humble/share/rclcpp_lifecycle/cmake)
-- Found Boost: /usr/lib/x86_64-linux-gnu/cmake/Boost-1.74.0/BoostConfig.cmake (found version "1.74.0") found components: filesystem
-- library: /usr/lib/x86_64-linux-gnu/libcurl.so
-- Found Eigen3: TRUE (found version "3.4.0")
-- Ensuring Eigen3 include directory is part of orocos-kdl CMake target
-- Found Boost: /usr/lib/x86_64-linux-gnu/cmake/Boost-1.74.0/BoostConfig.cmake (found version "1.74.0") found components: system filesystem date_time program_options thread chrono
-- Found Boost: /usr/lib/x86_64-linux-gnu/cmake/Boost-1.74.0/BoostConfig.cmake (found version "1.74.0") found components: thread system filesystem regex date_time program_options
-- Found Boost: /usr/lib/x86_64-linux-gnu/cmake/Boost-1.74.0/BoostConfig.cmake (found version "1.74.0") found components: system filesystem date_time program_options thread
-- Found moveit_planners: 2.5.5 (/home/albert/ws_moveit2/install/moveit_planners/share/moveit_planners/cmake)
-- Found ament_lint_auto: 0.12.11 (/opt/ros/humble/share/ament_lint_auto/cmake)
-- Added test 'cppcheck' to perform static code analysis on C / C++ code
-- Configured cppcheck include dirs: $<BUILD_INTERFACE:/home/albert/ag_arm_ws/src/arm_remote/include>
-- Configured cppcheck exclude dirs and/or files: 
-- Added test 'flake8' to check Python code syntax and style conventions
-- Added test 'lint_cmake' to check CMake code style
-- Added test 'pep257' to check Python code against some of the docstring style conventions in PEP 257
-- Added test 'uncrustify' to check C / C++ code style
-- Configured uncrustify additional arguments: 
-- Added test 'xmllint' to check XML markup files
-- Configuring done (3.5s)
-- Generating done (0.0s)
-- Build files have been written to: /home/albert/ag_arm_ws/build/arm_remote
[ 25%] [32mBuilding CXX object CMakeFiles/task_server_node.dir/rclcpp_components/node_main_task_server_node.cpp.o[0m
[ 50%] [32mBuilding CXX object CMakeFiles/task_server.dir/src/task_server.cpp.o[0m
[ 50%] Built target ament_cmake_python_copy_arm_remote
running egg_info
creating arm_remote.egg-info
writing arm_remote.egg-info/PKG-INFO
writing dependency_links to arm_remote.egg-info/dependency_links.txt
writing top-level names to arm_remote.egg-info/top_level.txt
writing manifest file 'arm_remote.egg-info/SOURCES.txt'
reading manifest file 'arm_remote.egg-info/SOURCES.txt'
writing manifest file 'arm_remote.egg-info/SOURCES.txt'
[ 50%] Built target ament_cmake_python_build_arm_remote_egg
[ 75%] [32m[1mLinking CXX executable task_server_node[0m
[ 75%] Built target task_server_node
[01m[K/home/albert/ag_arm_ws/src/arm_remote/src/task_server.cpp:[m[K In member function ‘[01m[Kvoid agbot_arm_remote::TaskServer::execute(std::shared_ptr<rclcpp_action::ServerGoalHandle<arm_msgs::action::ArmTask> >)[m[K’:
[01m[K/home/albert/ag_arm_ws/src/arm_remote/src/task_server.cpp:85:9:[m[K [01;31m[Kerror: [m[K‘[01m[Krail_move_group[m[K’ was not declared in this scope; did you mean ‘[01m[Krail_move_group_[m[K’?
   85 |     if ([01;31m[Krail_move_group[m[K == {0.0, 0.0})
      |         [01;31m[K^~~~~~~~~~~~~~~[m[K
      |         [32m[Krail_move_group_[m[K
[01m[K/home/albert/ag_arm_ws/src/arm_remote/src/task_server.cpp:85:28:[m[K [01;31m[Kerror: [m[Kexpected primary-expression before ‘[01m[K{[m[K’ token
   85 |     if (rail_move_group == [01;31m[K{[m[K0.0, 0.0})
      |                            [01;31m[K^[m[K
[01m[K/home/albert/ag_arm_ws/src/arm_remote/src/task_server.cpp:85:28:[m[K [01;31m[Kerror: [m[Kexpected ‘[01m[K)[m[K’ before ‘[01m[K{[m[K’ token
[01m[K/home/albert/ag_arm_ws/src/arm_remote/src/task_server.cpp:85:8:[m[K [01;36m[Knote: [m[Kto match this ‘[01m[K([m[K’
   85 |     if [01;36m[K([m[Krail_move_group == {0.0, 0.0})
      |        [01;36m[K^[m[K
[01m[K/home/albert/ag_arm_ws/src/arm_remote/src/task_server.cpp:87:44:[m[K [01;31m[Kerror: [m[Kcall of overloaded ‘[01m[KsetJointValueTarget(<brace-enclosed initializer list>)[m[K’ is ambiguous
   87 |       [01;31m[Krail_move_group_->setJointValueTarget({0.572, 1.143})[m[K;
      |       [01;31m[K~~~~~~~~~~~~~~~~~~~~~~~~~~~~~~~~~~~~~^~~~~~~~~~~~~~~~[m[K
In file included from [01m[K/home/albert/ag_arm_ws/src/arm_remote/src/task_server.cpp:5[m[K:
[01m[K/home/albert/ws_moveit2/install/moveit_ros_planning_interface/include/moveit/move_group_interface/move_group_interface.h:334:8:[m[K [01;36m[Knote: [m[Kcandidate: ‘[01m[Kbool moveit::planning_interface::MoveGroupInterface::setJointValueTarget(const std::vector<double, std::allocator<double> >&)[m[K’
  334 |   bool [01;36m[KsetJointValueTarget[m[K(const std::vector<double>& group_variable_values);
      |        [01;36m[K^~~~~~~~~~~~~~~~~~~[m[K
[01m[K/home/albert/ws_moveit2/install/moveit_ros_planning_interface/include/moveit/move_group_interface/move_group_interface.h:351:8:[m[K [01;36m[Knote: [m[Kcandidate: ‘[01m[Kbool moveit::planning_interface::MoveGroupInterface::setJointValueTarget(const std::map<std::__cxx11::basic_string<char>, double>&)[m[K’
  351 |   bool [01;36m[KsetJointValueTarget[m[K(const std::map<std::string, double>& variable_values);
      |        [01;36m[K^~~~~~~~~~~~~~~~~~~[m[K
[01m[K/home/albert/ag_arm_ws/src/arm_remote/src/task_server.cpp:91:25:[m[K [01;31m[Kerror: [m[Kinvalid initialization of reference of type ‘[01m[Kconst nanoseconds&[m[K’ {aka ‘[01m[Kconst std::chrono::duration<long int, std::ratio<1, 1000000000> >&[m[K’} from expression of type ‘[01m[Krclcpp::Duration[m[K’
   91 |       rclcpp::sleep_for([01;31m[Kduration[m[K);
      |                         [01;31m[K^~~~~~~~[m[K
In file included from [01m[K/opt/ros/humble/include/rclcpp/rclcpp/logging.hpp:25[m[K,
                 from [01m[K/opt/ros/humble/include/rclcpp/rclcpp/client.hpp:40[m[K,
                 from [01m[K/opt/ros/humble/include/rclcpp/rclcpp/callback_group.hpp:24[m[K,
                 from [01m[K/opt/ros/humble/include/rclcpp/rclcpp/any_executable.hpp:20[m[K,
                 from [01m[K/opt/ros/humble/include/rclcpp/rclcpp/memory_strategy.hpp:25[m[K,
                 from [01m[K/opt/ros/humble/include/rclcpp/rclcpp/memory_strategies.hpp:18[m[K,
                 from [01m[K/opt/ros/humble/include/rclcpp/rclcpp/executor_options.hpp:20[m[K,
                 from [01m[K/opt/ros/humble/include/rclcpp/rclcpp/executor.hpp:37[m[K,
                 from [01m[K/opt/ros/humble/include/rclcpp/rclcpp/executors/multi_threaded_executor.hpp:25[m[K,
                 from [01m[K/opt/ros/humble/include/rclcpp/rclcpp/executors.hpp:21[m[K,
                 from [01m[K/opt/ros/humble/include/rclcpp/rclcpp/rclcpp.hpp:155[m[K,
                 from [01m[K/home/albert/ag_arm_ws/src/arm_remote/src/task_server.cpp:1[m[K:
[01m[K/opt/ros/humble/include/rclcpp/rclcpp/utilities.hpp:233:36:[m[K [01;36m[Knote: [m[Kin passing argument 1 of ‘[01m[Kbool rclcpp::sleep_for(const nanoseconds&, rclcpp::Context::SharedPtr)[m[K’
  233 |   [01;36m[Kconst std::chrono::nanoseconds & nanoseconds[m[K,
      |   [01;36m[K~~~~~~~~~~~~~~~~~~~~~~~~~~~~~~~~~^~~~~~~~~~~[m[K
In file included from [01m[K/opt/ros/humble/include/class_loader/class_loader/class_loader.hpp:56[m[K,
                 from [01m[K/opt/ros/humble/include/rclcpp_components/rclcpp_components/register_node_macro.hpp:18[m[K,
                 from [01m[K/home/albert/ag_arm_ws/src/arm_remote/src/task_server.cpp:3[m[K:
[01m[K/home/albert/ag_arm_ws/src/arm_remote/src/task_server.cpp:[m[K At global scope:
[01m[K/home/albert/ag_arm_ws/src/arm_remote/src/task_server.cpp:187:33:[m[K [01;31m[Kerror: [m[K‘[01m[Karm_remote[m[K’ was not declared in this scope
  187 | RCLCPP_COMPONENTS_REGISTER_NODE([01;31m[Karm_remote[m[K::TaskServer)
      |                                 [01;31m[K^~~~~~~~~~[m[K
[01m[K/home/albert/ag_arm_ws/src/arm_remote/src/task_server.cpp:187:1:[m[K [01;31m[Kerror: [m[Ktemplate argument 1 is invalid
  187 | [01;31m[KRCLCPP_COMPONENTS_REGISTER_NODE[m[K(arm_remote::TaskServer)
      | [01;31m[K^~~~~~~~~~~~~~~~~~~~~~~~~~~~~~~[m[K
In file included from [01m[K/opt/ros/humble/include/class_loader/class_loader/class_loader_core.hpp:57[m[K,
                 from [01m[K/opt/ros/humble/include/class_loader/class_loader/class_loader.hpp:55[m[K,
                 from [01m[K/opt/ros/humble/include/rclcpp_components/rclcpp_components/register_node_macro.hpp:18[m[K,
                 from [01m[K/home/albert/ag_arm_ws/src/arm_remote/src/task_server.cpp:3[m[K:
/opt/ros/humble/include/class_loader/class_loader/meta_object.hpp: In instantiation of ‘[01m[KB* class_loader::impl::MetaObject<C, B>::create() const [with C = int; B = rclcpp_components::NodeFactory][m[K’:
[01m[K/opt/ros/humble/include/class_loader/class_loader/meta_object.hpp:216:7:[m[K   required from here
[01m[K/opt/ros/humble/include/class_loader/class_loader/meta_object.hpp:218:12:[m[K [01;31m[Kerror: [m[Kcannot convert ‘[01m[Kint*[m[K’ to ‘[01m[Krclcpp_components::NodeFactory*[m[K’ in return
  218 |     return [01;31m[Knew C[m[K;
      |            [01;31m[K^~~~~[m[K
      |            [01;31m[K|[m[K
      |            [01;31m[Kint*[m[K
gmake[2]: *** [CMakeFiles/task_server.dir/build.make:76: CMakeFiles/task_server.dir/src/task_server.cpp.o] Error 1
gmake[1]: *** [CMakeFiles/Makefile2:142: CMakeFiles/task_server.dir/all] Error 2
gmake: *** [Makefile:146: all] Error 2
