running egg_info
writing ../build/arm_py/arm_py.egg-info/PKG-INFO
writing dependency_links to ../build/arm_py/arm_py.egg-info/dependency_links.txt
writing entry points to ../build/arm_py/arm_py.egg-info/entry_points.txt
writing requirements to ../build/arm_py/arm_py.egg-info/requires.txt
writing top-level names to ../build/arm_py/arm_py.egg-info/top_level.txt
reading manifest file '../build/arm_py/arm_py.egg-info/SOURCES.txt'
writing manifest file '../build/arm_py/arm_py.egg-info/SOURCES.txt'
running build
running build_py
copying arm_py/moveit_interface.py -> /home/albert/ag_arm_ws/src/build/arm_py/build/lib/arm_py
running install
running install_lib
copying /home/albert/ag_arm_ws/src/build/arm_py/build/lib/arm_py/moveit_interface.py -> /home/albert/ag_arm_ws/src/install/arm_py/lib/python3.10/site-packages/arm_py
byte-compiling /home/albert/ag_arm_ws/src/install/arm_py/lib/python3.10/site-packages/arm_py/moveit_interface.py to moveit_interface.cpython-310.pyc
running install_data
running install_egg_info
removing '/home/albert/ag_arm_ws/src/install/arm_py/lib/python3.10/site-packages/arm_py-0.0.0-py3.10.egg-info' (and everything under it)
Copying ../build/arm_py/arm_py.egg-info to /home/albert/ag_arm_ws/src/install/arm_py/lib/python3.10/site-packages/arm_py-0.0.0-py3.10.egg-info
running install_scripts
writing list of installed files to '/home/albert/ag_arm_ws/src/build/arm_py/install.log'
