[0.485s] Invoking command in '/home/albert/ag_arm_ws/src/build/arm_remote': CMAKE_PREFIX_PATH=${CMAKE_PREFIX_PATH}:/home/albert/ws_moveit2/install/moveit_configs_utils:/home/albert/ws_moveit2/install/launch_param_builder:/home/albert/umov_ws/install/arduino_py_examples:/home/albert/udem2_ws/install/actions_py:/home/albert/udem2_ws/install/lifecycle_py:/home/albert/udem2_ws/install/executors_py:/home/albert/udem2_ws/install/components_py:/home/albert/udem_ws/install/turtlesim_catcher:/home/albert/udem_ws/install/my_py_pkg:/home/albert/udem_ws/install/lifecycle_py:/home/albert/bcdc_ws/install/agbot_teleop:/home/albert/bcdc_ws/install/agbot_py:/home/albert/arduinobot_ws/install/arduinobot_py_examples:/opt/ros/humble /home/albert/.local/bin/cmake --build /home/albert/ag_arm_ws/src/build/arm_remote -- -j8 -l8
[0.590s] Invoked command in '/home/albert/ag_arm_ws/src/build/arm_remote' returned '0': CMAKE_PREFIX_PATH=${CMAKE_PREFIX_PATH}:/home/albert/ws_moveit2/install/moveit_configs_utils:/home/albert/ws_moveit2/install/launch_param_builder:/home/albert/umov_ws/install/arduino_py_examples:/home/albert/udem2_ws/install/actions_py:/home/albert/udem2_ws/install/lifecycle_py:/home/albert/udem2_ws/install/executors_py:/home/albert/udem2_ws/install/components_py:/home/albert/udem_ws/install/turtlesim_catcher:/home/albert/udem_ws/install/my_py_pkg:/home/albert/udem_ws/install/lifecycle_py:/home/albert/bcdc_ws/install/agbot_teleop:/home/albert/bcdc_ws/install/agbot_py:/home/albert/arduinobot_ws/install/arduinobot_py_examples:/opt/ros/humble /home/albert/.local/bin/cmake --build /home/albert/ag_arm_ws/src/build/arm_remote -- -j8 -l8
[0.591s] Invoking command in '/home/albert/ag_arm_ws/src/build/arm_remote': CMAKE_PREFIX_PATH=${CMAKE_PREFIX_PATH}:/home/albert/ws_moveit2/install/moveit_configs_utils:/home/albert/ws_moveit2/install/launch_param_builder:/home/albert/umov_ws/install/arduino_py_examples:/home/albert/udem2_ws/install/actions_py:/home/albert/udem2_ws/install/lifecycle_py:/home/albert/udem2_ws/install/executors_py:/home/albert/udem2_ws/install/components_py:/home/albert/udem_ws/install/turtlesim_catcher:/home/albert/udem_ws/install/my_py_pkg:/home/albert/udem_ws/install/lifecycle_py:/home/albert/bcdc_ws/install/agbot_teleop:/home/albert/bcdc_ws/install/agbot_py:/home/albert/arduinobot_ws/install/arduinobot_py_examples:/opt/ros/humble /home/albert/.local/bin/cmake --install /home/albert/ag_arm_ws/src/build/arm_remote
[0.598s] -- Install configuration: ""
[0.598s] -- Installing: /home/albert/ag_arm_ws/src/install/arm_remote/share/ament_index/resource_index/package_run_dependencies/arm_remote
[0.598s] -- Installing: /home/albert/ag_arm_ws/src/install/arm_remote/share/ament_index/resource_index/parent_prefix_path/arm_remote
[0.599s] -- Installing: /home/albert/ag_arm_ws/src/install/arm_remote/share/arm_remote/environment/ament_prefix_path.sh
[0.599s] -- Installing: /home/albert/ag_arm_ws/src/install/arm_remote/share/arm_remote/environment/ament_prefix_path.dsv
[0.599s] -- Installing: /home/albert/ag_arm_ws/src/install/arm_remote/share/arm_remote/environment/path.sh
[0.600s] -- Installing: /home/albert/ag_arm_ws/src/install/arm_remote/share/arm_remote/environment/path.dsv
[0.600s] -- Installing: /home/albert/ag_arm_ws/src/install/arm_remote/share/arm_remote/local_setup.bash
[0.600s] -- Installing: /home/albert/ag_arm_ws/src/install/arm_remote/share/arm_remote/local_setup.sh
[0.600s] -- Installing: /home/albert/ag_arm_ws/src/install/arm_remote/share/arm_remote/local_setup.zsh
[0.600s] -- Installing: /home/albert/ag_arm_ws/src/install/arm_remote/share/arm_remote/local_setup.dsv
[0.600s] -- Installing: /home/albert/ag_arm_ws/src/install/arm_remote/share/arm_remote/package.dsv
[0.600s] -- Installing: /home/albert/ag_arm_ws/src/install/arm_remote/share/ament_index/resource_index/packages/arm_remote
[0.600s] -- Installing: /home/albert/ag_arm_ws/src/install/arm_remote/share/arm_remote/cmake/arm_remoteConfig.cmake
[0.600s] -- Installing: /home/albert/ag_arm_ws/src/install/arm_remote/share/arm_remote/cmake/arm_remoteConfig-version.cmake
[0.600s] -- Installing: /home/albert/ag_arm_ws/src/install/arm_remote/share/arm_remote/package.xml
[0.623s] Invoked command in '/home/albert/ag_arm_ws/src/build/arm_remote' returned '0': CMAKE_PREFIX_PATH=${CMAKE_PREFIX_PATH}:/home/albert/ws_moveit2/install/moveit_configs_utils:/home/albert/ws_moveit2/install/launch_param_builder:/home/albert/umov_ws/install/arduino_py_examples:/home/albert/udem2_ws/install/actions_py:/home/albert/udem2_ws/install/lifecycle_py:/home/albert/udem2_ws/install/executors_py:/home/albert/udem2_ws/install/components_py:/home/albert/udem_ws/install/turtlesim_catcher:/home/albert/udem_ws/install/my_py_pkg:/home/albert/udem_ws/install/lifecycle_py:/home/albert/bcdc_ws/install/agbot_teleop:/home/albert/bcdc_ws/install/agbot_py:/home/albert/arduinobot_ws/install/arduinobot_py_examples:/opt/ros/humble /home/albert/.local/bin/cmake --install /home/albert/ag_arm_ws/src/build/arm_remote
