[7.986s] Invoking command in '/home/albert/ag_arm_ws/src/arm_py': PYTHONPATH=/home/albert/ag_arm_ws/build/arm_py/prefix_override:/usr/lib/python3/dist-packages/colcon_core/task/python/colcon_distutils_commands:/home/albert/ag_arm_ws/install/arm_py/lib/python3.10/site-packages:${PYTHONPATH} /usr/bin/python3 -W ignore:setup.py install is deprecated -W ignore:easy_install command is deprecated setup.py egg_info --egg-base ../../build/arm_py build --build-base /home/albert/ag_arm_ws/build/arm_py/build install --record /home/albert/ag_arm_ws/build/arm_py/install.log --single-version-externally-managed install_data
[11.204s] running egg_info
[11.206s] creating ../../build/arm_py/arm_py.egg-info
[11.207s] writing ../../build/arm_py/arm_py.egg-info/PKG-INFO
[11.208s] writing dependency_links to ../../build/arm_py/arm_py.egg-info/dependency_links.txt
[11.209s] writing entry points to ../../build/arm_py/arm_py.egg-info/entry_points.txt
[11.210s] writing requirements to ../../build/arm_py/arm_py.egg-info/requires.txt
[11.211s] writing top-level names to ../../build/arm_py/arm_py.egg-info/top_level.txt
[11.213s] writing manifest file '../../build/arm_py/arm_py.egg-info/SOURCES.txt'
[11.220s] reading manifest file '../../build/arm_py/arm_py.egg-info/SOURCES.txt'
[11.222s] writing manifest file '../../build/arm_py/arm_py.egg-info/SOURCES.txt'
[11.223s] running build
[11.223s] running build_py
[11.224s] creating /home/albert/ag_arm_ws/build/arm_py/build
[11.226s] creating /home/albert/ag_arm_ws/build/arm_py/build/lib
[11.226s] creating /home/albert/ag_arm_ws/build/arm_py/build/lib/arm_py
[11.228s] copying arm_py/__init__.py -> /home/albert/ag_arm_ws/build/arm_py/build/lib/arm_py
[11.228s] copying arm_py/moveit_interface.py -> /home/albert/ag_arm_ws/build/arm_py/build/lib/arm_py
[11.229s] running install
[11.230s] running install_lib
[11.231s] creating /home/albert/ag_arm_ws/install/arm_py/lib/python3.10/site-packages/arm_py
[11.231s] copying /home/albert/ag_arm_ws/build/arm_py/build/lib/arm_py/__init__.py -> /home/albert/ag_arm_ws/install/arm_py/lib/python3.10/site-packages/arm_py
[11.232s] copying /home/albert/ag_arm_ws/build/arm_py/build/lib/arm_py/moveit_interface.py -> /home/albert/ag_arm_ws/install/arm_py/lib/python3.10/site-packages/arm_py
[11.232s] byte-compiling /home/albert/ag_arm_ws/install/arm_py/lib/python3.10/site-packages/arm_py/__init__.py to __init__.cpython-310.pyc
[11.232s] byte-compiling /home/albert/ag_arm_ws/install/arm_py/lib/python3.10/site-packages/arm_py/moveit_interface.py to moveit_interface.cpython-310.pyc
[11.235s] running install_data
[11.236s] creating /home/albert/ag_arm_ws/install/arm_py/share/ament_index
[11.237s] creating /home/albert/ag_arm_ws/install/arm_py/share/ament_index/resource_index
[11.237s] creating /home/albert/ag_arm_ws/install/arm_py/share/ament_index/resource_index/packages
[11.239s] copying resource/arm_py -> /home/albert/ag_arm_ws/install/arm_py/share/ament_index/resource_index/packages
[11.239s] copying package.xml -> /home/albert/ag_arm_ws/install/arm_py/share/arm_py
[11.241s] running install_egg_info
[11.241s] Copying ../../build/arm_py/arm_py.egg-info to /home/albert/ag_arm_ws/install/arm_py/lib/python3.10/site-packages/arm_py-0.0.0-py3.10.egg-info
[11.244s] running install_scripts
[11.348s] writing list of installed files to '/home/albert/ag_arm_ws/build/arm_py/install.log'
[11.465s] Invoked command in '/home/albert/ag_arm_ws/src/arm_py' returned '0': PYTHONPATH=/home/albert/ag_arm_ws/build/arm_py/prefix_override:/usr/lib/python3/dist-packages/colcon_core/task/python/colcon_distutils_commands:/home/albert/ag_arm_ws/install/arm_py/lib/python3.10/site-packages:${PYTHONPATH} /usr/bin/python3 -W ignore:setup.py install is deprecated -W ignore:easy_install command is deprecated setup.py egg_info --egg-base ../../build/arm_py build --build-base /home/albert/ag_arm_ws/build/arm_py/build install --record /home/albert/ag_arm_ws/build/arm_py/install.log --single-version-externally-managed install_data
