[0.160s] Invoking command in '/home/albert/ag_arm_ws/build/arm_bringup': CMAKE_PREFIX_PATH=${CMAKE_PREFIX_PATH}:/home/albert/ag_arm_ws/install/arm_py:/home/albert/ws_moveit2/install/moveit_configs_utils:/home/albert/ws_moveit2/install/launch_param_builder:/home/albert/umov_ws/install/arduino_py_examples:/home/albert/udem2_ws/install/actions_py:/home/albert/udem2_ws/install/lifecycle_py:/home/albert/udem2_ws/install/executors_py:/home/albert/udem2_ws/install/components_py:/home/albert/udem_ws/install/turtlesim_catcher:/home/albert/udem_ws/install/my_py_pkg:/home/albert/udem_ws/install/lifecycle_py:/home/albert/bcdc_ws/install/agbot_teleop:/home/albert/bcdc_ws/install/agbot_py:/home/albert/arduinobot_ws/install/arduinobot_py_examples:/opt/ros/humble /home/albert/.local/bin/cmake --build /home/albert/ag_arm_ws/build/arm_bringup -- -j8 -l8
[0.942s] Invoked command in '/home/albert/ag_arm_ws/build/arm_bringup' returned '0': CMAKE_PREFIX_PATH=${CMAKE_PREFIX_PATH}:/home/albert/ag_arm_ws/install/arm_py:/home/albert/ws_moveit2/install/moveit_configs_utils:/home/albert/ws_moveit2/install/launch_param_builder:/home/albert/umov_ws/install/arduino_py_examples:/home/albert/udem2_ws/install/actions_py:/home/albert/udem2_ws/install/lifecycle_py:/home/albert/udem2_ws/install/executors_py:/home/albert/udem2_ws/install/components_py:/home/albert/udem_ws/install/turtlesim_catcher:/home/albert/udem_ws/install/my_py_pkg:/home/albert/udem_ws/install/lifecycle_py:/home/albert/bcdc_ws/install/agbot_teleop:/home/albert/bcdc_ws/install/agbot_py:/home/albert/arduinobot_ws/install/arduinobot_py_examples:/opt/ros/humble /home/albert/.local/bin/cmake --build /home/albert/ag_arm_ws/build/arm_bringup -- -j8 -l8
[0.946s] Invoking command in '/home/albert/ag_arm_ws/build/arm_bringup': CMAKE_PREFIX_PATH=${CMAKE_PREFIX_PATH}:/home/albert/ag_arm_ws/install/arm_py:/home/albert/ws_moveit2/install/moveit_configs_utils:/home/albert/ws_moveit2/install/launch_param_builder:/home/albert/umov_ws/install/arduino_py_examples:/home/albert/udem2_ws/install/actions_py:/home/albert/udem2_ws/install/lifecycle_py:/home/albert/udem2_ws/install/executors_py:/home/albert/udem2_ws/install/components_py:/home/albert/udem_ws/install/turtlesim_catcher:/home/albert/udem_ws/install/my_py_pkg:/home/albert/udem_ws/install/lifecycle_py:/home/albert/bcdc_ws/install/agbot_teleop:/home/albert/bcdc_ws/install/agbot_py:/home/albert/arduinobot_ws/install/arduinobot_py_examples:/opt/ros/humble /home/albert/.local/bin/cmake --install /home/albert/ag_arm_ws/build/arm_bringup
[0.996s] -- Install configuration: ""
[0.997s] -- Up-to-date: /home/albert/ag_arm_ws/install/arm_bringup/share/arm_bringup/launch
[0.997s] -- Up-to-date: /home/albert/ag_arm_ws/install/arm_bringup/share/arm_bringup/launch/arm_simulated_robot.launch.py
[0.997s] -- Up-to-date: /home/albert/ag_arm_ws/install/arm_bringup/share/ament_index/resource_index/package_run_dependencies/arm_bringup
[0.998s] -- Up-to-date: /home/albert/ag_arm_ws/install/arm_bringup/share/ament_index/resource_index/parent_prefix_path/arm_bringup
[0.999s] -- Up-to-date: /home/albert/ag_arm_ws/install/arm_bringup/share/arm_bringup/environment/ament_prefix_path.sh
[0.999s] -- Up-to-date: /home/albert/ag_arm_ws/install/arm_bringup/share/arm_bringup/environment/ament_prefix_path.dsv
[1.000s] -- Up-to-date: /home/albert/ag_arm_ws/install/arm_bringup/share/arm_bringup/environment/path.sh
[1.000s] -- Up-to-date: /home/albert/ag_arm_ws/install/arm_bringup/share/arm_bringup/environment/path.dsv
[1.000s] -- Up-to-date: /home/albert/ag_arm_ws/install/arm_bringup/share/arm_bringup/local_setup.bash
[1.000s] -- Up-to-date: /home/albert/ag_arm_ws/install/arm_bringup/share/arm_bringup/local_setup.sh
[1.001s] -- Up-to-date: /home/albert/ag_arm_ws/install/arm_bringup/share/arm_bringup/local_setup.zsh
[1.002s] -- Up-to-date: /home/albert/ag_arm_ws/install/arm_bringup/share/arm_bringup/local_setup.dsv
[1.002s] -- Installing: /home/albert/ag_arm_ws/install/arm_bringup/share/arm_bringup/package.dsv
[1.003s] -- Up-to-date: /home/albert/ag_arm_ws/install/arm_bringup/share/ament_index/resource_index/packages/arm_bringup
[1.003s] -- Up-to-date: /home/albert/ag_arm_ws/install/arm_bringup/share/arm_bringup/cmake/arm_bringupConfig.cmake
[1.003s] -- Up-to-date: /home/albert/ag_arm_ws/install/arm_bringup/share/arm_bringup/cmake/arm_bringupConfig-version.cmake
[1.003s] -- Up-to-date: /home/albert/ag_arm_ws/install/arm_bringup/share/arm_bringup/package.xml
[1.118s] Invoked command in '/home/albert/ag_arm_ws/build/arm_bringup' returned '0': CMAKE_PREFIX_PATH=${CMAKE_PREFIX_PATH}:/home/albert/ag_arm_ws/install/arm_py:/home/albert/ws_moveit2/install/moveit_configs_utils:/home/albert/ws_moveit2/install/launch_param_builder:/home/albert/umov_ws/install/arduino_py_examples:/home/albert/udem2_ws/install/actions_py:/home/albert/udem2_ws/install/lifecycle_py:/home/albert/udem2_ws/install/executors_py:/home/albert/udem2_ws/install/components_py:/home/albert/udem_ws/install/turtlesim_catcher:/home/albert/udem_ws/install/my_py_pkg:/home/albert/udem_ws/install/lifecycle_py:/home/albert/bcdc_ws/install/agbot_teleop:/home/albert/bcdc_ws/install/agbot_py:/home/albert/arduinobot_ws/install/arduinobot_py_examples:/opt/ros/humble /home/albert/.local/bin/cmake --install /home/albert/ag_arm_ws/build/arm_bringup
