[0.170s] Invoking command in '/home/albert/ag_arm_ws/build/arm_msgs': CMAKE_PREFIX_PATH=${CMAKE_PREFIX_PATH}:/home/albert/ag_arm_ws/install/arm_py:/home/albert/ws_moveit2/install/moveit_configs_utils:/home/albert/ws_moveit2/install/launch_param_builder:/home/albert/umov_ws/install/arduino_py_examples:/home/albert/udem2_ws/install/actions_py:/home/albert/udem2_ws/install/lifecycle_py:/home/albert/udem2_ws/install/executors_py:/home/albert/udem2_ws/install/components_py:/home/albert/udem_ws/install/turtlesim_catcher:/home/albert/udem_ws/install/my_py_pkg:/home/albert/udem_ws/install/lifecycle_py:/home/albert/bcdc_ws/install/agbot_teleop:/home/albert/bcdc_ws/install/agbot_py:/home/albert/arduinobot_ws/install/arduinobot_py_examples:/opt/ros/humble /home/albert/.local/bin/cmake --build /home/albert/ag_arm_ws/build/arm_msgs -- -j8 -l8
[0.256s] [  2%] Built target arm_msgs__cpp
[0.295s] [  2%] Built target ament_cmake_python_copy_arm_msgs
[0.330s] [ 12%] Built target arm_msgs__rosidl_typesupport_cpp
[0.946s] running egg_info
[0.946s] writing arm_msgs.egg-info/PKG-INFO
[0.946s] writing dependency_links to arm_msgs.egg-info/dependency_links.txt
[0.946s] writing top-level names to arm_msgs.egg-info/top_level.txt
[0.946s] reading manifest file 'arm_msgs.egg-info/SOURCES.txt'
[0.947s] writing manifest file 'arm_msgs.egg-info/SOURCES.txt'
[0.976s] [ 12%] Built target ament_cmake_python_build_arm_msgs_egg
[1.017s] [ 23%] Built target arm_msgs__rosidl_typesupport_introspection_cpp
[1.064s] [ 34%] Built target arm_msgs__rosidl_typesupport_fastrtps_cpp
[1.100s] [ 44%] Built target arm_msgs__rosidl_generator_c
[1.134s] [ 55%] Built target arm_msgs__rosidl_typesupport_introspection_c
[1.176s] [ 65%] Built target arm_msgs__rosidl_typesupport_fastrtps_c
[1.213s] [ 76%] Built target arm_msgs__rosidl_typesupport_c
[1.244s] [ 76%] Built target arm_msgs
[1.276s] [ 78%] Built target arm_msgs__py
[1.314s] [ 87%] Built target arm_msgs__rosidl_generator_py
[1.349s] [ 91%] Built target arm_msgs__rosidl_typesupport_fastrtps_c__pyext
[1.382s] [ 95%] Built target arm_msgs__rosidl_typesupport_c__pyext
[1.416s] [100%] Built target arm_msgs__rosidl_typesupport_introspection_c__pyext
[1.428s] Invoked command in '/home/albert/ag_arm_ws/build/arm_msgs' returned '0': CMAKE_PREFIX_PATH=${CMAKE_PREFIX_PATH}:/home/albert/ag_arm_ws/install/arm_py:/home/albert/ws_moveit2/install/moveit_configs_utils:/home/albert/ws_moveit2/install/launch_param_builder:/home/albert/umov_ws/install/arduino_py_examples:/home/albert/udem2_ws/install/actions_py:/home/albert/udem2_ws/install/lifecycle_py:/home/albert/udem2_ws/install/executors_py:/home/albert/udem2_ws/install/components_py:/home/albert/udem_ws/install/turtlesim_catcher:/home/albert/udem_ws/install/my_py_pkg:/home/albert/udem_ws/install/lifecycle_py:/home/albert/bcdc_ws/install/agbot_teleop:/home/albert/bcdc_ws/install/agbot_py:/home/albert/arduinobot_ws/install/arduinobot_py_examples:/opt/ros/humble /home/albert/.local/bin/cmake --build /home/albert/ag_arm_ws/build/arm_msgs -- -j8 -l8
[1.431s] Invoking command in '/home/albert/ag_arm_ws/build/arm_msgs': CMAKE_PREFIX_PATH=${CMAKE_PREFIX_PATH}:/home/albert/ag_arm_ws/install/arm_py:/home/albert/ws_moveit2/install/moveit_configs_utils:/home/albert/ws_moveit2/install/launch_param_builder:/home/albert/umov_ws/install/arduino_py_examples:/home/albert/udem2_ws/install/actions_py:/home/albert/udem2_ws/install/lifecycle_py:/home/albert/udem2_ws/install/executors_py:/home/albert/udem2_ws/install/components_py:/home/albert/udem_ws/install/turtlesim_catcher:/home/albert/udem_ws/install/my_py_pkg:/home/albert/udem_ws/install/lifecycle_py:/home/albert/bcdc_ws/install/agbot_teleop:/home/albert/bcdc_ws/install/agbot_py:/home/albert/arduinobot_ws/install/arduinobot_py_examples:/opt/ros/humble /home/albert/.local/bin/cmake --install /home/albert/ag_arm_ws/build/arm_msgs
[1.438s] -- Install configuration: ""
[1.439s] -- Up-to-date: /home/albert/ag_arm_ws/install/arm_msgs/share/ament_index/resource_index/rosidl_interfaces/arm_msgs
[1.439s] -- Up-to-date: /home/albert/ag_arm_ws/install/arm_msgs/include/arm_msgs/arm_msgs
[1.439s] -- Up-to-date: /home/albert/ag_arm_ws/install/arm_msgs/include/arm_msgs/arm_msgs/msg
[1.440s] -- Up-to-date: /home/albert/ag_arm_ws/install/arm_msgs/include/arm_msgs/arm_msgs/msg/rosidl_generator_c__visibility_control.h
[1.440s] -- Up-to-date: /home/albert/ag_arm_ws/install/arm_msgs/include/arm_msgs/arm_msgs/action
[1.440s] -- Up-to-date: /home/albert/ag_arm_ws/install/arm_msgs/include/arm_msgs/arm_msgs/action/arm_task.h
[1.440s] -- Up-to-date: /home/albert/ag_arm_ws/install/arm_msgs/include/arm_msgs/arm_msgs/action/detail
[1.441s] -- Up-to-date: /home/albert/ag_arm_ws/install/arm_msgs/include/arm_msgs/arm_msgs/action/detail/arm_task__type_support.h
[1.441s] -- Up-to-date: /home/albert/ag_arm_ws/install/arm_msgs/include/arm_msgs/arm_msgs/action/detail/arm_task__functions.h
[1.441s] -- Up-to-date: /home/albert/ag_arm_ws/install/arm_msgs/include/arm_msgs/arm_msgs/action/detail/arm_task__struct.h
[1.441s] -- Up-to-date: /home/albert/ag_arm_ws/install/arm_msgs/include/arm_msgs/arm_msgs/action/detail/arm_task__functions.c
[1.442s] -- Up-to-date: /home/albert/ag_arm_ws/install/arm_msgs/include/arm_msgs/arm_msgs/srv
[1.442s] -- Up-to-date: /home/albert/ag_arm_ws/install/arm_msgs/include/arm_msgs/arm_msgs/srv/quaternion_to_euler.h
[1.442s] -- Up-to-date: /home/albert/ag_arm_ws/install/arm_msgs/include/arm_msgs/arm_msgs/srv/detail
[1.442s] -- Up-to-date: /home/albert/ag_arm_ws/install/arm_msgs/include/arm_msgs/arm_msgs/srv/detail/euler_to_quaternion__functions.c
[1.443s] -- Up-to-date: /home/albert/ag_arm_ws/install/arm_msgs/include/arm_msgs/arm_msgs/srv/detail/euler_to_quaternion__struct.h
[1.443s] -- Up-to-date: /home/albert/ag_arm_ws/install/arm_msgs/include/arm_msgs/arm_msgs/srv/detail/quaternion_to_euler__functions.c
[1.443s] -- Up-to-date: /home/albert/ag_arm_ws/install/arm_msgs/include/arm_msgs/arm_msgs/srv/detail/euler_to_quaternion__functions.h
[1.444s] -- Up-to-date: /home/albert/ag_arm_ws/install/arm_msgs/include/arm_msgs/arm_msgs/srv/detail/quaternion_to_euler__functions.h
[1.444s] -- Up-to-date: /home/albert/ag_arm_ws/install/arm_msgs/include/arm_msgs/arm_msgs/srv/detail/quaternion_to_euler__type_support.h
[1.444s] -- Up-to-date: /home/albert/ag_arm_ws/install/arm_msgs/include/arm_msgs/arm_msgs/srv/detail/euler_to_quaternion__type_support.h
[1.445s] -- Up-to-date: /home/albert/ag_arm_ws/install/arm_msgs/include/arm_msgs/arm_msgs/srv/detail/quaternion_to_euler__struct.h
[1.445s] -- Up-to-date: /home/albert/ag_arm_ws/install/arm_msgs/include/arm_msgs/arm_msgs/srv/euler_to_quaternion.h
[1.445s] -- Up-to-date: /home/albert/ag_arm_ws/install/arm_msgs/share/arm_msgs/environment/library_path.sh
[1.445s] -- Up-to-date: /home/albert/ag_arm_ws/install/arm_msgs/share/arm_msgs/environment/library_path.dsv
[1.445s] -- Up-to-date: /home/albert/ag_arm_ws/install/arm_msgs/lib/libarm_msgs__rosidl_generator_c.so
[1.446s] -- Up-to-date: /home/albert/ag_arm_ws/install/arm_msgs/include/arm_msgs/arm_msgs
[1.446s] -- Up-to-date: /home/albert/ag_arm_ws/install/arm_msgs/include/arm_msgs/arm_msgs/msg
[1.446s] -- Up-to-date: /home/albert/ag_arm_ws/install/arm_msgs/include/arm_msgs/arm_msgs/msg/rosidl_typesupport_fastrtps_c__visibility_control.h
[1.447s] -- Up-to-date: /home/albert/ag_arm_ws/install/arm_msgs/include/arm_msgs/arm_msgs/action
[1.447s] -- Up-to-date: /home/albert/ag_arm_ws/install/arm_msgs/include/arm_msgs/arm_msgs/action/detail
[1.447s] -- Up-to-date: /home/albert/ag_arm_ws/install/arm_msgs/include/arm_msgs/arm_msgs/action/detail/arm_task__rosidl_typesupport_fastrtps_c.h
[1.447s] -- Up-to-date: /home/albert/ag_arm_ws/install/arm_msgs/include/arm_msgs/arm_msgs/srv
[1.448s] -- Up-to-date: /home/albert/ag_arm_ws/install/arm_msgs/include/arm_msgs/arm_msgs/srv/detail
[1.448s] -- Up-to-date: /home/albert/ag_arm_ws/install/arm_msgs/include/arm_msgs/arm_msgs/srv/detail/euler_to_quaternion__rosidl_typesupport_fastrtps_c.h
[1.448s] -- Up-to-date: /home/albert/ag_arm_ws/install/arm_msgs/include/arm_msgs/arm_msgs/srv/detail/quaternion_to_euler__rosidl_typesupport_fastrtps_c.h
[1.448s] -- Up-to-date: /home/albert/ag_arm_ws/install/arm_msgs/lib/libarm_msgs__rosidl_typesupport_fastrtps_c.so
[1.449s] -- Up-to-date: /home/albert/ag_arm_ws/install/arm_msgs/include/arm_msgs/arm_msgs
[1.449s] -- Up-to-date: /home/albert/ag_arm_ws/install/arm_msgs/include/arm_msgs/arm_msgs/msg
[1.449s] -- Up-to-date: /home/albert/ag_arm_ws/install/arm_msgs/include/arm_msgs/arm_msgs/msg/rosidl_generator_cpp__visibility_control.hpp
[1.449s] -- Up-to-date: /home/albert/ag_arm_ws/install/arm_msgs/include/arm_msgs/arm_msgs/action
[1.450s] -- Up-to-date: /home/albert/ag_arm_ws/install/arm_msgs/include/arm_msgs/arm_msgs/action/arm_task.hpp
[1.450s] -- Up-to-date: /home/albert/ag_arm_ws/install/arm_msgs/include/arm_msgs/arm_msgs/action/detail
[1.450s] -- Up-to-date: /home/albert/ag_arm_ws/install/arm_msgs/include/arm_msgs/arm_msgs/action/detail/arm_task__struct.hpp
[1.450s] -- Up-to-date: /home/albert/ag_arm_ws/install/arm_msgs/include/arm_msgs/arm_msgs/action/detail/arm_task__builder.hpp
[1.450s] -- Up-to-date: /home/albert/ag_arm_ws/install/arm_msgs/include/arm_msgs/arm_msgs/action/detail/arm_task__traits.hpp
[1.451s] -- Up-to-date: /home/albert/ag_arm_ws/install/arm_msgs/include/arm_msgs/arm_msgs/action/detail/arm_task__type_support.hpp
[1.451s] -- Up-to-date: /home/albert/ag_arm_ws/install/arm_msgs/include/arm_msgs/arm_msgs/srv
[1.451s] -- Up-to-date: /home/albert/ag_arm_ws/install/arm_msgs/include/arm_msgs/arm_msgs/srv/euler_to_quaternion.hpp
[1.451s] -- Up-to-date: /home/albert/ag_arm_ws/install/arm_msgs/include/arm_msgs/arm_msgs/srv/detail
[1.452s] -- Up-to-date: /home/albert/ag_arm_ws/install/arm_msgs/include/arm_msgs/arm_msgs/srv/detail/quaternion_to_euler__struct.hpp
[1.452s] -- Up-to-date: /home/albert/ag_arm_ws/install/arm_msgs/include/arm_msgs/arm_msgs/srv/detail/quaternion_to_euler__builder.hpp
[1.452s] -- Up-to-date: /home/albert/ag_arm_ws/install/arm_msgs/include/arm_msgs/arm_msgs/srv/detail/euler_to_quaternion__traits.hpp
[1.452s] -- Up-to-date: /home/albert/ag_arm_ws/install/arm_msgs/include/arm_msgs/arm_msgs/srv/detail/euler_to_quaternion__type_support.hpp
[1.452s] -- Up-to-date: /home/albert/ag_arm_ws/install/arm_msgs/include/arm_msgs/arm_msgs/srv/detail/quaternion_to_euler__traits.hpp
[1.453s] -- Up-to-date: /home/albert/ag_arm_ws/install/arm_msgs/include/arm_msgs/arm_msgs/srv/detail/euler_to_quaternion__builder.hpp
[1.453s] -- Up-to-date: /home/albert/ag_arm_ws/install/arm_msgs/include/arm_msgs/arm_msgs/srv/detail/euler_to_quaternion__struct.hpp
[1.453s] -- Up-to-date: /home/albert/ag_arm_ws/install/arm_msgs/include/arm_msgs/arm_msgs/srv/detail/quaternion_to_euler__type_support.hpp
[1.453s] -- Up-to-date: /home/albert/ag_arm_ws/install/arm_msgs/include/arm_msgs/arm_msgs/srv/quaternion_to_euler.hpp
[1.453s] -- Up-to-date: /home/albert/ag_arm_ws/install/arm_msgs/include/arm_msgs/arm_msgs
[1.454s] -- Up-to-date: /home/albert/ag_arm_ws/install/arm_msgs/include/arm_msgs/arm_msgs/msg
[1.454s] -- Up-to-date: /home/albert/ag_arm_ws/install/arm_msgs/include/arm_msgs/arm_msgs/msg/rosidl_typesupport_fastrtps_cpp__visibility_control.h
[1.454s] -- Up-to-date: /home/albert/ag_arm_ws/install/arm_msgs/include/arm_msgs/arm_msgs/action
[1.454s] -- Up-to-date: /home/albert/ag_arm_ws/install/arm_msgs/include/arm_msgs/arm_msgs/action/detail
[1.455s] -- Up-to-date: /home/albert/ag_arm_ws/install/arm_msgs/include/arm_msgs/arm_msgs/action/detail/arm_task__rosidl_typesupport_fastrtps_cpp.hpp
[1.456s] -- Up-to-date: /home/albert/ag_arm_ws/install/arm_msgs/include/arm_msgs/arm_msgs/action/detail/dds_fastrtps
[1.456s] -- Up-to-date: /home/albert/ag_arm_ws/install/arm_msgs/include/arm_msgs/arm_msgs/srv
[1.456s] -- Up-to-date: /home/albert/ag_arm_ws/install/arm_msgs/include/arm_msgs/arm_msgs/srv/detail
[1.457s] -- Up-to-date: /home/albert/ag_arm_ws/install/arm_msgs/include/arm_msgs/arm_msgs/srv/detail/euler_to_quaternion__rosidl_typesupport_fastrtps_cpp.hpp
[1.457s] -- Up-to-date: /home/albert/ag_arm_ws/install/arm_msgs/include/arm_msgs/arm_msgs/srv/detail/quaternion_to_euler__rosidl_typesupport_fastrtps_cpp.hpp
[1.457s] -- Up-to-date: /home/albert/ag_arm_ws/install/arm_msgs/include/arm_msgs/arm_msgs/srv/detail/dds_fastrtps
[1.457s] -- Up-to-date: /home/albert/ag_arm_ws/install/arm_msgs/lib/libarm_msgs__rosidl_typesupport_fastrtps_cpp.so
[1.458s] -- Up-to-date: /home/albert/ag_arm_ws/install/arm_msgs/include/arm_msgs/arm_msgs
[1.458s] -- Up-to-date: /home/albert/ag_arm_ws/install/arm_msgs/include/arm_msgs/arm_msgs/msg
[1.458s] -- Up-to-date: /home/albert/ag_arm_ws/install/arm_msgs/include/arm_msgs/arm_msgs/msg/rosidl_typesupport_introspection_c__visibility_control.h
[1.458s] -- Up-to-date: /home/albert/ag_arm_ws/install/arm_msgs/include/arm_msgs/arm_msgs/action
[1.459s] -- Up-to-date: /home/albert/ag_arm_ws/install/arm_msgs/include/arm_msgs/arm_msgs/action/detail
[1.459s] -- Up-to-date: /home/albert/ag_arm_ws/install/arm_msgs/include/arm_msgs/arm_msgs/action/detail/arm_task__type_support.c
[1.459s] -- Up-to-date: /home/albert/ag_arm_ws/install/arm_msgs/include/arm_msgs/arm_msgs/action/detail/arm_task__rosidl_typesupport_introspection_c.h
[1.459s] -- Up-to-date: /home/albert/ag_arm_ws/install/arm_msgs/include/arm_msgs/arm_msgs/srv
[1.459s] -- Up-to-date: /home/albert/ag_arm_ws/install/arm_msgs/include/arm_msgs/arm_msgs/srv/detail
[1.460s] -- Up-to-date: /home/albert/ag_arm_ws/install/arm_msgs/include/arm_msgs/arm_msgs/srv/detail/euler_to_quaternion__type_support.c
[1.460s] -- Up-to-date: /home/albert/ag_arm_ws/install/arm_msgs/include/arm_msgs/arm_msgs/srv/detail/quaternion_to_euler__type_support.c
[1.460s] -- Up-to-date: /home/albert/ag_arm_ws/install/arm_msgs/include/arm_msgs/arm_msgs/srv/detail/quaternion_to_euler__rosidl_typesupport_introspection_c.h
[1.460s] -- Up-to-date: /home/albert/ag_arm_ws/install/arm_msgs/include/arm_msgs/arm_msgs/srv/detail/euler_to_quaternion__rosidl_typesupport_introspection_c.h
[1.460s] -- Up-to-date: /home/albert/ag_arm_ws/install/arm_msgs/lib/libarm_msgs__rosidl_typesupport_introspection_c.so
[1.461s] -- Up-to-date: /home/albert/ag_arm_ws/install/arm_msgs/lib/libarm_msgs__rosidl_typesupport_c.so
[1.461s] -- Up-to-date: /home/albert/ag_arm_ws/install/arm_msgs/include/arm_msgs/arm_msgs
[1.461s] -- Up-to-date: /home/albert/ag_arm_ws/install/arm_msgs/include/arm_msgs/arm_msgs/action
[1.461s] -- Up-to-date: /home/albert/ag_arm_ws/install/arm_msgs/include/arm_msgs/arm_msgs/action/detail
[1.461s] -- Up-to-date: /home/albert/ag_arm_ws/install/arm_msgs/include/arm_msgs/arm_msgs/action/detail/arm_task__rosidl_typesupport_introspection_cpp.hpp
[1.461s] -- Up-to-date: /home/albert/ag_arm_ws/install/arm_msgs/include/arm_msgs/arm_msgs/action/detail/arm_task__type_support.cpp
[1.462s] -- Up-to-date: /home/albert/ag_arm_ws/install/arm_msgs/include/arm_msgs/arm_msgs/srv
[1.462s] -- Up-to-date: /home/albert/ag_arm_ws/install/arm_msgs/include/arm_msgs/arm_msgs/srv/detail
[1.462s] -- Up-to-date: /home/albert/ag_arm_ws/install/arm_msgs/include/arm_msgs/arm_msgs/srv/detail/euler_to_quaternion__rosidl_typesupport_introspection_cpp.hpp
[1.462s] -- Up-to-date: /home/albert/ag_arm_ws/install/arm_msgs/include/arm_msgs/arm_msgs/srv/detail/euler_to_quaternion__type_support.cpp
[1.462s] -- Up-to-date: /home/albert/ag_arm_ws/install/arm_msgs/include/arm_msgs/arm_msgs/srv/detail/quaternion_to_euler__type_support.cpp
[1.462s] -- Up-to-date: /home/albert/ag_arm_ws/install/arm_msgs/include/arm_msgs/arm_msgs/srv/detail/quaternion_to_euler__rosidl_typesupport_introspection_cpp.hpp
[1.463s] -- Up-to-date: /home/albert/ag_arm_ws/install/arm_msgs/lib/libarm_msgs__rosidl_typesupport_introspection_cpp.so
[1.463s] -- Up-to-date: /home/albert/ag_arm_ws/install/arm_msgs/lib/libarm_msgs__rosidl_typesupport_cpp.so
[1.463s] -- Up-to-date: /home/albert/ag_arm_ws/install/arm_msgs/share/arm_msgs/environment/pythonpath.sh
[1.463s] -- Up-to-date: /home/albert/ag_arm_ws/install/arm_msgs/share/arm_msgs/environment/pythonpath.dsv
[1.463s] -- Up-to-date: /home/albert/ag_arm_ws/install/arm_msgs/local/lib/python3.10/dist-packages/arm_msgs-0.0.0-py3.10.egg-info
[1.463s] -- Installing: /home/albert/ag_arm_ws/install/arm_msgs/local/lib/python3.10/dist-packages/arm_msgs-0.0.0-py3.10.egg-info/SOURCES.txt
[1.464s] -- Installing: /home/albert/ag_arm_ws/install/arm_msgs/local/lib/python3.10/dist-packages/arm_msgs-0.0.0-py3.10.egg-info/top_level.txt
[1.464s] -- Installing: /home/albert/ag_arm_ws/install/arm_msgs/local/lib/python3.10/dist-packages/arm_msgs-0.0.0-py3.10.egg-info/PKG-INFO
[1.464s] -- Installing: /home/albert/ag_arm_ws/install/arm_msgs/local/lib/python3.10/dist-packages/arm_msgs-0.0.0-py3.10.egg-info/dependency_links.txt
[1.464s] -- Up-to-date: /home/albert/ag_arm_ws/install/arm_msgs/local/lib/python3.10/dist-packages/arm_msgs
[1.464s] -- Up-to-date: /home/albert/ag_arm_ws/install/arm_msgs/local/lib/python3.10/dist-packages/arm_msgs/__init__.py
[1.465s] -- Up-to-date: /home/albert/ag_arm_ws/install/arm_msgs/local/lib/python3.10/dist-packages/arm_msgs/arm_msgs_s__rosidl_typesupport_c.cpython-310-x86_64-linux-gnu.so
[1.465s] -- Up-to-date: /home/albert/ag_arm_ws/install/arm_msgs/local/lib/python3.10/dist-packages/arm_msgs/_arm_msgs_s.ep.rosidl_typesupport_fastrtps_c.c
[1.465s] -- Up-to-date: /home/albert/ag_arm_ws/install/arm_msgs/local/lib/python3.10/dist-packages/arm_msgs/_arm_msgs_s.ep.rosidl_typesupport_introspection_c.c
[1.465s] -- Up-to-date: /home/albert/ag_arm_ws/install/arm_msgs/local/lib/python3.10/dist-packages/arm_msgs/action
[1.465s] -- Up-to-date: /home/albert/ag_arm_ws/install/arm_msgs/local/lib/python3.10/dist-packages/arm_msgs/action/__init__.py
[1.465s] -- Up-to-date: /home/albert/ag_arm_ws/install/arm_msgs/local/lib/python3.10/dist-packages/arm_msgs/action/_arm_task_s.c
[1.466s] -- Up-to-date: /home/albert/ag_arm_ws/install/arm_msgs/local/lib/python3.10/dist-packages/arm_msgs/action/_arm_task.py
[1.466s] -- Up-to-date: /home/albert/ag_arm_ws/install/arm_msgs/local/lib/python3.10/dist-packages/arm_msgs/_arm_msgs_s.ep.rosidl_typesupport_c.c
[1.466s] -- Up-to-date: /home/albert/ag_arm_ws/install/arm_msgs/local/lib/python3.10/dist-packages/arm_msgs/arm_msgs_s__rosidl_typesupport_fastrtps_c.cpython-310-x86_64-linux-gnu.so
[1.466s] -- Up-to-date: /home/albert/ag_arm_ws/install/arm_msgs/local/lib/python3.10/dist-packages/arm_msgs/arm_msgs_s__rosidl_typesupport_introspection_c.cpython-310-x86_64-linux-gnu.so
[1.466s] -- Up-to-date: /home/albert/ag_arm_ws/install/arm_msgs/local/lib/python3.10/dist-packages/arm_msgs/libarm_msgs__rosidl_generator_py.so
[1.466s] -- Up-to-date: /home/albert/ag_arm_ws/install/arm_msgs/local/lib/python3.10/dist-packages/arm_msgs/srv
[1.467s] -- Up-to-date: /home/albert/ag_arm_ws/install/arm_msgs/local/lib/python3.10/dist-packages/arm_msgs/srv/_quaternion_to_euler_s.c
[1.467s] -- Up-to-date: /home/albert/ag_arm_ws/install/arm_msgs/local/lib/python3.10/dist-packages/arm_msgs/srv/_euler_to_quaternion.py
[1.467s] -- Up-to-date: /home/albert/ag_arm_ws/install/arm_msgs/local/lib/python3.10/dist-packages/arm_msgs/srv/__init__.py
[1.467s] -- Up-to-date: /home/albert/ag_arm_ws/install/arm_msgs/local/lib/python3.10/dist-packages/arm_msgs/srv/_quaternion_to_euler.py
[1.467s] -- Up-to-date: /home/albert/ag_arm_ws/install/arm_msgs/local/lib/python3.10/dist-packages/arm_msgs/srv/_euler_to_quaternion_s.c
[1.552s] Listing '/home/albert/ag_arm_ws/install/arm_msgs/local/lib/python3.10/dist-packages/arm_msgs'...
[1.552s] Listing '/home/albert/ag_arm_ws/install/arm_msgs/local/lib/python3.10/dist-packages/arm_msgs/action'...
[1.552s] Listing '/home/albert/ag_arm_ws/install/arm_msgs/local/lib/python3.10/dist-packages/arm_msgs/srv'...
[1.560s] -- Up-to-date: /home/albert/ag_arm_ws/install/arm_msgs/local/lib/python3.10/dist-packages/arm_msgs/arm_msgs_s__rosidl_typesupport_fastrtps_c.cpython-310-x86_64-linux-gnu.so
[1.561s] -- Up-to-date: /home/albert/ag_arm_ws/install/arm_msgs/local/lib/python3.10/dist-packages/arm_msgs/arm_msgs_s__rosidl_typesupport_introspection_c.cpython-310-x86_64-linux-gnu.so
[1.562s] -- Up-to-date: /home/albert/ag_arm_ws/install/arm_msgs/local/lib/python3.10/dist-packages/arm_msgs/arm_msgs_s__rosidl_typesupport_c.cpython-310-x86_64-linux-gnu.so
[1.563s] -- Up-to-date: /home/albert/ag_arm_ws/install/arm_msgs/lib/libarm_msgs__rosidl_generator_py.so
[1.564s] -- Up-to-date: /home/albert/ag_arm_ws/install/arm_msgs/share/arm_msgs/srv/EulerToQuaternion.idl
[1.564s] -- Up-to-date: /home/albert/ag_arm_ws/install/arm_msgs/share/arm_msgs/srv/QuaternionToEuler.idl
[1.564s] -- Up-to-date: /home/albert/ag_arm_ws/install/arm_msgs/share/arm_msgs/action/ArmTask.idl
[1.564s] -- Up-to-date: /home/albert/ag_arm_ws/install/arm_msgs/share/arm_msgs/srv/EulerToQuaternion.srv
[1.565s] -- Up-to-date: /home/albert/ag_arm_ws/install/arm_msgs/share/arm_msgs/srv/EulerToQuaternion_Request.msg
[1.565s] -- Up-to-date: /home/albert/ag_arm_ws/install/arm_msgs/share/arm_msgs/srv/EulerToQuaternion_Response.msg
[1.565s] -- Up-to-date: /home/albert/ag_arm_ws/install/arm_msgs/share/arm_msgs/srv/QuaternionToEuler.srv
[1.565s] -- Up-to-date: /home/albert/ag_arm_ws/install/arm_msgs/share/arm_msgs/srv/QuaternionToEuler_Request.msg
[1.565s] -- Up-to-date: /home/albert/ag_arm_ws/install/arm_msgs/share/arm_msgs/srv/QuaternionToEuler_Response.msg
[1.566s] -- Up-to-date: /home/albert/ag_arm_ws/install/arm_msgs/share/arm_msgs/action/ArmTask.action
[1.566s] -- Up-to-date: /home/albert/ag_arm_ws/install/arm_msgs/share/ament_index/resource_index/package_run_dependencies/arm_msgs
[1.566s] -- Up-to-date: /home/albert/ag_arm_ws/install/arm_msgs/share/ament_index/resource_index/parent_prefix_path/arm_msgs
[1.566s] -- Up-to-date: /home/albert/ag_arm_ws/install/arm_msgs/share/arm_msgs/environment/ament_prefix_path.sh
[1.566s] -- Up-to-date: /home/albert/ag_arm_ws/install/arm_msgs/share/arm_msgs/environment/ament_prefix_path.dsv
[1.568s] -- Up-to-date: /home/albert/ag_arm_ws/install/arm_msgs/share/arm_msgs/environment/path.sh
[1.569s] -- Up-to-date: /home/albert/ag_arm_ws/install/arm_msgs/share/arm_msgs/environment/path.dsv
[1.569s] -- Up-to-date: /home/albert/ag_arm_ws/install/arm_msgs/share/arm_msgs/local_setup.bash
[1.571s] -- Up-to-date: /home/albert/ag_arm_ws/install/arm_msgs/share/arm_msgs/local_setup.sh
[1.573s] -- Up-to-date: /home/albert/ag_arm_ws/install/arm_msgs/share/arm_msgs/local_setup.zsh
[1.574s] -- Up-to-date: /home/albert/ag_arm_ws/install/arm_msgs/share/arm_msgs/local_setup.dsv
[1.574s] -- Installing: /home/albert/ag_arm_ws/install/arm_msgs/share/arm_msgs/package.dsv
[1.574s] -- Up-to-date: /home/albert/ag_arm_ws/install/arm_msgs/share/ament_index/resource_index/packages/arm_msgs
[1.575s] -- Up-to-date: /home/albert/ag_arm_ws/install/arm_msgs/share/arm_msgs/cmake/export_arm_msgs__rosidl_generator_cExport.cmake
[1.575s] -- Up-to-date: /home/albert/ag_arm_ws/install/arm_msgs/share/arm_msgs/cmake/export_arm_msgs__rosidl_generator_cExport-noconfig.cmake
[1.575s] -- Up-to-date: /home/albert/ag_arm_ws/install/arm_msgs/share/arm_msgs/cmake/export_arm_msgs__rosidl_typesupport_fastrtps_cExport.cmake
[1.575s] -- Up-to-date: /home/albert/ag_arm_ws/install/arm_msgs/share/arm_msgs/cmake/export_arm_msgs__rosidl_typesupport_fastrtps_cExport-noconfig.cmake
[1.576s] -- Up-to-date: /home/albert/ag_arm_ws/install/arm_msgs/share/arm_msgs/cmake/export_arm_msgs__rosidl_generator_cppExport.cmake
[1.578s] -- Up-to-date: /home/albert/ag_arm_ws/install/arm_msgs/share/arm_msgs/cmake/export_arm_msgs__rosidl_typesupport_fastrtps_cppExport.cmake
[1.578s] -- Up-to-date: /home/albert/ag_arm_ws/install/arm_msgs/share/arm_msgs/cmake/export_arm_msgs__rosidl_typesupport_fastrtps_cppExport-noconfig.cmake
[1.581s] -- Up-to-date: /home/albert/ag_arm_ws/install/arm_msgs/share/arm_msgs/cmake/arm_msgs__rosidl_typesupport_introspection_cExport.cmake
[1.581s] -- Up-to-date: /home/albert/ag_arm_ws/install/arm_msgs/share/arm_msgs/cmake/arm_msgs__rosidl_typesupport_introspection_cExport-noconfig.cmake
[1.581s] -- Up-to-date: /home/albert/ag_arm_ws/install/arm_msgs/share/arm_msgs/cmake/arm_msgs__rosidl_typesupport_cExport.cmake
[1.581s] -- Up-to-date: /home/albert/ag_arm_ws/install/arm_msgs/share/arm_msgs/cmake/arm_msgs__rosidl_typesupport_cExport-noconfig.cmake
[1.582s] -- Up-to-date: /home/albert/ag_arm_ws/install/arm_msgs/share/arm_msgs/cmake/arm_msgs__rosidl_typesupport_introspection_cppExport.cmake
[1.583s] -- Up-to-date: /home/albert/ag_arm_ws/install/arm_msgs/share/arm_msgs/cmake/arm_msgs__rosidl_typesupport_introspection_cppExport-noconfig.cmake
[1.583s] -- Up-to-date: /home/albert/ag_arm_ws/install/arm_msgs/share/arm_msgs/cmake/arm_msgs__rosidl_typesupport_cppExport.cmake
[1.583s] -- Up-to-date: /home/albert/ag_arm_ws/install/arm_msgs/share/arm_msgs/cmake/arm_msgs__rosidl_typesupport_cppExport-noconfig.cmake
[1.584s] -- Up-to-date: /home/albert/ag_arm_ws/install/arm_msgs/share/arm_msgs/cmake/export_arm_msgs__rosidl_generator_pyExport.cmake
[1.584s] -- Up-to-date: /home/albert/ag_arm_ws/install/arm_msgs/share/arm_msgs/cmake/export_arm_msgs__rosidl_generator_pyExport-noconfig.cmake
[1.584s] -- Up-to-date: /home/albert/ag_arm_ws/install/arm_msgs/share/arm_msgs/cmake/rosidl_cmake-extras.cmake
[1.584s] -- Up-to-date: /home/albert/ag_arm_ws/install/arm_msgs/share/arm_msgs/cmake/ament_cmake_export_dependencies-extras.cmake
[1.584s] -- Up-to-date: /home/albert/ag_arm_ws/install/arm_msgs/share/arm_msgs/cmake/ament_cmake_export_include_directories-extras.cmake
[1.585s] -- Up-to-date: /home/albert/ag_arm_ws/install/arm_msgs/share/arm_msgs/cmake/ament_cmake_export_libraries-extras.cmake
[1.586s] -- Up-to-date: /home/albert/ag_arm_ws/install/arm_msgs/share/arm_msgs/cmake/ament_cmake_export_targets-extras.cmake
[1.586s] -- Up-to-date: /home/albert/ag_arm_ws/install/arm_msgs/share/arm_msgs/cmake/rosidl_cmake_export_typesupport_targets-extras.cmake
[1.586s] -- Up-to-date: /home/albert/ag_arm_ws/install/arm_msgs/share/arm_msgs/cmake/rosidl_cmake_export_typesupport_libraries-extras.cmake
[1.587s] -- Up-to-date: /home/albert/ag_arm_ws/install/arm_msgs/share/arm_msgs/cmake/arm_msgsConfig.cmake
[1.587s] -- Up-to-date: /home/albert/ag_arm_ws/install/arm_msgs/share/arm_msgs/cmake/arm_msgsConfig-version.cmake
[1.587s] -- Up-to-date: /home/albert/ag_arm_ws/install/arm_msgs/share/arm_msgs/package.xml
[1.588s] Invoked command in '/home/albert/ag_arm_ws/build/arm_msgs' returned '0': CMAKE_PREFIX_PATH=${CMAKE_PREFIX_PATH}:/home/albert/ag_arm_ws/install/arm_py:/home/albert/ws_moveit2/install/moveit_configs_utils:/home/albert/ws_moveit2/install/launch_param_builder:/home/albert/umov_ws/install/arduino_py_examples:/home/albert/udem2_ws/install/actions_py:/home/albert/udem2_ws/install/lifecycle_py:/home/albert/udem2_ws/install/executors_py:/home/albert/udem2_ws/install/components_py:/home/albert/udem_ws/install/turtlesim_catcher:/home/albert/udem_ws/install/my_py_pkg:/home/albert/udem_ws/install/lifecycle_py:/home/albert/bcdc_ws/install/agbot_teleop:/home/albert/bcdc_ws/install/agbot_py:/home/albert/arduinobot_ws/install/arduinobot_py_examples:/opt/ros/humble /home/albert/.local/bin/cmake --install /home/albert/ag_arm_ws/build/arm_msgs
