[0.070s] Invoking command in '/home/albert/ag_arm_ws/build/arm_bringup': CMAKE_PREFIX_PATH=${CMAKE_PREFIX_PATH}:/home/albert/ws_moveit2/install/moveit_configs_utils:/home/albert/ws_moveit2/install/launch_param_builder:/home/albert/umov_ws/install/arduino_py_examples:/home/albert/udem2_ws/install/actions_py:/home/albert/udem2_ws/install/lifecycle_py:/home/albert/udem2_ws/install/executors_py:/home/albert/udem2_ws/install/components_py:/home/albert/udem_ws/install/turtlesim_catcher:/home/albert/udem_ws/install/my_py_pkg:/home/albert/udem_ws/install/lifecycle_py:/home/albert/bcdc_ws/install/agbot_teleop:/home/albert/bcdc_ws/install/agbot_py:/home/albert/arduinobot_ws/install/arduinobot_py_examples:/opt/ros/humble /home/albert/.local/bin/cmake --build /home/albert/ag_arm_ws/build/arm_bringup -- -j8 -l8
[0.102s] -- Found ament_cmake: 1.3.11 (/opt/ros/humble/share/ament_cmake/cmake)
[0.467s] -- Found ament_lint_auto: 0.12.11 (/opt/ros/humble/share/ament_lint_auto/cmake)
[0.573s] -- Added test 'flake8' to check Python code syntax and style conventions
[0.574s] -- Added test 'lint_cmake' to check CMake code style
[0.574s] -- Added test 'pep257' to check Python code against some of the docstring style conventions in PEP 257
[0.576s] -- Added test 'xmllint' to check XML markup files
[0.577s] -- Configuring done (0.5s)
[0.581s] -- Generating done (0.0s)
[0.584s] -- Build files have been written to: /home/albert/ag_arm_ws/build/arm_bringup
[0.632s] Invoked command in '/home/albert/ag_arm_ws/build/arm_bringup' returned '0': CMAKE_PREFIX_PATH=${CMAKE_PREFIX_PATH}:/home/albert/ws_moveit2/install/moveit_configs_utils:/home/albert/ws_moveit2/install/launch_param_builder:/home/albert/umov_ws/install/arduino_py_examples:/home/albert/udem2_ws/install/actions_py:/home/albert/udem2_ws/install/lifecycle_py:/home/albert/udem2_ws/install/executors_py:/home/albert/udem2_ws/install/components_py:/home/albert/udem_ws/install/turtlesim_catcher:/home/albert/udem_ws/install/my_py_pkg:/home/albert/udem_ws/install/lifecycle_py:/home/albert/bcdc_ws/install/agbot_teleop:/home/albert/bcdc_ws/install/agbot_py:/home/albert/arduinobot_ws/install/arduinobot_py_examples:/opt/ros/humble /home/albert/.local/bin/cmake --build /home/albert/ag_arm_ws/build/arm_bringup -- -j8 -l8
[0.633s] Invoking command in '/home/albert/ag_arm_ws/build/arm_bringup': CMAKE_PREFIX_PATH=${CMAKE_PREFIX_PATH}:/home/albert/ws_moveit2/install/moveit_configs_utils:/home/albert/ws_moveit2/install/launch_param_builder:/home/albert/umov_ws/install/arduino_py_examples:/home/albert/udem2_ws/install/actions_py:/home/albert/udem2_ws/install/lifecycle_py:/home/albert/udem2_ws/install/executors_py:/home/albert/udem2_ws/install/components_py:/home/albert/udem_ws/install/turtlesim_catcher:/home/albert/udem_ws/install/my_py_pkg:/home/albert/udem_ws/install/lifecycle_py:/home/albert/bcdc_ws/install/agbot_teleop:/home/albert/bcdc_ws/install/agbot_py:/home/albert/arduinobot_ws/install/arduinobot_py_examples:/opt/ros/humble /home/albert/.local/bin/cmake --install /home/albert/ag_arm_ws/build/arm_bringup
[0.662s] -- Install configuration: ""
[0.663s] -- Installing: /home/albert/ag_arm_ws/install/arm_bringup/share/arm_bringup/launch
[0.663s] -- Installing: /home/albert/ag_arm_ws/install/arm_bringup/share/arm_bringup/launch/simulated_robot.launch.py
[0.663s] -- Installing: /home/albert/ag_arm_ws/install/arm_bringup/share/ament_index/resource_index/package_run_dependencies/arm_bringup
[0.664s] -- Up-to-date: /home/albert/ag_arm_ws/install/arm_bringup/share/ament_index/resource_index/parent_prefix_path/arm_bringup
[0.664s] -- Up-to-date: /home/albert/ag_arm_ws/install/arm_bringup/share/arm_bringup/environment/ament_prefix_path.sh
[0.664s] -- Installing: /home/albert/ag_arm_ws/install/arm_bringup/share/arm_bringup/environment/ament_prefix_path.dsv
[0.664s] -- Up-to-date: /home/albert/ag_arm_ws/install/arm_bringup/share/arm_bringup/environment/path.sh
[0.664s] -- Installing: /home/albert/ag_arm_ws/install/arm_bringup/share/arm_bringup/environment/path.dsv
[0.664s] -- Up-to-date: /home/albert/ag_arm_ws/install/arm_bringup/share/arm_bringup/local_setup.bash
[0.664s] -- Up-to-date: /home/albert/ag_arm_ws/install/arm_bringup/share/arm_bringup/local_setup.sh
[0.664s] -- Up-to-date: /home/albert/ag_arm_ws/install/arm_bringup/share/arm_bringup/local_setup.zsh
[0.665s] -- Installing: /home/albert/ag_arm_ws/install/arm_bringup/share/arm_bringup/local_setup.dsv
[0.665s] -- Installing: /home/albert/ag_arm_ws/install/arm_bringup/share/arm_bringup/package.dsv
[0.665s] -- Up-to-date: /home/albert/ag_arm_ws/install/arm_bringup/share/ament_index/resource_index/packages/arm_bringup
[0.665s] -- Up-to-date: /home/albert/ag_arm_ws/install/arm_bringup/share/arm_bringup/cmake/arm_bringupConfig.cmake
[0.665s] -- Up-to-date: /home/albert/ag_arm_ws/install/arm_bringup/share/arm_bringup/cmake/arm_bringupConfig-version.cmake
[0.665s] -- Installing: /home/albert/ag_arm_ws/install/arm_bringup/share/arm_bringup/package.xml
[0.700s] Invoked command in '/home/albert/ag_arm_ws/build/arm_bringup' returned '0': CMAKE_PREFIX_PATH=${CMAKE_PREFIX_PATH}:/home/albert/ws_moveit2/install/moveit_configs_utils:/home/albert/ws_moveit2/install/launch_param_builder:/home/albert/umov_ws/install/arduino_py_examples:/home/albert/udem2_ws/install/actions_py:/home/albert/udem2_ws/install/lifecycle_py:/home/albert/udem2_ws/install/executors_py:/home/albert/udem2_ws/install/components_py:/home/albert/udem_ws/install/turtlesim_catcher:/home/albert/udem_ws/install/my_py_pkg:/home/albert/udem_ws/install/lifecycle_py:/home/albert/bcdc_ws/install/agbot_teleop:/home/albert/bcdc_ws/install/agbot_py:/home/albert/arduinobot_ws/install/arduinobot_py_examples:/opt/ros/humble /home/albert/.local/bin/cmake --install /home/albert/ag_arm_ws/build/arm_bringup
