[0.067s] Invoking command in '/home/albert/ag_arm_ws/build/arm_bringup': CMAKE_PREFIX_PATH=${CMAKE_PREFIX_PATH}:/home/albert/ag_arm_ws/install/arm_py:/home/albert/ws_moveit2/install/moveit_configs_utils:/home/albert/ws_moveit2/install/launch_param_builder:/home/albert/umov_ws/install/arduino_py_examples:/home/albert/udem2_ws/install/actions_py:/home/albert/udem2_ws/install/lifecycle_py:/home/albert/udem2_ws/install/executors_py:/home/albert/udem2_ws/install/components_py:/home/albert/udem_ws/install/turtlesim_catcher:/home/albert/udem_ws/install/my_py_pkg:/home/albert/udem_ws/install/lifecycle_py:/home/albert/bcdc_ws/install/agbot_teleop:/home/albert/bcdc_ws/install/agbot_py:/home/albert/arduinobot_ws/install/arduinobot_py_examples:/opt/ros/humble /home/albert/.local/bin/cmake /home/albert/ag_arm_ws/src/arm_bringup -DCMAKE_INSTALL_PREFIX=/home/albert/ag_arm_ws/install/arm_bringup
[0.174s] -- The C compiler identification is GNU 11.4.0
[0.286s] -- The CXX compiler identification is GNU 11.4.0
[0.312s] -- Detecting C compiler ABI info
[0.468s] -- Detecting C compiler ABI info - done
[0.498s] -- Check for working C compiler: /usr/bin/cc - skipped
[0.498s] -- Detecting C compile features
[0.499s] -- Detecting C compile features - done
[0.505s] -- Detecting CXX compiler ABI info
[0.647s] -- Detecting CXX compiler ABI info - done
[0.685s] -- Check for working CXX compiler: /usr/bin/c++ - skipped
[0.685s] -- Detecting CXX compile features
[0.685s] -- Detecting CXX compile features - done
[0.709s] -- Found ament_cmake: 1.3.11 (/opt/ros/humble/share/ament_cmake/cmake)
[1.047s] -- Found Python3: /usr/bin/python3 (found version "3.10.12") found components: Interpreter
[1.664s] -- Found ament_lint_auto: 0.12.11 (/opt/ros/humble/share/ament_lint_auto/cmake)
[2.140s] -- Added test 'flake8' to check Python code syntax and style conventions
[2.150s] -- Added test 'lint_cmake' to check CMake code style
[2.155s] -- Added test 'pep257' to check Python code against some of the docstring style conventions in PEP 257
[2.167s] -- Added test 'xmllint' to check XML markup files
[2.181s] -- Configuring done (2.1s)
[2.185s] -- Generating done (0.0s)
[2.189s] -- Build files have been written to: /home/albert/ag_arm_ws/build/arm_bringup
[2.199s] Invoked command in '/home/albert/ag_arm_ws/build/arm_bringup' returned '0': CMAKE_PREFIX_PATH=${CMAKE_PREFIX_PATH}:/home/albert/ag_arm_ws/install/arm_py:/home/albert/ws_moveit2/install/moveit_configs_utils:/home/albert/ws_moveit2/install/launch_param_builder:/home/albert/umov_ws/install/arduino_py_examples:/home/albert/udem2_ws/install/actions_py:/home/albert/udem2_ws/install/lifecycle_py:/home/albert/udem2_ws/install/executors_py:/home/albert/udem2_ws/install/components_py:/home/albert/udem_ws/install/turtlesim_catcher:/home/albert/udem_ws/install/my_py_pkg:/home/albert/udem_ws/install/lifecycle_py:/home/albert/bcdc_ws/install/agbot_teleop:/home/albert/bcdc_ws/install/agbot_py:/home/albert/arduinobot_ws/install/arduinobot_py_examples:/opt/ros/humble /home/albert/.local/bin/cmake /home/albert/ag_arm_ws/src/arm_bringup -DCMAKE_INSTALL_PREFIX=/home/albert/ag_arm_ws/install/arm_bringup
[2.201s] Invoking command in '/home/albert/ag_arm_ws/build/arm_bringup': CMAKE_PREFIX_PATH=${CMAKE_PREFIX_PATH}:/home/albert/ag_arm_ws/install/arm_py:/home/albert/ws_moveit2/install/moveit_configs_utils:/home/albert/ws_moveit2/install/launch_param_builder:/home/albert/umov_ws/install/arduino_py_examples:/home/albert/udem2_ws/install/actions_py:/home/albert/udem2_ws/install/lifecycle_py:/home/albert/udem2_ws/install/executors_py:/home/albert/udem2_ws/install/components_py:/home/albert/udem_ws/install/turtlesim_catcher:/home/albert/udem_ws/install/my_py_pkg:/home/albert/udem_ws/install/lifecycle_py:/home/albert/bcdc_ws/install/agbot_teleop:/home/albert/bcdc_ws/install/agbot_py:/home/albert/arduinobot_ws/install/arduinobot_py_examples:/opt/ros/humble /home/albert/.local/bin/cmake --build /home/albert/ag_arm_ws/build/arm_bringup -- -j8 -l8
[2.248s] Invoked command in '/home/albert/ag_arm_ws/build/arm_bringup' returned '0': CMAKE_PREFIX_PATH=${CMAKE_PREFIX_PATH}:/home/albert/ag_arm_ws/install/arm_py:/home/albert/ws_moveit2/install/moveit_configs_utils:/home/albert/ws_moveit2/install/launch_param_builder:/home/albert/umov_ws/install/arduino_py_examples:/home/albert/udem2_ws/install/actions_py:/home/albert/udem2_ws/install/lifecycle_py:/home/albert/udem2_ws/install/executors_py:/home/albert/udem2_ws/install/components_py:/home/albert/udem_ws/install/turtlesim_catcher:/home/albert/udem_ws/install/my_py_pkg:/home/albert/udem_ws/install/lifecycle_py:/home/albert/bcdc_ws/install/agbot_teleop:/home/albert/bcdc_ws/install/agbot_py:/home/albert/arduinobot_ws/install/arduinobot_py_examples:/opt/ros/humble /home/albert/.local/bin/cmake --build /home/albert/ag_arm_ws/build/arm_bringup -- -j8 -l8
[2.252s] Invoking command in '/home/albert/ag_arm_ws/build/arm_bringup': CMAKE_PREFIX_PATH=${CMAKE_PREFIX_PATH}:/home/albert/ag_arm_ws/install/arm_py:/home/albert/ws_moveit2/install/moveit_configs_utils:/home/albert/ws_moveit2/install/launch_param_builder:/home/albert/umov_ws/install/arduino_py_examples:/home/albert/udem2_ws/install/actions_py:/home/albert/udem2_ws/install/lifecycle_py:/home/albert/udem2_ws/install/executors_py:/home/albert/udem2_ws/install/components_py:/home/albert/udem_ws/install/turtlesim_catcher:/home/albert/udem_ws/install/my_py_pkg:/home/albert/udem_ws/install/lifecycle_py:/home/albert/bcdc_ws/install/agbot_teleop:/home/albert/bcdc_ws/install/agbot_py:/home/albert/arduinobot_ws/install/arduinobot_py_examples:/opt/ros/humble /home/albert/.local/bin/cmake --install /home/albert/ag_arm_ws/build/arm_bringup
[2.261s] -- Install configuration: ""
[2.262s] -- Installing: /home/albert/ag_arm_ws/install/arm_bringup/share/arm_bringup/launch
[2.262s] -- Installing: /home/albert/ag_arm_ws/install/arm_bringup/share/arm_bringup/launch/simulated_robot.launch.py
[2.262s] -- Installing: /home/albert/ag_arm_ws/install/arm_bringup/share/ament_index/resource_index/package_run_dependencies/arm_bringup
[2.263s] -- Installing: /home/albert/ag_arm_ws/install/arm_bringup/share/ament_index/resource_index/parent_prefix_path/arm_bringup
[2.263s] -- Installing: /home/albert/ag_arm_ws/install/arm_bringup/share/arm_bringup/environment/ament_prefix_path.sh
[2.263s] -- Installing: /home/albert/ag_arm_ws/install/arm_bringup/share/arm_bringup/environment/ament_prefix_path.dsv
[2.264s] -- Installing: /home/albert/ag_arm_ws/install/arm_bringup/share/arm_bringup/environment/path.sh
[2.264s] -- Installing: /home/albert/ag_arm_ws/install/arm_bringup/share/arm_bringup/environment/path.dsv
[2.265s] -- Installing: /home/albert/ag_arm_ws/install/arm_bringup/share/arm_bringup/local_setup.bash
[2.265s] -- Installing: /home/albert/ag_arm_ws/install/arm_bringup/share/arm_bringup/local_setup.sh
[2.265s] -- Installing: /home/albert/ag_arm_ws/install/arm_bringup/share/arm_bringup/local_setup.zsh
[2.266s] -- Installing: /home/albert/ag_arm_ws/install/arm_bringup/share/arm_bringup/local_setup.dsv
[2.266s] -- Installing: /home/albert/ag_arm_ws/install/arm_bringup/share/arm_bringup/package.dsv
[2.267s] -- Installing: /home/albert/ag_arm_ws/install/arm_bringup/share/ament_index/resource_index/packages/arm_bringup
[2.267s] -- Installing: /home/albert/ag_arm_ws/install/arm_bringup/share/arm_bringup/cmake/arm_bringupConfig.cmake
[2.267s] -- Installing: /home/albert/ag_arm_ws/install/arm_bringup/share/arm_bringup/cmake/arm_bringupConfig-version.cmake
[2.267s] -- Installing: /home/albert/ag_arm_ws/install/arm_bringup/share/arm_bringup/package.xml
[2.270s] Invoked command in '/home/albert/ag_arm_ws/build/arm_bringup' returned '0': CMAKE_PREFIX_PATH=${CMAKE_PREFIX_PATH}:/home/albert/ag_arm_ws/install/arm_py:/home/albert/ws_moveit2/install/moveit_configs_utils:/home/albert/ws_moveit2/install/launch_param_builder:/home/albert/umov_ws/install/arduino_py_examples:/home/albert/udem2_ws/install/actions_py:/home/albert/udem2_ws/install/lifecycle_py:/home/albert/udem2_ws/install/executors_py:/home/albert/udem2_ws/install/components_py:/home/albert/udem_ws/install/turtlesim_catcher:/home/albert/udem_ws/install/my_py_pkg:/home/albert/udem_ws/install/lifecycle_py:/home/albert/bcdc_ws/install/agbot_teleop:/home/albert/bcdc_ws/install/agbot_py:/home/albert/arduinobot_ws/install/arduinobot_py_examples:/opt/ros/humble /home/albert/.local/bin/cmake --install /home/albert/ag_arm_ws/build/arm_bringup
