[0.433s] Invoking command in '/home/albert/ag_arm_ws/build/arm_moveit': CMAKE_PREFIX_PATH=${CMAKE_PREFIX_PATH}:/home/albert/ws_moveit2/install/moveit_configs_utils:/home/albert/ws_moveit2/install/launch_param_builder:/home/albert/umov_ws/install/arduino_py_examples:/home/albert/udem2_ws/install/actions_py:/home/albert/udem2_ws/install/lifecycle_py:/home/albert/udem2_ws/install/executors_py:/home/albert/udem2_ws/install/components_py:/home/albert/udem_ws/install/turtlesim_catcher:/home/albert/udem_ws/install/my_py_pkg:/home/albert/udem_ws/install/lifecycle_py:/home/albert/bcdc_ws/install/agbot_teleop:/home/albert/bcdc_ws/install/agbot_py:/home/albert/arduinobot_ws/install/arduinobot_py_examples:/opt/ros/humble /home/albert/.local/bin/cmake --build /home/albert/ag_arm_ws/build/arm_moveit -- -j8 -l8
[3.250s] Invoked command in '/home/albert/ag_arm_ws/build/arm_moveit' returned '0': CMAKE_PREFIX_PATH=${CMAKE_PREFIX_PATH}:/home/albert/ws_moveit2/install/moveit_configs_utils:/home/albert/ws_moveit2/install/launch_param_builder:/home/albert/umov_ws/install/arduino_py_examples:/home/albert/udem2_ws/install/actions_py:/home/albert/udem2_ws/install/lifecycle_py:/home/albert/udem2_ws/install/executors_py:/home/albert/udem2_ws/install/components_py:/home/albert/udem_ws/install/turtlesim_catcher:/home/albert/udem_ws/install/my_py_pkg:/home/albert/udem_ws/install/lifecycle_py:/home/albert/bcdc_ws/install/agbot_teleop:/home/albert/bcdc_ws/install/agbot_py:/home/albert/arduinobot_ws/install/arduinobot_py_examples:/opt/ros/humble /home/albert/.local/bin/cmake --build /home/albert/ag_arm_ws/build/arm_moveit -- -j8 -l8
[3.272s] Invoking command in '/home/albert/ag_arm_ws/build/arm_moveit': CMAKE_PREFIX_PATH=${CMAKE_PREFIX_PATH}:/home/albert/ws_moveit2/install/moveit_configs_utils:/home/albert/ws_moveit2/install/launch_param_builder:/home/albert/umov_ws/install/arduino_py_examples:/home/albert/udem2_ws/install/actions_py:/home/albert/udem2_ws/install/lifecycle_py:/home/albert/udem2_ws/install/executors_py:/home/albert/udem2_ws/install/components_py:/home/albert/udem_ws/install/turtlesim_catcher:/home/albert/udem_ws/install/my_py_pkg:/home/albert/udem_ws/install/lifecycle_py:/home/albert/bcdc_ws/install/agbot_teleop:/home/albert/bcdc_ws/install/agbot_py:/home/albert/arduinobot_ws/install/arduinobot_py_examples:/opt/ros/humble /home/albert/.local/bin/cmake --install /home/albert/ag_arm_ws/build/arm_moveit
[3.366s] -- Install configuration: ""
[3.366s] -- Up-to-date: /home/albert/ag_arm_ws/install/arm_moveit/share/arm_moveit/launch
[3.367s] -- Up-to-date: /home/albert/ag_arm_ws/install/arm_moveit/share/arm_moveit/launch/moveit.launch.py
[3.367s] -- Up-to-date: /home/albert/ag_arm_ws/install/arm_moveit/share/arm_moveit/launch/arm_moveit.launch.py
[3.369s] -- Up-to-date: /home/albert/ag_arm_ws/install/arm_moveit/share/arm_moveit/config
[3.369s] -- Up-to-date: /home/albert/ag_arm_ws/install/arm_moveit/share/arm_moveit/config/joint_limits.yaml
[3.372s] -- Up-to-date: /home/albert/ag_arm_ws/install/arm_moveit/share/arm_moveit/config/moveit_controllers.yaml
[3.374s] -- Installing: /home/albert/ag_arm_ws/install/arm_moveit/share/arm_moveit/config/initial_positions.yaml
[3.380s] -- Up-to-date: /home/albert/ag_arm_ws/install/arm_moveit/share/arm_moveit/config/pilz_cartesian_limits.yaml
[3.383s] -- Up-to-date: /home/albert/ag_arm_ws/install/arm_moveit/share/arm_moveit/config/pilz_instustrial_motion_planner_planning.yaml
[3.385s] -- Up-to-date: /home/albert/ag_arm_ws/install/arm_moveit/share/arm_moveit/config/kinematics.yaml
[3.395s] -- Up-to-date: /home/albert/ag_arm_ws/install/arm_moveit/share/arm_moveit/config/agbot_arm.srdf
[3.403s] -- Up-to-date: /home/albert/ag_arm_ws/install/arm_moveit/share/arm_moveit/config/moveit.rviz
[3.406s] -- Up-to-date: /home/albert/ag_arm_ws/install/arm_moveit/share/arm_moveit/rviz
[3.409s] -- Up-to-date: /home/albert/ag_arm_ws/install/arm_moveit/share/arm_moveit/rviz/move_group.rviz
[3.411s] -- Up-to-date: /home/albert/ag_arm_ws/install/arm_moveit/share/ament_index/resource_index/package_run_dependencies/arm_moveit
[3.413s] -- Up-to-date: /home/albert/ag_arm_ws/install/arm_moveit/share/ament_index/resource_index/parent_prefix_path/arm_moveit
[3.419s] -- Up-to-date: /home/albert/ag_arm_ws/install/arm_moveit/share/arm_moveit/environment/ament_prefix_path.sh
[3.419s] -- Up-to-date: /home/albert/ag_arm_ws/install/arm_moveit/share/arm_moveit/environment/ament_prefix_path.dsv
[3.419s] -- Up-to-date: /home/albert/ag_arm_ws/install/arm_moveit/share/arm_moveit/environment/path.sh
[3.420s] -- Up-to-date: /home/albert/ag_arm_ws/install/arm_moveit/share/arm_moveit/environment/path.dsv
[3.424s] -- Up-to-date: /home/albert/ag_arm_ws/install/arm_moveit/share/arm_moveit/local_setup.bash
[3.426s] -- Up-to-date: /home/albert/ag_arm_ws/install/arm_moveit/share/arm_moveit/local_setup.sh
[3.428s] -- Up-to-date: /home/albert/ag_arm_ws/install/arm_moveit/share/arm_moveit/local_setup.zsh
[3.433s] -- Up-to-date: /home/albert/ag_arm_ws/install/arm_moveit/share/arm_moveit/local_setup.dsv
[3.433s] -- Up-to-date: /home/albert/ag_arm_ws/install/arm_moveit/share/arm_moveit/package.dsv
[3.434s] -- Up-to-date: /home/albert/ag_arm_ws/install/arm_moveit/share/ament_index/resource_index/packages/arm_moveit
[3.435s] -- Up-to-date: /home/albert/ag_arm_ws/install/arm_moveit/share/arm_moveit/cmake/arm_moveitConfig.cmake
[3.436s] -- Up-to-date: /home/albert/ag_arm_ws/install/arm_moveit/share/arm_moveit/cmake/arm_moveitConfig-version.cmake
[3.437s] -- Up-to-date: /home/albert/ag_arm_ws/install/arm_moveit/share/arm_moveit/package.xml
[3.606s] Invoked command in '/home/albert/ag_arm_ws/build/arm_moveit' returned '0': CMAKE_PREFIX_PATH=${CMAKE_PREFIX_PATH}:/home/albert/ws_moveit2/install/moveit_configs_utils:/home/albert/ws_moveit2/install/launch_param_builder:/home/albert/umov_ws/install/arduino_py_examples:/home/albert/udem2_ws/install/actions_py:/home/albert/udem2_ws/install/lifecycle_py:/home/albert/udem2_ws/install/executors_py:/home/albert/udem2_ws/install/components_py:/home/albert/udem_ws/install/turtlesim_catcher:/home/albert/udem_ws/install/my_py_pkg:/home/albert/udem_ws/install/lifecycle_py:/home/albert/bcdc_ws/install/agbot_teleop:/home/albert/bcdc_ws/install/agbot_py:/home/albert/arduinobot_ws/install/arduinobot_py_examples:/opt/ros/humble /home/albert/.local/bin/cmake --install /home/albert/ag_arm_ws/build/arm_moveit
