[2.958s] Invoking command in '/home/albert/ag_arm_ws/build/arm_remote': CMAKE_PREFIX_PATH=${CMAKE_PREFIX_PATH}:/home/albert/ws_moveit2/install/moveit_configs_utils:/home/albert/ws_moveit2/install/launch_param_builder:/home/albert/umov_ws/install/arduino_py_examples:/home/albert/udem2_ws/install/actions_py:/home/albert/udem2_ws/install/lifecycle_py:/home/albert/udem2_ws/install/executors_py:/home/albert/udem2_ws/install/components_py:/home/albert/udem_ws/install/turtlesim_catcher:/home/albert/udem_ws/install/my_py_pkg:/home/albert/udem_ws/install/lifecycle_py:/home/albert/bcdc_ws/install/agbot_teleop:/home/albert/bcdc_ws/install/agbot_py:/home/albert/arduinobot_ws/install/arduinobot_py_examples:/opt/ros/humble /home/albert/.local/bin/cmake --build /home/albert/ag_arm_ws/build/arm_remote -- -j8 -l8
[3.469s] Invoked command in '/home/albert/ag_arm_ws/build/arm_remote' returned '0': CMAKE_PREFIX_PATH=${CMAKE_PREFIX_PATH}:/home/albert/ws_moveit2/install/moveit_configs_utils:/home/albert/ws_moveit2/install/launch_param_builder:/home/albert/umov_ws/install/arduino_py_examples:/home/albert/udem2_ws/install/actions_py:/home/albert/udem2_ws/install/lifecycle_py:/home/albert/udem2_ws/install/executors_py:/home/albert/udem2_ws/install/components_py:/home/albert/udem_ws/install/turtlesim_catcher:/home/albert/udem_ws/install/my_py_pkg:/home/albert/udem_ws/install/lifecycle_py:/home/albert/bcdc_ws/install/agbot_teleop:/home/albert/bcdc_ws/install/agbot_py:/home/albert/arduinobot_ws/install/arduinobot_py_examples:/opt/ros/humble /home/albert/.local/bin/cmake --build /home/albert/ag_arm_ws/build/arm_remote -- -j8 -l8
[3.473s] Invoking command in '/home/albert/ag_arm_ws/build/arm_remote': CMAKE_PREFIX_PATH=${CMAKE_PREFIX_PATH}:/home/albert/ws_moveit2/install/moveit_configs_utils:/home/albert/ws_moveit2/install/launch_param_builder:/home/albert/umov_ws/install/arduino_py_examples:/home/albert/udem2_ws/install/actions_py:/home/albert/udem2_ws/install/lifecycle_py:/home/albert/udem2_ws/install/executors_py:/home/albert/udem2_ws/install/components_py:/home/albert/udem_ws/install/turtlesim_catcher:/home/albert/udem_ws/install/my_py_pkg:/home/albert/udem_ws/install/lifecycle_py:/home/albert/bcdc_ws/install/agbot_teleop:/home/albert/bcdc_ws/install/agbot_py:/home/albert/arduinobot_ws/install/arduinobot_py_examples:/opt/ros/humble /home/albert/.local/bin/cmake --install /home/albert/ag_arm_ws/build/arm_remote
[3.649s] -- Install configuration: ""
[3.652s] -- Up-to-date: /home/albert/ag_arm_ws/install/arm_remote/share/ament_index/resource_index/package_run_dependencies/arm_remote
[3.653s] -- Up-to-date: /home/albert/ag_arm_ws/install/arm_remote/share/ament_index/resource_index/parent_prefix_path/arm_remote
[3.653s] -- Up-to-date: /home/albert/ag_arm_ws/install/arm_remote/share/arm_remote/environment/ament_prefix_path.sh
[3.654s] -- Up-to-date: /home/albert/ag_arm_ws/install/arm_remote/share/arm_remote/environment/ament_prefix_path.dsv
[3.655s] -- Up-to-date: /home/albert/ag_arm_ws/install/arm_remote/share/arm_remote/environment/path.sh
[3.655s] -- Up-to-date: /home/albert/ag_arm_ws/install/arm_remote/share/arm_remote/environment/path.dsv
[3.655s] -- Up-to-date: /home/albert/ag_arm_ws/install/arm_remote/share/arm_remote/local_setup.bash
[3.659s] -- Up-to-date: /home/albert/ag_arm_ws/install/arm_remote/share/arm_remote/local_setup.sh
[3.660s] -- Up-to-date: /home/albert/ag_arm_ws/install/arm_remote/share/arm_remote/local_setup.zsh
[3.660s] -- Up-to-date: /home/albert/ag_arm_ws/install/arm_remote/share/arm_remote/local_setup.dsv
[3.661s] -- Up-to-date: /home/albert/ag_arm_ws/install/arm_remote/share/arm_remote/package.dsv
[3.661s] -- Up-to-date: /home/albert/ag_arm_ws/install/arm_remote/share/ament_index/resource_index/packages/arm_remote
[3.663s] -- Up-to-date: /home/albert/ag_arm_ws/install/arm_remote/share/arm_remote/cmake/arm_remoteConfig.cmake
[3.664s] -- Up-to-date: /home/albert/ag_arm_ws/install/arm_remote/share/arm_remote/cmake/arm_remoteConfig-version.cmake
[3.665s] -- Up-to-date: /home/albert/ag_arm_ws/install/arm_remote/share/arm_remote/package.xml
[3.670s] Invoked command in '/home/albert/ag_arm_ws/build/arm_remote' returned '0': CMAKE_PREFIX_PATH=${CMAKE_PREFIX_PATH}:/home/albert/ws_moveit2/install/moveit_configs_utils:/home/albert/ws_moveit2/install/launch_param_builder:/home/albert/umov_ws/install/arduino_py_examples:/home/albert/udem2_ws/install/actions_py:/home/albert/udem2_ws/install/lifecycle_py:/home/albert/udem2_ws/install/executors_py:/home/albert/udem2_ws/install/components_py:/home/albert/udem_ws/install/turtlesim_catcher:/home/albert/udem_ws/install/my_py_pkg:/home/albert/udem_ws/install/lifecycle_py:/home/albert/bcdc_ws/install/agbot_teleop:/home/albert/bcdc_ws/install/agbot_py:/home/albert/arduinobot_ws/install/arduinobot_py_examples:/opt/ros/humble /home/albert/.local/bin/cmake --install /home/albert/ag_arm_ws/build/arm_remote
