[0.049s] Invoking command in '/home/albert/ag_arm_ws/build/arm_cpp': CMAKE_PREFIX_PATH=${CMAKE_PREFIX_PATH}:/home/albert/ws_moveit2/install/moveit_configs_utils:/home/albert/ws_moveit2/install/launch_param_builder:/home/albert/umov_ws/install/arduino_py_examples:/home/albert/udem2_ws/install/actions_py:/home/albert/udem2_ws/install/lifecycle_py:/home/albert/udem2_ws/install/executors_py:/home/albert/udem2_ws/install/components_py:/home/albert/udem_ws/install/turtlesim_catcher:/home/albert/udem_ws/install/my_py_pkg:/home/albert/udem_ws/install/lifecycle_py:/home/albert/bcdc_ws/install/agbot_teleop:/home/albert/bcdc_ws/install/agbot_py:/home/albert/arduinobot_ws/install/arduinobot_py_examples:/opt/ros/humble /home/albert/.local/bin/cmake --build /home/albert/ag_arm_ws/build/arm_cpp -- -j8 -l8
[0.091s] Invoked command in '/home/albert/ag_arm_ws/build/arm_cpp' returned '0': CMAKE_PREFIX_PATH=${CMAKE_PREFIX_PATH}:/home/albert/ws_moveit2/install/moveit_configs_utils:/home/albert/ws_moveit2/install/launch_param_builder:/home/albert/umov_ws/install/arduino_py_examples:/home/albert/udem2_ws/install/actions_py:/home/albert/udem2_ws/install/lifecycle_py:/home/albert/udem2_ws/install/executors_py:/home/albert/udem2_ws/install/components_py:/home/albert/udem_ws/install/turtlesim_catcher:/home/albert/udem_ws/install/my_py_pkg:/home/albert/udem_ws/install/lifecycle_py:/home/albert/bcdc_ws/install/agbot_teleop:/home/albert/bcdc_ws/install/agbot_py:/home/albert/arduinobot_ws/install/arduinobot_py_examples:/opt/ros/humble /home/albert/.local/bin/cmake --build /home/albert/ag_arm_ws/build/arm_cpp -- -j8 -l8
[0.091s] Invoking command in '/home/albert/ag_arm_ws/build/arm_cpp': CMAKE_PREFIX_PATH=${CMAKE_PREFIX_PATH}:/home/albert/ws_moveit2/install/moveit_configs_utils:/home/albert/ws_moveit2/install/launch_param_builder:/home/albert/umov_ws/install/arduino_py_examples:/home/albert/udem2_ws/install/actions_py:/home/albert/udem2_ws/install/lifecycle_py:/home/albert/udem2_ws/install/executors_py:/home/albert/udem2_ws/install/components_py:/home/albert/udem_ws/install/turtlesim_catcher:/home/albert/udem_ws/install/my_py_pkg:/home/albert/udem_ws/install/lifecycle_py:/home/albert/bcdc_ws/install/agbot_teleop:/home/albert/bcdc_ws/install/agbot_py:/home/albert/arduinobot_ws/install/arduinobot_py_examples:/opt/ros/humble /home/albert/.local/bin/cmake --install /home/albert/ag_arm_ws/build/arm_cpp
[0.093s] -- Install configuration: ""
[0.093s] -- Up-to-date: /home/albert/ag_arm_ws/install/arm_cpp/share/ament_index/resource_index/package_run_dependencies/arm_cpp
[0.093s] -- Up-to-date: /home/albert/ag_arm_ws/install/arm_cpp/share/ament_index/resource_index/parent_prefix_path/arm_cpp
[0.094s] -- Up-to-date: /home/albert/ag_arm_ws/install/arm_cpp/share/arm_cpp/environment/ament_prefix_path.sh
[0.094s] -- Up-to-date: /home/albert/ag_arm_ws/install/arm_cpp/share/arm_cpp/environment/ament_prefix_path.dsv
[0.094s] -- Up-to-date: /home/albert/ag_arm_ws/install/arm_cpp/share/arm_cpp/environment/path.sh
[0.094s] -- Up-to-date: /home/albert/ag_arm_ws/install/arm_cpp/share/arm_cpp/environment/path.dsv
[0.094s] -- Up-to-date: /home/albert/ag_arm_ws/install/arm_cpp/share/arm_cpp/local_setup.bash
[0.094s] -- Up-to-date: /home/albert/ag_arm_ws/install/arm_cpp/share/arm_cpp/local_setup.sh
[0.094s] -- Up-to-date: /home/albert/ag_arm_ws/install/arm_cpp/share/arm_cpp/local_setup.zsh
[0.094s] -- Up-to-date: /home/albert/ag_arm_ws/install/arm_cpp/share/arm_cpp/local_setup.dsv
[0.094s] -- Installing: /home/albert/ag_arm_ws/install/arm_cpp/share/arm_cpp/package.dsv
[0.094s] -- Up-to-date: /home/albert/ag_arm_ws/install/arm_cpp/share/ament_index/resource_index/packages/arm_cpp
[0.094s] -- Up-to-date: /home/albert/ag_arm_ws/install/arm_cpp/share/arm_cpp/cmake/arm_cppConfig.cmake
[0.094s] -- Up-to-date: /home/albert/ag_arm_ws/install/arm_cpp/share/arm_cpp/cmake/arm_cppConfig-version.cmake
[0.095s] -- Up-to-date: /home/albert/ag_arm_ws/install/arm_cpp/share/arm_cpp/package.xml
[0.145s] Invoked command in '/home/albert/ag_arm_ws/build/arm_cpp' returned '0': CMAKE_PREFIX_PATH=${CMAKE_PREFIX_PATH}:/home/albert/ws_moveit2/install/moveit_configs_utils:/home/albert/ws_moveit2/install/launch_param_builder:/home/albert/umov_ws/install/arduino_py_examples:/home/albert/udem2_ws/install/actions_py:/home/albert/udem2_ws/install/lifecycle_py:/home/albert/udem2_ws/install/executors_py:/home/albert/udem2_ws/install/components_py:/home/albert/udem_ws/install/turtlesim_catcher:/home/albert/udem_ws/install/my_py_pkg:/home/albert/udem_ws/install/lifecycle_py:/home/albert/bcdc_ws/install/agbot_teleop:/home/albert/bcdc_ws/install/agbot_py:/home/albert/arduinobot_ws/install/arduinobot_py_examples:/opt/ros/humble /home/albert/.local/bin/cmake --install /home/albert/ag_arm_ws/build/arm_cpp
