[  0%] Built target ament_cmake_python_copy_arm_remote
[ 50%] Built target task_server_node
[ 75%] [32mBuilding CXX object CMakeFiles/task_server.dir/src/task_server.cpp.o[0m
running egg_info
writing arm_remote.egg-info/PKG-INFO
writing dependency_links to arm_remote.egg-info/dependency_links.txt
writing top-level names to arm_remote.egg-info/top_level.txt
reading manifest file 'arm_remote.egg-info/SOURCES.txt'
writing manifest file 'arm_remote.egg-info/SOURCES.txt'
[ 75%] Built target ament_cmake_python_build_arm_remote_egg
[01m[K/home/albert/ag_arm_ws/src/arm_remote/src/task_server.cpp:[m[K In member function ‘[01m[Kvoid agbot_arm_remote::TaskServer::execute(std::shared_ptr<rclcpp_action::ServerGoalHandle<arm_msgs::action::ArmTask> >)[m[K’:
[01m[K/home/albert/ag_arm_ws/src/arm_remote/src/task_server.cpp:92:38:[m[K [01;31m[Kerror: [m[Kunable to find numeric literal operator ‘[01m[Koperator""s[m[K’
   92 |     timer_ = this->create_wall_timer([01;31m[K2s[m[K, this() {RCLCPP_INFO(this->get_logger(), "Timer expired!")});
      |                                      [01;31m[K^~[m[K
[01m[K/home/albert/ag_arm_ws/src/arm_remote/src/task_server.cpp:92:46:[m[K [01;31m[Kerror: [m[Kexpression cannot be used as a function
   92 |     timer_ = this->create_wall_timer(2s, [01;31m[Kthis()[m[K {RCLCPP_INFO(this->get_logger(), "Timer expired!")});
      |                                          [01;31m[K~~~~^~[m[K
In file included from [01m[K/opt/ros/humble/include/class_loader/class_loader/class_loader.hpp:56[m[K,
                 from [01m[K/opt/ros/humble/include/rclcpp_components/rclcpp_components/register_node_macro.hpp:18[m[K,
                 from [01m[K/home/albert/ag_arm_ws/src/arm_remote/src/task_server.cpp:3[m[K:
[01m[K/home/albert/ag_arm_ws/src/arm_remote/src/task_server.cpp:[m[K At global scope:
[01m[K/home/albert/ag_arm_ws/src/arm_remote/src/task_server.cpp:185:33:[m[K [01;31m[Kerror: [m[K‘[01m[Karm_remote[m[K’ was not declared in this scope
  185 | RCLCPP_COMPONENTS_REGISTER_NODE([01;31m[Karm_remote[m[K::TaskServer)
      |                                 [01;31m[K^~~~~~~~~~[m[K
[01m[K/home/albert/ag_arm_ws/src/arm_remote/src/task_server.cpp:185:1:[m[K [01;31m[Kerror: [m[Ktemplate argument 1 is invalid
  185 | [01;31m[KRCLCPP_COMPONENTS_REGISTER_NODE[m[K(arm_remote::TaskServer)
      | [01;31m[K^~~~~~~~~~~~~~~~~~~~~~~~~~~~~~~[m[K
In file included from [01m[K/opt/ros/humble/include/class_loader/class_loader/class_loader_core.hpp:57[m[K,
                 from [01m[K/opt/ros/humble/include/class_loader/class_loader/class_loader.hpp:55[m[K,
                 from [01m[K/opt/ros/humble/include/rclcpp_components/rclcpp_components/register_node_macro.hpp:18[m[K,
                 from [01m[K/home/albert/ag_arm_ws/src/arm_remote/src/task_server.cpp:3[m[K:
/opt/ros/humble/include/class_loader/class_loader/meta_object.hpp: In instantiation of ‘[01m[KB* class_loader::impl::MetaObject<C, B>::create() const [with C = int; B = rclcpp_components::NodeFactory][m[K’:
[01m[K/opt/ros/humble/include/class_loader/class_loader/meta_object.hpp:216:7:[m[K   required from here
[01m[K/opt/ros/humble/include/class_loader/class_loader/meta_object.hpp:218:12:[m[K [01;31m[Kerror: [m[Kcannot convert ‘[01m[Kint*[m[K’ to ‘[01m[Krclcpp_components::NodeFactory*[m[K’ in return
  218 |     return [01;31m[Knew C[m[K;
      |            [01;31m[K^~~~~[m[K
      |            [01;31m[K|[m[K
      |            [01;31m[Kint*[m[K
gmake[2]: *** [CMakeFiles/task_server.dir/build.make:76: CMakeFiles/task_server.dir/src/task_server.cpp.o] Error 1
gmake[1]: *** [CMakeFiles/Makefile2:142: CMakeFiles/task_server.dir/all] Error 2
gmake: *** [Makefile:146: all] Error 2
