[  0%] Built target ament_cmake_python_copy_arm_remote
[ 50%] Built target task_server_node
[100%] Built target task_server
running egg_info
writing arm_remote.egg-info/PKG-INFO
writing dependency_links to arm_remote.egg-info/dependency_links.txt
writing top-level names to arm_remote.egg-info/top_level.txt
reading manifest file 'arm_remote.egg-info/SOURCES.txt'
writing manifest file 'arm_remote.egg-info/SOURCES.txt'
[100%] Built target ament_cmake_python_build_arm_remote_egg
-- Install configuration: ""
-- Up-to-date: /home/albert/ag_arm_ws/install/arm_remote/lib/arm_remote/task_server_node
-- Up-to-date: /home/albert/ag_arm_ws/install/arm_remote/share/arm_remote/environment/pythonpath.sh
-- Up-to-date: /home/albert/ag_arm_ws/install/arm_remote/share/arm_remote/environment/pythonpath.dsv
-- Up-to-date: /home/albert/ag_arm_ws/install/arm_remote/local/lib/python3.10/dist-packages/arm_remote-0.0.0-py3.10.egg-info
-- Installing: /home/albert/ag_arm_ws/install/arm_remote/local/lib/python3.10/dist-packages/arm_remote-0.0.0-py3.10.egg-info/SOURCES.txt
-- Installing: /home/albert/ag_arm_ws/install/arm_remote/local/lib/python3.10/dist-packages/arm_remote-0.0.0-py3.10.egg-info/top_level.txt
-- Installing: /home/albert/ag_arm_ws/install/arm_remote/local/lib/python3.10/dist-packages/arm_remote-0.0.0-py3.10.egg-info/PKG-INFO
-- Installing: /home/albert/ag_arm_ws/install/arm_remote/local/lib/python3.10/dist-packages/arm_remote-0.0.0-py3.10.egg-info/dependency_links.txt
-- Up-to-date: /home/albert/ag_arm_ws/install/arm_remote/local/lib/python3.10/dist-packages/arm_remote
-- Up-to-date: /home/albert/ag_arm_ws/install/arm_remote/local/lib/python3.10/dist-packages/arm_remote/task_server.py
-- Up-to-date: /home/albert/ag_arm_ws/install/arm_remote/local/lib/python3.10/dist-packages/arm_remote/__init__.py
-- Installing: /home/albert/ag_arm_ws/install/arm_remote/local/lib/python3.10/dist-packages/arm_remote/arm_alexa_interface.py
Listing '/home/albert/ag_arm_ws/install/arm_remote/local/lib/python3.10/dist-packages/arm_remote'...
Compiling '/home/albert/ag_arm_ws/install/arm_remote/local/lib/python3.10/dist-packages/arm_remote/arm_alexa_interface.py'...
-- Up-to-date: /home/albert/ag_arm_ws/install/arm_remote/share/arm_remote/launch
-- Installing: /home/albert/ag_arm_ws/install/arm_remote/share/arm_remote/launch/remote_interface.launch.py
-- Up-to-date: /home/albert/ag_arm_ws/install/arm_remote/lib/libtask_server.so
