[0.156s] Invoking command in '/home/albert/ag_arm_ws/build/arm_moveit': CMAKE_PREFIX_PATH=${CMAKE_PREFIX_PATH}:/home/albert/ag_arm_ws/install/arm_py:/home/albert/ws_moveit2/install/moveit_configs_utils:/home/albert/ws_moveit2/install/launch_param_builder:/home/albert/umov_ws/install/arduino_py_examples:/home/albert/udem2_ws/install/actions_py:/home/albert/udem2_ws/install/lifecycle_py:/home/albert/udem2_ws/install/executors_py:/home/albert/udem2_ws/install/components_py:/home/albert/udem_ws/install/turtlesim_catcher:/home/albert/udem_ws/install/my_py_pkg:/home/albert/udem_ws/install/lifecycle_py:/home/albert/bcdc_ws/install/agbot_teleop:/home/albert/bcdc_ws/install/agbot_py:/home/albert/arduinobot_ws/install/arduinobot_py_examples:/opt/ros/humble /home/albert/.local/bin/cmake --build /home/albert/ag_arm_ws/build/arm_moveit -- -j8 -l8
[1.011s] Invoked command in '/home/albert/ag_arm_ws/build/arm_moveit' returned '0': CMAKE_PREFIX_PATH=${CMAKE_PREFIX_PATH}:/home/albert/ag_arm_ws/install/arm_py:/home/albert/ws_moveit2/install/moveit_configs_utils:/home/albert/ws_moveit2/install/launch_param_builder:/home/albert/umov_ws/install/arduino_py_examples:/home/albert/udem2_ws/install/actions_py:/home/albert/udem2_ws/install/lifecycle_py:/home/albert/udem2_ws/install/executors_py:/home/albert/udem2_ws/install/components_py:/home/albert/udem_ws/install/turtlesim_catcher:/home/albert/udem_ws/install/my_py_pkg:/home/albert/udem_ws/install/lifecycle_py:/home/albert/bcdc_ws/install/agbot_teleop:/home/albert/bcdc_ws/install/agbot_py:/home/albert/arduinobot_ws/install/arduinobot_py_examples:/opt/ros/humble /home/albert/.local/bin/cmake --build /home/albert/ag_arm_ws/build/arm_moveit -- -j8 -l8
[1.016s] Invoking command in '/home/albert/ag_arm_ws/build/arm_moveit': CMAKE_PREFIX_PATH=${CMAKE_PREFIX_PATH}:/home/albert/ag_arm_ws/install/arm_py:/home/albert/ws_moveit2/install/moveit_configs_utils:/home/albert/ws_moveit2/install/launch_param_builder:/home/albert/umov_ws/install/arduino_py_examples:/home/albert/udem2_ws/install/actions_py:/home/albert/udem2_ws/install/lifecycle_py:/home/albert/udem2_ws/install/executors_py:/home/albert/udem2_ws/install/components_py:/home/albert/udem_ws/install/turtlesim_catcher:/home/albert/udem_ws/install/my_py_pkg:/home/albert/udem_ws/install/lifecycle_py:/home/albert/bcdc_ws/install/agbot_teleop:/home/albert/bcdc_ws/install/agbot_py:/home/albert/arduinobot_ws/install/arduinobot_py_examples:/opt/ros/humble /home/albert/.local/bin/cmake --install /home/albert/ag_arm_ws/build/arm_moveit
[1.058s] -- Install configuration: ""
[1.058s] -- Up-to-date: /home/albert/ag_arm_ws/install/arm_moveit/share/arm_moveit/launch
[1.058s] -- Up-to-date: /home/albert/ag_arm_ws/install/arm_moveit/share/arm_moveit/launch/moveit.launch.py
[1.058s] -- Up-to-date: /home/albert/ag_arm_ws/install/arm_moveit/share/arm_moveit/launch/arm_moveit.launch.py
[1.058s] -- Up-to-date: /home/albert/ag_arm_ws/install/arm_moveit/share/arm_moveit/config
[1.059s] -- Up-to-date: /home/albert/ag_arm_ws/install/arm_moveit/share/arm_moveit/config/planning_python_api.yaml
[1.059s] -- Up-to-date: /home/albert/ag_arm_ws/install/arm_moveit/share/arm_moveit/config/joint_limits.yaml
[1.059s] -- Up-to-date: /home/albert/ag_arm_ws/install/arm_moveit/share/arm_moveit/config/moveit_controllers.yaml
[1.059s] -- Up-to-date: /home/albert/ag_arm_ws/install/arm_moveit/share/arm_moveit/config/initial_positions.yaml
[1.059s] -- Up-to-date: /home/albert/ag_arm_ws/install/arm_moveit/share/arm_moveit/config/pilz_cartesian_limits.yaml
[1.060s] -- Up-to-date: /home/albert/ag_arm_ws/install/arm_moveit/share/arm_moveit/config/pilz_instustrial_motion_planner_planning.yaml
[1.060s] -- Up-to-date: /home/albert/ag_arm_ws/install/arm_moveit/share/arm_moveit/config/kinematics.yaml
[1.060s] -- Up-to-date: /home/albert/ag_arm_ws/install/arm_moveit/share/arm_moveit/config/agbot_arm.srdf
[1.060s] -- Up-to-date: /home/albert/ag_arm_ws/install/arm_moveit/share/arm_moveit/config/moveit.rviz
[1.061s] -- Up-to-date: /home/albert/ag_arm_ws/install/arm_moveit/share/arm_moveit/rviz
[1.061s] -- Up-to-date: /home/albert/ag_arm_ws/install/arm_moveit/share/arm_moveit/rviz/move_group.rviz
[1.061s] -- Up-to-date: /home/albert/ag_arm_ws/install/arm_moveit/share/ament_index/resource_index/package_run_dependencies/arm_moveit
[1.061s] -- Up-to-date: /home/albert/ag_arm_ws/install/arm_moveit/share/ament_index/resource_index/parent_prefix_path/arm_moveit
[1.062s] -- Up-to-date: /home/albert/ag_arm_ws/install/arm_moveit/share/arm_moveit/environment/ament_prefix_path.sh
[1.062s] -- Up-to-date: /home/albert/ag_arm_ws/install/arm_moveit/share/arm_moveit/environment/ament_prefix_path.dsv
[1.062s] -- Up-to-date: /home/albert/ag_arm_ws/install/arm_moveit/share/arm_moveit/environment/path.sh
[1.062s] -- Up-to-date: /home/albert/ag_arm_ws/install/arm_moveit/share/arm_moveit/environment/path.dsv
[1.062s] -- Up-to-date: /home/albert/ag_arm_ws/install/arm_moveit/share/arm_moveit/local_setup.bash
[1.062s] -- Up-to-date: /home/albert/ag_arm_ws/install/arm_moveit/share/arm_moveit/local_setup.sh
[1.063s] -- Up-to-date: /home/albert/ag_arm_ws/install/arm_moveit/share/arm_moveit/local_setup.zsh
[1.063s] -- Up-to-date: /home/albert/ag_arm_ws/install/arm_moveit/share/arm_moveit/local_setup.dsv
[1.063s] -- Installing: /home/albert/ag_arm_ws/install/arm_moveit/share/arm_moveit/package.dsv
[1.063s] -- Up-to-date: /home/albert/ag_arm_ws/install/arm_moveit/share/ament_index/resource_index/packages/arm_moveit
[1.063s] -- Up-to-date: /home/albert/ag_arm_ws/install/arm_moveit/share/arm_moveit/cmake/arm_moveitConfig.cmake
[1.063s] -- Up-to-date: /home/albert/ag_arm_ws/install/arm_moveit/share/arm_moveit/cmake/arm_moveitConfig-version.cmake
[1.064s] -- Up-to-date: /home/albert/ag_arm_ws/install/arm_moveit/share/arm_moveit/package.xml
[1.110s] Invoked command in '/home/albert/ag_arm_ws/build/arm_moveit' returned '0': CMAKE_PREFIX_PATH=${CMAKE_PREFIX_PATH}:/home/albert/ag_arm_ws/install/arm_py:/home/albert/ws_moveit2/install/moveit_configs_utils:/home/albert/ws_moveit2/install/launch_param_builder:/home/albert/umov_ws/install/arduino_py_examples:/home/albert/udem2_ws/install/actions_py:/home/albert/udem2_ws/install/lifecycle_py:/home/albert/udem2_ws/install/executors_py:/home/albert/udem2_ws/install/components_py:/home/albert/udem_ws/install/turtlesim_catcher:/home/albert/udem_ws/install/my_py_pkg:/home/albert/udem_ws/install/lifecycle_py:/home/albert/bcdc_ws/install/agbot_teleop:/home/albert/bcdc_ws/install/agbot_py:/home/albert/arduinobot_ws/install/arduinobot_py_examples:/opt/ros/humble /home/albert/.local/bin/cmake --install /home/albert/ag_arm_ws/build/arm_moveit
