-- Found ament_cmake: 1.3.11 (/opt/ros/humble/share/ament_cmake/cmake)
-- Found rclcpp: 16.0.11 (/opt/ros/humble/share/rclcpp/cmake)
-- Found rosidl_generator_c: 3.1.6 (/opt/ros/humble/share/rosidl_generator_c/cmake)
-- Found rosidl_adapter: 3.1.6 (/opt/ros/humble/share/rosidl_adapter/cmake)
-- Found rosidl_generator_cpp: 3.1.6 (/opt/ros/humble/share/rosidl_generator_cpp/cmake)
-- Using all available rosidl_typesupport_c: rosidl_typesupport_fastrtps_c;rosidl_typesupport_introspection_c
-- Using all available rosidl_typesupport_cpp: rosidl_typesupport_fastrtps_cpp;rosidl_typesupport_introspection_cpp
-- Found rmw_implementation_cmake: 6.1.2 (/opt/ros/humble/share/rmw_implementation_cmake/cmake)
-- Found rmw_cyclonedds_cpp: 1.3.4 (/opt/ros/humble/share/rmw_cyclonedds_cpp/cmake)
-- Using RMW implementation 'rmw_cyclonedds_cpp' as default
-- Found rclcpp_action: 16.0.11 (/opt/ros/humble/share/rclcpp_action/cmake)
-- Found rclcpp_components: 16.0.11 (/opt/ros/humble/share/rclcpp_components/cmake)
-- Found arm_msgs: 0.0.0 (/home/albert/ag_arm_ws/install/arm_msgs/share/arm_msgs/cmake)
-- Found rclpy: 3.3.15 (/opt/ros/humble/share/rclpy/cmake)
-- Found moveit_ros_planning_interface: 2.5.5 (/home/albert/ws_moveit2/install/moveit_ros_planning_interface/share/moveit_ros_planning_interface/cmake)
-- Found Boost: /usr/lib/x86_64-linux-gnu/cmake/Boost-1.74.0/BoostConfig.cmake (found version "1.74.0") found components: date_time filesystem program_options system thread
-- Found Boost: /usr/lib/x86_64-linux-gnu/cmake/Boost-1.74.0/BoostConfig.cmake (found version "1.74.0") found components: chrono date_time filesystem iostreams program_options regex serialization system thread
-- Found parameter_traits: 0.3.9 (/opt/ros/humble/share/parameter_traits/cmake)
-- Found rclcpp_lifecycle: 16.0.11 (/opt/ros/humble/share/rclcpp_lifecycle/cmake)
-- Found Boost: /usr/lib/x86_64-linux-gnu/cmake/Boost-1.74.0/BoostConfig.cmake (found version "1.74.0") found components: filesystem
-- library: /usr/lib/x86_64-linux-gnu/libcurl.so
-- Ensuring Eigen3 include directory is part of orocos-kdl CMake target
-- Found Boost: /usr/lib/x86_64-linux-gnu/cmake/Boost-1.74.0/BoostConfig.cmake (found version "1.74.0") found components: system filesystem date_time program_options thread chrono
-- Found Boost: /usr/lib/x86_64-linux-gnu/cmake/Boost-1.74.0/BoostConfig.cmake (found version "1.74.0") found components: thread system filesystem regex date_time program_options
-- Found Boost: /usr/lib/x86_64-linux-gnu/cmake/Boost-1.74.0/BoostConfig.cmake (found version "1.74.0") found components: system filesystem date_time program_options thread
-- Found moveit_planners: 2.5.5 (/home/albert/ws_moveit2/install/moveit_planners/share/moveit_planners/cmake)
-- Found ament_lint_auto: 0.12.11 (/opt/ros/humble/share/ament_lint_auto/cmake)
-- Added test 'cppcheck' to perform static code analysis on C / C++ code
-- Configured cppcheck include dirs: $<BUILD_INTERFACE:/home/albert/ag_arm_ws/src/arm_remote/include>
-- Configured cppcheck exclude dirs and/or files: 
-- Added test 'flake8' to check Python code syntax and style conventions
-- Added test 'lint_cmake' to check CMake code style
-- Added test 'pep257' to check Python code against some of the docstring style conventions in PEP 257
-- Added test 'uncrustify' to check C / C++ code style
-- Configured uncrustify additional arguments: 
-- Added test 'xmllint' to check XML markup files
-- Configuring done (1.8s)
-- Generating done (0.0s)
-- Build files have been written to: /home/albert/ag_arm_ws/build/arm_remote
[  0%] Built target ament_cmake_python_copy_arm_remote
[ 50%] Built target task_server_node
[100%] Built target task_server
running egg_info
writing arm_remote.egg-info/PKG-INFO
writing dependency_links to arm_remote.egg-info/dependency_links.txt
writing top-level names to arm_remote.egg-info/top_level.txt
reading manifest file 'arm_remote.egg-info/SOURCES.txt'
writing manifest file 'arm_remote.egg-info/SOURCES.txt'
[100%] Built target ament_cmake_python_build_arm_remote_egg
-- Install configuration: ""
-- Up-to-date: /home/albert/ag_arm_ws/install/arm_remote/lib/arm_remote/task_server_node
-- Up-to-date: /home/albert/ag_arm_ws/install/arm_remote/share/arm_remote/environment/pythonpath.sh
-- Installing: /home/albert/ag_arm_ws/install/arm_remote/share/arm_remote/environment/pythonpath.dsv
-- Up-to-date: /home/albert/ag_arm_ws/install/arm_remote/local/lib/python3.10/dist-packages/arm_remote-0.0.0-py3.10.egg-info
-- Installing: /home/albert/ag_arm_ws/install/arm_remote/local/lib/python3.10/dist-packages/arm_remote-0.0.0-py3.10.egg-info/SOURCES.txt
-- Installing: /home/albert/ag_arm_ws/install/arm_remote/local/lib/python3.10/dist-packages/arm_remote-0.0.0-py3.10.egg-info/top_level.txt
-- Installing: /home/albert/ag_arm_ws/install/arm_remote/local/lib/python3.10/dist-packages/arm_remote-0.0.0-py3.10.egg-info/PKG-INFO
-- Installing: /home/albert/ag_arm_ws/install/arm_remote/local/lib/python3.10/dist-packages/arm_remote-0.0.0-py3.10.egg-info/dependency_links.txt
-- Up-to-date: /home/albert/ag_arm_ws/install/arm_remote/local/lib/python3.10/dist-packages/arm_remote
-- Up-to-date: /home/albert/ag_arm_ws/install/arm_remote/local/lib/python3.10/dist-packages/arm_remote/task_server.py
-- Up-to-date: /home/albert/ag_arm_ws/install/arm_remote/local/lib/python3.10/dist-packages/arm_remote/__init__.py
-- Up-to-date: /home/albert/ag_arm_ws/install/arm_remote/local/lib/python3.10/dist-packages/arm_remote/arm_alexa_interface.py
Listing '/home/albert/ag_arm_ws/install/arm_remote/local/lib/python3.10/dist-packages/arm_remote'...
-- Up-to-date: /home/albert/ag_arm_ws/install/arm_remote/share/arm_remote/launch
-- Up-to-date: /home/albert/ag_arm_ws/install/arm_remote/share/arm_remote/launch/remote_interface.launch.py
-- Up-to-date: /home/albert/ag_arm_ws/install/arm_remote/lib/libtask_server.so
-- Installing: /home/albert/ag_arm_ws/install/arm_remote/lib/arm_remote/arm_alexa_interface.py
-- Up-to-date: /home/albert/ag_arm_ws/install/arm_remote/lib/arm_remote/task_server.py
-- Up-to-date: /home/albert/ag_arm_ws/install/arm_remote/share/ament_index/resource_index/package_run_dependencies/arm_remote
-- Up-to-date: /home/albert/ag_arm_ws/install/arm_remote/share/ament_index/resource_index/parent_prefix_path/arm_remote
-- Up-to-date: /home/albert/ag_arm_ws/install/arm_remote/share/arm_remote/environment/ament_prefix_path.sh
-- Installing: /home/albert/ag_arm_ws/install/arm_remote/share/arm_remote/environment/ament_prefix_path.dsv
-- Up-to-date: /home/albert/ag_arm_ws/install/arm_remote/share/arm_remote/environment/path.sh
-- Installing: /home/albert/ag_arm_ws/install/arm_remote/share/arm_remote/environment/path.dsv
-- Up-to-date: /home/albert/ag_arm_ws/install/arm_remote/share/arm_remote/local_setup.bash
-- Up-to-date: /home/albert/ag_arm_ws/install/arm_remote/share/arm_remote/local_setup.sh
-- Up-to-date: /home/albert/ag_arm_ws/install/arm_remote/share/arm_remote/local_setup.zsh
-- Installing: /home/albert/ag_arm_ws/install/arm_remote/share/arm_remote/local_setup.dsv
-- Installing: /home/albert/ag_arm_ws/install/arm_remote/share/arm_remote/package.dsv
-- Up-to-date: /home/albert/ag_arm_ws/install/arm_remote/share/ament_index/resource_index/packages/arm_remote
-- Up-to-date: /home/albert/ag_arm_ws/install/arm_remote/share/ament_index/resource_index/rclcpp_components/arm_remote
-- Up-to-date: /home/albert/ag_arm_ws/install/arm_remote/share/arm_remote/cmake/arm_remoteConfig.cmake
-- Up-to-date: /home/albert/ag_arm_ws/install/arm_remote/share/arm_remote/cmake/arm_remoteConfig-version.cmake
-- Up-to-date: /home/albert/ag_arm_ws/install/arm_remote/share/arm_remote/package.xml
