[0.426s] Invoking command in '/home/albert/ag_arm_ws/build/arm_controller': CMAKE_PREFIX_PATH=${CMAKE_PREFIX_PATH}:/home/albert/ws_moveit2/install/moveit_configs_utils:/home/albert/ws_moveit2/install/launch_param_builder:/home/albert/umov_ws/install/arduino_py_examples:/home/albert/udem2_ws/install/actions_py:/home/albert/udem2_ws/install/lifecycle_py:/home/albert/udem2_ws/install/executors_py:/home/albert/udem2_ws/install/components_py:/home/albert/udem_ws/install/turtlesim_catcher:/home/albert/udem_ws/install/my_py_pkg:/home/albert/udem_ws/install/lifecycle_py:/home/albert/bcdc_ws/install/agbot_teleop:/home/albert/bcdc_ws/install/agbot_py:/home/albert/arduinobot_ws/install/arduinobot_py_examples:/opt/ros/humble /home/albert/.local/bin/cmake /home/albert/ag_arm_ws/src/arm_controller -DCMAKE_INSTALL_PREFIX=/home/albert/ag_arm_ws/install/arm_controller
[3.016s] -- The C compiler identification is GNU 11.4.0
[3.017s] -- The CXX compiler identification is GNU 11.4.0
[3.017s] -- Detecting C compiler ABI info
[3.018s] -- Detecting C compiler ABI info - done
[3.018s] -- Check for working C compiler: /usr/bin/cc - skipped
[3.018s] -- Detecting C compile features
[3.018s] -- Detecting C compile features - done
[3.019s] -- Detecting CXX compiler ABI info
[3.019s] -- Detecting CXX compiler ABI info - done
[3.141s] -- Check for working CXX compiler: /usr/bin/c++ - skipped
[3.145s] -- Detecting CXX compile features
[3.146s] -- Detecting CXX compile features - done
[3.209s] -- Found ament_cmake: 1.3.11 (/opt/ros/humble/share/ament_cmake/cmake)
[4.791s] -- Found Python3: /usr/bin/python3 (found version "3.10.12") found components: Interpreter
[6.396s] -- Found trajectory_msgs: 4.2.4 (/opt/ros/humble/share/trajectory_msgs/cmake)
[7.737s] -- Found rosidl_generator_c: 3.1.6 (/opt/ros/humble/share/rosidl_generator_c/cmake)
[7.845s] -- Found rosidl_adapter: 3.1.6 (/opt/ros/humble/share/rosidl_adapter/cmake)
[7.991s] -- Found rosidl_generator_cpp: 3.1.6 (/opt/ros/humble/share/rosidl_generator_cpp/cmake)
[8.170s] -- Using all available rosidl_typesupport_c: rosidl_typesupport_fastrtps_c;rosidl_typesupport_introspection_c
[8.411s] -- Using all available rosidl_typesupport_cpp: rosidl_typesupport_fastrtps_cpp;rosidl_typesupport_introspection_cpp
[9.136s] -- Found sensor_msgs: 4.2.4 (/opt/ros/humble/share/sensor_msgs/cmake)
[9.323s] -- Found rclcpp: 16.0.11 (/opt/ros/humble/share/rclcpp/cmake)
[10.388s] -- Found rmw_implementation_cmake: 6.1.2 (/opt/ros/humble/share/rmw_implementation_cmake/cmake)
[10.467s] -- Found rmw_cyclonedds_cpp: 1.3.4 (/opt/ros/humble/share/rmw_cyclonedds_cpp/cmake)
[10.825s] -- Using RMW implementation 'rmw_cyclonedds_cpp' as default
[10.991s] -- Performing Test CMAKE_HAVE_LIBC_PTHREAD
[11.652s] -- Performing Test CMAKE_HAVE_LIBC_PTHREAD - Success
[11.672s] -- Found Threads: TRUE
[12.396s] -- Found rclpy: 3.3.15 (/opt/ros/humble/share/rclpy/cmake)
[12.447s] -- Found ament_lint_auto: 0.12.11 (/opt/ros/humble/share/ament_lint_auto/cmake)
[13.210s] -- Added test 'flake8' to check Python code syntax and style conventions
[13.224s] -- Added test 'lint_cmake' to check CMake code style
[13.235s] -- Added test 'pep257' to check Python code against some of the docstring style conventions in PEP 257
[13.250s] -- Added test 'xmllint' to check XML markup files
[13.277s] -- Configuring done (12.8s)
[13.296s] -- Generating done (0.0s)
[13.302s] -- Build files have been written to: /home/albert/ag_arm_ws/build/arm_controller
[13.331s] Invoked command in '/home/albert/ag_arm_ws/build/arm_controller' returned '0': CMAKE_PREFIX_PATH=${CMAKE_PREFIX_PATH}:/home/albert/ws_moveit2/install/moveit_configs_utils:/home/albert/ws_moveit2/install/launch_param_builder:/home/albert/umov_ws/install/arduino_py_examples:/home/albert/udem2_ws/install/actions_py:/home/albert/udem2_ws/install/lifecycle_py:/home/albert/udem2_ws/install/executors_py:/home/albert/udem2_ws/install/components_py:/home/albert/udem_ws/install/turtlesim_catcher:/home/albert/udem_ws/install/my_py_pkg:/home/albert/udem_ws/install/lifecycle_py:/home/albert/bcdc_ws/install/agbot_teleop:/home/albert/bcdc_ws/install/agbot_py:/home/albert/arduinobot_ws/install/arduinobot_py_examples:/opt/ros/humble /home/albert/.local/bin/cmake /home/albert/ag_arm_ws/src/arm_controller -DCMAKE_INSTALL_PREFIX=/home/albert/ag_arm_ws/install/arm_controller
[13.334s] Invoking command in '/home/albert/ag_arm_ws/build/arm_controller': CMAKE_PREFIX_PATH=${CMAKE_PREFIX_PATH}:/home/albert/ws_moveit2/install/moveit_configs_utils:/home/albert/ws_moveit2/install/launch_param_builder:/home/albert/umov_ws/install/arduino_py_examples:/home/albert/udem2_ws/install/actions_py:/home/albert/udem2_ws/install/lifecycle_py:/home/albert/udem2_ws/install/executors_py:/home/albert/udem2_ws/install/components_py:/home/albert/udem_ws/install/turtlesim_catcher:/home/albert/udem_ws/install/my_py_pkg:/home/albert/udem_ws/install/lifecycle_py:/home/albert/bcdc_ws/install/agbot_teleop:/home/albert/bcdc_ws/install/agbot_py:/home/albert/arduinobot_ws/install/arduinobot_py_examples:/opt/ros/humble /home/albert/.local/bin/cmake --build /home/albert/ag_arm_ws/build/arm_controller -- -j8 -l8
[13.470s] Invoked command in '/home/albert/ag_arm_ws/build/arm_controller' returned '0': CMAKE_PREFIX_PATH=${CMAKE_PREFIX_PATH}:/home/albert/ws_moveit2/install/moveit_configs_utils:/home/albert/ws_moveit2/install/launch_param_builder:/home/albert/umov_ws/install/arduino_py_examples:/home/albert/udem2_ws/install/actions_py:/home/albert/udem2_ws/install/lifecycle_py:/home/albert/udem2_ws/install/executors_py:/home/albert/udem2_ws/install/components_py:/home/albert/udem_ws/install/turtlesim_catcher:/home/albert/udem_ws/install/my_py_pkg:/home/albert/udem_ws/install/lifecycle_py:/home/albert/bcdc_ws/install/agbot_teleop:/home/albert/bcdc_ws/install/agbot_py:/home/albert/arduinobot_ws/install/arduinobot_py_examples:/opt/ros/humble /home/albert/.local/bin/cmake --build /home/albert/ag_arm_ws/build/arm_controller -- -j8 -l8
[13.476s] Invoking command in '/home/albert/ag_arm_ws/build/arm_controller': CMAKE_PREFIX_PATH=${CMAKE_PREFIX_PATH}:/home/albert/ws_moveit2/install/moveit_configs_utils:/home/albert/ws_moveit2/install/launch_param_builder:/home/albert/umov_ws/install/arduino_py_examples:/home/albert/udem2_ws/install/actions_py:/home/albert/udem2_ws/install/lifecycle_py:/home/albert/udem2_ws/install/executors_py:/home/albert/udem2_ws/install/components_py:/home/albert/udem_ws/install/turtlesim_catcher:/home/albert/udem_ws/install/my_py_pkg:/home/albert/udem_ws/install/lifecycle_py:/home/albert/bcdc_ws/install/agbot_teleop:/home/albert/bcdc_ws/install/agbot_py:/home/albert/arduinobot_ws/install/arduinobot_py_examples:/opt/ros/humble /home/albert/.local/bin/cmake --install /home/albert/ag_arm_ws/build/arm_controller
[13.498s] -- Install configuration: ""
[13.498s] -- Installing: /home/albert/ag_arm_ws/install/arm_controller/share/arm_controller/config
[13.501s] -- Installing: /home/albert/ag_arm_ws/install/arm_controller/share/arm_controller/config/arm_controllers.yaml
[13.501s] -- Installing: /home/albert/ag_arm_ws/install/arm_controller/share/arm_controller/launch
[13.502s] -- Installing: /home/albert/ag_arm_ws/install/arm_controller/share/arm_controller/launch/controller.launch.py
[13.504s] -- Installing: /home/albert/ag_arm_ws/install/arm_controller/share/ament_index/resource_index/package_run_dependencies/arm_controller
[13.505s] -- Installing: /home/albert/ag_arm_ws/install/arm_controller/share/ament_index/resource_index/parent_prefix_path/arm_controller
[13.506s] -- Installing: /home/albert/ag_arm_ws/install/arm_controller/share/arm_controller/environment/ament_prefix_path.sh
[13.506s] -- Installing: /home/albert/ag_arm_ws/install/arm_controller/share/arm_controller/environment/ament_prefix_path.dsv
[13.509s] -- Installing: /home/albert/ag_arm_ws/install/arm_controller/share/arm_controller/environment/path.sh
[13.514s] -- Installing: /home/albert/ag_arm_ws/install/arm_controller/share/arm_controller/environment/path.dsv
[13.517s] -- Installing: /home/albert/ag_arm_ws/install/arm_controller/share/arm_controller/local_setup.bash
[13.518s] -- Installing: /home/albert/ag_arm_ws/install/arm_controller/share/arm_controller/local_setup.sh
[13.518s] -- Installing: /home/albert/ag_arm_ws/install/arm_controller/share/arm_controller/local_setup.zsh
[13.518s] -- Installing: /home/albert/ag_arm_ws/install/arm_controller/share/arm_controller/local_setup.dsv
[13.525s] -- Installing: /home/albert/ag_arm_ws/install/arm_controller/share/arm_controller/package.dsv
[13.525s] -- Installing: /home/albert/ag_arm_ws/install/arm_controller/share/ament_index/resource_index/packages/arm_controller
[13.526s] -- Installing: /home/albert/ag_arm_ws/install/arm_controller/share/arm_controller/cmake/arm_controllerConfig.cmake
[13.526s] -- Installing: /home/albert/ag_arm_ws/install/arm_controller/share/arm_controller/cmake/arm_controllerConfig-version.cmake
[13.526s] -- Installing: /home/albert/ag_arm_ws/install/arm_controller/share/arm_controller/package.xml
[13.533s] Invoked command in '/home/albert/ag_arm_ws/build/arm_controller' returned '0': CMAKE_PREFIX_PATH=${CMAKE_PREFIX_PATH}:/home/albert/ws_moveit2/install/moveit_configs_utils:/home/albert/ws_moveit2/install/launch_param_builder:/home/albert/umov_ws/install/arduino_py_examples:/home/albert/udem2_ws/install/actions_py:/home/albert/udem2_ws/install/lifecycle_py:/home/albert/udem2_ws/install/executors_py:/home/albert/udem2_ws/install/components_py:/home/albert/udem_ws/install/turtlesim_catcher:/home/albert/udem_ws/install/my_py_pkg:/home/albert/udem_ws/install/lifecycle_py:/home/albert/bcdc_ws/install/agbot_teleop:/home/albert/bcdc_ws/install/agbot_py:/home/albert/arduinobot_ws/install/arduinobot_py_examples:/opt/ros/humble /home/albert/.local/bin/cmake --install /home/albert/ag_arm_ws/build/arm_controller
