[0.042s] Invoking command in '/home/albert/ag_arm_ws/build/arm_moveit': CMAKE_PREFIX_PATH=${CMAKE_PREFIX_PATH}:/home/albert/udem2_ws/install/actions_py:/home/albert/udem2_ws/install/lifecycle_py:/home/albert/udem2_ws/install/executors_py:/home/albert/udem2_ws/install/components_py:/home/albert/bcdc_ws/install/agbot_teleop:/home/albert/bcdc_ws/install/agbot_py:/home/albert/ws_moveit2/install/moveit_configs_utils:/home/albert/ws_moveit2/install/launch_param_builder:/home/albert/umov_ws/install/arduino_py_examples:/home/albert/arduinobot_ws/install/arduinobot_py_examples:/home/albert/udem_ws/install/turtlesim_catcher:/home/albert/udem_ws/install/my_py_pkg:/home/albert/udem_ws/install/lifecycle_py:/opt/ros/humble /home/albert/.local/bin/cmake /home/albert/ag_arm_ws/src/arm_moveit -DCMAKE_INSTALL_PREFIX=/home/albert/ag_arm_ws/install/arm_moveit
[0.135s] -- The C compiler identification is GNU 11.4.0
[0.261s] -- The CXX compiler identification is GNU 11.4.0
[0.287s] -- Detecting C compiler ABI info
[0.413s] -- Detecting C compiler ABI info - done
[0.447s] -- Check for working C compiler: /usr/bin/cc - skipped
[0.447s] -- Detecting C compile features
[0.448s] -- Detecting C compile features - done
[0.454s] -- Detecting CXX compiler ABI info
[0.604s] -- Detecting CXX compiler ABI info - done
[0.659s] -- Check for working CXX compiler: /usr/bin/c++ - skipped
[0.660s] -- Detecting CXX compile features
[0.662s] -- Detecting CXX compile features - done
[0.689s] -- Found ament_cmake: 1.3.11 (/opt/ros/humble/share/ament_cmake/cmake)
[1.119s] -- Found Python3: /usr/bin/python3 (found version "3.10.12") found components: Interpreter
[1.667s] -- Found moveit_ros_planning_interface: 2.5.5 (/home/albert/ws_moveit2/install/moveit_ros_planning_interface/share/moveit_ros_planning_interface/cmake)
[2.004s] -- Found Boost: /usr/lib/x86_64-linux-gnu/cmake/Boost-1.74.0/BoostConfig.cmake (found version "1.74.0") found components: date_time filesystem program_options system thread
[2.238s] -- Found rosidl_generator_c: 3.1.6 (/opt/ros/humble/share/rosidl_generator_c/cmake)
[2.273s] -- Found rosidl_adapter: 3.1.6 (/opt/ros/humble/share/rosidl_adapter/cmake)
[2.313s] -- Found rosidl_generator_cpp: 3.1.6 (/opt/ros/humble/share/rosidl_generator_cpp/cmake)
[2.376s] -- Using all available rosidl_typesupport_c: rosidl_typesupport_fastrtps_c;rosidl_typesupport_introspection_c
[2.460s] -- Using all available rosidl_typesupport_cpp: rosidl_typesupport_fastrtps_cpp;rosidl_typesupport_introspection_cpp
[3.088s] -- Found Boost: /usr/lib/x86_64-linux-gnu/cmake/Boost-1.74.0/BoostConfig.cmake (found version "1.74.0") found components: chrono date_time filesystem iostreams program_options regex serialization system thread
[3.346s] -- Found parameter_traits: 0.3.9 (/opt/ros/humble/share/parameter_traits/cmake)
[3.615s] -- Found rmw_implementation_cmake: 6.1.2 (/opt/ros/humble/share/rmw_implementation_cmake/cmake)
[3.645s] -- Found rmw_cyclonedds_cpp: 1.3.4 (/opt/ros/humble/share/rmw_cyclonedds_cpp/cmake)
[3.781s] -- Using RMW implementation 'rmw_cyclonedds_cpp' as default
[3.834s] -- Found Threads: TRUE
[3.997s] -- Found rclcpp_lifecycle: 16.0.11 (/opt/ros/humble/share/rclcpp_lifecycle/cmake)
[4.078s] -- Found Boost: /usr/lib/x86_64-linux-gnu/cmake/Boost-1.74.0/BoostConfig.cmake (found version "1.74.0") found components: filesystem
[4.350s] -- library: /usr/lib/x86_64-linux-gnu/libcurl.so
[4.471s] -- Found Eigen3: TRUE (found version "3.4.0")
[4.471s] -- Ensuring Eigen3 include directory is part of orocos-kdl CMake target
[4.982s] -- Found Boost: /usr/lib/x86_64-linux-gnu/cmake/Boost-1.74.0/BoostConfig.cmake (found version "1.74.0") found components: system filesystem date_time program_options thread chrono
[5.049s] -- Found Boost: /usr/lib/x86_64-linux-gnu/cmake/Boost-1.74.0/BoostConfig.cmake (found version "1.74.0") found components: thread system filesystem regex date_time program_options
[5.255s] -- Found Boost: /usr/lib/x86_64-linux-gnu/cmake/Boost-1.74.0/BoostConfig.cmake (found version "1.74.0") found components: system filesystem date_time program_options thread
[5.334s] -- Found moveit_kinematics: 2.5.5 (/home/albert/ws_moveit2/install/moveit_kinematics/share/moveit_kinematics/cmake)
[5.339s] -- Found Boost: /usr/lib/x86_64-linux-gnu/cmake/Boost-1.74.0/BoostConfig.cmake (found version "1.74.0") found components: program_options system
[5.361s] -- Found moveit_planners_ompl: 2.5.5 (/home/albert/ws_moveit2/install/moveit_planners_ompl/share/moveit_planners_ompl/cmake)
[5.397s] -- Found moveit_ros_visualization: 2.5.5 (/home/albert/ws_moveit2/install/moveit_ros_visualization/share/moveit_ros_visualization/cmake)
[5.402s] -- Found Boost: /usr/lib/x86_64-linux-gnu/cmake/Boost-1.74.0/BoostConfig.cmake (found version "1.74.0") found components: thread date_time system filesystem
[5.534s] -- Setting OGRE_DIR to: '/opt/ros/humble/share/rviz_ogre_vendor/cmake/../../../opt/rviz_ogre_vendor/lib/OGRE/cmake'
[5.535s] -- Found OGRE
[5.535s] --   static     : OFF
[5.535s] --   components : HLMS;MeshLodGenerator;Overlay;Paging;Property;RTShaderSystem;Terrain;Volume
[5.535s] --   plugins    : Plugin_BSPSceneManager;Plugin_OctreeSceneManager;Plugin_PCZSceneManager;Plugin_ParticleFX;RenderSystem_GL;RenderSystem_GL3Plus;Codec_STBI
[5.535s] --   media      : /opt/ros/humble/opt/rviz_ogre_vendor/share/OGRE/Media
[5.536s] -- OGRE_LIBRARIES: OgreHLMS;OgreMeshLodGenerator;OgreOverlay;OgrePaging;OgreProperty;OgreRTShaderSystem;OgreTerrain;OgreVolume;OgreMain
[5.536s] -- OGRE_LIBRARY_DIRS: /opt/ros/humble/opt/rviz_ogre_vendor/lib
[5.536s] -- OGRE_PLUGINS: Plugin_BSPSceneManager;Plugin_OctreeSceneManager;Plugin_PCZSceneManager;Plugin_ParticleFX;RenderSystem_GL;RenderSystem_GL3Plus;Codec_STBI
[5.536s] -- OGRE_PLUGIN_DIR: /opt/ros/humble/opt/rviz_ogre_vendor/lib/OGRE
[5.536s] -- rviz_ogre_vendor::OgreOverlay for IMPORTED_LOCATION_RELEASE: /opt/ros/humble/opt/rviz_ogre_vendor/lib/libOgreOverlay.so
[5.536s] -- rviz_ogre_vendor::OgreOverlay for IMPORTED_LOCATION_DEBUG: /opt/ros/humble/opt/rviz_ogre_vendor/lib/libOgreOverlay.so
[5.536s] -- rviz_ogre_vendor::OgreMain for IMPORTED_LOCATION_RELEASE: /opt/ros/humble/opt/rviz_ogre_vendor/lib/libOgreMain.so
[5.536s] -- rviz_ogre_vendor::OgreMain for IMPORTED_LOCATION_DEBUG: /opt/ros/humble/opt/rviz_ogre_vendor/lib/libOgreMain.so
[5.632s] -- Found ZLIB: /usr/lib/x86_64-linux-gnu/libz.so (found version "1.2.11")
[5.683s] -- Found OpenGL: /usr/lib/x86_64-linux-gnu/libOpenGL.so
[6.277s] -- Found X11: /usr/include
[6.278s] -- Looking for XOpenDisplay in /usr/lib/x86_64-linux-gnu/libX11.so;/usr/lib/x86_64-linux-gnu/libXext.so
[6.401s] -- Looking for XOpenDisplay in /usr/lib/x86_64-linux-gnu/libX11.so;/usr/lib/x86_64-linux-gnu/libXext.so - found
[6.401s] -- Looking for gethostbyname
[6.524s] -- Looking for gethostbyname - found
[6.524s] -- Looking for connect
[6.639s] -- Looking for connect - found
[6.639s] -- Looking for remove
[6.758s] -- Looking for remove - found
[6.758s] -- Looking for shmat
[6.874s] -- Looking for shmat - found
[6.874s] -- Looking for IceConnectionNumber in ICE
[6.996s] -- Looking for IceConnectionNumber in ICE - found
[7.117s] -- Setting assimp_DIR to: '/opt/ros/humble/share/rviz_assimp_vendor/cmake/../../../opt/rviz_assimp_vendor/lib/cmake/assimp-4.1'
[7.469s] -- Found rviz_visual_tools: 4.1.4 (/opt/ros/humble/share/rviz_visual_tools/cmake)
[7.521s] -- Found ament_lint_auto: 0.12.11 (/opt/ros/humble/share/ament_lint_auto/cmake)
[7.784s] -- Added test 'flake8' to check Python code syntax and style conventions
[7.788s] -- Added test 'lint_cmake' to check CMake code style
[7.793s] -- Added test 'pep257' to check Python code against some of the docstring style conventions in PEP 257
[7.799s] -- Added test 'xmllint' to check XML markup files
[7.806s] -- Configuring done (7.8s)
[7.817s] -- Generating done (0.0s)
[7.822s] -- Build files have been written to: /home/albert/ag_arm_ws/build/arm_moveit
[7.845s] Invoked command in '/home/albert/ag_arm_ws/build/arm_moveit' returned '0': CMAKE_PREFIX_PATH=${CMAKE_PREFIX_PATH}:/home/albert/udem2_ws/install/actions_py:/home/albert/udem2_ws/install/lifecycle_py:/home/albert/udem2_ws/install/executors_py:/home/albert/udem2_ws/install/components_py:/home/albert/bcdc_ws/install/agbot_teleop:/home/albert/bcdc_ws/install/agbot_py:/home/albert/ws_moveit2/install/moveit_configs_utils:/home/albert/ws_moveit2/install/launch_param_builder:/home/albert/umov_ws/install/arduino_py_examples:/home/albert/arduinobot_ws/install/arduinobot_py_examples:/home/albert/udem_ws/install/turtlesim_catcher:/home/albert/udem_ws/install/my_py_pkg:/home/albert/udem_ws/install/lifecycle_py:/opt/ros/humble /home/albert/.local/bin/cmake /home/albert/ag_arm_ws/src/arm_moveit -DCMAKE_INSTALL_PREFIX=/home/albert/ag_arm_ws/install/arm_moveit
[7.847s] Invoking command in '/home/albert/ag_arm_ws/build/arm_moveit': CMAKE_PREFIX_PATH=${CMAKE_PREFIX_PATH}:/home/albert/udem2_ws/install/actions_py:/home/albert/udem2_ws/install/lifecycle_py:/home/albert/udem2_ws/install/executors_py:/home/albert/udem2_ws/install/components_py:/home/albert/bcdc_ws/install/agbot_teleop:/home/albert/bcdc_ws/install/agbot_py:/home/albert/ws_moveit2/install/moveit_configs_utils:/home/albert/ws_moveit2/install/launch_param_builder:/home/albert/umov_ws/install/arduino_py_examples:/home/albert/arduinobot_ws/install/arduinobot_py_examples:/home/albert/udem_ws/install/turtlesim_catcher:/home/albert/udem_ws/install/my_py_pkg:/home/albert/udem_ws/install/lifecycle_py:/opt/ros/humble /home/albert/.local/bin/cmake --build /home/albert/ag_arm_ws/build/arm_moveit -- -j8 -l8
[7.892s] Invoked command in '/home/albert/ag_arm_ws/build/arm_moveit' returned '0': CMAKE_PREFIX_PATH=${CMAKE_PREFIX_PATH}:/home/albert/udem2_ws/install/actions_py:/home/albert/udem2_ws/install/lifecycle_py:/home/albert/udem2_ws/install/executors_py:/home/albert/udem2_ws/install/components_py:/home/albert/bcdc_ws/install/agbot_teleop:/home/albert/bcdc_ws/install/agbot_py:/home/albert/ws_moveit2/install/moveit_configs_utils:/home/albert/ws_moveit2/install/launch_param_builder:/home/albert/umov_ws/install/arduino_py_examples:/home/albert/arduinobot_ws/install/arduinobot_py_examples:/home/albert/udem_ws/install/turtlesim_catcher:/home/albert/udem_ws/install/my_py_pkg:/home/albert/udem_ws/install/lifecycle_py:/opt/ros/humble /home/albert/.local/bin/cmake --build /home/albert/ag_arm_ws/build/arm_moveit -- -j8 -l8
[7.896s] Invoking command in '/home/albert/ag_arm_ws/build/arm_moveit': CMAKE_PREFIX_PATH=${CMAKE_PREFIX_PATH}:/home/albert/udem2_ws/install/actions_py:/home/albert/udem2_ws/install/lifecycle_py:/home/albert/udem2_ws/install/executors_py:/home/albert/udem2_ws/install/components_py:/home/albert/bcdc_ws/install/agbot_teleop:/home/albert/bcdc_ws/install/agbot_py:/home/albert/ws_moveit2/install/moveit_configs_utils:/home/albert/ws_moveit2/install/launch_param_builder:/home/albert/umov_ws/install/arduino_py_examples:/home/albert/arduinobot_ws/install/arduinobot_py_examples:/home/albert/udem_ws/install/turtlesim_catcher:/home/albert/udem_ws/install/my_py_pkg:/home/albert/udem_ws/install/lifecycle_py:/opt/ros/humble /home/albert/.local/bin/cmake --install /home/albert/ag_arm_ws/build/arm_moveit
[7.901s] -- Install configuration: ""
[7.901s] -- Installing: /home/albert/ag_arm_ws/install/arm_moveit/share/arm_moveit/launch
[7.901s] -- Installing: /home/albert/ag_arm_ws/install/arm_moveit/share/arm_moveit/launch/moveit.launch.py
[7.901s] -- Installing: /home/albert/ag_arm_ws/install/arm_moveit/share/arm_moveit/launch/arm_moveit.launch.py
[7.902s] -- Installing: /home/albert/ag_arm_ws/install/arm_moveit/share/arm_moveit/config
[7.902s] -- Installing: /home/albert/ag_arm_ws/install/arm_moveit/share/arm_moveit/config/joint_limits.yaml
[7.902s] -- Installing: /home/albert/ag_arm_ws/install/arm_moveit/share/arm_moveit/config/moveit_controllers.yaml
[7.902s] -- Installing: /home/albert/ag_arm_ws/install/arm_moveit/share/arm_moveit/config/initial_positions.yaml
[7.903s] -- Installing: /home/albert/ag_arm_ws/install/arm_moveit/share/arm_moveit/config/pilz_cartesian_limits.yaml
[7.903s] -- Installing: /home/albert/ag_arm_ws/install/arm_moveit/share/arm_moveit/config/pilz_instustrial_motion_planner_planning.yaml
[7.903s] -- Installing: /home/albert/ag_arm_ws/install/arm_moveit/share/arm_moveit/config/kinematics.yaml
[7.904s] -- Installing: /home/albert/ag_arm_ws/install/arm_moveit/share/arm_moveit/config/agbot_arm.srdf
[7.904s] -- Installing: /home/albert/ag_arm_ws/install/arm_moveit/share/arm_moveit/config/moveit.rviz
[7.904s] -- Installing: /home/albert/ag_arm_ws/install/arm_moveit/share/arm_moveit/rviz
[7.905s] -- Installing: /home/albert/ag_arm_ws/install/arm_moveit/share/arm_moveit/rviz/move_group.rviz
[7.905s] -- Installing: /home/albert/ag_arm_ws/install/arm_moveit/share/ament_index/resource_index/package_run_dependencies/arm_moveit
[7.906s] -- Installing: /home/albert/ag_arm_ws/install/arm_moveit/share/ament_index/resource_index/parent_prefix_path/arm_moveit
[7.906s] -- Installing: /home/albert/ag_arm_ws/install/arm_moveit/share/arm_moveit/environment/ament_prefix_path.sh
[7.906s] -- Installing: /home/albert/ag_arm_ws/install/arm_moveit/share/arm_moveit/environment/ament_prefix_path.dsv
[7.906s] -- Installing: /home/albert/ag_arm_ws/install/arm_moveit/share/arm_moveit/environment/path.sh
[7.906s] -- Installing: /home/albert/ag_arm_ws/install/arm_moveit/share/arm_moveit/environment/path.dsv
[7.907s] -- Installing: /home/albert/ag_arm_ws/install/arm_moveit/share/arm_moveit/local_setup.bash
[7.907s] -- Installing: /home/albert/ag_arm_ws/install/arm_moveit/share/arm_moveit/local_setup.sh
[7.907s] -- Installing: /home/albert/ag_arm_ws/install/arm_moveit/share/arm_moveit/local_setup.zsh
[7.907s] -- Installing: /home/albert/ag_arm_ws/install/arm_moveit/share/arm_moveit/local_setup.dsv
[7.907s] -- Installing: /home/albert/ag_arm_ws/install/arm_moveit/share/arm_moveit/package.dsv
[7.908s] -- Installing: /home/albert/ag_arm_ws/install/arm_moveit/share/ament_index/resource_index/packages/arm_moveit
[7.908s] -- Installing: /home/albert/ag_arm_ws/install/arm_moveit/share/arm_moveit/cmake/arm_moveitConfig.cmake
[7.908s] -- Installing: /home/albert/ag_arm_ws/install/arm_moveit/share/arm_moveit/cmake/arm_moveitConfig-version.cmake
[7.908s] -- Installing: /home/albert/ag_arm_ws/install/arm_moveit/share/arm_moveit/package.xml
[7.911s] Invoked command in '/home/albert/ag_arm_ws/build/arm_moveit' returned '0': CMAKE_PREFIX_PATH=${CMAKE_PREFIX_PATH}:/home/albert/udem2_ws/install/actions_py:/home/albert/udem2_ws/install/lifecycle_py:/home/albert/udem2_ws/install/executors_py:/home/albert/udem2_ws/install/components_py:/home/albert/bcdc_ws/install/agbot_teleop:/home/albert/bcdc_ws/install/agbot_py:/home/albert/ws_moveit2/install/moveit_configs_utils:/home/albert/ws_moveit2/install/launch_param_builder:/home/albert/umov_ws/install/arduino_py_examples:/home/albert/arduinobot_ws/install/arduinobot_py_examples:/home/albert/udem_ws/install/turtlesim_catcher:/home/albert/udem_ws/install/my_py_pkg:/home/albert/udem_ws/install/lifecycle_py:/opt/ros/humble /home/albert/.local/bin/cmake --install /home/albert/ag_arm_ws/build/arm_moveit
