[5.111s] Invoking command in '/home/albert/ag_arm_ws/src/arm_py': PYTHONPATH=/home/albert/ag_arm_ws/build/arm_py/prefix_override:/usr/lib/python3/dist-packages/colcon_core/task/python/colcon_distutils_commands:/home/albert/ag_arm_ws/install/arm_py/lib/python3.10/site-packages:${PYTHONPATH} /usr/bin/python3 -W ignore:setup.py install is deprecated -W ignore:easy_install command is deprecated setup.py egg_info --egg-base ../../build/arm_py build --build-base /home/albert/ag_arm_ws/build/arm_py/build install --record /home/albert/ag_arm_ws/build/arm_py/install.log --single-version-externally-managed install_data
[7.192s] running egg_info
[7.196s] writing ../../build/arm_py/arm_py.egg-info/PKG-INFO
[7.197s] writing dependency_links to ../../build/arm_py/arm_py.egg-info/dependency_links.txt
[7.198s] writing entry points to ../../build/arm_py/arm_py.egg-info/entry_points.txt
[7.201s] writing requirements to ../../build/arm_py/arm_py.egg-info/requires.txt
[7.202s] writing top-level names to ../../build/arm_py/arm_py.egg-info/top_level.txt
[7.213s] reading manifest file '../../build/arm_py/arm_py.egg-info/SOURCES.txt'
[7.216s] writing manifest file '../../build/arm_py/arm_py.egg-info/SOURCES.txt'
[7.216s] running build
[7.217s] running build_py
[7.217s] running install
[7.218s] running install_lib
[7.225s] running install_data
[7.227s] running install_egg_info
[7.236s] removing '/home/albert/ag_arm_ws/install/arm_py/lib/python3.10/site-packages/arm_py-0.0.0-py3.10.egg-info' (and everything under it)
[7.237s] Copying ../../build/arm_py/arm_py.egg-info to /home/albert/ag_arm_ws/install/arm_py/lib/python3.10/site-packages/arm_py-0.0.0-py3.10.egg-info
[7.247s] running install_scripts
[7.360s] writing list of installed files to '/home/albert/ag_arm_ws/build/arm_py/install.log'
[7.489s] Invoked command in '/home/albert/ag_arm_ws/src/arm_py' returned '0': PYTHONPATH=/home/albert/ag_arm_ws/build/arm_py/prefix_override:/usr/lib/python3/dist-packages/colcon_core/task/python/colcon_distutils_commands:/home/albert/ag_arm_ws/install/arm_py/lib/python3.10/site-packages:${PYTHONPATH} /usr/bin/python3 -W ignore:setup.py install is deprecated -W ignore:easy_install command is deprecated setup.py egg_info --egg-base ../../build/arm_py build --build-base /home/albert/ag_arm_ws/build/arm_py/build install --record /home/albert/ag_arm_ws/build/arm_py/install.log --single-version-externally-managed install_data
