[0.068s] Invoking command in '/home/albert/ag_arm_ws/src/build/arm_controller': CMAKE_PREFIX_PATH=${CMAKE_PREFIX_PATH}:/home/albert/ws_moveit2/install/moveit_configs_utils:/home/albert/ws_moveit2/install/launch_param_builder:/home/albert/umov_ws/install/arduino_py_examples:/home/albert/udem2_ws/install/actions_py:/home/albert/udem2_ws/install/lifecycle_py:/home/albert/udem2_ws/install/executors_py:/home/albert/udem2_ws/install/components_py:/home/albert/udem_ws/install/turtlesim_catcher:/home/albert/udem_ws/install/my_py_pkg:/home/albert/udem_ws/install/lifecycle_py:/home/albert/bcdc_ws/install/agbot_teleop:/home/albert/bcdc_ws/install/agbot_py:/home/albert/arduinobot_ws/install/arduinobot_py_examples:/opt/ros/humble /home/albert/.local/bin/cmake --build /home/albert/ag_arm_ws/src/build/arm_controller -- -j8 -l8
[0.580s] Invoked command in '/home/albert/ag_arm_ws/src/build/arm_controller' returned '0': CMAKE_PREFIX_PATH=${CMAKE_PREFIX_PATH}:/home/albert/ws_moveit2/install/moveit_configs_utils:/home/albert/ws_moveit2/install/launch_param_builder:/home/albert/umov_ws/install/arduino_py_examples:/home/albert/udem2_ws/install/actions_py:/home/albert/udem2_ws/install/lifecycle_py:/home/albert/udem2_ws/install/executors_py:/home/albert/udem2_ws/install/components_py:/home/albert/udem_ws/install/turtlesim_catcher:/home/albert/udem_ws/install/my_py_pkg:/home/albert/udem_ws/install/lifecycle_py:/home/albert/bcdc_ws/install/agbot_teleop:/home/albert/bcdc_ws/install/agbot_py:/home/albert/arduinobot_ws/install/arduinobot_py_examples:/opt/ros/humble /home/albert/.local/bin/cmake --build /home/albert/ag_arm_ws/src/build/arm_controller -- -j8 -l8
[0.583s] Invoking command in '/home/albert/ag_arm_ws/src/build/arm_controller': CMAKE_PREFIX_PATH=${CMAKE_PREFIX_PATH}:/home/albert/ws_moveit2/install/moveit_configs_utils:/home/albert/ws_moveit2/install/launch_param_builder:/home/albert/umov_ws/install/arduino_py_examples:/home/albert/udem2_ws/install/actions_py:/home/albert/udem2_ws/install/lifecycle_py:/home/albert/udem2_ws/install/executors_py:/home/albert/udem2_ws/install/components_py:/home/albert/udem_ws/install/turtlesim_catcher:/home/albert/udem_ws/install/my_py_pkg:/home/albert/udem_ws/install/lifecycle_py:/home/albert/bcdc_ws/install/agbot_teleop:/home/albert/bcdc_ws/install/agbot_py:/home/albert/arduinobot_ws/install/arduinobot_py_examples:/opt/ros/humble /home/albert/.local/bin/cmake --install /home/albert/ag_arm_ws/src/build/arm_controller
[0.613s] -- Install configuration: ""
[0.613s] -- Up-to-date: /home/albert/ag_arm_ws/src/install/arm_controller/share/arm_controller/config
[0.614s] -- Up-to-date: /home/albert/ag_arm_ws/src/install/arm_controller/share/arm_controller/config/arm_controllers.yaml
[0.614s] -- Up-to-date: /home/albert/ag_arm_ws/src/install/arm_controller/share/arm_controller/launch
[0.614s] -- Up-to-date: /home/albert/ag_arm_ws/src/install/arm_controller/share/arm_controller/launch/controller.launch.py
[0.614s] -- Up-to-date: /home/albert/ag_arm_ws/src/install/arm_controller/share/ament_index/resource_index/package_run_dependencies/arm_controller
[0.615s] -- Up-to-date: /home/albert/ag_arm_ws/src/install/arm_controller/share/ament_index/resource_index/parent_prefix_path/arm_controller
[0.615s] -- Up-to-date: /home/albert/ag_arm_ws/src/install/arm_controller/share/arm_controller/environment/ament_prefix_path.sh
[0.615s] -- Up-to-date: /home/albert/ag_arm_ws/src/install/arm_controller/share/arm_controller/environment/ament_prefix_path.dsv
[0.615s] -- Up-to-date: /home/albert/ag_arm_ws/src/install/arm_controller/share/arm_controller/environment/path.sh
[0.616s] -- Up-to-date: /home/albert/ag_arm_ws/src/install/arm_controller/share/arm_controller/environment/path.dsv
[0.616s] -- Up-to-date: /home/albert/ag_arm_ws/src/install/arm_controller/share/arm_controller/local_setup.bash
[0.616s] -- Up-to-date: /home/albert/ag_arm_ws/src/install/arm_controller/share/arm_controller/local_setup.sh
[0.616s] -- Up-to-date: /home/albert/ag_arm_ws/src/install/arm_controller/share/arm_controller/local_setup.zsh
[0.616s] -- Up-to-date: /home/albert/ag_arm_ws/src/install/arm_controller/share/arm_controller/local_setup.dsv
[0.617s] -- Installing: /home/albert/ag_arm_ws/src/install/arm_controller/share/arm_controller/package.dsv
[0.617s] -- Up-to-date: /home/albert/ag_arm_ws/src/install/arm_controller/share/ament_index/resource_index/packages/arm_controller
[0.617s] -- Up-to-date: /home/albert/ag_arm_ws/src/install/arm_controller/share/arm_controller/cmake/arm_controllerConfig.cmake
[0.617s] -- Up-to-date: /home/albert/ag_arm_ws/src/install/arm_controller/share/arm_controller/cmake/arm_controllerConfig-version.cmake
[0.617s] -- Up-to-date: /home/albert/ag_arm_ws/src/install/arm_controller/share/arm_controller/package.xml
[0.701s] Invoked command in '/home/albert/ag_arm_ws/src/build/arm_controller' returned '0': CMAKE_PREFIX_PATH=${CMAKE_PREFIX_PATH}:/home/albert/ws_moveit2/install/moveit_configs_utils:/home/albert/ws_moveit2/install/launch_param_builder:/home/albert/umov_ws/install/arduino_py_examples:/home/albert/udem2_ws/install/actions_py:/home/albert/udem2_ws/install/lifecycle_py:/home/albert/udem2_ws/install/executors_py:/home/albert/udem2_ws/install/components_py:/home/albert/udem_ws/install/turtlesim_catcher:/home/albert/udem_ws/install/my_py_pkg:/home/albert/udem_ws/install/lifecycle_py:/home/albert/bcdc_ws/install/agbot_teleop:/home/albert/bcdc_ws/install/agbot_py:/home/albert/arduinobot_ws/install/arduinobot_py_examples:/opt/ros/humble /home/albert/.local/bin/cmake --install /home/albert/ag_arm_ws/src/build/arm_controller
