[3.678s] Invoking command in '/home/albert/ag_arm_ws/src/arm_py': PYTHONPATH=/home/albert/ag_arm_ws/build/arm_py/prefix_override:/usr/lib/python3/dist-packages/colcon_core/task/python/colcon_distutils_commands:/home/albert/ag_arm_ws/install/arm_py/lib/python3.10/site-packages:${PYTHONPATH} /usr/bin/python3 -W ignore:setup.py install is deprecated -W ignore:easy_install command is deprecated setup.py egg_info --egg-base ../../build/arm_py build --build-base /home/albert/ag_arm_ws/build/arm_py/build install --record /home/albert/ag_arm_ws/build/arm_py/install.log --single-version-externally-managed install_data
[4.910s] running egg_info
[4.912s] writing ../../build/arm_py/arm_py.egg-info/PKG-INFO
[4.913s] writing dependency_links to ../../build/arm_py/arm_py.egg-info/dependency_links.txt
[4.914s] writing entry points to ../../build/arm_py/arm_py.egg-info/entry_points.txt
[4.914s] writing requirements to ../../build/arm_py/arm_py.egg-info/requires.txt
[4.914s] writing top-level names to ../../build/arm_py/arm_py.egg-info/top_level.txt
[4.920s] reading manifest file '../../build/arm_py/arm_py.egg-info/SOURCES.txt'
[4.923s] writing manifest file '../../build/arm_py/arm_py.egg-info/SOURCES.txt'
[4.923s] running build
[4.923s] running build_py
[4.924s] running install
[4.924s] running install_lib
[4.929s] running install_data
[4.929s] running install_egg_info
[4.936s] removing '/home/albert/ag_arm_ws/install/arm_py/lib/python3.10/site-packages/arm_py-0.0.0-py3.10.egg-info' (and everything under it)
[4.937s] Copying ../../build/arm_py/arm_py.egg-info to /home/albert/ag_arm_ws/install/arm_py/lib/python3.10/site-packages/arm_py-0.0.0-py3.10.egg-info
[4.938s] running install_scripts
[5.017s] writing list of installed files to '/home/albert/ag_arm_ws/build/arm_py/install.log'
[5.100s] Invoked command in '/home/albert/ag_arm_ws/src/arm_py' returned '0': PYTHONPATH=/home/albert/ag_arm_ws/build/arm_py/prefix_override:/usr/lib/python3/dist-packages/colcon_core/task/python/colcon_distutils_commands:/home/albert/ag_arm_ws/install/arm_py/lib/python3.10/site-packages:${PYTHONPATH} /usr/bin/python3 -W ignore:setup.py install is deprecated -W ignore:easy_install command is deprecated setup.py egg_info --egg-base ../../build/arm_py build --build-base /home/albert/ag_arm_ws/build/arm_py/build install --record /home/albert/ag_arm_ws/build/arm_py/install.log --single-version-externally-managed install_data
