[2.043s] Invoking command in '/home/albert/ag_arm_ws/src/arm_py': PYTHONPATH=/home/albert/ag_arm_ws/src/build/arm_py/prefix_override:/usr/lib/python3/dist-packages/colcon_core/task/python/colcon_distutils_commands:/home/albert/ag_arm_ws/src/install/arm_py/lib/python3.10/site-packages:${PYTHONPATH} /usr/bin/python3 -W ignore:setup.py install is deprecated -W ignore:easy_install command is deprecated setup.py egg_info --egg-base ../build/arm_py build --build-base /home/albert/ag_arm_ws/src/build/arm_py/build install --record /home/albert/ag_arm_ws/src/build/arm_py/install.log --single-version-externally-managed install_data
[2.720s] running egg_info
[2.721s] writing ../build/arm_py/arm_py.egg-info/PKG-INFO
[2.722s] writing dependency_links to ../build/arm_py/arm_py.egg-info/dependency_links.txt
[2.722s] writing entry points to ../build/arm_py/arm_py.egg-info/entry_points.txt
[2.722s] writing requirements to ../build/arm_py/arm_py.egg-info/requires.txt
[2.723s] writing top-level names to ../build/arm_py/arm_py.egg-info/top_level.txt
[2.726s] reading manifest file '../build/arm_py/arm_py.egg-info/SOURCES.txt'
[2.727s] writing manifest file '../build/arm_py/arm_py.egg-info/SOURCES.txt'
[2.727s] running build
[2.727s] running build_py
[2.728s] running install
[2.728s] running install_lib
[2.730s] running install_data
[2.730s] running install_egg_info
[2.733s] removing '/home/albert/ag_arm_ws/src/install/arm_py/lib/python3.10/site-packages/arm_py-0.0.0-py3.10.egg-info' (and everything under it)
[2.734s] Copying ../build/arm_py/arm_py.egg-info to /home/albert/ag_arm_ws/src/install/arm_py/lib/python3.10/site-packages/arm_py-0.0.0-py3.10.egg-info
[2.735s] running install_scripts
[2.772s] writing list of installed files to '/home/albert/ag_arm_ws/src/build/arm_py/install.log'
[2.811s] Invoked command in '/home/albert/ag_arm_ws/src/arm_py' returned '0': PYTHONPATH=/home/albert/ag_arm_ws/src/build/arm_py/prefix_override:/usr/lib/python3/dist-packages/colcon_core/task/python/colcon_distutils_commands:/home/albert/ag_arm_ws/src/install/arm_py/lib/python3.10/site-packages:${PYTHONPATH} /usr/bin/python3 -W ignore:setup.py install is deprecated -W ignore:easy_install command is deprecated setup.py egg_info --egg-base ../build/arm_py build --build-base /home/albert/ag_arm_ws/src/build/arm_py/build install --record /home/albert/ag_arm_ws/src/build/arm_py/install.log --single-version-externally-managed install_data
