[0.161s] Invoking command in '/home/albert/ag_arm_ws/src/build/arm_msgs': CMAKE_PREFIX_PATH=${CMAKE_PREFIX_PATH}:/home/albert/ws_moveit2/install/moveit_configs_utils:/home/albert/ws_moveit2/install/launch_param_builder:/home/albert/umov_ws/install/arduino_py_examples:/home/albert/udem2_ws/install/actions_py:/home/albert/udem2_ws/install/lifecycle_py:/home/albert/udem2_ws/install/executors_py:/home/albert/udem2_ws/install/components_py:/home/albert/udem_ws/install/turtlesim_catcher:/home/albert/udem_ws/install/my_py_pkg:/home/albert/udem_ws/install/lifecycle_py:/home/albert/bcdc_ws/install/agbot_teleop:/home/albert/bcdc_ws/install/agbot_py:/home/albert/arduinobot_ws/install/arduinobot_py_examples:/opt/ros/humble /home/albert/.local/bin/cmake --build /home/albert/ag_arm_ws/src/build/arm_msgs -- -j8 -l8
[0.253s] [  2%] Built target arm_msgs__cpp
[0.261s] [ 12%] Built target arm_msgs__rosidl_generator_c
[0.271s] [ 12%] Built target ament_cmake_python_copy_arm_msgs
[0.308s] [ 23%] Built target arm_msgs__rosidl_typesupport_cpp
[0.312s] [ 34%] Built target arm_msgs__rosidl_typesupport_fastrtps_cpp
[0.313s] [ 44%] Built target arm_msgs__rosidl_typesupport_introspection_c
[0.319s] [ 55%] Built target arm_msgs__rosidl_typesupport_introspection_cpp
[0.320s] [ 65%] Built target arm_msgs__rosidl_typesupport_c
[0.325s] [ 76%] Built target arm_msgs__rosidl_typesupport_fastrtps_c
[0.356s] [ 76%] Built target arm_msgs
[0.386s] [ 78%] Built target arm_msgs__py
[0.420s] [ 87%] Built target arm_msgs__rosidl_generator_py
[0.464s] [ 91%] Built target arm_msgs__rosidl_typesupport_fastrtps_c__pyext
[0.464s] [ 95%] Built target arm_msgs__rosidl_typesupport_c__pyext
[0.467s] [100%] Built target arm_msgs__rosidl_typesupport_introspection_c__pyext
[0.967s] running egg_info
[0.967s] writing arm_msgs.egg-info/PKG-INFO
[0.968s] writing dependency_links to arm_msgs.egg-info/dependency_links.txt
[0.968s] writing top-level names to arm_msgs.egg-info/top_level.txt
[0.973s] reading manifest file 'arm_msgs.egg-info/SOURCES.txt'
[0.976s] writing manifest file 'arm_msgs.egg-info/SOURCES.txt'
[1.069s] [100%] Built target ament_cmake_python_build_arm_msgs_egg
[1.192s] Invoked command in '/home/albert/ag_arm_ws/src/build/arm_msgs' returned '0': CMAKE_PREFIX_PATH=${CMAKE_PREFIX_PATH}:/home/albert/ws_moveit2/install/moveit_configs_utils:/home/albert/ws_moveit2/install/launch_param_builder:/home/albert/umov_ws/install/arduino_py_examples:/home/albert/udem2_ws/install/actions_py:/home/albert/udem2_ws/install/lifecycle_py:/home/albert/udem2_ws/install/executors_py:/home/albert/udem2_ws/install/components_py:/home/albert/udem_ws/install/turtlesim_catcher:/home/albert/udem_ws/install/my_py_pkg:/home/albert/udem_ws/install/lifecycle_py:/home/albert/bcdc_ws/install/agbot_teleop:/home/albert/bcdc_ws/install/agbot_py:/home/albert/arduinobot_ws/install/arduinobot_py_examples:/opt/ros/humble /home/albert/.local/bin/cmake --build /home/albert/ag_arm_ws/src/build/arm_msgs -- -j8 -l8
[1.195s] Invoking command in '/home/albert/ag_arm_ws/src/build/arm_msgs': CMAKE_PREFIX_PATH=${CMAKE_PREFIX_PATH}:/home/albert/ws_moveit2/install/moveit_configs_utils:/home/albert/ws_moveit2/install/launch_param_builder:/home/albert/umov_ws/install/arduino_py_examples:/home/albert/udem2_ws/install/actions_py:/home/albert/udem2_ws/install/lifecycle_py:/home/albert/udem2_ws/install/executors_py:/home/albert/udem2_ws/install/components_py:/home/albert/udem_ws/install/turtlesim_catcher:/home/albert/udem_ws/install/my_py_pkg:/home/albert/udem_ws/install/lifecycle_py:/home/albert/bcdc_ws/install/agbot_teleop:/home/albert/bcdc_ws/install/agbot_py:/home/albert/arduinobot_ws/install/arduinobot_py_examples:/opt/ros/humble /home/albert/.local/bin/cmake --install /home/albert/ag_arm_ws/src/build/arm_msgs
[1.207s] -- Install configuration: ""
[1.207s] -- Up-to-date: /home/albert/ag_arm_ws/src/install/arm_msgs/share/ament_index/resource_index/rosidl_interfaces/arm_msgs
[1.208s] -- Up-to-date: /home/albert/ag_arm_ws/src/install/arm_msgs/include/arm_msgs/arm_msgs
[1.208s] -- Up-to-date: /home/albert/ag_arm_ws/src/install/arm_msgs/include/arm_msgs/arm_msgs/msg
[1.208s] -- Up-to-date: /home/albert/ag_arm_ws/src/install/arm_msgs/include/arm_msgs/arm_msgs/msg/rosidl_generator_c__visibility_control.h
[1.208s] -- Up-to-date: /home/albert/ag_arm_ws/src/install/arm_msgs/include/arm_msgs/arm_msgs/action
[1.208s] -- Up-to-date: /home/albert/ag_arm_ws/src/install/arm_msgs/include/arm_msgs/arm_msgs/action/arm_task.h
[1.209s] -- Up-to-date: /home/albert/ag_arm_ws/src/install/arm_msgs/include/arm_msgs/arm_msgs/action/detail
[1.209s] -- Up-to-date: /home/albert/ag_arm_ws/src/install/arm_msgs/include/arm_msgs/arm_msgs/action/detail/arm_task__type_support.h
[1.209s] -- Up-to-date: /home/albert/ag_arm_ws/src/install/arm_msgs/include/arm_msgs/arm_msgs/action/detail/arm_task__functions.h
[1.209s] -- Up-to-date: /home/albert/ag_arm_ws/src/install/arm_msgs/include/arm_msgs/arm_msgs/action/detail/arm_task__struct.h
[1.209s] -- Up-to-date: /home/albert/ag_arm_ws/src/install/arm_msgs/include/arm_msgs/arm_msgs/action/detail/arm_task__functions.c
[1.210s] -- Up-to-date: /home/albert/ag_arm_ws/src/install/arm_msgs/include/arm_msgs/arm_msgs/srv
[1.210s] -- Up-to-date: /home/albert/ag_arm_ws/src/install/arm_msgs/include/arm_msgs/arm_msgs/srv/quaternion_to_euler.h
[1.210s] -- Up-to-date: /home/albert/ag_arm_ws/src/install/arm_msgs/include/arm_msgs/arm_msgs/srv/detail
[1.210s] -- Up-to-date: /home/albert/ag_arm_ws/src/install/arm_msgs/include/arm_msgs/arm_msgs/srv/detail/euler_to_quaternion__functions.c
[1.211s] -- Up-to-date: /home/albert/ag_arm_ws/src/install/arm_msgs/include/arm_msgs/arm_msgs/srv/detail/euler_to_quaternion__struct.h
[1.211s] -- Up-to-date: /home/albert/ag_arm_ws/src/install/arm_msgs/include/arm_msgs/arm_msgs/srv/detail/quaternion_to_euler__functions.c
[1.211s] -- Up-to-date: /home/albert/ag_arm_ws/src/install/arm_msgs/include/arm_msgs/arm_msgs/srv/detail/euler_to_quaternion__functions.h
[1.211s] -- Up-to-date: /home/albert/ag_arm_ws/src/install/arm_msgs/include/arm_msgs/arm_msgs/srv/detail/quaternion_to_euler__functions.h
[1.211s] -- Up-to-date: /home/albert/ag_arm_ws/src/install/arm_msgs/include/arm_msgs/arm_msgs/srv/detail/quaternion_to_euler__type_support.h
[1.212s] -- Up-to-date: /home/albert/ag_arm_ws/src/install/arm_msgs/include/arm_msgs/arm_msgs/srv/detail/euler_to_quaternion__type_support.h
[1.212s] -- Up-to-date: /home/albert/ag_arm_ws/src/install/arm_msgs/include/arm_msgs/arm_msgs/srv/detail/quaternion_to_euler__struct.h
[1.213s] -- Up-to-date: /home/albert/ag_arm_ws/src/install/arm_msgs/include/arm_msgs/arm_msgs/srv/euler_to_quaternion.h
[1.213s] -- Up-to-date: /home/albert/ag_arm_ws/src/install/arm_msgs/share/arm_msgs/environment/library_path.sh
[1.213s] -- Up-to-date: /home/albert/ag_arm_ws/src/install/arm_msgs/share/arm_msgs/environment/library_path.dsv
[1.213s] -- Up-to-date: /home/albert/ag_arm_ws/src/install/arm_msgs/lib/libarm_msgs__rosidl_generator_c.so
[1.213s] -- Up-to-date: /home/albert/ag_arm_ws/src/install/arm_msgs/include/arm_msgs/arm_msgs
[1.214s] -- Up-to-date: /home/albert/ag_arm_ws/src/install/arm_msgs/include/arm_msgs/arm_msgs/msg
[1.214s] -- Up-to-date: /home/albert/ag_arm_ws/src/install/arm_msgs/include/arm_msgs/arm_msgs/msg/rosidl_typesupport_fastrtps_c__visibility_control.h
[1.214s] -- Up-to-date: /home/albert/ag_arm_ws/src/install/arm_msgs/include/arm_msgs/arm_msgs/action
[1.214s] -- Up-to-date: /home/albert/ag_arm_ws/src/install/arm_msgs/include/arm_msgs/arm_msgs/action/detail
[1.214s] -- Up-to-date: /home/albert/ag_arm_ws/src/install/arm_msgs/include/arm_msgs/arm_msgs/action/detail/arm_task__rosidl_typesupport_fastrtps_c.h
[1.215s] -- Up-to-date: /home/albert/ag_arm_ws/src/install/arm_msgs/include/arm_msgs/arm_msgs/srv
[1.215s] -- Up-to-date: /home/albert/ag_arm_ws/src/install/arm_msgs/include/arm_msgs/arm_msgs/srv/detail
[1.215s] -- Up-to-date: /home/albert/ag_arm_ws/src/install/arm_msgs/include/arm_msgs/arm_msgs/srv/detail/euler_to_quaternion__rosidl_typesupport_fastrtps_c.h
[1.216s] -- Up-to-date: /home/albert/ag_arm_ws/src/install/arm_msgs/include/arm_msgs/arm_msgs/srv/detail/quaternion_to_euler__rosidl_typesupport_fastrtps_c.h
[1.216s] -- Up-to-date: /home/albert/ag_arm_ws/src/install/arm_msgs/lib/libarm_msgs__rosidl_typesupport_fastrtps_c.so
[1.216s] -- Up-to-date: /home/albert/ag_arm_ws/src/install/arm_msgs/include/arm_msgs/arm_msgs
[1.216s] -- Up-to-date: /home/albert/ag_arm_ws/src/install/arm_msgs/include/arm_msgs/arm_msgs/msg
[1.217s] -- Up-to-date: /home/albert/ag_arm_ws/src/install/arm_msgs/include/arm_msgs/arm_msgs/msg/rosidl_generator_cpp__visibility_control.hpp
[1.217s] -- Up-to-date: /home/albert/ag_arm_ws/src/install/arm_msgs/include/arm_msgs/arm_msgs/action
[1.217s] -- Up-to-date: /home/albert/ag_arm_ws/src/install/arm_msgs/include/arm_msgs/arm_msgs/action/arm_task.hpp
[1.217s] -- Up-to-date: /home/albert/ag_arm_ws/src/install/arm_msgs/include/arm_msgs/arm_msgs/action/detail
[1.217s] -- Up-to-date: /home/albert/ag_arm_ws/src/install/arm_msgs/include/arm_msgs/arm_msgs/action/detail/arm_task__struct.hpp
[1.217s] -- Up-to-date: /home/albert/ag_arm_ws/src/install/arm_msgs/include/arm_msgs/arm_msgs/action/detail/arm_task__builder.hpp
[1.218s] -- Up-to-date: /home/albert/ag_arm_ws/src/install/arm_msgs/include/arm_msgs/arm_msgs/action/detail/arm_task__traits.hpp
[1.218s] -- Up-to-date: /home/albert/ag_arm_ws/src/install/arm_msgs/include/arm_msgs/arm_msgs/action/detail/arm_task__type_support.hpp
[1.218s] -- Up-to-date: /home/albert/ag_arm_ws/src/install/arm_msgs/include/arm_msgs/arm_msgs/srv
[1.218s] -- Up-to-date: /home/albert/ag_arm_ws/src/install/arm_msgs/include/arm_msgs/arm_msgs/srv/euler_to_quaternion.hpp
[1.219s] -- Up-to-date: /home/albert/ag_arm_ws/src/install/arm_msgs/include/arm_msgs/arm_msgs/srv/detail
[1.219s] -- Up-to-date: /home/albert/ag_arm_ws/src/install/arm_msgs/include/arm_msgs/arm_msgs/srv/detail/quaternion_to_euler__struct.hpp
[1.219s] -- Up-to-date: /home/albert/ag_arm_ws/src/install/arm_msgs/include/arm_msgs/arm_msgs/srv/detail/quaternion_to_euler__builder.hpp
[1.219s] -- Up-to-date: /home/albert/ag_arm_ws/src/install/arm_msgs/include/arm_msgs/arm_msgs/srv/detail/euler_to_quaternion__traits.hpp
[1.219s] -- Up-to-date: /home/albert/ag_arm_ws/src/install/arm_msgs/include/arm_msgs/arm_msgs/srv/detail/euler_to_quaternion__type_support.hpp
[1.219s] -- Up-to-date: /home/albert/ag_arm_ws/src/install/arm_msgs/include/arm_msgs/arm_msgs/srv/detail/quaternion_to_euler__traits.hpp
[1.220s] -- Up-to-date: /home/albert/ag_arm_ws/src/install/arm_msgs/include/arm_msgs/arm_msgs/srv/detail/euler_to_quaternion__builder.hpp
[1.220s] -- Up-to-date: /home/albert/ag_arm_ws/src/install/arm_msgs/include/arm_msgs/arm_msgs/srv/detail/euler_to_quaternion__struct.hpp
[1.220s] -- Up-to-date: /home/albert/ag_arm_ws/src/install/arm_msgs/include/arm_msgs/arm_msgs/srv/detail/quaternion_to_euler__type_support.hpp
[1.220s] -- Up-to-date: /home/albert/ag_arm_ws/src/install/arm_msgs/include/arm_msgs/arm_msgs/srv/quaternion_to_euler.hpp
[1.220s] -- Up-to-date: /home/albert/ag_arm_ws/src/install/arm_msgs/include/arm_msgs/arm_msgs
[1.220s] -- Up-to-date: /home/albert/ag_arm_ws/src/install/arm_msgs/include/arm_msgs/arm_msgs/msg
[1.221s] -- Up-to-date: /home/albert/ag_arm_ws/src/install/arm_msgs/include/arm_msgs/arm_msgs/msg/rosidl_typesupport_fastrtps_cpp__visibility_control.h
[1.221s] -- Up-to-date: /home/albert/ag_arm_ws/src/install/arm_msgs/include/arm_msgs/arm_msgs/action
[1.221s] -- Up-to-date: /home/albert/ag_arm_ws/src/install/arm_msgs/include/arm_msgs/arm_msgs/action/detail
[1.221s] -- Up-to-date: /home/albert/ag_arm_ws/src/install/arm_msgs/include/arm_msgs/arm_msgs/action/detail/arm_task__rosidl_typesupport_fastrtps_cpp.hpp
[1.221s] -- Up-to-date: /home/albert/ag_arm_ws/src/install/arm_msgs/include/arm_msgs/arm_msgs/action/detail/dds_fastrtps
[1.221s] -- Up-to-date: /home/albert/ag_arm_ws/src/install/arm_msgs/include/arm_msgs/arm_msgs/srv
[1.221s] -- Up-to-date: /home/albert/ag_arm_ws/src/install/arm_msgs/include/arm_msgs/arm_msgs/srv/detail
[1.222s] -- Up-to-date: /home/albert/ag_arm_ws/src/install/arm_msgs/include/arm_msgs/arm_msgs/srv/detail/euler_to_quaternion__rosidl_typesupport_fastrtps_cpp.hpp
[1.222s] -- Up-to-date: /home/albert/ag_arm_ws/src/install/arm_msgs/include/arm_msgs/arm_msgs/srv/detail/quaternion_to_euler__rosidl_typesupport_fastrtps_cpp.hpp
[1.222s] -- Up-to-date: /home/albert/ag_arm_ws/src/install/arm_msgs/include/arm_msgs/arm_msgs/srv/detail/dds_fastrtps
[1.222s] -- Up-to-date: /home/albert/ag_arm_ws/src/install/arm_msgs/lib/libarm_msgs__rosidl_typesupport_fastrtps_cpp.so
[1.222s] -- Up-to-date: /home/albert/ag_arm_ws/src/install/arm_msgs/include/arm_msgs/arm_msgs
[1.222s] -- Up-to-date: /home/albert/ag_arm_ws/src/install/arm_msgs/include/arm_msgs/arm_msgs/msg
[1.223s] -- Up-to-date: /home/albert/ag_arm_ws/src/install/arm_msgs/include/arm_msgs/arm_msgs/msg/rosidl_typesupport_introspection_c__visibility_control.h
[1.223s] -- Up-to-date: /home/albert/ag_arm_ws/src/install/arm_msgs/include/arm_msgs/arm_msgs/action
[1.223s] -- Up-to-date: /home/albert/ag_arm_ws/src/install/arm_msgs/include/arm_msgs/arm_msgs/action/detail
[1.223s] -- Up-to-date: /home/albert/ag_arm_ws/src/install/arm_msgs/include/arm_msgs/arm_msgs/action/detail/arm_task__type_support.c
[1.223s] -- Up-to-date: /home/albert/ag_arm_ws/src/install/arm_msgs/include/arm_msgs/arm_msgs/action/detail/arm_task__rosidl_typesupport_introspection_c.h
[1.224s] -- Up-to-date: /home/albert/ag_arm_ws/src/install/arm_msgs/include/arm_msgs/arm_msgs/srv
[1.224s] -- Up-to-date: /home/albert/ag_arm_ws/src/install/arm_msgs/include/arm_msgs/arm_msgs/srv/detail
[1.224s] -- Up-to-date: /home/albert/ag_arm_ws/src/install/arm_msgs/include/arm_msgs/arm_msgs/srv/detail/euler_to_quaternion__type_support.c
[1.224s] -- Up-to-date: /home/albert/ag_arm_ws/src/install/arm_msgs/include/arm_msgs/arm_msgs/srv/detail/quaternion_to_euler__type_support.c
[1.224s] -- Up-to-date: /home/albert/ag_arm_ws/src/install/arm_msgs/include/arm_msgs/arm_msgs/srv/detail/quaternion_to_euler__rosidl_typesupport_introspection_c.h
[1.224s] -- Up-to-date: /home/albert/ag_arm_ws/src/install/arm_msgs/include/arm_msgs/arm_msgs/srv/detail/euler_to_quaternion__rosidl_typesupport_introspection_c.h
[1.224s] -- Up-to-date: /home/albert/ag_arm_ws/src/install/arm_msgs/lib/libarm_msgs__rosidl_typesupport_introspection_c.so
[1.225s] -- Up-to-date: /home/albert/ag_arm_ws/src/install/arm_msgs/lib/libarm_msgs__rosidl_typesupport_c.so
[1.225s] -- Up-to-date: /home/albert/ag_arm_ws/src/install/arm_msgs/include/arm_msgs/arm_msgs
[1.225s] -- Up-to-date: /home/albert/ag_arm_ws/src/install/arm_msgs/include/arm_msgs/arm_msgs/action
[1.225s] -- Up-to-date: /home/albert/ag_arm_ws/src/install/arm_msgs/include/arm_msgs/arm_msgs/action/detail
[1.225s] -- Up-to-date: /home/albert/ag_arm_ws/src/install/arm_msgs/include/arm_msgs/arm_msgs/action/detail/arm_task__rosidl_typesupport_introspection_cpp.hpp
[1.225s] -- Up-to-date: /home/albert/ag_arm_ws/src/install/arm_msgs/include/arm_msgs/arm_msgs/action/detail/arm_task__type_support.cpp
[1.226s] -- Up-to-date: /home/albert/ag_arm_ws/src/install/arm_msgs/include/arm_msgs/arm_msgs/srv
[1.226s] -- Up-to-date: /home/albert/ag_arm_ws/src/install/arm_msgs/include/arm_msgs/arm_msgs/srv/detail
[1.226s] -- Up-to-date: /home/albert/ag_arm_ws/src/install/arm_msgs/include/arm_msgs/arm_msgs/srv/detail/euler_to_quaternion__rosidl_typesupport_introspection_cpp.hpp
[1.226s] -- Up-to-date: /home/albert/ag_arm_ws/src/install/arm_msgs/include/arm_msgs/arm_msgs/srv/detail/euler_to_quaternion__type_support.cpp
[1.226s] -- Up-to-date: /home/albert/ag_arm_ws/src/install/arm_msgs/include/arm_msgs/arm_msgs/srv/detail/quaternion_to_euler__type_support.cpp
[1.227s] -- Up-to-date: /home/albert/ag_arm_ws/src/install/arm_msgs/include/arm_msgs/arm_msgs/srv/detail/quaternion_to_euler__rosidl_typesupport_introspection_cpp.hpp
[1.227s] -- Up-to-date: /home/albert/ag_arm_ws/src/install/arm_msgs/lib/libarm_msgs__rosidl_typesupport_introspection_cpp.so
[1.227s] -- Up-to-date: /home/albert/ag_arm_ws/src/install/arm_msgs/lib/libarm_msgs__rosidl_typesupport_cpp.so
[1.227s] -- Up-to-date: /home/albert/ag_arm_ws/src/install/arm_msgs/share/arm_msgs/environment/pythonpath.sh
[1.227s] -- Up-to-date: /home/albert/ag_arm_ws/src/install/arm_msgs/share/arm_msgs/environment/pythonpath.dsv
[1.227s] -- Up-to-date: /home/albert/ag_arm_ws/src/install/arm_msgs/local/lib/python3.10/dist-packages/arm_msgs-0.0.0-py3.10.egg-info
[1.228s] -- Installing: /home/albert/ag_arm_ws/src/install/arm_msgs/local/lib/python3.10/dist-packages/arm_msgs-0.0.0-py3.10.egg-info/SOURCES.txt
[1.228s] -- Installing: /home/albert/ag_arm_ws/src/install/arm_msgs/local/lib/python3.10/dist-packages/arm_msgs-0.0.0-py3.10.egg-info/top_level.txt
[1.228s] -- Installing: /home/albert/ag_arm_ws/src/install/arm_msgs/local/lib/python3.10/dist-packages/arm_msgs-0.0.0-py3.10.egg-info/PKG-INFO
[1.228s] -- Installing: /home/albert/ag_arm_ws/src/install/arm_msgs/local/lib/python3.10/dist-packages/arm_msgs-0.0.0-py3.10.egg-info/dependency_links.txt
[1.228s] -- Up-to-date: /home/albert/ag_arm_ws/src/install/arm_msgs/local/lib/python3.10/dist-packages/arm_msgs
[1.229s] -- Up-to-date: /home/albert/ag_arm_ws/src/install/arm_msgs/local/lib/python3.10/dist-packages/arm_msgs/__init__.py
[1.229s] -- Up-to-date: /home/albert/ag_arm_ws/src/install/arm_msgs/local/lib/python3.10/dist-packages/arm_msgs/arm_msgs_s__rosidl_typesupport_c.cpython-310-x86_64-linux-gnu.so
[1.229s] -- Up-to-date: /home/albert/ag_arm_ws/src/install/arm_msgs/local/lib/python3.10/dist-packages/arm_msgs/_arm_msgs_s.ep.rosidl_typesupport_fastrtps_c.c
[1.229s] -- Up-to-date: /home/albert/ag_arm_ws/src/install/arm_msgs/local/lib/python3.10/dist-packages/arm_msgs/_arm_msgs_s.ep.rosidl_typesupport_introspection_c.c
[1.229s] -- Up-to-date: /home/albert/ag_arm_ws/src/install/arm_msgs/local/lib/python3.10/dist-packages/arm_msgs/action
[1.230s] -- Up-to-date: /home/albert/ag_arm_ws/src/install/arm_msgs/local/lib/python3.10/dist-packages/arm_msgs/action/__init__.py
[1.230s] -- Up-to-date: /home/albert/ag_arm_ws/src/install/arm_msgs/local/lib/python3.10/dist-packages/arm_msgs/action/_arm_task_s.c
[1.230s] -- Up-to-date: /home/albert/ag_arm_ws/src/install/arm_msgs/local/lib/python3.10/dist-packages/arm_msgs/action/_arm_task.py
[1.230s] -- Up-to-date: /home/albert/ag_arm_ws/src/install/arm_msgs/local/lib/python3.10/dist-packages/arm_msgs/_arm_msgs_s.ep.rosidl_typesupport_c.c
[1.230s] -- Up-to-date: /home/albert/ag_arm_ws/src/install/arm_msgs/local/lib/python3.10/dist-packages/arm_msgs/arm_msgs_s__rosidl_typesupport_fastrtps_c.cpython-310-x86_64-linux-gnu.so
[1.230s] -- Up-to-date: /home/albert/ag_arm_ws/src/install/arm_msgs/local/lib/python3.10/dist-packages/arm_msgs/arm_msgs_s__rosidl_typesupport_introspection_c.cpython-310-x86_64-linux-gnu.so
[1.231s] -- Up-to-date: /home/albert/ag_arm_ws/src/install/arm_msgs/local/lib/python3.10/dist-packages/arm_msgs/libarm_msgs__rosidl_generator_py.so
[1.231s] -- Up-to-date: /home/albert/ag_arm_ws/src/install/arm_msgs/local/lib/python3.10/dist-packages/arm_msgs/srv
[1.231s] -- Up-to-date: /home/albert/ag_arm_ws/src/install/arm_msgs/local/lib/python3.10/dist-packages/arm_msgs/srv/_quaternion_to_euler_s.c
[1.231s] -- Up-to-date: /home/albert/ag_arm_ws/src/install/arm_msgs/local/lib/python3.10/dist-packages/arm_msgs/srv/_euler_to_quaternion.py
[1.232s] -- Up-to-date: /home/albert/ag_arm_ws/src/install/arm_msgs/local/lib/python3.10/dist-packages/arm_msgs/srv/__init__.py
[1.232s] -- Up-to-date: /home/albert/ag_arm_ws/src/install/arm_msgs/local/lib/python3.10/dist-packages/arm_msgs/srv/_quaternion_to_euler.py
[1.232s] -- Up-to-date: /home/albert/ag_arm_ws/src/install/arm_msgs/local/lib/python3.10/dist-packages/arm_msgs/srv/_euler_to_quaternion_s.c
[1.313s] Listing '/home/albert/ag_arm_ws/src/install/arm_msgs/local/lib/python3.10/dist-packages/arm_msgs'...
[1.313s] Listing '/home/albert/ag_arm_ws/src/install/arm_msgs/local/lib/python3.10/dist-packages/arm_msgs/action'...
[1.314s] Listing '/home/albert/ag_arm_ws/src/install/arm_msgs/local/lib/python3.10/dist-packages/arm_msgs/srv'...
[1.322s] -- Up-to-date: /home/albert/ag_arm_ws/src/install/arm_msgs/local/lib/python3.10/dist-packages/arm_msgs/arm_msgs_s__rosidl_typesupport_fastrtps_c.cpython-310-x86_64-linux-gnu.so
[1.323s] -- Up-to-date: /home/albert/ag_arm_ws/src/install/arm_msgs/local/lib/python3.10/dist-packages/arm_msgs/arm_msgs_s__rosidl_typesupport_introspection_c.cpython-310-x86_64-linux-gnu.so
[1.323s] -- Up-to-date: /home/albert/ag_arm_ws/src/install/arm_msgs/local/lib/python3.10/dist-packages/arm_msgs/arm_msgs_s__rosidl_typesupport_c.cpython-310-x86_64-linux-gnu.so
[1.324s] -- Up-to-date: /home/albert/ag_arm_ws/src/install/arm_msgs/lib/libarm_msgs__rosidl_generator_py.so
[1.325s] -- Up-to-date: /home/albert/ag_arm_ws/src/install/arm_msgs/share/arm_msgs/srv/EulerToQuaternion.idl
[1.325s] -- Up-to-date: /home/albert/ag_arm_ws/src/install/arm_msgs/share/arm_msgs/srv/QuaternionToEuler.idl
[1.325s] -- Up-to-date: /home/albert/ag_arm_ws/src/install/arm_msgs/share/arm_msgs/action/ArmTask.idl
[1.326s] -- Up-to-date: /home/albert/ag_arm_ws/src/install/arm_msgs/share/arm_msgs/srv/EulerToQuaternion.srv
[1.326s] -- Up-to-date: /home/albert/ag_arm_ws/src/install/arm_msgs/share/arm_msgs/srv/EulerToQuaternion_Request.msg
[1.326s] -- Up-to-date: /home/albert/ag_arm_ws/src/install/arm_msgs/share/arm_msgs/srv/EulerToQuaternion_Response.msg
[1.326s] -- Up-to-date: /home/albert/ag_arm_ws/src/install/arm_msgs/share/arm_msgs/srv/QuaternionToEuler.srv
[1.327s] -- Up-to-date: /home/albert/ag_arm_ws/src/install/arm_msgs/share/arm_msgs/srv/QuaternionToEuler_Request.msg
[1.327s] -- Up-to-date: /home/albert/ag_arm_ws/src/install/arm_msgs/share/arm_msgs/srv/QuaternionToEuler_Response.msg
[1.327s] -- Up-to-date: /home/albert/ag_arm_ws/src/install/arm_msgs/share/arm_msgs/action/ArmTask.action
[1.327s] -- Up-to-date: /home/albert/ag_arm_ws/src/install/arm_msgs/share/ament_index/resource_index/package_run_dependencies/arm_msgs
[1.327s] -- Up-to-date: /home/albert/ag_arm_ws/src/install/arm_msgs/share/ament_index/resource_index/parent_prefix_path/arm_msgs
[1.328s] -- Up-to-date: /home/albert/ag_arm_ws/src/install/arm_msgs/share/arm_msgs/environment/ament_prefix_path.sh
[1.328s] -- Up-to-date: /home/albert/ag_arm_ws/src/install/arm_msgs/share/arm_msgs/environment/ament_prefix_path.dsv
[1.328s] -- Up-to-date: /home/albert/ag_arm_ws/src/install/arm_msgs/share/arm_msgs/environment/path.sh
[1.328s] -- Up-to-date: /home/albert/ag_arm_ws/src/install/arm_msgs/share/arm_msgs/environment/path.dsv
[1.329s] -- Up-to-date: /home/albert/ag_arm_ws/src/install/arm_msgs/share/arm_msgs/local_setup.bash
[1.329s] -- Up-to-date: /home/albert/ag_arm_ws/src/install/arm_msgs/share/arm_msgs/local_setup.sh
[1.330s] -- Up-to-date: /home/albert/ag_arm_ws/src/install/arm_msgs/share/arm_msgs/local_setup.zsh
[1.330s] -- Up-to-date: /home/albert/ag_arm_ws/src/install/arm_msgs/share/arm_msgs/local_setup.dsv
[1.330s] -- Installing: /home/albert/ag_arm_ws/src/install/arm_msgs/share/arm_msgs/package.dsv
[1.331s] -- Up-to-date: /home/albert/ag_arm_ws/src/install/arm_msgs/share/ament_index/resource_index/packages/arm_msgs
[1.331s] -- Up-to-date: /home/albert/ag_arm_ws/src/install/arm_msgs/share/arm_msgs/cmake/export_arm_msgs__rosidl_generator_cExport.cmake
[1.331s] -- Up-to-date: /home/albert/ag_arm_ws/src/install/arm_msgs/share/arm_msgs/cmake/export_arm_msgs__rosidl_generator_cExport-noconfig.cmake
[1.331s] -- Up-to-date: /home/albert/ag_arm_ws/src/install/arm_msgs/share/arm_msgs/cmake/export_arm_msgs__rosidl_typesupport_fastrtps_cExport.cmake
[1.331s] -- Up-to-date: /home/albert/ag_arm_ws/src/install/arm_msgs/share/arm_msgs/cmake/export_arm_msgs__rosidl_typesupport_fastrtps_cExport-noconfig.cmake
[1.332s] -- Up-to-date: /home/albert/ag_arm_ws/src/install/arm_msgs/share/arm_msgs/cmake/export_arm_msgs__rosidl_generator_cppExport.cmake
[1.332s] -- Up-to-date: /home/albert/ag_arm_ws/src/install/arm_msgs/share/arm_msgs/cmake/export_arm_msgs__rosidl_typesupport_fastrtps_cppExport.cmake
[1.332s] -- Up-to-date: /home/albert/ag_arm_ws/src/install/arm_msgs/share/arm_msgs/cmake/export_arm_msgs__rosidl_typesupport_fastrtps_cppExport-noconfig.cmake
[1.332s] -- Up-to-date: /home/albert/ag_arm_ws/src/install/arm_msgs/share/arm_msgs/cmake/arm_msgs__rosidl_typesupport_introspection_cExport.cmake
[1.332s] -- Up-to-date: /home/albert/ag_arm_ws/src/install/arm_msgs/share/arm_msgs/cmake/arm_msgs__rosidl_typesupport_introspection_cExport-noconfig.cmake
[1.333s] -- Up-to-date: /home/albert/ag_arm_ws/src/install/arm_msgs/share/arm_msgs/cmake/arm_msgs__rosidl_typesupport_cExport.cmake
[1.333s] -- Up-to-date: /home/albert/ag_arm_ws/src/install/arm_msgs/share/arm_msgs/cmake/arm_msgs__rosidl_typesupport_cExport-noconfig.cmake
[1.333s] -- Up-to-date: /home/albert/ag_arm_ws/src/install/arm_msgs/share/arm_msgs/cmake/arm_msgs__rosidl_typesupport_introspection_cppExport.cmake
[1.333s] -- Up-to-date: /home/albert/ag_arm_ws/src/install/arm_msgs/share/arm_msgs/cmake/arm_msgs__rosidl_typesupport_introspection_cppExport-noconfig.cmake
[1.333s] -- Up-to-date: /home/albert/ag_arm_ws/src/install/arm_msgs/share/arm_msgs/cmake/arm_msgs__rosidl_typesupport_cppExport.cmake
[1.333s] -- Up-to-date: /home/albert/ag_arm_ws/src/install/arm_msgs/share/arm_msgs/cmake/arm_msgs__rosidl_typesupport_cppExport-noconfig.cmake
[1.334s] -- Up-to-date: /home/albert/ag_arm_ws/src/install/arm_msgs/share/arm_msgs/cmake/export_arm_msgs__rosidl_generator_pyExport.cmake
[1.334s] -- Up-to-date: /home/albert/ag_arm_ws/src/install/arm_msgs/share/arm_msgs/cmake/export_arm_msgs__rosidl_generator_pyExport-noconfig.cmake
[1.334s] -- Up-to-date: /home/albert/ag_arm_ws/src/install/arm_msgs/share/arm_msgs/cmake/rosidl_cmake-extras.cmake
[1.334s] -- Up-to-date: /home/albert/ag_arm_ws/src/install/arm_msgs/share/arm_msgs/cmake/ament_cmake_export_dependencies-extras.cmake
[1.334s] -- Up-to-date: /home/albert/ag_arm_ws/src/install/arm_msgs/share/arm_msgs/cmake/ament_cmake_export_include_directories-extras.cmake
[1.334s] -- Up-to-date: /home/albert/ag_arm_ws/src/install/arm_msgs/share/arm_msgs/cmake/ament_cmake_export_libraries-extras.cmake
[1.334s] -- Up-to-date: /home/albert/ag_arm_ws/src/install/arm_msgs/share/arm_msgs/cmake/ament_cmake_export_targets-extras.cmake
[1.334s] -- Up-to-date: /home/albert/ag_arm_ws/src/install/arm_msgs/share/arm_msgs/cmake/rosidl_cmake_export_typesupport_targets-extras.cmake
[1.334s] -- Up-to-date: /home/albert/ag_arm_ws/src/install/arm_msgs/share/arm_msgs/cmake/rosidl_cmake_export_typesupport_libraries-extras.cmake
[1.335s] -- Up-to-date: /home/albert/ag_arm_ws/src/install/arm_msgs/share/arm_msgs/cmake/arm_msgsConfig.cmake
[1.335s] -- Up-to-date: /home/albert/ag_arm_ws/src/install/arm_msgs/share/arm_msgs/cmake/arm_msgsConfig-version.cmake
[1.335s] -- Up-to-date: /home/albert/ag_arm_ws/src/install/arm_msgs/share/arm_msgs/package.xml
[1.338s] Invoked command in '/home/albert/ag_arm_ws/src/build/arm_msgs' returned '0': CMAKE_PREFIX_PATH=${CMAKE_PREFIX_PATH}:/home/albert/ws_moveit2/install/moveit_configs_utils:/home/albert/ws_moveit2/install/launch_param_builder:/home/albert/umov_ws/install/arduino_py_examples:/home/albert/udem2_ws/install/actions_py:/home/albert/udem2_ws/install/lifecycle_py:/home/albert/udem2_ws/install/executors_py:/home/albert/udem2_ws/install/components_py:/home/albert/udem_ws/install/turtlesim_catcher:/home/albert/udem_ws/install/my_py_pkg:/home/albert/udem_ws/install/lifecycle_py:/home/albert/bcdc_ws/install/agbot_teleop:/home/albert/bcdc_ws/install/agbot_py:/home/albert/arduinobot_ws/install/arduinobot_py_examples:/opt/ros/humble /home/albert/.local/bin/cmake --install /home/albert/ag_arm_ws/src/build/arm_msgs
