[2.579s] Invoking command in '/home/albert/ag_arm_ws/build/arm_remote': CMAKE_PREFIX_PATH=${CMAKE_PREFIX_PATH}:/home/albert/ws_moveit2/install/moveit_configs_utils:/home/albert/ws_moveit2/install/launch_param_builder:/home/albert/umov_ws/install/arduino_py_examples:/home/albert/udem2_ws/install/actions_py:/home/albert/udem2_ws/install/lifecycle_py:/home/albert/udem2_ws/install/executors_py:/home/albert/udem2_ws/install/components_py:/home/albert/udem_ws/install/turtlesim_catcher:/home/albert/udem_ws/install/my_py_pkg:/home/albert/udem_ws/install/lifecycle_py:/home/albert/bcdc_ws/install/agbot_teleop:/home/albert/bcdc_ws/install/agbot_py:/home/albert/arduinobot_ws/install/arduinobot_py_examples:/opt/ros/humble /home/albert/.local/bin/cmake /home/albert/ag_arm_ws/src/arm_remote -DCMAKE_INSTALL_PREFIX=/home/albert/ag_arm_ws/install/arm_remote
[3.007s] -- The C compiler identification is GNU 11.4.0
[3.366s] -- The CXX compiler identification is GNU 11.4.0
[3.423s] -- Detecting C compiler ABI info
[3.865s] -- Detecting C compiler ABI info - done
[3.984s] -- Check for working C compiler: /usr/bin/cc - skipped
[3.988s] -- Detecting C compile features
[3.991s] -- Detecting C compile features - done
[4.014s] -- Detecting CXX compiler ABI info
[4.467s] -- Detecting CXX compiler ABI info - done
[4.600s] -- Check for working CXX compiler: /usr/bin/c++ - skipped
[4.613s] -- Detecting CXX compile features
[4.618s] -- Detecting CXX compile features - done
[4.719s] -- Found ament_cmake: 1.3.11 (/opt/ros/humble/share/ament_cmake/cmake)
[5.982s] -- Found Python3: /usr/bin/python3 (found version "3.10.12") found components: Interpreter
[7.613s] -- Found ament_lint_auto: 0.12.11 (/opt/ros/humble/share/ament_lint_auto/cmake)
[8.449s] -- Added test 'lint_cmake' to check CMake code style
[8.466s] -- Added test 'xmllint' to check XML markup files
[8.500s] -- Configuring done (5.9s)
[8.516s] -- Generating done (0.0s)
[8.524s] -- Build files have been written to: /home/albert/ag_arm_ws/build/arm_remote
[8.555s] Invoked command in '/home/albert/ag_arm_ws/build/arm_remote' returned '0': CMAKE_PREFIX_PATH=${CMAKE_PREFIX_PATH}:/home/albert/ws_moveit2/install/moveit_configs_utils:/home/albert/ws_moveit2/install/launch_param_builder:/home/albert/umov_ws/install/arduino_py_examples:/home/albert/udem2_ws/install/actions_py:/home/albert/udem2_ws/install/lifecycle_py:/home/albert/udem2_ws/install/executors_py:/home/albert/udem2_ws/install/components_py:/home/albert/udem_ws/install/turtlesim_catcher:/home/albert/udem_ws/install/my_py_pkg:/home/albert/udem_ws/install/lifecycle_py:/home/albert/bcdc_ws/install/agbot_teleop:/home/albert/bcdc_ws/install/agbot_py:/home/albert/arduinobot_ws/install/arduinobot_py_examples:/opt/ros/humble /home/albert/.local/bin/cmake /home/albert/ag_arm_ws/src/arm_remote -DCMAKE_INSTALL_PREFIX=/home/albert/ag_arm_ws/install/arm_remote
[8.582s] Invoking command in '/home/albert/ag_arm_ws/build/arm_remote': CMAKE_PREFIX_PATH=${CMAKE_PREFIX_PATH}:/home/albert/ws_moveit2/install/moveit_configs_utils:/home/albert/ws_moveit2/install/launch_param_builder:/home/albert/umov_ws/install/arduino_py_examples:/home/albert/udem2_ws/install/actions_py:/home/albert/udem2_ws/install/lifecycle_py:/home/albert/udem2_ws/install/executors_py:/home/albert/udem2_ws/install/components_py:/home/albert/udem_ws/install/turtlesim_catcher:/home/albert/udem_ws/install/my_py_pkg:/home/albert/udem_ws/install/lifecycle_py:/home/albert/bcdc_ws/install/agbot_teleop:/home/albert/bcdc_ws/install/agbot_py:/home/albert/arduinobot_ws/install/arduinobot_py_examples:/opt/ros/humble /home/albert/.local/bin/cmake --build /home/albert/ag_arm_ws/build/arm_remote -- -j8 -l8
[8.718s] Invoked command in '/home/albert/ag_arm_ws/build/arm_remote' returned '0': CMAKE_PREFIX_PATH=${CMAKE_PREFIX_PATH}:/home/albert/ws_moveit2/install/moveit_configs_utils:/home/albert/ws_moveit2/install/launch_param_builder:/home/albert/umov_ws/install/arduino_py_examples:/home/albert/udem2_ws/install/actions_py:/home/albert/udem2_ws/install/lifecycle_py:/home/albert/udem2_ws/install/executors_py:/home/albert/udem2_ws/install/components_py:/home/albert/udem_ws/install/turtlesim_catcher:/home/albert/udem_ws/install/my_py_pkg:/home/albert/udem_ws/install/lifecycle_py:/home/albert/bcdc_ws/install/agbot_teleop:/home/albert/bcdc_ws/install/agbot_py:/home/albert/arduinobot_ws/install/arduinobot_py_examples:/opt/ros/humble /home/albert/.local/bin/cmake --build /home/albert/ag_arm_ws/build/arm_remote -- -j8 -l8
[8.719s] Invoking command in '/home/albert/ag_arm_ws/build/arm_remote': CMAKE_PREFIX_PATH=${CMAKE_PREFIX_PATH}:/home/albert/ws_moveit2/install/moveit_configs_utils:/home/albert/ws_moveit2/install/launch_param_builder:/home/albert/umov_ws/install/arduino_py_examples:/home/albert/udem2_ws/install/actions_py:/home/albert/udem2_ws/install/lifecycle_py:/home/albert/udem2_ws/install/executors_py:/home/albert/udem2_ws/install/components_py:/home/albert/udem_ws/install/turtlesim_catcher:/home/albert/udem_ws/install/my_py_pkg:/home/albert/udem_ws/install/lifecycle_py:/home/albert/bcdc_ws/install/agbot_teleop:/home/albert/bcdc_ws/install/agbot_py:/home/albert/arduinobot_ws/install/arduinobot_py_examples:/opt/ros/humble /home/albert/.local/bin/cmake --install /home/albert/ag_arm_ws/build/arm_remote
[8.737s] -- Install configuration: ""
[8.738s] -- Installing: /home/albert/ag_arm_ws/install/arm_remote/share/ament_index/resource_index/package_run_dependencies/arm_remote
[8.739s] -- Installing: /home/albert/ag_arm_ws/install/arm_remote/share/ament_index/resource_index/parent_prefix_path/arm_remote
[8.739s] -- Installing: /home/albert/ag_arm_ws/install/arm_remote/share/arm_remote/environment/ament_prefix_path.sh
[8.740s] -- Installing: /home/albert/ag_arm_ws/install/arm_remote/share/arm_remote/environment/ament_prefix_path.dsv
[8.740s] -- Installing: /home/albert/ag_arm_ws/install/arm_remote/share/arm_remote/environment/path.sh
[8.742s] -- Installing: /home/albert/ag_arm_ws/install/arm_remote/share/arm_remote/environment/path.dsv
[8.743s] -- Installing: /home/albert/ag_arm_ws/install/arm_remote/share/arm_remote/local_setup.bash
[8.743s] -- Installing: /home/albert/ag_arm_ws/install/arm_remote/share/arm_remote/local_setup.sh
[8.744s] -- Installing: /home/albert/ag_arm_ws/install/arm_remote/share/arm_remote/local_setup.zsh
[8.744s] -- Installing: /home/albert/ag_arm_ws/install/arm_remote/share/arm_remote/local_setup.dsv
[8.744s] -- Installing: /home/albert/ag_arm_ws/install/arm_remote/share/arm_remote/package.dsv
[8.745s] -- Installing: /home/albert/ag_arm_ws/install/arm_remote/share/ament_index/resource_index/packages/arm_remote
[8.745s] -- Installing: /home/albert/ag_arm_ws/install/arm_remote/share/arm_remote/cmake/arm_remoteConfig.cmake
[8.746s] -- Installing: /home/albert/ag_arm_ws/install/arm_remote/share/arm_remote/cmake/arm_remoteConfig-version.cmake
[8.746s] -- Installing: /home/albert/ag_arm_ws/install/arm_remote/share/arm_remote/package.xml
[8.759s] Invoked command in '/home/albert/ag_arm_ws/build/arm_remote' returned '0': CMAKE_PREFIX_PATH=${CMAKE_PREFIX_PATH}:/home/albert/ws_moveit2/install/moveit_configs_utils:/home/albert/ws_moveit2/install/launch_param_builder:/home/albert/umov_ws/install/arduino_py_examples:/home/albert/udem2_ws/install/actions_py:/home/albert/udem2_ws/install/lifecycle_py:/home/albert/udem2_ws/install/executors_py:/home/albert/udem2_ws/install/components_py:/home/albert/udem_ws/install/turtlesim_catcher:/home/albert/udem_ws/install/my_py_pkg:/home/albert/udem_ws/install/lifecycle_py:/home/albert/bcdc_ws/install/agbot_teleop:/home/albert/bcdc_ws/install/agbot_py:/home/albert/arduinobot_ws/install/arduinobot_py_examples:/opt/ros/humble /home/albert/.local/bin/cmake --install /home/albert/ag_arm_ws/build/arm_remote
